[0.006s][info][gc] Using Parallel
[0.006s][info][gc,heap,coops] Heap address: 0x0000000740000000, size: 3072 MB, Compressed Oops mode: Zero based, Oop shift amount: 3
[0.060s][info][safepoint    ] Entering safepoint region: EnableBiasedLocking
[0.061s][info][safepoint    ] Leaving safepoint region
[0.061s][info][safepoint    ] Total time for which application threads were stopped: 0.0000987 seconds, Stopping threads took: 0.0000323 seconds
[0.063s][info][safepoint    ] Application time: 0.0025151 seconds
[0.063s][info][safepoint    ] Entering safepoint region: RevokeBias
[0.063s][info][safepoint    ] Leaving safepoint region
[0.063s][info][safepoint    ] Total time for which application threads were stopped: 0.0001244 seconds, Stopping threads took: 0.0000986 seconds
[0.145s][info][safepoint    ] Application time: 0.0812416 seconds
[0.145s][info][safepoint    ] Entering safepoint region: Deoptimize
[0.145s][info][safepoint    ] Leaving safepoint region
[0.145s][info][safepoint    ] Total time for which application threads were stopped: 0.0000621 seconds, Stopping threads took: 0.0000070 seconds
[0.334s][info][safepoint    ] Application time: 0.1890762 seconds
[0.334s][info][safepoint    ] Entering safepoint region: Deoptimize
[0.334s][info][safepoint    ] Leaving safepoint region
[0.334s][info][safepoint    ] Total time for which application threads were stopped: 0.0001385 seconds, Stopping threads took: 0.0000055 seconds
[0.365s][info][safepoint    ] Application time: 0.0311940 seconds
[0.365s][info][safepoint    ] Entering safepoint region: Deoptimize
[0.365s][info][safepoint    ] Leaving safepoint region
[0.365s][info][safepoint    ] Total time for which application threads were stopped: 0.0001405 seconds, Stopping threads took: 0.0000052 seconds
[1.119s][info][safepoint    ] Application time: 0.7538954 seconds
[1.119s][info][safepoint    ] Entering safepoint region: Deoptimize
[1.119s][info][safepoint    ] Leaving safepoint region
[1.119s][info][safepoint    ] Total time for which application threads were stopped: 0.0001708 seconds, Stopping threads took: 0.0000054 seconds
[1.274s][info][safepoint    ] Application time: 0.1547605 seconds
[1.274s][info][safepoint    ] Entering safepoint region: Deoptimize
[1.274s][info][safepoint    ] Leaving safepoint region
[1.274s][info][safepoint    ] Total time for which application threads were stopped: 0.0002584 seconds, Stopping threads took: 0.0000053 seconds
[1.389s][info][safepoint    ] Application time: 0.1147053 seconds
[1.389s][info][safepoint    ] Entering safepoint region: CollectForMetadataAllocation
[1.389s][info][gc,start     ] GC(0) Pause Young (Metadata GC Threshold)
[1.393s][debug][gc,phases    ] GC(0) Scavenge 4.002ms
[1.393s][debug][gc,ref       ] GC(0) Skipped phase1 of Reference Processing due to unavailable references
[1.393s][debug][gc,ref       ] GC(0) Skipped phase3 of Reference Processing due to unavailable references
[1.393s][debug][gc,phases    ] GC(0) Reference Processing 0.106ms
[1.394s][debug][gc,phases    ] GC(0) Weak Processing 0.045ms
[1.394s][debug][gc,phases    ] GC(0) Scrub String Table 0.191ms
[1.394s][debug][gc,age       ] GC(0) Desired survivor size 536870912 bytes, new threshold 7 (max threshold 15)
[1.394s][info ][gc,heap      ] GC(0) PSYoungGen: 83886K->7076K(1572864K)
[1.394s][info ][gc,heap      ] GC(0) ParOldGen: 0K->88K(6144K)
[1.394s][info ][gc,metaspace ] GC(0) Metaspace: 20664K->20664K(1069056K)
[1.394s][info ][gc           ] GC(0) Pause Young (Metadata GC Threshold) 81M->6M(1542M) 4.471ms
[1.394s][info ][gc,cpu       ] GC(0) User=0.01s Sys=0.00s Real=0.01s
[1.394s][debug][gc,phases    ] GC(1) Pre Compact 0.010ms
[1.394s][info ][gc,start     ] GC(1) Pause Full (Metadata GC Threshold)
[1.394s][info ][gc,phases,start] GC(1) Marking Phase
[1.397s][debug][gc,phases      ] GC(1) Par Mark 2.693ms
[1.397s][debug][gc,ref         ] GC(1) Skipped phase1 of Reference Processing due to unavailable references
[1.397s][debug][gc,ref         ] GC(1) Skipped phase3 of Reference Processing due to unavailable references
[1.397s][debug][gc,phases      ] GC(1) Reference Processing 0.055ms
[1.397s][debug][gc,phases      ] GC(1) Weak Processing 0.014ms
[1.397s][debug][gc,phases      ] GC(1) ClassLoaderData 0.202ms
[1.397s][debug][gc,phases      ] GC(1) ProtectionDomainCacheTable 0.003ms
[1.397s][debug][gc,phases      ] GC(1) ResolvedMethodTable 0.019ms
[1.398s][debug][gc,phases      ] GC(1) Class Unloading 0.942ms
[1.398s][debug][gc,phases      ] GC(1) Scrub String Table 0.088ms
[1.400s][debug][gc,phases      ] GC(1) Scrub Symbol Table 2.050ms
[1.400s][info ][gc,phases      ] GC(1) Marking Phase 5.987ms
[1.400s][info ][gc,phases,start] GC(1) Summary Phase
[1.400s][info ][gc,phases      ] GC(1) Summary Phase 0.005ms
[1.400s][info ][gc,phases,start] GC(1) Adjust Roots
[1.403s][info ][gc,phases      ] GC(1) Adjust Roots 3.661ms
[1.403s][info ][gc,phases,start] GC(1) Compaction Phase
[1.411s][info ][gc,phases      ] GC(1) Compaction Phase 7.550ms
[1.411s][info ][gc,phases,start] GC(1) Post Compact
[1.411s][info ][gc,phases      ] GC(1) Post Compact 0.173ms
[1.411s][info ][gc,heap        ] GC(1) PSYoungGen: 7076K->1412K(1572864K)
[1.411s][info ][gc,heap        ] GC(1) ParOldGen: 88K->5699K(6144K)
[1.411s][info ][gc,metaspace   ] GC(1) Metaspace: 20664K->20664K(1069056K)
[1.411s][info ][gc             ] GC(1) Pause Full (Metadata GC Threshold) 6M->6M(1542M) 17.498ms
[1.411s][info ][gc,cpu         ] GC(1) User=0.05s Sys=0.01s Real=0.02s
[1.411s][info ][safepoint      ] Leaving safepoint region
[1.411s][info ][safepoint      ] Total time for which application threads were stopped: 0.0221416 seconds, Stopping threads took: 0.0000056 seconds
[1.412s][info ][safepoint      ] Application time: 0.0002521 seconds
[1.412s][info ][safepoint      ] Entering safepoint region: RevokeBias
[1.412s][info ][safepoint      ] Leaving safepoint region
[1.412s][info ][safepoint      ] Total time for which application threads were stopped: 0.0001350 seconds, Stopping threads took: 0.0001061 seconds
[1.412s][info ][safepoint      ] Application time: 0.0000381 seconds
[1.412s][info ][safepoint      ] Entering safepoint region: RevokeBias
[1.412s][info ][safepoint      ] Leaving safepoint region
[1.412s][info ][safepoint      ] Total time for which application threads were stopped: 0.0000718 seconds, Stopping threads took: 0.0000492 seconds
[1.412s][info ][safepoint      ] Application time: 0.0000355 seconds
[1.412s][info ][safepoint      ] Entering safepoint region: RevokeBias
[1.412s][info ][safepoint      ] Leaving safepoint region
[1.412s][info ][safepoint      ] Total time for which application threads were stopped: 0.0000694 seconds, Stopping threads took: 0.0000477 seconds
[1.619s][info ][safepoint      ] Application time: 0.2074815 seconds
[1.620s][info ][safepoint      ] Entering safepoint region: ICBufferFull
[1.620s][info ][safepoint      ] Leaving safepoint region
[1.620s][info ][safepoint      ] Total time for which application threads were stopped: 0.0001532 seconds, Stopping threads took: 0.0000270 seconds
[1.721s][info ][safepoint      ] Application time: 0.1015592 seconds
[1.721s][info ][safepoint      ] Entering safepoint region: ICBufferFull
[1.721s][info ][safepoint      ] Leaving safepoint region
[1.721s][info ][safepoint      ] Total time for which application threads were stopped: 0.0001601 seconds, Stopping threads took: 0.0000064 seconds
[1.869s][info ][safepoint      ] Application time: 0.1476569 seconds
[1.869s][info ][safepoint      ] Entering safepoint region: ICBufferFull
[1.869s][info ][safepoint      ] Leaving safepoint region
[1.869s][info ][safepoint      ] Total time for which application threads were stopped: 0.0002224 seconds, Stopping threads took: 0.0000079 seconds
[2.307s][info ][safepoint      ] Application time: 0.4377449 seconds
[2.307s][info ][safepoint      ] Entering safepoint region: ICBufferFull
[2.307s][info ][safepoint      ] Leaving safepoint region
[2.307s][info ][safepoint      ] Total time for which application threads were stopped: 0.0001801 seconds, Stopping threads took: 0.0000068 seconds
[2.424s][info ][safepoint      ] Application time: 0.1164763 seconds
[2.424s][info ][safepoint      ] Entering safepoint region: Deoptimize
[2.424s][info ][safepoint      ] Leaving safepoint region
[2.424s][info ][safepoint      ] Total time for which application threads were stopped: 0.0003617 seconds, Stopping threads took: 0.0000063 seconds
[2.602s][info ][safepoint      ] Application time: 0.1776333 seconds
[2.602s][info ][safepoint      ] Entering safepoint region: ICBufferFull
[2.602s][info ][safepoint      ] Leaving safepoint region
[2.602s][info ][safepoint      ] Total time for which application threads were stopped: 0.0001384 seconds, Stopping threads took: 0.0000074 seconds
[2.687s][info ][safepoint      ] Application time: 0.0854317 seconds
[2.688s][info ][safepoint      ] Entering safepoint region: RevokeBias
[2.688s][info ][safepoint      ] Leaving safepoint region
[2.688s][info ][safepoint      ] Total time for which application threads were stopped: 0.0001625 seconds, Stopping threads took: 0.0000263 seconds
[2.688s][info ][safepoint      ] Application time: 0.0001234 seconds
[2.688s][info ][safepoint      ] Entering safepoint region: RevokeBias
[2.688s][info ][safepoint      ] Leaving safepoint region
[2.688s][info ][safepoint      ] Total time for which application threads were stopped: 0.0000749 seconds, Stopping threads took: 0.0000395 seconds
[2.688s][info ][safepoint      ] Application time: 0.0000219 seconds
[2.688s][info ][safepoint      ] Entering safepoint region: RevokeBias
[2.688s][info ][safepoint      ] Leaving safepoint region
[2.688s][info ][safepoint      ] Total time for which application threads were stopped: 0.0000922 seconds, Stopping threads took: 0.0000527 seconds
[2.688s][info ][safepoint      ] Application time: 0.0000794 seconds
[2.688s][info ][safepoint      ] Entering safepoint region: RevokeBias
[2.688s][info ][safepoint      ] Leaving safepoint region
[2.688s][info ][safepoint      ] Total time for which application threads were stopped: 0.0001905 seconds, Stopping threads took: 0.0001567 seconds
[2.692s][info ][safepoint      ] Application time: 0.0034085 seconds
[2.693s][info ][safepoint      ] Entering safepoint region: RevokeBias
[2.694s][info ][safepoint      ] Leaving safepoint region
[2.694s][info ][safepoint      ] Total time for which application threads were stopped: 0.0018543 seconds, Stopping threads took: 0.0018008 seconds
[2.697s][info ][safepoint      ] Application time: 0.0037671 seconds
[2.699s][info ][safepoint      ] Entering safepoint region: RevokeBias
[2.699s][info ][safepoint      ] Leaving safepoint region
[2.699s][info ][safepoint      ] Total time for which application threads were stopped: 0.0019140 seconds, Stopping threads took: 0.0017900 seconds
[2.699s][info ][safepoint      ] Application time: 0.0000947 seconds
[2.700s][info ][safepoint      ] Entering safepoint region: RevokeBias
[2.700s][info ][safepoint      ] Leaving safepoint region
[2.700s][info ][safepoint      ] Total time for which application threads were stopped: 0.0002878 seconds, Stopping threads took: 0.0002378 seconds
[2.701s][info ][safepoint      ] Application time: 0.0014163 seconds
[2.701s][info ][safepoint      ] Entering safepoint region: RevokeBias
[2.701s][info ][safepoint      ] Leaving safepoint region
[2.701s][info ][safepoint      ] Total time for which application threads were stopped: 0.0000965 seconds, Stopping threads took: 0.0000076 seconds
[2.701s][info ][safepoint      ] Application time: 0.0000457 seconds
[2.701s][info ][safepoint      ] Entering safepoint region: RevokeBias
[2.701s][info ][safepoint      ] Leaving safepoint region
[2.701s][info ][safepoint      ] Total time for which application threads were stopped: 0.0000905 seconds, Stopping threads took: 0.0000041 seconds
[2.701s][info ][safepoint      ] Application time: 0.0001292 seconds
[2.701s][info ][safepoint      ] Entering safepoint region: RevokeBias
[2.702s][info ][safepoint      ] Leaving safepoint region
[2.702s][info ][safepoint      ] Total time for which application threads were stopped: 0.0000560 seconds, Stopping threads took: 0.0000043 seconds
[2.702s][info ][safepoint      ] Application time: 0.0009278 seconds
[2.703s][info ][safepoint      ] Entering safepoint region: RevokeBias
[2.703s][info ][safepoint      ] Leaving safepoint region
[2.703s][info ][safepoint      ] Total time for which application threads were stopped: 0.0000936 seconds, Stopping threads took: 0.0000361 seconds
[2.703s][info ][safepoint      ] Application time: 0.0000784 seconds
[2.703s][info ][safepoint      ] Entering safepoint region: RevokeBias
[2.703s][info ][safepoint      ] Leaving safepoint region
[2.703s][info ][safepoint      ] Total time for which application threads were stopped: 0.0000638 seconds, Stopping threads took: 0.0000049 seconds
[2.703s][info ][safepoint      ] Application time: 0.0003439 seconds
[2.703s][info ][safepoint      ] Entering safepoint region: RevokeBias
[2.703s][info ][safepoint      ] Leaving safepoint region
[2.703s][info ][safepoint      ] Total time for which application threads were stopped: 0.0000789 seconds, Stopping threads took: 0.0000262 seconds
[2.703s][info ][safepoint      ] Application time: 0.0001314 seconds
[2.703s][info ][safepoint      ] Entering safepoint region: RevokeBias
[2.703s][info ][safepoint      ] Leaving safepoint region
[2.703s][info ][safepoint      ] Total time for which application threads were stopped: 0.0001029 seconds, Stopping threads took: 0.0000287 seconds
[2.704s][info ][safepoint      ] Application time: 0.0000996 seconds
[2.704s][info ][safepoint      ] Entering safepoint region: RevokeBias
[2.704s][info ][safepoint      ] Leaving safepoint region
[2.704s][info ][safepoint      ] Total time for which application threads were stopped: 0.0003318 seconds, Stopping threads took: 0.0002927 seconds
[2.704s][info ][safepoint      ] Application time: 0.0000574 seconds
[2.704s][info ][safepoint      ] Entering safepoint region: RevokeBias
[2.704s][info ][safepoint      ] Leaving safepoint region
[2.704s][info ][safepoint      ] Total time for which application threads were stopped: 0.0000748 seconds, Stopping threads took: 0.0000322 seconds
[2.705s][info ][safepoint      ] Application time: 0.0005293 seconds
[2.705s][info ][safepoint      ] Entering safepoint region: RevokeBias
[2.705s][info ][safepoint      ] Leaving safepoint region
[2.705s][info ][safepoint      ] Total time for which application threads were stopped: 0.0001765 seconds, Stopping threads took: 0.0000824 seconds
[2.705s][info ][safepoint      ] Application time: 0.0005136 seconds
[2.705s][info ][safepoint      ] Entering safepoint region: RevokeBias
[2.705s][info ][safepoint      ] Leaving safepoint region
[2.705s][info ][safepoint      ] Total time for which application threads were stopped: 0.0001616 seconds, Stopping threads took: 0.0000275 seconds
[2.706s][info ][safepoint      ] Application time: 0.0002458 seconds
[2.706s][info ][safepoint      ] Entering safepoint region: RevokeBias
[2.706s][info ][safepoint      ] Leaving safepoint region
[2.706s][info ][safepoint      ] Total time for which application threads were stopped: 0.0001410 seconds, Stopping threads took: 0.0000449 seconds
[2.706s][info ][safepoint      ] Application time: 0.0002316 seconds
[2.706s][info ][safepoint      ] Entering safepoint region: RevokeBias
[2.706s][info ][safepoint      ] Leaving safepoint region
[2.706s][info ][safepoint      ] Total time for which application threads were stopped: 0.0002265 seconds, Stopping threads took: 0.0001804 seconds
[2.707s][info ][safepoint      ] Application time: 0.0009355 seconds
[2.708s][info ][safepoint      ] Entering safepoint region: RevokeBias
[2.708s][info ][safepoint      ] Leaving safepoint region
[2.708s][info ][safepoint      ] Total time for which application threads were stopped: 0.0003273 seconds, Stopping threads took: 0.0002694 seconds
[2.708s][info ][safepoint      ] Application time: 0.0002760 seconds
[2.708s][info ][safepoint      ] Entering safepoint region: RevokeBias
[2.708s][info ][safepoint      ] Leaving safepoint region
[2.708s][info ][safepoint      ] Total time for which application threads were stopped: 0.0001192 seconds, Stopping threads took: 0.0000381 seconds
[2.708s][info ][safepoint      ] Application time: 0.0001127 seconds
[2.708s][info ][safepoint      ] Entering safepoint region: RevokeBias
[2.708s][info ][safepoint      ] Leaving safepoint region
[2.708s][info ][safepoint      ] Total time for which application threads were stopped: 0.0001151 seconds, Stopping threads took: 0.0000624 seconds
[2.709s][info ][safepoint      ] Application time: 0.0004256 seconds
[2.709s][info ][safepoint      ] Entering safepoint region: BulkRevokeBias
[2.709s][info ][safepoint      ] Leaving safepoint region
[2.709s][info ][safepoint      ] Total time for which application threads were stopped: 0.0002336 seconds, Stopping threads took: 0.0001011 seconds
[2.709s][info ][safepoint      ] Application time: 0.0001896 seconds
[2.709s][info ][safepoint      ] Entering safepoint region: RevokeBias
[2.709s][info ][safepoint      ] Leaving safepoint region
[2.709s][info ][safepoint      ] Total time for which application threads were stopped: 0.0000990 seconds, Stopping threads took: 0.0000601 seconds
[2.710s][info ][safepoint      ] Application time: 0.0005656 seconds
[2.710s][info ][safepoint      ] Entering safepoint region: RevokeBias
[2.710s][info ][safepoint      ] Leaving safepoint region
[2.710s][info ][safepoint      ] Total time for which application threads were stopped: 0.0000964 seconds, Stopping threads took: 0.0000419 seconds
[2.717s][info ][safepoint      ] Application time: 0.0070067 seconds
[2.717s][info ][safepoint      ] Entering safepoint region: RevokeBias
[2.717s][info ][safepoint      ] Leaving safepoint region
[2.717s][info ][safepoint      ] Total time for which application threads were stopped: 0.0001006 seconds, Stopping threads took: 0.0000315 seconds
[2.718s][info ][safepoint      ] Application time: 0.0012376 seconds
[2.718s][info ][safepoint      ] Entering safepoint region: RevokeBias
[2.718s][info ][safepoint      ] Leaving safepoint region
[2.718s][info ][safepoint      ] Total time for which application threads were stopped: 0.0000509 seconds, Stopping threads took: 0.0000051 seconds
[2.719s][info ][safepoint      ] Application time: 0.0001834 seconds
[2.719s][info ][safepoint      ] Entering safepoint region: RevokeBias
[2.719s][info ][safepoint      ] Leaving safepoint region
[2.719s][info ][safepoint      ] Total time for which application threads were stopped: 0.0000583 seconds, Stopping threads took: 0.0000262 seconds
[2.720s][info ][safepoint      ] Application time: 0.0015981 seconds
[2.721s][info ][safepoint      ] Entering safepoint region: RevokeBias
[2.721s][info ][safepoint      ] Leaving safepoint region
[2.721s][info ][safepoint      ] Total time for which application threads were stopped: 0.0009761 seconds, Stopping threads took: 0.0009359 seconds
[2.722s][info ][safepoint      ] Application time: 0.0005663 seconds
[2.722s][info ][safepoint      ] Entering safepoint region: RevokeBias
[2.722s][info ][safepoint      ] Leaving safepoint region
[2.722s][info ][safepoint      ] Total time for which application threads were stopped: 0.0000502 seconds, Stopping threads took: 0.0000048 seconds
[2.723s][info ][safepoint      ] Application time: 0.0012837 seconds
[2.723s][info ][safepoint      ] Entering safepoint region: RevokeBias
[2.723s][info ][safepoint      ] Leaving safepoint region
[2.723s][info ][safepoint      ] Total time for which application threads were stopped: 0.0003375 seconds, Stopping threads took: 0.0002980 seconds
[2.725s][info ][safepoint      ] Application time: 0.0011066 seconds
[2.725s][info ][safepoint      ] Entering safepoint region: RevokeBias
[2.725s][info ][safepoint      ] Leaving safepoint region
[2.725s][info ][safepoint      ] Total time for which application threads were stopped: 0.0001019 seconds, Stopping threads took: 0.0000542 seconds
[2.726s][info ][safepoint      ] Application time: 0.0017603 seconds
[2.727s][info ][safepoint      ] Entering safepoint region: RevokeBias
[2.727s][info ][safepoint      ] Leaving safepoint region
[2.727s][info ][safepoint      ] Total time for which application threads were stopped: 0.0001022 seconds, Stopping threads took: 0.0000436 seconds
[2.728s][info ][safepoint      ] Application time: 0.0012434 seconds
[2.728s][info ][safepoint      ] Entering safepoint region: RevokeBias
[2.728s][info ][safepoint      ] Leaving safepoint region
[2.728s][info ][safepoint      ] Total time for which application threads were stopped: 0.0000595 seconds, Stopping threads took: 0.0000046 seconds
[2.729s][info ][safepoint      ] Application time: 0.0010736 seconds
[2.729s][info ][safepoint      ] Entering safepoint region: RevokeBias
[2.729s][info ][safepoint      ] Leaving safepoint region
[2.729s][info ][safepoint      ] Total time for which application threads were stopped: 0.0000762 seconds, Stopping threads took: 0.0000396 seconds
[2.729s][info ][safepoint      ] Application time: 0.0001298 seconds
[2.729s][info ][safepoint      ] Entering safepoint region: RevokeBias
[2.729s][info ][safepoint      ] Leaving safepoint region
[2.729s][info ][safepoint      ] Total time for which application threads were stopped: 0.0000467 seconds, Stopping threads took: 0.0000254 seconds
[2.730s][info ][safepoint      ] Application time: 0.0006125 seconds
[2.730s][info ][safepoint      ] Entering safepoint region: RevokeBias
[2.730s][info ][safepoint      ] Leaving safepoint region
[2.730s][info ][safepoint      ] Total time for which application threads were stopped: 0.0002873 seconds, Stopping threads took: 0.0002483 seconds
[2.731s][info ][safepoint      ] Application time: 0.0006891 seconds
[2.731s][info ][safepoint      ] Entering safepoint region: RevokeBias
[2.731s][info ][safepoint      ] Leaving safepoint region
[2.731s][info ][safepoint      ] Total time for which application threads were stopped: 0.0000645 seconds, Stopping threads took: 0.0000249 seconds
[2.734s][info ][safepoint      ] Application time: 0.0034323 seconds
[2.734s][info ][safepoint      ] Entering safepoint region: RevokeBias
[2.734s][info ][safepoint      ] Leaving safepoint region
[2.734s][info ][safepoint      ] Total time for which application threads were stopped: 0.0000725 seconds, Stopping threads took: 0.0000235 seconds
[2.736s][info ][safepoint      ] Application time: 0.0015309 seconds
[2.736s][info ][safepoint      ] Entering safepoint region: RevokeBias
[2.736s][info ][safepoint      ] Leaving safepoint region
[2.736s][info ][safepoint      ] Total time for which application threads were stopped: 0.0001278 seconds, Stopping threads took: 0.0000572 seconds
[2.737s][info ][safepoint      ] Application time: 0.0007146 seconds
[2.737s][info ][safepoint      ] Entering safepoint region: RevokeBias
[2.737s][info ][safepoint      ] Leaving safepoint region
[2.737s][info ][safepoint      ] Total time for which application threads were stopped: 0.0001353 seconds, Stopping threads took: 0.0001013 seconds
[2.739s][info ][safepoint      ] Application time: 0.0018753 seconds
[2.739s][info ][safepoint      ] Entering safepoint region: RevokeBias
[2.739s][info ][safepoint      ] Leaving safepoint region
[2.739s][info ][safepoint      ] Total time for which application threads were stopped: 0.0000650 seconds, Stopping threads took: 0.0000048 seconds
[2.741s][info ][safepoint      ] Application time: 0.0017715 seconds
[2.741s][info ][safepoint      ] Entering safepoint region: RevokeBias
[2.741s][info ][safepoint      ] Leaving safepoint region
[2.741s][info ][safepoint      ] Total time for which application threads were stopped: 0.0000913 seconds, Stopping threads took: 0.0000523 seconds
[2.741s][info ][safepoint      ] Application time: 0.0005708 seconds
[2.741s][info ][safepoint      ] Entering safepoint region: BulkRevokeBias
[2.742s][info ][safepoint      ] Leaving safepoint region
[2.742s][info ][safepoint      ] Total time for which application threads were stopped: 0.0002082 seconds, Stopping threads took: 0.0000450 seconds
[2.776s][info ][safepoint      ] Application time: 0.0346146 seconds
[2.776s][info ][safepoint      ] Entering safepoint region: CollectForMetadataAllocation
[2.776s][info ][gc,start       ] GC(2) Pause Young (Metadata GC Threshold)
[2.810s][debug][gc,phases      ] GC(2) Scavenge 33.206ms
[2.810s][debug][gc,ref         ] GC(2) Skipped phase1 of Reference Processing due to unavailable references
[2.810s][debug][gc,ref         ] GC(2) Skipped phase3 of Reference Processing due to unavailable references
[2.810s][debug][gc,phases      ] GC(2) Reference Processing 0.142ms
[2.810s][debug][gc,phases      ] GC(2) Weak Processing 0.119ms
[2.811s][debug][gc,phases      ] GC(2) Scrub String Table 0.735ms
[2.811s][debug][gc,age         ] GC(2) Desired survivor size 536870912 bytes, new threshold 7 (max threshold 15)
[2.811s][info ][gc,heap        ] GC(2) PSYoungGen: 431579K->46965K(1572864K)
[2.811s][info ][gc,heap        ] GC(2) ParOldGen: 5699K->5707K(6144K)
[2.811s][info ][gc,metaspace   ] GC(2) Metaspace: 33919K->33919K(1079296K)
[2.811s][info ][gc             ] GC(2) Pause Young (Metadata GC Threshold) 427M->51M(1542M) 34.331ms
[2.811s][info ][gc,cpu         ] GC(2) User=0.12s Sys=0.01s Real=0.04s
[2.811s][debug][gc,phases      ] GC(3) Pre Compact 0.009ms
[2.811s][info ][gc,start       ] GC(3) Pause Full (Metadata GC Threshold)
[2.811s][info ][gc,phases,start] GC(3) Marking Phase
[2.831s][debug][gc,phases      ] GC(3) Par Mark 20.056ms
[2.831s][debug][gc,ref         ] GC(3) Skipped phase1 of Reference Processing due to unavailable references
[2.831s][debug][gc,ref         ] GC(3) Skipped phase3 of Reference Processing due to unavailable references
[2.831s][debug][gc,phases      ] GC(3) Reference Processing 0.064ms
[2.831s][debug][gc,phases      ] GC(3) Weak Processing 0.038ms
[2.832s][debug][gc,phases      ] GC(3) ClassLoaderData 0.534ms
[2.832s][debug][gc,phases      ] GC(3) Dictionary 0.007ms
[2.832s][debug][gc,phases      ] GC(3) ProtectionDomainCacheTable 0.002ms
[2.832s][debug][gc,phases      ] GC(3) ResolvedMethodTable 0.035ms
[2.838s][debug][gc,phases      ] GC(3) Class Unloading 6.645ms
[2.838s][debug][gc,phases      ] GC(3) Scrub String Table 0.263ms
[2.842s][debug][gc,phases      ] GC(3) Scrub Symbol Table 3.737ms
[2.842s][info ][gc,phases      ] GC(3) Marking Phase 31.095ms
[2.842s][info ][gc,phases,start] GC(3) Summary Phase
[2.842s][info ][gc,phases      ] GC(3) Summary Phase 0.006ms
[2.842s][info ][gc,phases,start] GC(3) Adjust Roots
[2.854s][info ][gc,phases      ] GC(3) Adjust Roots 12.439ms
[2.854s][info ][gc,phases,start] GC(3) Compaction Phase
[3.166s][info ][gc,phases      ] GC(3) Compaction Phase 311.721ms
[3.166s][info ][gc,phases,start] GC(3) Post Compact
[3.166s][info ][gc,phases      ] GC(3) Post Compact 0.310ms
[3.166s][info ][gc,heap        ] GC(3) PSYoungGen: 46965K->46314K(1572864K)
[3.166s][info ][gc,heap        ] GC(3) ParOldGen: 5707K->6139K(6144K)
[3.166s][info ][gc,metaspace   ] GC(3) Metaspace: 33919K->33888K(1079296K)
[3.166s][info ][gc             ] GC(3) Pause Full (Metadata GC Threshold) 51M->51M(1542M) 355.718ms
[3.167s][info ][gc,cpu         ] GC(3) User=1.33s Sys=0.01s Real=0.35s
[3.167s][info ][safepoint      ] Leaving safepoint region
[3.167s][info ][safepoint      ] Total time for which application threads were stopped: 0.3902966 seconds, Stopping threads took: 0.0000263 seconds
[3.168s][info ][safepoint      ] Application time: 0.0012978 seconds
[3.168s][info ][safepoint      ] Entering safepoint region: RevokeBias
[3.168s][info ][safepoint      ] Leaving safepoint region
[3.168s][info ][safepoint      ] Total time for which application threads were stopped: 0.0000828 seconds, Stopping threads took: 0.0000278 seconds
[3.168s][info ][safepoint      ] Application time: 0.0000535 seconds
[3.168s][info ][safepoint      ] Entering safepoint region: RevokeBias
[3.168s][info ][safepoint      ] Leaving safepoint region
[3.168s][info ][safepoint      ] Total time for which application threads were stopped: 0.0000520 seconds, Stopping threads took: 0.0000075 seconds
[3.168s][info ][safepoint      ] Application time: 0.0000541 seconds
[3.168s][info ][safepoint      ] Entering safepoint region: RevokeBias
[3.168s][info ][safepoint      ] Leaving safepoint region
[3.168s][info ][safepoint      ] Total time for which application threads were stopped: 0.0000629 seconds, Stopping threads took: 0.0000242 seconds
[3.169s][info ][safepoint      ] Application time: 0.0002839 seconds
[3.169s][info ][safepoint      ] Entering safepoint region: RevokeBias
[3.169s][info ][safepoint      ] Leaving safepoint region
[3.169s][info ][safepoint      ] Total time for which application threads were stopped: 0.0001004 seconds, Stopping threads took: 0.0000162 seconds
[3.173s][info ][safepoint      ] Application time: 0.0039589 seconds
[3.173s][info ][safepoint      ] Entering safepoint region: RevokeBias
[3.173s][info ][safepoint      ] Leaving safepoint region
[3.173s][info ][safepoint      ] Total time for which application threads were stopped: 0.0001482 seconds, Stopping threads took: 0.0000527 seconds
[3.175s][info ][safepoint      ] Application time: 0.0024106 seconds
[3.175s][info ][safepoint      ] Entering safepoint region: RevokeBias
[3.175s][info ][safepoint      ] Leaving safepoint region
[3.175s][info ][safepoint      ] Total time for which application threads were stopped: 0.0001053 seconds, Stopping threads took: 0.0000263 seconds
[3.178s][info ][safepoint      ] Application time: 0.0025162 seconds
[3.178s][info ][safepoint      ] Entering safepoint region: RevokeBias
[3.178s][info ][safepoint      ] Leaving safepoint region
[3.178s][info ][safepoint      ] Total time for which application threads were stopped: 0.0001190 seconds, Stopping threads took: 0.0000449 seconds
[3.178s][info ][safepoint      ] Application time: 0.0001355 seconds
[3.178s][info ][safepoint      ] Entering safepoint region: RevokeBias
[3.178s][info ][safepoint      ] Leaving safepoint region
[3.178s][info ][safepoint      ] Total time for which application threads were stopped: 0.0001167 seconds, Stopping threads took: 0.0000350 seconds
[3.213s][info ][safepoint      ] Application time: 0.0342853 seconds
[3.213s][info ][safepoint      ] Entering safepoint region: RevokeBias
[3.213s][info ][safepoint      ] Leaving safepoint region
[3.213s][info ][safepoint      ] Total time for which application threads were stopped: 0.0002182 seconds, Stopping threads took: 0.0000618 seconds
[3.213s][info ][safepoint      ] Application time: 0.0000415 seconds
[3.213s][info ][safepoint      ] Entering safepoint region: RevokeBias
[3.213s][info ][safepoint      ] Leaving safepoint region
[3.213s][info ][safepoint      ] Total time for which application threads were stopped: 0.0000991 seconds, Stopping threads took: 0.0000188 seconds
[3.218s][info ][safepoint      ] Application time: 0.0050025 seconds
[3.218s][info ][safepoint      ] Entering safepoint region: RevokeBias
[3.218s][info ][safepoint      ] Leaving safepoint region
[3.218s][info ][safepoint      ] Total time for which application threads were stopped: 0.0001238 seconds, Stopping threads took: 0.0000199 seconds
[3.243s][info ][safepoint      ] Application time: 0.0250672 seconds
[3.243s][info ][safepoint      ] Entering safepoint region: RevokeBias
[3.243s][info ][safepoint      ] Leaving safepoint region
[3.243s][info ][safepoint      ] Total time for which application threads were stopped: 0.0001767 seconds, Stopping threads took: 0.0000262 seconds
[3.244s][info ][safepoint      ] Application time: 0.0003039 seconds
[3.244s][info ][safepoint      ] Entering safepoint region: RevokeBias
[3.244s][info ][safepoint      ] Leaving safepoint region
[3.244s][info ][safepoint      ] Total time for which application threads were stopped: 0.0000952 seconds, Stopping threads took: 0.0000114 seconds
[3.245s][info ][safepoint      ] Application time: 0.0012292 seconds
[3.245s][info ][safepoint      ] Entering safepoint region: RevokeBias
[3.245s][info ][safepoint      ] Leaving safepoint region
[3.245s][info ][safepoint      ] Total time for which application threads were stopped: 0.0001101 seconds, Stopping threads took: 0.0000326 seconds
[3.246s][info ][safepoint      ] Application time: 0.0008882 seconds
[3.246s][info ][safepoint      ] Entering safepoint region: RevokeBias
[3.246s][info ][safepoint      ] Leaving safepoint region
[3.246s][info ][safepoint      ] Total time for which application threads were stopped: 0.0001626 seconds, Stopping threads took: 0.0000620 seconds
[3.250s][info ][safepoint      ] Application time: 0.0037987 seconds
[3.250s][info ][safepoint      ] Entering safepoint region: RevokeBias
[3.250s][info ][safepoint      ] Leaving safepoint region
[3.250s][info ][safepoint      ] Total time for which application threads were stopped: 0.0002421 seconds, Stopping threads took: 0.0000705 seconds
[3.256s][info ][safepoint      ] Application time: 0.0055217 seconds
[3.256s][info ][safepoint      ] Entering safepoint region: BulkRevokeBias
[3.256s][info ][safepoint      ] Leaving safepoint region
[3.256s][info ][safepoint      ] Total time for which application threads were stopped: 0.0002181 seconds, Stopping threads took: 0.0000287 seconds
[3.273s][info ][safepoint      ] Application time: 0.0170433 seconds
[3.273s][info ][safepoint      ] Entering safepoint region: RevokeBias
[3.273s][info ][safepoint      ] Leaving safepoint region
[3.273s][info ][safepoint      ] Total time for which application threads were stopped: 0.0000693 seconds, Stopping threads took: 0.0000073 seconds
[3.273s][info ][safepoint      ] Application time: 0.0003003 seconds
[3.274s][info ][safepoint      ] Entering safepoint region: RevokeBias
[3.274s][info ][safepoint      ] Leaving safepoint region
[3.274s][info ][safepoint      ] Total time for which application threads were stopped: 0.0002567 seconds, Stopping threads took: 0.0002259 seconds
[3.331s][info ][safepoint      ] Application time: 0.0574013 seconds
[3.331s][info ][safepoint      ] Entering safepoint region: RevokeBias
[3.331s][info ][safepoint      ] Leaving safepoint region
[3.331s][info ][safepoint      ] Total time for which application threads were stopped: 0.0001407 seconds, Stopping threads took: 0.0000417 seconds
[3.331s][info ][safepoint      ] Application time: 0.0000742 seconds
[3.331s][info ][safepoint      ] Entering safepoint region: RevokeBias
[3.332s][info ][safepoint      ] Leaving safepoint region
[3.332s][info ][safepoint      ] Total time for which application threads were stopped: 0.0001381 seconds, Stopping threads took: 0.0000888 seconds
[3.332s][info ][safepoint      ] Application time: 0.0007807 seconds
[3.332s][info ][safepoint      ] Entering safepoint region: RevokeBias
[3.333s][info ][safepoint      ] Leaving safepoint region
[3.333s][info ][safepoint      ] Total time for which application threads were stopped: 0.0002015 seconds, Stopping threads took: 0.0000478 seconds
[3.367s][info ][safepoint      ] Application time: 0.0342487 seconds
[3.367s][info ][safepoint      ] Entering safepoint region: RevokeBias
[3.367s][info ][safepoint      ] Leaving safepoint region
[3.367s][info ][safepoint      ] Total time for which application threads were stopped: 0.0003074 seconds, Stopping threads took: 0.0000778 seconds
[3.367s][info ][safepoint      ] Application time: 0.0002613 seconds
[3.367s][info ][safepoint      ] Entering safepoint region: RevokeBias
[3.368s][info ][safepoint      ] Leaving safepoint region
[3.368s][info ][safepoint      ] Total time for which application threads were stopped: 0.0001173 seconds, Stopping threads took: 0.0000467 seconds
[3.369s][info ][safepoint      ] Application time: 0.0011502 seconds
[3.369s][info ][safepoint      ] Entering safepoint region: RevokeBias
[3.369s][info ][safepoint      ] Leaving safepoint region
[3.369s][info ][safepoint      ] Total time for which application threads were stopped: 0.0007759 seconds, Stopping threads took: 0.0006709 seconds
[3.370s][info ][safepoint      ] Application time: 0.0009864 seconds
[3.371s][info ][safepoint      ] Entering safepoint region: RevokeBias
[3.371s][info ][safepoint      ] Leaving safepoint region
[3.371s][info ][safepoint      ] Total time for which application threads were stopped: 0.0002319 seconds, Stopping threads took: 0.0001093 seconds
[3.371s][info ][safepoint      ] Application time: 0.0002707 seconds
[3.371s][info ][safepoint      ] Entering safepoint region: RevokeBias
[3.371s][info ][safepoint      ] Leaving safepoint region
[3.371s][info ][safepoint      ] Total time for which application threads were stopped: 0.0002187 seconds, Stopping threads took: 0.0000833 seconds
[3.372s][info ][safepoint      ] Application time: 0.0003290 seconds
[3.372s][info ][safepoint      ] Entering safepoint region: BulkRevokeBias
[3.372s][info ][safepoint      ] Leaving safepoint region
[3.372s][info ][safepoint      ] Total time for which application threads were stopped: 0.0006089 seconds, Stopping threads took: 0.0000716 seconds
[3.374s][info ][safepoint      ] Application time: 0.0015043 seconds
[3.376s][info ][safepoint      ] Entering safepoint region: RevokeBias
[3.376s][info ][safepoint      ] Leaving safepoint region
[3.376s][info ][safepoint      ] Total time for which application threads were stopped: 0.0020137 seconds, Stopping threads took: 0.0018694 seconds
[3.377s][info ][safepoint      ] Application time: 0.0009984 seconds
[3.379s][info ][safepoint      ] Entering safepoint region: RevokeBias
[3.379s][info ][safepoint      ] Leaving safepoint region
[3.379s][info ][safepoint      ] Total time for which application threads were stopped: 0.0020121 seconds, Stopping threads took: 0.0018742 seconds
[3.382s][info ][safepoint      ] Application time: 0.0029140 seconds
[3.384s][info ][safepoint      ] Entering safepoint region: RevokeBias
[3.384s][info ][safepoint      ] Leaving safepoint region
[3.384s][info ][safepoint      ] Total time for which application threads were stopped: 0.0020134 seconds, Stopping threads took: 0.0018731 seconds
[3.386s][info ][safepoint      ] Application time: 0.0018303 seconds
[3.386s][info ][safepoint      ] Entering safepoint region: RevokeBias
[3.386s][info ][safepoint      ] Leaving safepoint region
[3.386s][info ][safepoint      ] Total time for which application threads were stopped: 0.0008262 seconds, Stopping threads took: 0.0006471 seconds
[3.388s][info ][safepoint      ] Application time: 0.0018925 seconds
[3.388s][info ][safepoint      ] Entering safepoint region: RevokeBias
[3.389s][info ][safepoint      ] Leaving safepoint region
[3.389s][info ][safepoint      ] Total time for which application threads were stopped: 0.0003399 seconds, Stopping threads took: 0.0001963 seconds
[3.389s][info ][safepoint      ] Application time: 0.0001191 seconds
[3.389s][info ][safepoint      ] Entering safepoint region: RevokeBias
[3.389s][info ][safepoint      ] Leaving safepoint region
[3.389s][info ][safepoint      ] Total time for which application threads were stopped: 0.0001771 seconds, Stopping threads took: 0.0000677 seconds
[3.406s][info ][safepoint      ] Application time: 0.0173243 seconds
[3.406s][info ][safepoint      ] Entering safepoint region: RevokeBias
[3.407s][info ][safepoint      ] Leaving safepoint region
[3.407s][info ][safepoint      ] Total time for which application threads were stopped: 0.0003640 seconds, Stopping threads took: 0.0000297 seconds
[3.408s][info ][safepoint      ] Application time: 0.0008295 seconds
[3.410s][info ][safepoint      ] Entering safepoint region: RevokeBias
[3.410s][info ][safepoint      ] Leaving safepoint region
[3.410s][info ][safepoint      ] Total time for which application threads were stopped: 0.0022665 seconds, Stopping threads took: 0.0020256 seconds
[3.411s][info ][safepoint      ] Application time: 0.0011061 seconds
[3.411s][info ][safepoint      ] Entering safepoint region: RevokeBias
[3.411s][info ][safepoint      ] Leaving safepoint region
[3.411s][info ][safepoint      ] Total time for which application threads were stopped: 0.0002125 seconds, Stopping threads took: 0.0000522 seconds
[3.423s][info ][safepoint      ] Application time: 0.0117944 seconds
[3.423s][info ][safepoint      ] Entering safepoint region: RevokeBias
[3.423s][info ][safepoint      ] Leaving safepoint region
[3.423s][info ][safepoint      ] Total time for which application threads were stopped: 0.0002599 seconds, Stopping threads took: 0.0001147 seconds
[3.432s][info ][safepoint      ] Application time: 0.0084722 seconds
[3.432s][info ][safepoint      ] Entering safepoint region: RevokeBias
[3.432s][info ][safepoint      ] Leaving safepoint region
[3.432s][info ][safepoint      ] Total time for which application threads were stopped: 0.0002825 seconds, Stopping threads took: 0.0001245 seconds
[3.448s][info ][safepoint      ] Application time: 0.0157702 seconds
[3.450s][info ][safepoint      ] Entering safepoint region: RevokeBias
[3.450s][info ][safepoint      ] Leaving safepoint region
[3.450s][info ][safepoint      ] Total time for which application threads were stopped: 0.0024355 seconds, Stopping threads took: 0.0021859 seconds
[3.452s][info ][safepoint      ] Application time: 0.0020899 seconds
[3.453s][info ][safepoint      ] Entering safepoint region: RevokeBias
[3.454s][info ][safepoint      ] Leaving safepoint region
[3.454s][info ][safepoint      ] Total time for which application threads were stopped: 0.0012526 seconds, Stopping threads took: 0.0010070 seconds
[3.468s][info ][safepoint      ] Application time: 0.0140997 seconds
[3.470s][info ][safepoint      ] Entering safepoint region: RevokeBias
[3.470s][info ][safepoint      ] Leaving safepoint region
[3.470s][info ][safepoint      ] Total time for which application threads were stopped: 0.0020720 seconds, Stopping threads took: 0.0018850 seconds
[3.475s][info ][safepoint      ] Application time: 0.0054590 seconds
[3.475s][info ][safepoint      ] Entering safepoint region: RevokeBias
[3.476s][info ][safepoint      ] Leaving safepoint region
[3.476s][info ][safepoint      ] Total time for which application threads were stopped: 0.0003731 seconds, Stopping threads took: 0.0001649 seconds
[3.477s][info ][safepoint      ] Application time: 0.0010389 seconds
[3.477s][info ][safepoint      ] Entering safepoint region: RevokeBias
[3.478s][info ][safepoint      ] Leaving safepoint region
[3.478s][info ][safepoint      ] Total time for which application threads were stopped: 0.0007961 seconds, Stopping threads took: 0.0006356 seconds
[3.479s][info ][safepoint      ] Application time: 0.0013312 seconds
[3.479s][info ][safepoint      ] Entering safepoint region: RevokeBias
[3.479s][info ][safepoint      ] Leaving safepoint region
[3.479s][info ][safepoint      ] Total time for which application threads were stopped: 0.0002830 seconds, Stopping threads took: 0.0001313 seconds
[3.480s][info ][safepoint      ] Application time: 0.0003375 seconds
[3.480s][info ][safepoint      ] Entering safepoint region: RevokeBias
[3.480s][info ][safepoint      ] Leaving safepoint region
[3.480s][info ][safepoint      ] Total time for which application threads were stopped: 0.0002111 seconds, Stopping threads took: 0.0000802 seconds
[3.485s][info ][safepoint      ] Application time: 0.0049068 seconds
[3.485s][info ][safepoint      ] Entering safepoint region: BulkRevokeBias
[3.486s][info ][safepoint      ] Leaving safepoint region
[3.486s][info ][safepoint      ] Total time for which application threads were stopped: 0.0013235 seconds, Stopping threads took: 0.0007161 seconds
[3.487s][info ][safepoint      ] Application time: 0.0007113 seconds
[3.489s][info ][safepoint      ] Entering safepoint region: RevokeBias
[3.489s][info ][safepoint      ] Leaving safepoint region
[3.489s][info ][safepoint      ] Total time for which application threads were stopped: 0.0019768 seconds, Stopping threads took: 0.0018277 seconds
[3.490s][info ][safepoint      ] Application time: 0.0011763 seconds
[3.492s][info ][safepoint      ] Entering safepoint region: RevokeBias
[3.492s][info ][safepoint      ] Leaving safepoint region
[3.492s][info ][safepoint      ] Total time for which application threads were stopped: 0.0021181 seconds, Stopping threads took: 0.0018428 seconds
[3.492s][info ][safepoint      ] Application time: 0.0003533 seconds
[3.494s][info ][safepoint      ] Entering safepoint region: RevokeBias
[3.494s][info ][safepoint      ] Leaving safepoint region
[3.494s][info ][safepoint      ] Total time for which application threads were stopped: 0.0020266 seconds, Stopping threads took: 0.0018757 seconds
[3.504s][info ][safepoint      ] Application time: 0.0092779 seconds
[3.504s][info ][safepoint      ] Entering safepoint region: RevokeBias
[3.504s][info ][safepoint      ] Leaving safepoint region
[3.504s][info ][safepoint      ] Total time for which application threads were stopped: 0.0002369 seconds, Stopping threads took: 0.0000770 seconds
[3.522s][info ][safepoint      ] Application time: 0.0182888 seconds
[3.522s][info ][safepoint      ] Entering safepoint region: Deoptimize
[3.523s][info ][safepoint      ] Leaving safepoint region
[3.523s][info ][safepoint      ] Total time for which application threads were stopped: 0.0006386 seconds, Stopping threads took: 0.0000593 seconds
[3.525s][info ][safepoint      ] Application time: 0.0023024 seconds
[3.525s][info ][safepoint      ] Entering safepoint region: RevokeBias
[3.526s][info ][safepoint      ] Leaving safepoint region
[3.526s][info ][safepoint      ] Total time for which application threads were stopped: 0.0002738 seconds, Stopping threads took: 0.0001195 seconds
[3.530s][info ][safepoint      ] Application time: 0.0040064 seconds
[3.531s][info ][safepoint      ] Entering safepoint region: RevokeBias
[3.532s][info ][safepoint      ] Leaving safepoint region
[3.532s][info ][safepoint      ] Total time for which application threads were stopped: 0.0020648 seconds, Stopping threads took: 0.0018864 seconds
[3.533s][info ][safepoint      ] Application time: 0.0010702 seconds
[3.534s][info ][safepoint      ] Entering safepoint region: RevokeBias
[3.534s][info ][safepoint      ] Leaving safepoint region
[3.534s][info ][safepoint      ] Total time for which application threads were stopped: 0.0009284 seconds, Stopping threads took: 0.0008016 seconds
[3.535s][info ][safepoint      ] Application time: 0.0012704 seconds
[3.535s][info ][safepoint      ] Entering safepoint region: RevokeBias
[3.535s][info ][safepoint      ] Leaving safepoint region
[3.535s][info ][safepoint      ] Total time for which application threads were stopped: 0.0003301 seconds, Stopping threads took: 0.0000613 seconds
[3.537s][info ][safepoint      ] Application time: 0.0012580 seconds
[3.538s][info ][safepoint      ] Entering safepoint region: RevokeBias
[3.539s][info ][safepoint      ] Leaving safepoint region
[3.539s][info ][safepoint      ] Total time for which application threads were stopped: 0.0019623 seconds, Stopping threads took: 0.0018160 seconds
[3.539s][info ][safepoint      ] Application time: 0.0003632 seconds
[3.541s][info ][safepoint      ] Entering safepoint region: RevokeBias
[3.541s][info ][safepoint      ] Leaving safepoint region
[3.541s][info ][safepoint      ] Total time for which application threads were stopped: 0.0020082 seconds, Stopping threads took: 0.0018662 seconds
[3.542s][info ][safepoint      ] Application time: 0.0013112 seconds
[3.542s][info ][safepoint      ] Entering safepoint region: RevokeBias
[3.542s][info ][safepoint      ] Leaving safepoint region
[3.542s][info ][safepoint      ] Total time for which application threads were stopped: 0.0002408 seconds, Stopping threads took: 0.0000883 seconds
[3.547s][info ][safepoint      ] Application time: 0.0042009 seconds
[3.549s][info ][safepoint      ] Entering safepoint region: RevokeBias
[3.549s][info ][safepoint      ] Leaving safepoint region
[3.549s][info ][safepoint      ] Total time for which application threads were stopped: 0.0020784 seconds, Stopping threads took: 0.0018724 seconds
[3.549s][info ][safepoint      ] Application time: 0.0001942 seconds
[3.549s][info ][safepoint      ] Entering safepoint region: RevokeBias
[3.549s][info ][safepoint      ] Leaving safepoint region
[3.549s][info ][safepoint      ] Total time for which application threads were stopped: 0.0001930 seconds, Stopping threads took: 0.0000541 seconds
[3.551s][info ][safepoint      ] Application time: 0.0021672 seconds
[3.553s][info ][safepoint      ] Entering safepoint region: RevokeBias
[3.553s][info ][safepoint      ] Leaving safepoint region
[3.554s][info ][safepoint      ] Total time for which application threads were stopped: 0.0020996 seconds, Stopping threads took: 0.0018670 seconds
[3.554s][info ][safepoint      ] Application time: 0.0003750 seconds
[3.556s][info ][safepoint      ] Entering safepoint region: RevokeBias
[3.556s][info ][safepoint      ] Leaving safepoint region
[3.556s][info ][safepoint      ] Total time for which application threads were stopped: 0.0020095 seconds, Stopping threads took: 0.0018482 seconds
[3.558s][info ][safepoint      ] Application time: 0.0016859 seconds
[3.558s][info ][safepoint      ] Entering safepoint region: RevokeBias
[3.558s][info ][safepoint      ] Leaving safepoint region
[3.558s][info ][safepoint      ] Total time for which application threads were stopped: 0.0006862 seconds, Stopping threads took: 0.0000572 seconds
[3.593s][info ][safepoint      ] Application time: 0.0345397 seconds
[3.593s][info ][safepoint      ] Entering safepoint region: RevokeBias
[3.593s][info ][safepoint      ] Leaving safepoint region
[3.593s][info ][safepoint      ] Total time for which application threads were stopped: 0.0002860 seconds, Stopping threads took: 0.0001123 seconds
[3.595s][info ][safepoint      ] Application time: 0.0015432 seconds
[3.597s][info ][safepoint      ] Entering safepoint region: RevokeBias
[3.597s][info ][safepoint      ] Leaving safepoint region
[3.597s][info ][safepoint      ] Total time for which application threads were stopped: 0.0019839 seconds, Stopping threads took: 0.0018242 seconds
[3.614s][info ][safepoint      ] Application time: 0.0173387 seconds
[3.614s][info ][safepoint      ] Entering safepoint region: RevokeBias
[3.614s][info ][safepoint      ] Leaving safepoint region
[3.614s][info ][safepoint      ] Total time for which application threads were stopped: 0.0002780 seconds, Stopping threads took: 0.0001337 seconds
[3.614s][info ][safepoint      ] Application time: 0.0000389 seconds
[3.614s][info ][safepoint      ] Entering safepoint region: Deoptimize
[3.615s][info ][safepoint      ] Leaving safepoint region
[3.615s][info ][safepoint      ] Total time for which application threads were stopped: 0.0005658 seconds, Stopping threads took: 0.0000280 seconds
[3.617s][info ][safepoint      ] Application time: 0.0021981 seconds
[3.617s][info ][safepoint      ] Entering safepoint region: Deoptimize
[3.618s][info ][safepoint      ] Leaving safepoint region
[3.618s][info ][safepoint      ] Total time for which application threads were stopped: 0.0004883 seconds, Stopping threads took: 0.0000236 seconds
[3.629s][info ][safepoint      ] Application time: 0.0115024 seconds
[3.629s][info ][safepoint      ] Entering safepoint region: RevokeBias
[3.630s][info ][safepoint      ] Leaving safepoint region
[3.630s][info ][safepoint      ] Total time for which application threads were stopped: 0.0003634 seconds, Stopping threads took: 0.0001692 seconds
[3.637s][info ][safepoint      ] Application time: 0.0075651 seconds
[3.637s][info ][safepoint      ] Entering safepoint region: RevokeBias
[3.638s][info ][safepoint      ] Leaving safepoint region
[3.638s][info ][safepoint      ] Total time for which application threads were stopped: 0.0003387 seconds, Stopping threads took: 0.0001897 seconds
[3.640s][info ][safepoint      ] Application time: 0.0019984 seconds
[3.641s][info ][safepoint      ] Entering safepoint region: RevokeBias
[3.641s][info ][safepoint      ] Leaving safepoint region
[3.642s][info ][safepoint      ] Total time for which application threads were stopped: 0.0019470 seconds, Stopping threads took: 0.0017989 seconds
[3.643s][info ][safepoint      ] Application time: 0.0016614 seconds
[3.645s][info ][safepoint      ] Entering safepoint region: RevokeBias
[3.645s][info ][safepoint      ] Leaving safepoint region
[3.645s][info ][safepoint      ] Total time for which application threads were stopped: 0.0019490 seconds, Stopping threads took: 0.0018456 seconds
[3.656s][info ][safepoint      ] Application time: 0.0106918 seconds
[3.656s][info ][safepoint      ] Entering safepoint region: RevokeBias
[3.656s][info ][safepoint      ] Leaving safepoint region
[3.656s][info ][safepoint      ] Total time for which application threads were stopped: 0.0002901 seconds, Stopping threads took: 0.0001618 seconds
[3.656s][info ][safepoint      ] Application time: 0.0002685 seconds
[3.658s][info ][safepoint      ] Entering safepoint region: RevokeBias
[3.658s][info ][safepoint      ] Leaving safepoint region
[3.658s][info ][safepoint      ] Total time for which application threads were stopped: 0.0019679 seconds, Stopping threads took: 0.0018351 seconds
[3.659s][info ][safepoint      ] Application time: 0.0004917 seconds
[3.661s][info ][safepoint      ] Entering safepoint region: RevokeBias
[3.661s][info ][safepoint      ] Leaving safepoint region
[3.661s][info ][safepoint      ] Total time for which application threads were stopped: 0.0023288 seconds, Stopping threads took: 0.0022221 seconds
[3.667s][info ][safepoint      ] Application time: 0.0056675 seconds
[3.667s][info ][safepoint      ] Entering safepoint region: RevokeBias
[3.668s][info ][safepoint      ] Leaving safepoint region
[3.668s][info ][safepoint      ] Total time for which application threads were stopped: 0.0006432 seconds, Stopping threads took: 0.0002770 seconds
[3.669s][info ][safepoint      ] Application time: 0.0016213 seconds
[3.669s][info ][safepoint      ] Entering safepoint region: RevokeBias
[3.669s][info ][safepoint      ] Leaving safepoint region
[3.669s][info ][safepoint      ] Total time for which application threads were stopped: 0.0002079 seconds, Stopping threads took: 0.0000661 seconds
[3.674s][info ][safepoint      ] Application time: 0.0047793 seconds
[3.678s][info ][safepoint      ] Entering safepoint region: RevokeBias
[3.678s][info ][safepoint      ] Leaving safepoint region
[3.678s][info ][safepoint      ] Total time for which application threads were stopped: 0.0042221 seconds, Stopping threads took: 0.0040307 seconds
[3.680s][info ][safepoint      ] Application time: 0.0014805 seconds
[3.680s][info ][safepoint      ] Entering safepoint region: RevokeBias
[3.680s][info ][safepoint      ] Leaving safepoint region
[3.680s][info ][safepoint      ] Total time for which application threads were stopped: 0.0002904 seconds, Stopping threads took: 0.0000948 seconds
[3.685s][info ][safepoint      ] Application time: 0.0046981 seconds
[3.685s][info ][safepoint      ] Entering safepoint region: RevokeBias
[3.685s][info ][safepoint      ] Leaving safepoint region
[3.685s][info ][safepoint      ] Total time for which application threads were stopped: 0.0001807 seconds, Stopping threads took: 0.0000496 seconds
[3.698s][info ][safepoint      ] Application time: 0.0126786 seconds
[3.698s][info ][safepoint      ] Entering safepoint region: RevokeBias
[3.698s][info ][safepoint      ] Leaving safepoint region
[3.698s][info ][safepoint      ] Total time for which application threads were stopped: 0.0002793 seconds, Stopping threads took: 0.0001239 seconds
[3.712s][info ][safepoint      ] Application time: 0.0136341 seconds
[3.712s][info ][safepoint      ] Entering safepoint region: RevokeBias
[3.712s][info ][safepoint      ] Leaving safepoint region
[3.712s][info ][safepoint      ] Total time for which application threads were stopped: 0.0002768 seconds, Stopping threads took: 0.0000726 seconds
[3.715s][info ][safepoint      ] Application time: 0.0033454 seconds
[3.718s][info ][safepoint      ] Entering safepoint region: RevokeBias
[3.718s][info ][safepoint      ] Leaving safepoint region
[3.718s][info ][safepoint      ] Total time for which application threads were stopped: 0.0024062 seconds, Stopping threads took: 0.0021675 seconds
[3.725s][info ][safepoint      ] Application time: 0.0074269 seconds
[3.727s][info ][safepoint      ] Entering safepoint region: RevokeBias
[3.728s][info ][safepoint      ] Leaving safepoint region
[3.728s][info ][safepoint      ] Total time for which application threads were stopped: 0.0023184 seconds, Stopping threads took: 0.0021310 seconds
[3.734s][info ][safepoint      ] Application time: 0.0065024 seconds
[3.736s][info ][safepoint      ] Entering safepoint region: BulkRevokeBias
[3.737s][info ][safepoint      ] Leaving safepoint region
[3.737s][info ][safepoint      ] Total time for which application threads were stopped: 0.0025139 seconds, Stopping threads took: 0.0019131 seconds
[3.790s][info ][safepoint      ] Application time: 0.0537753 seconds
[3.791s][info ][safepoint      ] Entering safepoint region: ICBufferFull
[3.791s][info ][safepoint      ] Leaving safepoint region
[3.791s][info ][safepoint      ] Total time for which application threads were stopped: 0.0002064 seconds, Stopping threads took: 0.0000511 seconds
[3.939s][info ][safepoint      ] Application time: 0.1479996 seconds
[3.939s][info ][safepoint      ] Entering safepoint region: Deoptimize
[3.939s][info ][safepoint      ] Leaving safepoint region
[3.939s][info ][safepoint      ] Total time for which application threads were stopped: 0.0007276 seconds, Stopping threads took: 0.0000659 seconds
[4.054s][info ][safepoint      ] Application time: 0.1141770 seconds
[4.054s][info ][safepoint      ] Entering safepoint region: Deoptimize
[4.055s][info ][safepoint      ] Leaving safepoint region
[4.055s][info ][safepoint      ] Total time for which application threads were stopped: 0.0009705 seconds, Stopping threads took: 0.0001054 seconds
[4.141s][info ][safepoint      ] Application time: 0.0865243 seconds
[4.141s][info ][safepoint      ] Entering safepoint region: Deoptimize
[4.142s][info ][safepoint      ] Leaving safepoint region
[4.142s][info ][safepoint      ] Total time for which application threads were stopped: 0.0010242 seconds, Stopping threads took: 0.0001376 seconds
[4.227s][info ][safepoint      ] Application time: 0.0844969 seconds
[4.227s][info ][safepoint      ] Entering safepoint region: ICBufferFull
[4.227s][info ][safepoint      ] Leaving safepoint region
[4.227s][info ][safepoint      ] Total time for which application threads were stopped: 0.0003598 seconds, Stopping threads took: 0.0001428 seconds
[4.472s][info ][safepoint      ] Application time: 0.2449078 seconds
[4.473s][info ][safepoint      ] Entering safepoint region: Deoptimize
[4.473s][info ][safepoint      ] Leaving safepoint region
[4.473s][info ][safepoint      ] Total time for which application threads were stopped: 0.0013147 seconds, Stopping threads took: 0.0004151 seconds
[4.596s][info ][safepoint      ] Application time: 0.1229718 seconds
[4.597s][info ][safepoint      ] Entering safepoint region: ParallelGCFailedAllocation
[4.598s][debug][gc,phases      ] GC(4) Pre Compact 0.019ms
[4.598s][info ][gc,start       ] GC(4) Pause Full (Ergonomics)
[4.598s][info ][gc,phases,start] GC(4) Marking Phase
[4.722s][debug][gc,phases      ] GC(4) Par Mark 123.714ms
[4.722s][debug][gc,ref         ] GC(4) Skipped phase1 of Reference Processing due to unavailable references
[4.722s][debug][gc,ref         ] GC(4) Skipped phase3 of Reference Processing due to unavailable references
[4.722s][debug][gc,phases      ] GC(4) Reference Processing 0.617ms
[4.722s][debug][gc,phases      ] GC(4) Weak Processing 0.089ms
[4.724s][debug][gc,phases      ] GC(4) ClassLoaderData 1.046ms
[4.724s][debug][gc,phases      ] GC(4) Dictionary 0.015ms
[4.724s][debug][gc,phases      ] GC(4) ProtectionDomainCacheTable 0.002ms
[4.724s][debug][gc,phases      ] GC(4) ResolvedMethodTable 0.078ms
[4.734s][debug][gc,phases      ] GC(4) Class Unloading 11.187ms
[4.734s][debug][gc,phases      ] GC(4) Scrub String Table 0.413ms
[4.740s][debug][gc,phases      ] GC(4) Scrub Symbol Table 5.555ms
[4.740s][info ][gc,phases      ] GC(4) Marking Phase 142.103ms
[4.740s][info ][gc,phases,start] GC(4) Summary Phase
[4.740s][info ][gc,phases      ] GC(4) Summary Phase 0.033ms
[4.740s][info ][gc,phases,start] GC(4) Adjust Roots
[4.757s][info ][gc,phases      ] GC(4) Adjust Roots 16.721ms
[4.757s][info ][gc,phases,start] GC(4) Compaction Phase
[5.016s][info ][gc,phases      ] GC(4) Compaction Phase 259.327ms
[5.016s][info ][gc,phases,start] GC(4) Post Compact
[5.020s][info ][gc,phases      ] GC(4) Post Compact 4.117ms
[5.020s][info ][gc,heap        ] GC(4) PSYoungGen: 1094890K->121335K(1572864K)
[5.020s][info ][gc,heap        ] GC(4) ParOldGen: 6139K->6120K(18944K)
[5.020s][info ][gc,metaspace   ] GC(4) Metaspace: 45858K->45814K(1091584K)
[5.020s][info ][gc             ] GC(4) Pause Full (Ergonomics) 1075M->124M(1554M) 422.568ms
[5.020s][info ][gc,cpu         ] GC(4) User=1.39s Sys=0.01s Real=0.42s
[5.020s][info ][safepoint      ] Leaving safepoint region
[5.020s][info ][safepoint      ] Total time for which application threads were stopped: 0.4238318 seconds, Stopping threads took: 0.0009981 seconds
[5.038s][info ][safepoint      ] Application time: 0.0176955 seconds
[5.038s][info ][safepoint      ] Entering safepoint region: RevokeBias
[5.039s][info ][safepoint      ] Leaving safepoint region
[5.039s][info ][safepoint      ] Total time for which application threads were stopped: 0.0005324 seconds, Stopping threads took: 0.0003441 seconds
[5.039s][info ][safepoint      ] Application time: 0.0000373 seconds
[5.039s][info ][safepoint      ] Entering safepoint region: RevokeBias
[5.039s][info ][safepoint      ] Leaving safepoint region
[5.039s][info ][safepoint      ] Total time for which application threads were stopped: 0.0001391 seconds, Stopping threads took: 0.0000242 seconds
[5.103s][info ][safepoint      ] Application time: 0.0645978 seconds
[5.106s][info ][safepoint      ] Entering safepoint region: Deoptimize
[5.107s][info ][safepoint      ] Leaving safepoint region
[5.107s][info ][safepoint      ] Total time for which application threads were stopped: 0.0031718 seconds, Stopping threads took: 0.0022628 seconds
[5.345s][info ][safepoint      ] Application time: 0.2383075 seconds
[5.345s][info ][safepoint      ] Entering safepoint region: ParallelGCFailedAllocation
[5.346s][info ][gc,start       ] GC(5) Pause Young (Allocation Failure)
[5.448s][debug][gc,phases      ] GC(5) Scavenge 101.962ms
[5.448s][debug][gc,ref         ] GC(5) Skipped phase1 of Reference Processing due to unavailable references
[5.448s][debug][gc,ref         ] GC(5) Skipped phase3 of Reference Processing due to unavailable references
[5.448s][debug][gc,phases      ] GC(5) Reference Processing 0.231ms
[5.448s][debug][gc,phases      ] GC(5) Weak Processing 0.292ms
[5.449s][debug][gc,phases      ] GC(5) Scrub String Table 1.147ms
[5.449s][debug][gc,age         ] GC(5) Desired survivor size 536870912 bytes, new threshold 7 (max threshold 15)
[5.449s][info ][gc,heap        ] GC(5) PSYoungGen: 1048576K->129867K(1572864K)
[5.449s][info ][gc,heap        ] GC(5) ParOldGen: 6120K->6128K(18944K)
[5.449s][info ][gc,metaspace   ] GC(5) Metaspace: 47028K->47028K(1091584K)
[5.449s][info ][gc             ] GC(5) Pause Young (Allocation Failure) 1029M->132M(1554M) 103.771ms
[5.449s][info ][gc,cpu         ] GC(5) User=0.40s Sys=0.03s Real=0.11s
[5.449s][info ][safepoint      ] Leaving safepoint region
[5.449s][info ][safepoint      ] Total time for which application threads were stopped: 0.1046285 seconds, Stopping threads took: 0.0006021 seconds
[5.696s][info ][safepoint      ] Application time: 0.2465510 seconds
[5.698s][info ][safepoint      ] Entering safepoint region: Deoptimize
[5.699s][info ][safepoint      ] Leaving safepoint region
[5.699s][info ][safepoint      ] Total time for which application threads were stopped: 0.0027864 seconds, Stopping threads took: 0.0019419 seconds
[5.766s][info ][safepoint      ] Application time: 0.0672492 seconds
[5.770s][info ][safepoint      ] Entering safepoint region: RevokeBias
[5.770s][info ][safepoint      ] Leaving safepoint region
[5.770s][info ][safepoint      ] Total time for which application threads were stopped: 0.0042352 seconds, Stopping threads took: 0.0041186 seconds
[5.771s][info ][safepoint      ] Application time: 0.0003984 seconds
[5.771s][info ][safepoint      ] Entering safepoint region: RevokeBias
[5.771s][info ][safepoint      ] Leaving safepoint region
[5.771s][info ][safepoint      ] Total time for which application threads were stopped: 0.0001279 seconds, Stopping threads took: 0.0000570 seconds
[5.782s][info ][safepoint      ] Application time: 0.0107327 seconds
[5.782s][info ][safepoint      ] Entering safepoint region: RevokeBias
[5.782s][info ][safepoint      ] Leaving safepoint region
[5.782s][info ][safepoint      ] Total time for which application threads were stopped: 0.0002741 seconds, Stopping threads took: 0.0001418 seconds
[5.782s][info ][safepoint      ] Application time: 0.0000474 seconds
[5.782s][info ][safepoint      ] Entering safepoint region: RevokeBias
[5.782s][info ][safepoint      ] Leaving safepoint region
[5.782s][info ][safepoint      ] Total time for which application threads were stopped: 0.0001098 seconds, Stopping threads took: 0.0000554 seconds
[5.788s][info ][safepoint      ] Application time: 0.0058325 seconds
[5.788s][info ][safepoint      ] Entering safepoint region: RevokeBias
[5.788s][info ][safepoint      ] Leaving safepoint region
[5.788s][info ][safepoint      ] Total time for which application threads were stopped: 0.0002284 seconds, Stopping threads took: 0.0001185 seconds
[5.788s][info ][safepoint      ] Application time: 0.0000756 seconds
[5.788s][info ][safepoint      ] Entering safepoint region: RevokeBias
[5.788s][info ][safepoint      ] Leaving safepoint region
[5.788s][info ][safepoint      ] Total time for which application threads were stopped: 0.0001601 seconds, Stopping threads took: 0.0000723 seconds
[5.790s][info ][safepoint      ] Application time: 0.0014675 seconds
[5.790s][info ][safepoint      ] Entering safepoint region: RevokeBias
[5.790s][info ][safepoint      ] Leaving safepoint region
[5.790s][info ][safepoint      ] Total time for which application threads were stopped: 0.0001629 seconds, Stopping threads took: 0.0000915 seconds
[5.820s][info ][safepoint      ] Application time: 0.0295022 seconds
[5.820s][info ][safepoint      ] Entering safepoint region: RevokeBias
[5.820s][info ][safepoint      ] Leaving safepoint region
[5.820s][info ][safepoint      ] Total time for which application threads were stopped: 0.0003158 seconds, Stopping threads took: 0.0001665 seconds
[5.820s][info ][safepoint      ] Application time: 0.0001411 seconds
[5.820s][info ][safepoint      ] Entering safepoint region: RevokeBias
[5.820s][info ][safepoint      ] Leaving safepoint region
[5.820s][info ][safepoint      ] Total time for which application threads were stopped: 0.0001919 seconds, Stopping threads took: 0.0000586 seconds
[5.821s][info ][safepoint      ] Application time: 0.0005154 seconds
[5.821s][info ][safepoint      ] Entering safepoint region: RevokeBias
[5.821s][info ][safepoint      ] Leaving safepoint region
[5.821s][info ][safepoint      ] Total time for which application threads were stopped: 0.0002091 seconds, Stopping threads took: 0.0000949 seconds
[5.840s][info ][safepoint      ] Application time: 0.0191053 seconds
[5.840s][info ][safepoint      ] Entering safepoint region: RevokeBias
[5.841s][info ][safepoint      ] Leaving safepoint region
[5.841s][info ][safepoint      ] Total time for which application threads were stopped: 0.0003530 seconds, Stopping threads took: 0.0002410 seconds
[5.882s][info ][safepoint      ] Application time: 0.0415650 seconds
[5.884s][info ][safepoint      ] Entering safepoint region: RevokeBias
[5.884s][info ][safepoint      ] Leaving safepoint region
[5.884s][info ][safepoint      ] Total time for which application threads were stopped: 0.0021852 seconds, Stopping threads took: 0.0020344 seconds
[5.893s][info ][safepoint      ] Application time: 0.0090980 seconds
[5.894s][info ][safepoint      ] Entering safepoint region: ParallelGCFailedAllocation
[5.894s][info ][gc,start       ] GC(6) Pause Young (Allocation Failure)
[5.976s][debug][gc,phases      ] GC(6) Scavenge 82.073ms
[5.976s][debug][gc,ref         ] GC(6) Skipped phase1 of Reference Processing due to unavailable references
[5.976s][debug][gc,ref         ] GC(6) Skipped phase3 of Reference Processing due to unavailable references
[5.976s][debug][gc,phases      ] GC(6) Reference Processing 0.290ms
[5.977s][debug][gc,phases      ] GC(6) Weak Processing 0.328ms
[5.978s][debug][gc,phases      ] GC(6) Scrub String Table 1.154ms
[5.978s][debug][gc,age         ] GC(6) Desired survivor size 536870912 bytes, new threshold 7 (max threshold 15)
[5.978s][info ][gc,heap        ] GC(6) PSYoungGen: 1178443K->133723K(1572864K)
[5.978s][info ][gc,heap        ] GC(6) ParOldGen: 6128K->6136K(18944K)
[5.978s][info ][gc,metaspace   ] GC(6) Metaspace: 49288K->49288K(1093632K)
[5.978s][info ][gc             ] GC(6) Pause Young (Allocation Failure) 1156M->136M(1554M) 83.993ms
[5.978s][info ][gc,cpu         ] GC(6) User=0.25s Sys=0.07s Real=0.09s
[5.978s][info ][safepoint      ] Leaving safepoint region
[5.978s][info ][safepoint      ] Total time for which application threads were stopped: 0.0844198 seconds, Stopping threads took: 0.0002104 seconds
[6.064s][info ][safepoint      ] Application time: 0.0864194 seconds
[6.065s][info ][safepoint      ] Entering safepoint region: RevokeBias
[6.065s][info ][safepoint      ] Leaving safepoint region
[6.065s][info ][safepoint      ] Total time for which application threads were stopped: 0.0003705 seconds, Stopping threads took: 0.0002272 seconds
[6.078s][info ][safepoint      ] Application time: 0.0130470 seconds
[6.078s][info ][safepoint      ] Entering safepoint region: RevokeBias
[6.078s][info ][safepoint      ] Leaving safepoint region
[6.078s][info ][safepoint      ] Total time for which application threads were stopped: 0.0002860 seconds, Stopping threads took: 0.0001583 seconds
[6.369s][info ][safepoint      ] Application time: 0.2909306 seconds
[6.369s][info ][safepoint      ] Entering safepoint region: ParallelGCFailedAllocation
[6.369s][info ][gc,start       ] GC(7) Pause Young (Allocation Failure)
[6.438s][debug][gc,phases      ] GC(7) Scavenge 68.181ms
[6.438s][debug][gc,ref         ] GC(7) Skipped phase1 of Reference Processing due to unavailable references
[6.438s][debug][gc,ref         ] GC(7) Skipped phase3 of Reference Processing due to unavailable references
[6.438s][debug][gc,phases      ] GC(7) Reference Processing 0.298ms
[6.438s][debug][gc,phases      ] GC(7) Weak Processing 0.312ms
[6.439s][debug][gc,phases      ] GC(7) Scrub String Table 1.190ms
[6.439s][debug][gc,age         ] GC(7) Desired survivor size 209715200 bytes, new threshold 8 (max threshold 15)
[6.439s][info ][gc,heap        ] GC(7) PSYoungGen: 1182299K->137453K(1892352K)
[6.439s][info ][gc,heap        ] GC(7) ParOldGen: 6136K->6144K(18944K)
[6.439s][info ][gc,metaspace   ] GC(7) Metaspace: 49684K->49684K(1093632K)
[6.440s][info ][gc             ] GC(7) Pause Young (Allocation Failure) 1160M->140M(1866M) 70.134ms
[6.440s][info ][gc,cpu         ] GC(7) User=0.28s Sys=0.00s Real=0.07s
[6.440s][info ][safepoint      ] Leaving safepoint region
[6.440s][info ][safepoint      ] Total time for which application threads were stopped: 0.0705037 seconds, Stopping threads took: 0.0001421 seconds
[6.843s][info ][safepoint      ] Application time: 0.4037157 seconds
[6.844s][info ][safepoint      ] Entering safepoint region: ParallelGCFailedAllocation
[6.844s][info ][gc,start       ] GC(8) Pause Young (Allocation Failure)
[6.929s][debug][gc,phases      ] GC(8) Scavenge 85.734ms
[6.929s][debug][gc,ref         ] GC(8) Skipped phase1 of Reference Processing due to unavailable references
[6.930s][debug][gc,ref         ] GC(8) Skipped phase3 of Reference Processing due to unavailable references
[6.930s][debug][gc,phases      ] GC(8) Reference Processing 0.235ms
[6.930s][debug][gc,phases      ] GC(8) Weak Processing 0.295ms
[6.931s][debug][gc,phases      ] GC(8) Scrub String Table 1.030ms
[6.931s][debug][gc,age         ] GC(8) Desired survivor size 220200960 bytes, new threshold 9 (max threshold 15)
[6.931s][info ][gc,heap        ] GC(8) PSYoungGen: 1505517K->141006K(1572864K)
[6.931s][info ][gc,heap        ] GC(8) ParOldGen: 6144K->6152K(18944K)
[6.931s][info ][gc,metaspace   ] GC(8) Metaspace: 49696K->49696K(1093632K)
[6.931s][info ][gc             ] GC(8) Pause Young (Allocation Failure) 1476M->143M(1554M) 87.432ms
[6.931s][info ][gc,cpu         ] GC(8) User=0.22s Sys=0.12s Real=0.09s
[6.931s][info ][safepoint      ] Leaving safepoint region
[6.931s][info ][safepoint      ] Total time for which application threads were stopped: 0.0878191 seconds, Stopping threads took: 0.0001871 seconds
[7.185s][info ][safepoint      ] Application time: 0.2542654 seconds
[7.190s][info ][safepoint      ] Entering safepoint region: RevokeBias
[7.190s][info ][safepoint      ] Leaving safepoint region
[7.190s][info ][safepoint      ] Total time for which application threads were stopped: 0.0047451 seconds, Stopping threads took: 0.0044848 seconds
[7.190s][info ][safepoint      ] Application time: 0.0001012 seconds
[7.191s][info ][safepoint      ] Entering safepoint region: RevokeBias
[7.191s][info ][safepoint      ] Leaving safepoint region
[7.191s][info ][safepoint      ] Total time for which application threads were stopped: 0.0007881 seconds, Stopping threads took: 0.0006833 seconds
[7.211s][info ][safepoint      ] Application time: 0.0201443 seconds
[7.211s][info ][safepoint      ] Entering safepoint region: RevokeBias
[7.212s][info ][safepoint      ] Leaving safepoint region
[7.212s][info ][safepoint      ] Total time for which application threads were stopped: 0.0003110 seconds, Stopping threads took: 0.0001634 seconds
[7.220s][info ][safepoint      ] Application time: 0.0082165 seconds
[7.220s][info ][safepoint      ] Entering safepoint region: RevokeBias
[7.220s][info ][safepoint      ] Leaving safepoint region
[7.220s][info ][safepoint      ] Total time for which application threads were stopped: 0.0002204 seconds, Stopping threads took: 0.0001005 seconds
[7.239s][info ][safepoint      ] Application time: 0.0193601 seconds
[7.242s][info ][safepoint      ] Entering safepoint region: RevokeBias
[7.242s][info ][safepoint      ] Leaving safepoint region
[7.242s][info ][safepoint      ] Total time for which application threads were stopped: 0.0024481 seconds, Stopping threads took: 0.0023056 seconds
[7.258s][info ][safepoint      ] Application time: 0.0159120 seconds
[7.260s][info ][safepoint      ] Entering safepoint region: RevokeBias
[7.260s][info ][safepoint      ] Leaving safepoint region
[7.260s][info ][safepoint      ] Total time for which application threads were stopped: 0.0024626 seconds, Stopping threads took: 0.0022962 seconds
[7.274s][info ][safepoint      ] Application time: 0.0132586 seconds
[7.274s][info ][safepoint      ] Entering safepoint region: RevokeBias
[7.274s][info ][safepoint      ] Leaving safepoint region
[7.274s][info ][safepoint      ] Total time for which application threads were stopped: 0.0002528 seconds, Stopping threads took: 0.0001472 seconds
[7.290s][info ][safepoint      ] Application time: 0.0158389 seconds
[7.290s][info ][safepoint      ] Entering safepoint region: RevokeBias
[7.290s][info ][safepoint      ] Leaving safepoint region
[7.290s][info ][safepoint      ] Total time for which application threads were stopped: 0.0002784 seconds, Stopping threads took: 0.0001590 seconds
[7.385s][info ][safepoint      ] Application time: 0.0945392 seconds
[7.385s][info ][safepoint      ] Entering safepoint region: ParallelGCFailedAllocation
[7.385s][info ][gc,start       ] GC(9) Pause Young (Allocation Failure)
[7.472s][debug][gc,phases      ] GC(9) Scavenge 86.020ms
[7.472s][debug][gc,ref         ] GC(9) Skipped phase1 of Reference Processing due to unavailable references
[7.472s][debug][gc,ref         ] GC(9) Skipped phase3 of Reference Processing due to unavailable references
[7.472s][debug][gc,phases      ] GC(9) Reference Processing 0.293ms
[7.472s][debug][gc,phases      ] GC(9) Weak Processing 0.405ms
[7.474s][debug][gc,phases      ] GC(9) Scrub String Table 1.224ms
[7.474s][debug][gc,age         ] GC(9) Desired survivor size 227016704 bytes, new threshold 10 (max threshold 15)
[7.474s][info ][gc,heap        ] GC(9) PSYoungGen: 1509070K->144541K(1868800K)
[7.474s][info ][gc,heap        ] GC(9) ParOldGen: 6152K->6160K(18944K)
[7.474s][info ][gc,metaspace   ] GC(9) Metaspace: 50592K->50592K(1095680K)
[7.474s][info ][gc             ] GC(9) Pause Young (Allocation Failure) 1479M->147M(1843M) 88.077ms
[7.474s][info ][gc,cpu         ] GC(9) User=0.31s Sys=0.03s Real=0.09s
[7.474s][info ][safepoint      ] Leaving safepoint region
[7.474s][info ][safepoint      ] Total time for which application threads were stopped: 0.0889880 seconds, Stopping threads took: 0.0007025 seconds
[7.487s][info ][safepoint      ] Application time: 0.0131624 seconds
[7.489s][info ][safepoint      ] Entering safepoint region: RevokeBias
[7.489s][info ][safepoint      ] Leaving safepoint region
[7.489s][info ][safepoint      ] Total time for which application threads were stopped: 0.0021067 seconds, Stopping threads took: 0.0019916 seconds
[7.902s][info ][safepoint      ] Application time: 0.4126427 seconds
[7.905s][info ][safepoint      ] Entering safepoint region: Deoptimize
[7.906s][info ][safepoint      ] Leaving safepoint region
[7.906s][info ][safepoint      ] Total time for which application threads were stopped: 0.0042341 seconds, Stopping threads took: 0.0030817 seconds
[8.078s][info ][safepoint      ] Application time: 0.1718094 seconds
[8.078s][info ][safepoint      ] Entering safepoint region: ParallelGCFailedAllocation
[8.078s][info ][gc,start       ] GC(10) Pause Young (Allocation Failure)
[8.176s][debug][gc,phases      ] GC(10) Scavenge 97.847ms
[8.176s][debug][gc,ref         ] GC(10) Skipped phase1 of Reference Processing due to unavailable references
[8.177s][debug][gc,ref         ] GC(10) Skipped phase3 of Reference Processing due to unavailable references
[8.177s][debug][gc,phases      ] GC(10) Reference Processing 0.525ms
[8.177s][debug][gc,phases      ] GC(10) Weak Processing 0.545ms
[8.179s][debug][gc,phases      ] GC(10) Scrub String Table 1.717ms
[8.179s][debug][gc,age         ] GC(10) Desired survivor size 227540992 bytes, new threshold 11 (max threshold 15)
[8.179s][info ][gc,heap        ] GC(10) PSYoungGen: 1798301K->138546K(1792512K)
[8.179s][info ][gc,heap        ] GC(10) ParOldGen: 6160K->6168K(18944K)
[8.179s][info ][gc,metaspace   ] GC(10) Metaspace: 51644K->51644K(1095680K)
[8.179s][info ][gc             ] GC(10) Pause Young (Allocation Failure) 1762M->141M(1769M) 100.789ms
[8.179s][info ][gc,cpu         ] GC(10) User=0.32s Sys=0.05s Real=0.10s
[8.179s][info ][safepoint      ] Leaving safepoint region
[8.179s][info ][safepoint      ] Total time for which application threads were stopped: 0.1015969 seconds, Stopping threads took: 0.0005124 seconds
[8.757s][info ][safepoint      ] Application time: 0.5776590 seconds
[8.759s][info ][safepoint      ] Entering safepoint region: ParallelGCFailedAllocation
[8.760s][info ][gc,start       ] GC(11) Pause Young (Allocation Failure)
[8.847s][debug][gc,phases      ] GC(11) Scavenge 87.046ms
[8.847s][debug][gc,ref         ] GC(11) Skipped phase1 of Reference Processing due to unavailable references
[8.847s][debug][gc,ref         ] GC(11) Skipped phase3 of Reference Processing due to unavailable references
[8.847s][debug][gc,phases      ] GC(11) Reference Processing 0.300ms
[8.848s][debug][gc,phases      ] GC(11) Weak Processing 0.479ms
[8.849s][debug][gc,phases      ] GC(11) Scrub String Table 1.190ms
[8.849s][debug][gc,age         ] GC(11) Desired survivor size 227540992 bytes, new threshold 12 (max threshold 15)
[8.849s][info ][gc,heap        ] GC(11) PSYoungGen: 1792306K->140083K(1874944K)
[8.849s][info ][gc,heap        ] GC(11) ParOldGen: 6168K->6176K(18944K)
[8.849s][info ][gc,metaspace   ] GC(11) Metaspace: 51871K->51871K(1095680K)
[8.849s][info ][gc             ] GC(11) Pause Young (Allocation Failure) 1756M->142M(1849M) 89.161ms
[8.849s][info ][gc,cpu         ] GC(11) User=0.31s Sys=0.00s Real=0.08s
[8.849s][info ][safepoint      ] Leaving safepoint region
[8.849s][info ][safepoint      ] Total time for which application threads were stopped: 0.0918739 seconds, Stopping threads took: 0.0024110 seconds
[9.226s][info ][safepoint      ] Application time: 0.3773575 seconds
[9.229s][info ][safepoint      ] Entering safepoint region: ICBufferFull
[9.230s][info ][safepoint      ] Leaving safepoint region
[9.230s][info ][safepoint      ] Total time for which application threads were stopped: 0.0033863 seconds, Stopping threads took: 0.0030913 seconds
[9.526s][info ][safepoint      ] Application time: 0.2961225 seconds
[9.526s][info ][safepoint      ] Entering safepoint region: ParallelGCFailedAllocation
[9.526s][info ][gc,start       ] GC(12) Pause Young (Allocation Failure)
[9.614s][debug][gc,phases      ] GC(12) Scavenge 87.809ms
[9.614s][debug][gc,ref         ] GC(12) Skipped phase1 of Reference Processing due to unavailable references
[9.614s][debug][gc,ref         ] GC(12) Skipped phase3 of Reference Processing due to unavailable references
[9.614s][debug][gc,phases      ] GC(12) Reference Processing 0.317ms
[9.615s][debug][gc,phases      ] GC(12) Weak Processing 0.397ms
[9.616s][debug][gc,phases      ] GC(12) Scrub String Table 1.309ms
[9.616s][debug][gc,age         ] GC(12) Desired survivor size 227540992 bytes, new threshold 13 (max threshold 15)
[9.616s][info ][gc,heap        ] GC(12) PSYoungGen: 1792819K->141609K(1874944K)
[9.616s][info ][gc,heap        ] GC(12) ParOldGen: 6176K->6184K(18944K)
[9.616s][info ][gc,metaspace   ] GC(12) Metaspace: 51888K->51888K(1095680K)
[9.616s][info ][gc             ] GC(12) Pause Young (Allocation Failure) 1756M->144M(1849M) 89.981ms
[9.616s][info ][gc,cpu         ] GC(12) User=0.30s Sys=0.02s Real=0.09s
[9.616s][info ][safepoint      ] Leaving safepoint region
[9.616s][info ][safepoint      ] Total time for which application threads were stopped: 0.0903976 seconds, Stopping threads took: 0.0001502 seconds
[9.981s][info ][safepoint      ] Application time: 0.3644336 seconds
[9.981s][info ][safepoint      ] Entering safepoint region: ICBufferFull
[9.981s][info ][safepoint      ] Leaving safepoint region
[9.981s][info ][safepoint      ] Total time for which application threads were stopped: 0.0004246 seconds, Stopping threads took: 0.0001696 seconds
[10.139s][info ][safepoint      ] Application time: 0.1576750 seconds
[10.140s][info ][safepoint      ] Entering safepoint region: ParallelGCFailedAllocation
[10.140s][info ][gc,start       ] GC(13) Pause Young (Allocation Failure)
[10.219s][debug][gc,phases      ] GC(13) Scavenge 78.703ms
[10.219s][debug][gc,ref         ] GC(13) Skipped phase1 of Reference Processing due to unavailable references
[10.219s][debug][gc,ref         ] GC(13) Skipped phase3 of Reference Processing due to unavailable references
[10.219s][debug][gc,phases      ] GC(13) Reference Processing 0.307ms
[10.220s][debug][gc,phases      ] GC(13) Weak Processing 0.334ms
[10.221s][debug][gc,phases      ] GC(13) Scrub String Table 1.073ms
[10.221s][debug][gc,age         ] GC(13) Desired survivor size 228065280 bytes, new threshold 14 (max threshold 15)
[10.221s][info ][gc,heap        ] GC(13) PSYoungGen: 1794345K->145515K(1873920K)
[10.221s][info ][gc,heap        ] GC(13) ParOldGen: 6184K->6192K(18944K)
[10.221s][info ][gc,metaspace   ] GC(13) Metaspace: 51898K->51898K(1095680K)
[10.221s][info ][gc             ] GC(13) Pause Young (Allocation Failure) 1758M->148M(1848M) 80.559ms
[10.221s][info ][gc,cpu         ] GC(13) User=0.33s Sys=0.01s Real=0.08s
[10.221s][info ][safepoint      ] Leaving safepoint region
[10.221s][info ][safepoint      ] Total time for which application threads were stopped: 0.0818422 seconds, Stopping threads took: 0.0010149 seconds
[10.329s][info ][safepoint      ] Application time: 0.1081011 seconds
[10.329s][info ][safepoint      ] Entering safepoint region: Deoptimize
[10.330s][info ][safepoint      ] Leaving safepoint region
[10.330s][info ][safepoint      ] Total time for which application threads were stopped: 0.0016130 seconds, Stopping threads took: 0.0006135 seconds
[10.402s][info ][safepoint      ] Application time: 0.0719231 seconds
[10.405s][info ][safepoint      ] Entering safepoint region: RevokeBias
[10.405s][info ][safepoint      ] Leaving safepoint region
[10.405s][info ][safepoint      ] Total time for which application threads were stopped: 0.0026146 seconds, Stopping threads took: 0.0023717 seconds
[10.460s][info ][safepoint      ] Application time: 0.0553214 seconds
[10.462s][info ][safepoint      ] Entering safepoint region: RevokeBias
[10.462s][info ][safepoint      ] Leaving safepoint region
[10.463s][info ][safepoint      ] Total time for which application threads were stopped: 0.0021357 seconds, Stopping threads took: 0.0019977 seconds
[10.463s][info ][safepoint      ] Application time: 0.0000582 seconds
[10.463s][info ][safepoint      ] Entering safepoint region: RevokeBias
[10.463s][info ][safepoint      ] Leaving safepoint region
[10.464s][info ][safepoint      ] Total time for which application threads were stopped: 0.0009222 seconds, Stopping threads took: 0.0008246 seconds
[10.464s][info ][safepoint      ] Application time: 0.0000343 seconds
[10.464s][info ][safepoint      ] Entering safepoint region: RevokeBias
[10.464s][info ][safepoint      ] Leaving safepoint region
[10.464s][info ][safepoint      ] Total time for which application threads were stopped: 0.0001072 seconds, Stopping threads took: 0.0000156 seconds
[10.465s][info ][safepoint      ] Application time: 0.0013139 seconds
[10.467s][info ][safepoint      ] Entering safepoint region: RevokeBias
[10.467s][info ][safepoint      ] Leaving safepoint region
[10.467s][info ][safepoint      ] Total time for which application threads were stopped: 0.0020624 seconds, Stopping threads took: 0.0019863 seconds
[10.467s][info ][safepoint      ] Application time: 0.0001908 seconds
[10.469s][info ][safepoint      ] Entering safepoint region: RevokeBias
[10.469s][info ][safepoint      ] Leaving safepoint region
[10.469s][info ][safepoint      ] Total time for which application threads were stopped: 0.0020803 seconds, Stopping threads took: 0.0019760 seconds
[10.756s][info ][safepoint      ] Application time: 0.2868969 seconds
[10.759s][info ][safepoint      ] Entering safepoint region: Deoptimize
[10.760s][info ][safepoint      ] Leaving safepoint region
[10.760s][info ][safepoint      ] Total time for which application threads were stopped: 0.0034470 seconds, Stopping threads took: 0.0024303 seconds
[10.760s][info ][safepoint      ] Application time: 0.0005080 seconds
[10.762s][info ][safepoint      ] Entering safepoint region: ParallelGCFailedAllocation
[10.762s][info ][gc,start       ] GC(14) Pause Young (Allocation Failure)
[10.837s][debug][gc,phases      ] GC(14) Scavenge 75.091ms
[10.837s][debug][gc,ref         ] GC(14) Skipped phase1 of Reference Processing due to unavailable references
[10.838s][debug][gc,ref         ] GC(14) Skipped phase3 of Reference Processing due to unavailable references
[10.838s][debug][gc,phases      ] GC(14) Reference Processing 0.301ms
[10.838s][debug][gc,phases      ] GC(14) Weak Processing 0.339ms
[10.839s][debug][gc,phases      ] GC(14) Scrub String Table 1.131ms
[10.839s][debug][gc,age         ] GC(14) Desired survivor size 228065280 bytes, new threshold 15 (max threshold 15)
[10.839s][info ][gc,heap        ] GC(14) PSYoungGen: 1797227K->146719K(1874432K)
[10.839s][info ][gc,heap        ] GC(14) ParOldGen: 6192K->6200K(18944K)
[10.839s][info ][gc,metaspace   ] GC(14) Metaspace: 52733K->52733K(1097728K)
[10.839s][info ][gc             ] GC(14) Pause Young (Allocation Failure) 1761M->149M(1849M) 76.996ms
[10.839s][info ][gc,cpu         ] GC(14) User=0.30s Sys=0.00s Real=0.08s
[10.839s][info ][safepoint      ] Leaving safepoint region
[10.839s][info ][safepoint      ] Total time for which application threads were stopped: 0.0791086 seconds, Stopping threads took: 0.0019505 seconds
[10.876s][info ][safepoint      ] Application time: 0.0370983 seconds
[10.877s][info ][safepoint      ] Entering safepoint region: Deoptimize
[10.878s][info ][safepoint      ] Leaving safepoint region
[10.878s][info ][safepoint      ] Total time for which application threads were stopped: 0.0013921 seconds, Stopping threads took: 0.0003826 seconds
[10.881s][info ][safepoint      ] Application time: 0.0026848 seconds
[10.881s][info ][safepoint      ] Entering safepoint region: RevokeBias
[10.881s][info ][safepoint      ] Leaving safepoint region
[10.881s][info ][safepoint      ] Total time for which application threads were stopped: 0.0001952 seconds, Stopping threads took: 0.0000945 seconds
[10.881s][info ][safepoint      ] Application time: 0.0000959 seconds
[10.883s][info ][safepoint      ] Entering safepoint region: RevokeBias
[10.883s][info ][safepoint      ] Leaving safepoint region
[10.883s][info ][safepoint      ] Total time for which application threads were stopped: 0.0020025 seconds, Stopping threads took: 0.0019557 seconds
[10.953s][info ][safepoint      ] Application time: 0.0698339 seconds
[10.953s][info ][safepoint      ] Entering safepoint region: RevokeBias
[10.954s][info ][safepoint      ] Leaving safepoint region
[10.954s][info ][safepoint      ] Total time for which application threads were stopped: 0.0007497 seconds, Stopping threads took: 0.0006558 seconds
[10.996s][info ][safepoint      ] Application time: 0.0420676 seconds
[10.996s][info ][safepoint      ] Entering safepoint region: Deoptimize
[10.997s][info ][safepoint      ] Leaving safepoint region
[10.997s][info ][safepoint      ] Total time for which application threads were stopped: 0.0011854 seconds, Stopping threads took: 0.0001543 seconds
[11.085s][info ][safepoint      ] Application time: 0.0881902 seconds
[11.085s][info ][safepoint      ] Entering safepoint region: RevokeBias
[11.086s][info ][safepoint      ] Leaving safepoint region
[11.086s][info ][safepoint      ] Total time for which application threads were stopped: 0.0012157 seconds, Stopping threads took: 0.0001101 seconds
[11.230s][info ][safepoint      ] Application time: 0.1434420 seconds
[11.232s][info ][safepoint      ] Entering safepoint region: RevokeBias
[11.232s][info ][safepoint      ] Leaving safepoint region
[11.232s][info ][safepoint      ] Total time for which application threads were stopped: 0.0021139 seconds, Stopping threads took: 0.0020042 seconds
[11.232s][info ][safepoint      ] Application time: 0.0004606 seconds
[11.234s][info ][safepoint      ] Entering safepoint region: RevokeBias
[11.234s][info ][safepoint      ] Leaving safepoint region
[11.234s][info ][safepoint      ] Total time for which application threads were stopped: 0.0020915 seconds, Stopping threads took: 0.0020155 seconds
[11.241s][info ][safepoint      ] Application time: 0.0064385 seconds
[11.241s][info ][safepoint      ] Entering safepoint region: RevokeBias
[11.241s][info ][safepoint      ] Leaving safepoint region
[11.241s][info ][safepoint      ] Total time for which application threads were stopped: 0.0002118 seconds, Stopping threads took: 0.0001210 seconds
[11.245s][info ][safepoint      ] Application time: 0.0034808 seconds
[11.245s][info ][safepoint      ] Entering safepoint region: RevokeBias
[11.245s][info ][safepoint      ] Leaving safepoint region
[11.245s][info ][safepoint      ] Total time for which application threads were stopped: 0.0001762 seconds, Stopping threads took: 0.0000833 seconds
[11.250s][info ][safepoint      ] Application time: 0.0054636 seconds
[11.254s][info ][safepoint      ] Entering safepoint region: BulkRevokeBias
[11.256s][info ][safepoint      ] Leaving safepoint region
[11.256s][info ][safepoint      ] Total time for which application threads were stopped: 0.0060875 seconds, Stopping threads took: 0.0035101 seconds
[11.292s][info ][safepoint      ] Application time: 0.0358691 seconds
[11.292s][info ][safepoint      ] Entering safepoint region: RevokeBias
[11.293s][info ][safepoint      ] Leaving safepoint region
[11.293s][info ][safepoint      ] Total time for which application threads were stopped: 0.0003356 seconds, Stopping threads took: 0.0002113 seconds
[11.305s][info ][safepoint      ] Application time: 0.0127868 seconds
[11.307s][info ][safepoint      ] Entering safepoint region: RevokeBias
[11.308s][info ][safepoint      ] Leaving safepoint region
[11.308s][info ][safepoint      ] Total time for which application threads were stopped: 0.0021662 seconds, Stopping threads took: 0.0020560 seconds
[11.340s][info ][safepoint      ] Application time: 0.0322539 seconds
[11.342s][info ][safepoint      ] Entering safepoint region: ParallelGCFailedAllocation
[11.342s][info ][gc,start       ] GC(15) Pause Young (Allocation Failure)
[11.420s][debug][gc,phases      ] GC(15) Scavenge 77.719ms
[11.420s][debug][gc,ref         ] GC(15) Skipped phase1 of Reference Processing due to unavailable references
[11.420s][debug][gc,ref         ] GC(15) Skipped phase3 of Reference Processing due to unavailable references
[11.420s][debug][gc,phases      ] GC(15) Reference Processing 0.315ms
[11.421s][debug][gc,phases      ] GC(15) Weak Processing 0.348ms
[11.422s][debug][gc,phases      ] GC(15) Scrub String Table 1.242ms
[11.422s][debug][gc,age         ] GC(15) Desired survivor size 228065280 bytes, new threshold 15 (max threshold 15)
[11.422s][info ][gc,heap        ] GC(15) PSYoungGen: 1798431K->148966K(1874432K)
[11.422s][info ][gc,heap        ] GC(15) ParOldGen: 6200K->6208K(18944K)
[11.422s][info ][gc,metaspace   ] GC(15) Metaspace: 56437K->56437K(1099776K)
[11.422s][info ][gc             ] GC(15) Pause Young (Allocation Failure) 1762M->151M(1849M) 79.776ms
[11.422s][info ][gc,cpu         ] GC(15) User=0.38s Sys=0.01s Real=0.08s
[11.422s][info ][safepoint      ] Leaving safepoint region
[11.422s][info ][safepoint      ] Total time for which application threads were stopped: 0.0819925 seconds, Stopping threads took: 0.0020466 seconds
[11.468s][info ][safepoint      ] Application time: 0.0457621 seconds
[11.468s][info ][safepoint      ] Entering safepoint region: RevokeBias
[11.468s][info ][safepoint      ] Leaving safepoint region
[11.468s][info ][safepoint      ] Total time for which application threads were stopped: 0.0008110 seconds, Stopping threads took: 0.0006954 seconds
[11.522s][info ][safepoint      ] Application time: 0.0536183 seconds
[11.524s][info ][safepoint      ] Entering safepoint region: RevokeBias
[11.524s][info ][safepoint      ] Leaving safepoint region
[11.524s][info ][safepoint      ] Total time for which application threads were stopped: 0.0022143 seconds, Stopping threads took: 0.0021150 seconds
[11.525s][info ][safepoint      ] Application time: 0.0005407 seconds
[11.527s][info ][safepoint      ] Entering safepoint region: RevokeBias
[11.527s][info ][safepoint      ] Leaving safepoint region
[11.527s][info ][safepoint      ] Total time for which application threads were stopped: 0.0021040 seconds, Stopping threads took: 0.0020237 seconds
[11.665s][info ][safepoint      ] Application time: 0.1375137 seconds
[11.665s][info ][safepoint      ] Entering safepoint region: Deoptimize
[11.666s][info ][safepoint      ] Leaving safepoint region
[11.666s][info ][safepoint      ] Total time for which application threads were stopped: 0.0014161 seconds, Stopping threads took: 0.0001817 seconds
[11.678s][info ][safepoint      ] Application time: 0.0117702 seconds
[11.678s][info ][safepoint      ] Entering safepoint region: RevokeBias
[11.678s][info ][safepoint      ] Leaving safepoint region
[11.678s][info ][safepoint      ] Total time for which application threads were stopped: 0.0006597 seconds, Stopping threads took: 0.0005474 seconds
[11.693s][info ][safepoint      ] Application time: 0.0149040 seconds
[11.698s][info ][safepoint      ] Entering safepoint region: RevokeBias
[11.698s][info ][safepoint      ] Leaving safepoint region
[11.698s][info ][safepoint      ] Total time for which application threads were stopped: 0.0044097 seconds, Stopping threads took: 0.0042645 seconds
[11.699s][info ][safepoint      ] Application time: 0.0007980 seconds
[11.699s][info ][safepoint      ] Entering safepoint region: BulkRevokeBias
[11.702s][info ][safepoint      ] Leaving safepoint region
[11.702s][info ][safepoint      ] Total time for which application threads were stopped: 0.0031422 seconds, Stopping threads took: 0.0000234 seconds
[11.733s][info ][safepoint      ] Application time: 0.0312186 seconds
[11.733s][info ][safepoint      ] Entering safepoint region: RevokeBias
[11.733s][info ][safepoint      ] Leaving safepoint region
[11.733s][info ][safepoint      ] Total time for which application threads were stopped: 0.0003123 seconds, Stopping threads took: 0.0001583 seconds
[11.733s][info ][safepoint      ] Application time: 0.0000519 seconds
[11.733s][info ][safepoint      ] Entering safepoint region: RevokeBias
[11.734s][info ][safepoint      ] Leaving safepoint region
[11.734s][info ][safepoint      ] Total time for which application threads were stopped: 0.0001505 seconds, Stopping threads took: 0.0000576 seconds
[11.741s][info ][safepoint      ] Application time: 0.0073181 seconds
[11.742s][info ][safepoint      ] Entering safepoint region: RevokeBias
[11.742s][info ][safepoint      ] Leaving safepoint region
[11.742s][info ][safepoint      ] Total time for which application threads were stopped: 0.0008807 seconds, Stopping threads took: 0.0007731 seconds
[11.742s][info ][safepoint      ] Application time: 0.0000500 seconds
[11.742s][info ][safepoint      ] Entering safepoint region: RevokeBias
[11.742s][info ][safepoint      ] Leaving safepoint region
[11.742s][info ][safepoint      ] Total time for which application threads were stopped: 0.0001609 seconds, Stopping threads took: 0.0000373 seconds
[11.961s][info ][safepoint      ] Application time: 0.2191968 seconds
[11.966s][info ][safepoint      ] Entering safepoint region: RevokeBias
[11.966s][info ][gc,start       ] GC(16) Pause Young (Allocation Failure)
[12.052s][debug][gc,phases      ] GC(16) Scavenge 86.169ms
[12.052s][debug][gc,ref         ] GC(16) Skipped phase1 of Reference Processing due to unavailable references
[12.053s][debug][gc,ref         ] GC(16) Skipped phase3 of Reference Processing due to unavailable references
[12.053s][debug][gc,phases      ] GC(16) Reference Processing 0.364ms
[12.053s][debug][gc,phases      ] GC(16) Weak Processing 0.592ms
[12.055s][debug][gc,phases      ] GC(16) Scrub String Table 1.476ms
[12.055s][debug][gc,age         ] GC(16) Desired survivor size 230686720 bytes, new threshold 15 (max threshold 15)
[12.055s][info ][gc,heap        ] GC(16) PSYoungGen: 1800678K->157675K(1809408K)
[12.055s][info ][gc,heap        ] GC(16) ParOldGen: 6208K->6216K(18944K)
[12.055s][info ][gc,metaspace   ] GC(16) Metaspace: 57893K->57893K(1101824K)
[12.055s][info ][gc             ] GC(16) Pause Young (Allocation Failure) 1764M->160M(1785M) 88.777ms
[12.055s][info ][gc,cpu         ] GC(16) User=0.43s Sys=0.01s Real=0.09s
[12.055s][info ][safepoint      ] Leaving safepoint region
[12.055s][info ][safepoint      ] Total time for which application threads were stopped: 0.0937660 seconds, Stopping threads took: 0.0047058 seconds
[12.078s][info ][safepoint      ] Application time: 0.0226547 seconds
[12.080s][info ][safepoint      ] Entering safepoint region: RevokeBias
[12.080s][info ][safepoint      ] Leaving safepoint region
[12.080s][info ][safepoint      ] Total time for which application threads were stopped: 0.0021870 seconds, Stopping threads took: 0.0020647 seconds
[12.080s][info ][safepoint      ] Application time: 0.0001846 seconds
[12.080s][info ][safepoint      ] Entering safepoint region: RevokeBias
[12.080s][info ][safepoint      ] Leaving safepoint region
[12.080s][info ][safepoint      ] Total time for which application threads were stopped: 0.0002058 seconds, Stopping threads took: 0.0000659 seconds
[12.223s][info ][safepoint      ] Application time: 0.1426997 seconds
[12.226s][info ][safepoint      ] Entering safepoint region: RevokeBias
[12.226s][info ][safepoint      ] Leaving safepoint region
[12.226s][info ][safepoint      ] Total time for which application threads were stopped: 0.0027824 seconds, Stopping threads took: 0.0025740 seconds
[12.577s][info ][safepoint      ] Application time: 0.3511548 seconds
[12.577s][info ][safepoint      ] Entering safepoint region: ParallelGCFailedAllocation
[12.578s][info ][gc,start       ] GC(17) Pause Young (Allocation Failure)
[12.660s][debug][gc,phases      ] GC(17) Scavenge 82.448ms
[12.660s][debug][gc,ref         ] GC(17) Skipped phase1 of Reference Processing due to unavailable references
[12.661s][debug][gc,ref         ] GC(17) Skipped phase3 of Reference Processing due to unavailable references
[12.661s][debug][gc,phases      ] GC(17) Reference Processing 0.607ms
[12.662s][debug][gc,phases      ] GC(17) Weak Processing 0.558ms
[12.663s][debug][gc,phases      ] GC(17) Scrub String Table 1.589ms
[12.663s][debug][gc,age         ] GC(17) Desired survivor size 236978176 bytes, new threshold 15 (max threshold 15)
[12.663s][info ][gc,heap        ] GC(17) PSYoungGen: 1809387K->169863K(1859584K)
[12.663s][info ][gc,heap        ] GC(17) ParOldGen: 6216K->6224K(18944K)
[12.663s][info ][gc,metaspace   ] GC(17) Metaspace: 58145K->58145K(1101824K)
[12.663s][info ][gc             ] GC(17) Pause Young (Allocation Failure) 1773M->171M(1834M) 85.391ms
[12.663s][info ][gc,cpu         ] GC(17) User=0.31s Sys=0.02s Real=0.08s
[12.663s][info ][safepoint      ] Leaving safepoint region
[12.663s][info ][safepoint      ] Total time for which application threads were stopped: 0.0862081 seconds, Stopping threads took: 0.0004124 seconds
[13.088s][info ][safepoint      ] Application time: 0.4242666 seconds
[13.088s][info ][safepoint      ] Entering safepoint region: ParallelGCFailedAllocation
[13.088s][info ][gc,start       ] GC(18) Pause Young (Allocation Failure)
[13.172s][debug][gc,phases      ] GC(18) Scavenge 84.002ms
[13.172s][debug][gc,ref         ] GC(18) Skipped phase1 of Reference Processing due to unavailable references
[13.172s][debug][gc,ref         ] GC(18) Skipped phase3 of Reference Processing due to unavailable references
[13.172s][debug][gc,phases      ] GC(18) Reference Processing 0.362ms
[13.173s][debug][gc,phases      ] GC(18) Weak Processing 0.394ms
[13.174s][debug][gc,phases      ] GC(18) Scrub String Table 1.337ms
[13.174s][debug][gc,age         ] GC(18) Desired survivor size 245366784 bytes, new threshold 15 (max threshold 15)
[13.174s][info ][gc,heap        ] GC(18) PSYoungGen: 1804167K->180830K(1815552K)
[13.174s][info ][gc,heap        ] GC(18) ParOldGen: 6224K->7180K(18944K)
[13.174s][info ][gc,metaspace   ] GC(18) Metaspace: 58242K->58242K(1101824K)
[13.174s][info ][gc             ] GC(18) Pause Young (Allocation Failure) 1767M->183M(1791M) 86.234ms
[13.174s][info ][gc,cpu         ] GC(18) User=0.33s Sys=0.00s Real=0.09s
[13.174s][info ][safepoint      ] Leaving safepoint region
[13.174s][info ][safepoint      ] Total time for which application threads were stopped: 0.0866482 seconds, Stopping threads took: 0.0001613 seconds
[13.230s][info ][safepoint      ] Application time: 0.0560429 seconds
[13.231s][info ][safepoint      ] Entering safepoint region: RevokeBias
[13.231s][info ][safepoint      ] Leaving safepoint region
[13.231s][info ][safepoint      ] Total time for which application threads were stopped: 0.0010984 seconds, Stopping threads took: 0.0009349 seconds
[13.673s][info ][safepoint      ] Application time: 0.4418590 seconds
[13.673s][info ][safepoint      ] Entering safepoint region: ICBufferFull
[13.674s][info ][safepoint      ] Leaving safepoint region
[13.674s][info ][safepoint      ] Total time for which application threads were stopped: 0.0004151 seconds, Stopping threads took: 0.0001842 seconds
[13.703s][info ][safepoint      ] Application time: 0.0292664 seconds
[13.706s][info ][safepoint      ] Entering safepoint region: ParallelGCFailedAllocation
[13.707s][info ][gc,start       ] GC(19) Pause Young (Allocation Failure)
[13.806s][debug][gc,phases      ] GC(19) Scavenge 99.836ms
[13.807s][debug][gc,ref         ] GC(19) Skipped phase1 of Reference Processing due to unavailable references
[13.807s][debug][gc,ref         ] GC(19) Skipped phase3 of Reference Processing due to unavailable references
[13.807s][debug][gc,phases      ] GC(19) Reference Processing 0.337ms
[13.807s][debug][gc,phases      ] GC(19) Weak Processing 0.415ms
[13.808s][debug][gc,phases      ] GC(19) Scrub String Table 1.129ms
[13.808s][debug][gc,age         ] GC(19) Desired survivor size 241696768 bytes, new threshold 15 (max threshold 15)
[13.808s][info ][gc,heap        ] GC(19) PSYoungGen: 1815134K->154757K(1861120K)
[13.808s][info ][gc,heap        ] GC(19) ParOldGen: 7180K->52443K(52736K)
[13.808s][info ][gc,metaspace   ] GC(19) Metaspace: 58302K->58302K(1101824K)
[13.808s][info ][gc             ] GC(19) Pause Young (Allocation Failure) 1779M->202M(1869M) 101.857ms
[13.808s][info ][gc,cpu         ] GC(19) User=0.39s Sys=0.01s Real=0.10s
[13.809s][debug][gc,phases      ] GC(20) Pre Compact 0.010ms
[13.809s][info ][gc,start       ] GC(20) Pause Full (Ergonomics)
[13.809s][info ][gc,phases,start] GC(20) Marking Phase
[13.889s][debug][gc,phases      ] GC(20) Par Mark 79.858ms
[13.889s][debug][gc,ref         ] GC(20) Skipped phase1 of Reference Processing due to unavailable references
[13.889s][debug][gc,ref         ] GC(20) Skipped phase3 of Reference Processing due to unavailable references
[13.889s][debug][gc,phases      ] GC(20) Reference Processing 0.131ms
[13.889s][debug][gc,phases      ] GC(20) Weak Processing 0.126ms
[13.890s][debug][gc,phases      ] GC(20) ClassLoaderData 1.215ms
[13.890s][debug][gc,phases      ] GC(20) Dictionary 0.017ms
[13.890s][debug][gc,phases      ] GC(20) ProtectionDomainCacheTable 0.004ms
[13.891s][debug][gc,phases      ] GC(20) ResolvedMethodTable 0.103ms
[13.913s][debug][gc,phases      ] GC(20) Class Unloading 24.096ms
[13.914s][debug][gc,phases      ] GC(20) Scrub String Table 0.540ms
[13.924s][debug][gc,phases      ] GC(20) Scrub Symbol Table 9.875ms
[13.924s][info ][gc,phases      ] GC(20) Marking Phase 115.288ms
[13.924s][info ][gc,phases,start] GC(20) Summary Phase
[13.924s][info ][gc,phases      ] GC(20) Summary Phase 0.011ms
[13.924s][info ][gc,phases,start] GC(20) Adjust Roots
[13.969s][info ][gc,phases      ] GC(20) Adjust Roots 44.767ms
[13.969s][info ][gc,phases,start] GC(20) Compaction Phase
[14.574s][info ][gc,phases      ] GC(20) Compaction Phase 605.011ms
[14.574s][info ][gc,phases,start] GC(20) Post Compact
[14.575s][info ][gc,phases      ] GC(20) Post Compact 1.020ms
[14.575s][info ][gc,heap        ] GC(20) PSYoungGen: 154757K->153485K(1861120K)
[14.575s][info ][gc,heap        ] GC(20) ParOldGen: 52443K->52048K(88576K)
[14.575s][info ][gc,metaspace   ] GC(20) Metaspace: 58302K->58297K(1101824K)
[14.575s][info ][gc             ] GC(20) Pause Full (Ergonomics) 202M->200M(1904M) 766.353ms
[14.575s][info ][gc,cpu         ] GC(20) User=2.72s Sys=0.03s Real=0.77s
[14.575s][info ][safepoint      ] Leaving safepoint region
[14.575s][info ][safepoint      ] Total time for which application threads were stopped: 0.8719572 seconds, Stopping threads took: 0.0034013 seconds
[14.635s][info ][safepoint      ] Application time: 0.0599043 seconds
[14.637s][info ][safepoint      ] Entering safepoint region: Deoptimize
[14.638s][info ][safepoint      ] Leaving safepoint region
[14.638s][info ][safepoint      ] Total time for which application threads were stopped: 0.0034637 seconds, Stopping threads took: 0.0020934 seconds
[14.670s][info ][safepoint      ] Application time: 0.0318045 seconds
[14.672s][info ][safepoint      ] Entering safepoint region: RevokeBias
[14.673s][info ][safepoint      ] Leaving safepoint region
[14.673s][info ][safepoint      ] Total time for which application threads were stopped: 0.0024087 seconds, Stopping threads took: 0.0021951 seconds
[14.775s][info ][safepoint      ] Application time: 0.1018744 seconds
[14.777s][info ][safepoint      ] Entering safepoint region: RevokeBias
[14.777s][info ][safepoint      ] Leaving safepoint region
[14.777s][info ][safepoint      ] Total time for which application threads were stopped: 0.0022801 seconds, Stopping threads took: 0.0020940 seconds
[14.777s][info ][safepoint      ] Application time: 0.0005084 seconds
[14.777s][info ][safepoint      ] Entering safepoint region: RevokeBias
[14.778s][info ][safepoint      ] Leaving safepoint region
[14.778s][info ][safepoint      ] Total time for which application threads were stopped: 0.0001818 seconds, Stopping threads took: 0.0000669 seconds
[14.778s][info ][safepoint      ] Application time: 0.0000361 seconds
[14.778s][info ][safepoint      ] Entering safepoint region: RevokeBias
[14.778s][info ][safepoint      ] Leaving safepoint region
[14.778s][info ][safepoint      ] Total time for which application threads were stopped: 0.0001261 seconds, Stopping threads took: 0.0000322 seconds
[14.790s][info ][safepoint      ] Application time: 0.0121711 seconds
[14.792s][info ][safepoint      ] Entering safepoint region: RevokeBias
[14.792s][info ][safepoint      ] Leaving safepoint region
[14.792s][info ][safepoint      ] Total time for which application threads were stopped: 0.0023563 seconds, Stopping threads took: 0.0022079 seconds
[14.792s][info ][safepoint      ] Application time: 0.0000426 seconds
[14.792s][info ][safepoint      ] Entering safepoint region: RevokeBias
[14.792s][info ][safepoint      ] Leaving safepoint region
[14.792s][info ][safepoint      ] Total time for which application threads were stopped: 0.0001041 seconds, Stopping threads took: 0.0000310 seconds
[14.793s][info ][safepoint      ] Application time: 0.0006959 seconds
[14.796s][info ][safepoint      ] Entering safepoint region: RevokeBias
[14.796s][info ][safepoint      ] Leaving safepoint region
[14.796s][info ][safepoint      ] Total time for which application threads were stopped: 0.0025713 seconds, Stopping threads took: 0.0024662 seconds
[15.052s][info ][safepoint      ] Application time: 0.2562820 seconds
[15.056s][info ][safepoint      ] Entering safepoint region: ICBufferFull
[15.056s][info ][safepoint      ] Leaving safepoint region
[15.056s][info ][safepoint      ] Total time for which application threads were stopped: 0.0039610 seconds, Stopping threads took: 0.0036830 seconds
[15.209s][info ][safepoint      ] Application time: 0.1529816 seconds
[15.211s][info ][safepoint      ] Entering safepoint region: ParallelGCFailedAllocation
[15.212s][info ][gc,start       ] GC(21) Pause Young (Allocation Failure)
[15.313s][debug][gc,phases      ] GC(21) Scavenge 101.180ms
[15.313s][debug][gc,ref         ] GC(21) Skipped phase1 of Reference Processing due to unavailable references
[15.313s][debug][gc,ref         ] GC(21) Skipped phase3 of Reference Processing due to unavailable references
[15.313s][debug][gc,phases      ] GC(21) Reference Processing 0.177ms
[15.313s][debug][gc,phases      ] GC(21) Weak Processing 0.360ms
[15.314s][debug][gc,phases      ] GC(21) Scrub String Table 0.760ms
[15.314s][debug][gc,age         ] GC(21) Desired survivor size 244318208 bytes, new threshold 15 (max threshold 15)
[15.314s][info ][gc,heap        ] GC(21) PSYoungGen: 1774989K->66433K(1857536K)
[15.314s][info ][gc,heap        ] GC(21) ParOldGen: 52048K->135773K(137216K)
[15.314s][info ][gc,metaspace   ] GC(21) Metaspace: 58975K->58975K(1103872K)
[15.314s][info ][gc             ] GC(21) Pause Young (Allocation Failure) 1784M->197M(1948M) 102.621ms
[15.314s][info ][gc,cpu         ] GC(21) User=0.42s Sys=0.02s Real=0.10s
[15.314s][debug][gc,phases      ] GC(22) Pre Compact 0.012ms
[15.314s][info ][gc,start       ] GC(22) Pause Full (Ergonomics)
[15.314s][info ][gc,phases,start] GC(22) Marking Phase
[15.395s][debug][gc,phases      ] GC(22) Par Mark 79.805ms
[15.395s][debug][gc,ref         ] GC(22) Skipped phase1 of Reference Processing due to unavailable references
[15.395s][debug][gc,ref         ] GC(22) Skipped phase3 of Reference Processing due to unavailable references
[15.395s][debug][gc,phases      ] GC(22) Reference Processing 0.106ms
[15.395s][debug][gc,phases      ] GC(22) Weak Processing 0.136ms
[15.396s][debug][gc,phases      ] GC(22) ClassLoaderData 0.542ms
[15.396s][debug][gc,phases      ] GC(22) ProtectionDomainCacheTable 0.003ms
[15.396s][debug][gc,phases      ] GC(22) ResolvedMethodTable 0.112ms
[15.400s][debug][gc,phases      ] GC(22) Class Unloading 4.550ms
[15.400s][debug][gc,phases      ] GC(22) Scrub String Table 0.441ms
[15.406s][debug][gc,phases      ] GC(22) Scrub Symbol Table 6.236ms
[15.406s][info ][gc,phases      ] GC(22) Marking Phase 91.909ms
[15.406s][info ][gc,phases,start] GC(22) Summary Phase
[15.406s][info ][gc,phases      ] GC(22) Summary Phase 0.008ms
[15.406s][info ][gc,phases,start] GC(22) Adjust Roots
[15.427s][info ][gc,phases      ] GC(22) Adjust Roots 21.112ms
[15.427s][info ][gc,phases,start] GC(22) Compaction Phase
[16.050s][info ][gc,phases      ] GC(22) Compaction Phase 622.706ms
[16.050s][info ][gc,phases,start] GC(22) Post Compact
[16.051s][info ][gc,phases      ] GC(22) Post Compact 1.024ms
[16.051s][info ][gc,heap        ] GC(22) PSYoungGen: 66433K->63813K(1857536K)
[16.051s][info ][gc,heap        ] GC(22) ParOldGen: 135773K->136991K(209408K)
[16.051s][info ][gc,metaspace   ] GC(22) Metaspace: 58975K->58975K(1103872K)
[16.051s][info ][gc             ] GC(22) Pause Full (Ergonomics) 197M->196M(2018M) 737.107ms
[16.051s][info ][gc,cpu         ] GC(22) User=2.74s Sys=0.02s Real=0.74s
[16.052s][info ][safepoint      ] Leaving safepoint region
[16.052s][info ][safepoint      ] Total time for which application threads were stopped: 0.8425214 seconds, Stopping threads took: 0.0024597 seconds
[16.435s][info ][safepoint      ] Application time: 0.3834158 seconds
[16.436s][info ][safepoint      ] Entering safepoint region: ICBufferFull
[16.436s][info ][safepoint      ] Leaving safepoint region
[16.436s][info ][safepoint      ] Total time for which application threads were stopped: 0.0009405 seconds, Stopping threads took: 0.0006950 seconds
[16.640s][info ][safepoint      ] Application time: 0.2036498 seconds
[16.640s][info ][safepoint      ] Entering safepoint region: ParallelGCFailedAllocation
[16.640s][info ][gc,start       ] GC(23) Pause Young (Allocation Failure)
[16.680s][debug][gc,phases      ] GC(23) Scavenge 39.975ms
[16.680s][debug][gc,ref         ] GC(23) Skipped phase1 of Reference Processing due to unavailable references
[16.680s][debug][gc,ref         ] GC(23) Skipped phase3 of Reference Processing due to unavailable references
[16.680s][debug][gc,phases      ] GC(23) Reference Processing 0.151ms
[16.680s][debug][gc,phases      ] GC(23) Weak Processing 0.192ms
[16.681s][debug][gc,phases      ] GC(23) Scrub String Table 0.479ms
[16.681s][debug][gc,age         ] GC(23) Desired survivor size 247988224 bytes, new threshold 15 (max threshold 15)
[16.681s][info ][gc,heap        ] GC(23) PSYoungGen: 1685317K->46184K(1851392K)
[16.681s][info ][gc,heap        ] GC(23) ParOldGen: 136991K->140362K(209408K)
[16.681s][info ][gc,metaspace   ] GC(23) Metaspace: 59882K->59882K(1103872K)
[16.681s][info ][gc             ] GC(23) Pause Young (Allocation Failure) 1779M->182M(2012M) 40.929ms
[16.681s][info ][gc,cpu         ] GC(23) User=0.16s Sys=0.00s Real=0.04s
[16.681s][info ][safepoint      ] Leaving safepoint region
[16.681s][info ][safepoint      ] Total time for which application threads were stopped: 0.0414313 seconds, Stopping threads took: 0.0001843 seconds
[17.092s][info ][safepoint      ] Application time: 0.4105144 seconds
[17.092s][info ][safepoint      ] Entering safepoint region: ParallelGCFailedAllocation
[17.092s][info ][gc,start       ] GC(24) Pause Young (Allocation Failure)
[17.108s][debug][gc,phases      ] GC(24) Scavenge 16.189ms
[17.108s][debug][gc,ref         ] GC(24) Skipped phase1 of Reference Processing due to unavailable references
[17.108s][debug][gc,ref         ] GC(24) Skipped phase3 of Reference Processing due to unavailable references
[17.108s][debug][gc,phases      ] GC(24) Reference Processing 0.126ms
[17.109s][debug][gc,phases      ] GC(24) Weak Processing 0.173ms
[17.109s][debug][gc,phases      ] GC(24) Scrub String Table 0.517ms
[17.109s][debug][gc,age         ] GC(24) Desired survivor size 249036800 bytes, new threshold 15 (max threshold 15)
[17.109s][info ][gc,heap        ] GC(24) PSYoungGen: 1658984K->45832K(1658880K)
[17.109s][info ][gc,heap        ] GC(24) ParOldGen: 140362K->141002K(209408K)
[17.109s][info ][gc,metaspace   ] GC(24) Metaspace: 59976K->59976K(1103872K)
[17.109s][info ][gc             ] GC(24) Pause Young (Allocation Failure) 1757M->182M(1824M) 17.133ms
[17.109s][info ][gc,cpu         ] GC(24) User=0.06s Sys=0.01s Real=0.01s
[17.109s][info ][safepoint      ] Leaving safepoint region
[17.109s][info ][safepoint      ] Total time for which application threads were stopped: 0.0176313 seconds, Stopping threads took: 0.0002654 seconds
[17.389s][info ][safepoint      ] Application time: 0.2800380 seconds
[17.389s][info ][safepoint      ] Entering safepoint region: ICBufferFull
[17.390s][info ][safepoint      ] Leaving safepoint region
[17.390s][info ][safepoint      ] Total time for which application threads were stopped: 0.0003957 seconds, Stopping threads took: 0.0001555 seconds
[17.580s][info ][safepoint      ] Application time: 0.1900824 seconds
[17.582s][info ][safepoint      ] Entering safepoint region: ICBufferFull
[17.582s][info ][safepoint      ] Leaving safepoint region
[17.582s][info ][safepoint      ] Total time for which application threads were stopped: 0.0025950 seconds, Stopping threads took: 0.0023158 seconds
[17.735s][info ][safepoint      ] Application time: 0.1525741 seconds
[17.735s][info ][safepoint      ] Entering safepoint region: ParallelGCFailedAllocation
[17.736s][info ][gc,start       ] GC(25) Pause Young (Allocation Failure)
[17.754s][debug][gc,phases      ] GC(25) Scavenge 18.182ms
[17.754s][debug][gc,ref         ] GC(25) Skipped phase1 of Reference Processing due to unavailable references
[17.754s][debug][gc,ref         ] GC(25) Skipped phase3 of Reference Processing due to unavailable references
[17.754s][debug][gc,phases      ] GC(25) Reference Processing 0.216ms
[17.754s][debug][gc,phases      ] GC(25) Weak Processing 0.226ms
[17.755s][debug][gc,phases      ] GC(25) Scrub String Table 0.628ms
[17.755s][debug][gc,age         ] GC(25) Desired survivor size 247988224 bytes, new threshold 15 (max threshold 15)
[17.755s][info ][gc,heap        ] GC(25) PSYoungGen: 1658632K->45528K(1854976K)
[17.755s][info ][gc,heap        ] GC(25) ParOldGen: 141002K->141578K(209408K)
[17.755s][info ][gc,metaspace   ] GC(25) Metaspace: 60429K->60429K(1103872K)
[17.755s][info ][gc             ] GC(25) Pause Young (Allocation Failure) 1757M->182M(2016M) 19.400ms
[17.755s][info ][gc,cpu         ] GC(25) User=0.06s Sys=0.01s Real=0.02s
[17.755s][info ][safepoint      ] Leaving safepoint region
[17.755s][info ][safepoint      ] Total time for which application threads were stopped: 0.0199437 seconds, Stopping threads took: 0.0003150 seconds
[18.193s][info ][safepoint      ] Application time: 0.4380469 seconds
[18.196s][info ][safepoint      ] Entering safepoint region: ICBufferFull
[18.196s][info ][safepoint      ] Leaving safepoint region
[18.196s][info ][safepoint      ] Total time for which application threads were stopped: 0.0028624 seconds, Stopping threads took: 0.0025248 seconds
[18.197s][info ][safepoint      ] Application time: 0.0014639 seconds
[18.198s][info ][safepoint      ] Entering safepoint region: ParallelGCFailedAllocation
[18.198s][info ][gc,start       ] GC(26) Pause Young (Allocation Failure)
[18.214s][debug][gc,phases      ] GC(26) Scavenge 15.977ms
[18.214s][debug][gc,ref         ] GC(26) Skipped phase1 of Reference Processing due to unavailable references
[18.214s][debug][gc,ref         ] GC(26) Skipped phase3 of Reference Processing due to unavailable references
[18.214s][debug][gc,phases      ] GC(26) Reference Processing 0.124ms
[18.214s][debug][gc,phases      ] GC(26) Weak Processing 0.183ms
[18.215s][debug][gc,phases      ] GC(26) Scrub String Table 0.545ms
[18.215s][debug][gc,age         ] GC(26) Desired survivor size 245366784 bytes, new threshold 15 (max threshold 15)
[18.215s][info ][gc,heap        ] GC(26) PSYoungGen: 1657304K->44536K(1853952K)
[18.215s][info ][gc,heap        ] GC(26) ParOldGen: 141578K->142790K(209408K)
[18.215s][info ][gc,metaspace   ] GC(26) Metaspace: 60518K->60518K(1103872K)
[18.215s][info ][gc             ] GC(26) Pause Young (Allocation Failure) 1756M->182M(2015M) 16.970ms
[18.215s][info ][gc,cpu         ] GC(26) User=0.06s Sys=0.00s Real=0.01s
[18.215s][info ][safepoint      ] Leaving safepoint region
[18.215s][info ][safepoint      ] Total time for which application threads were stopped: 0.0173719 seconds, Stopping threads took: 0.0000977 seconds
[18.369s][info ][safepoint      ] Application time: 0.1541990 seconds
[18.372s][info ][safepoint      ] Entering safepoint region: Deoptimize
[18.374s][info ][safepoint      ] Leaving safepoint region
[18.374s][info ][safepoint      ] Total time for which application threads were stopped: 0.0036088 seconds, Stopping threads took: 0.0019823 seconds
[18.665s][info ][safepoint      ] Application time: 0.2911982 seconds
[18.665s][info ][safepoint      ] Entering safepoint region: ParallelGCFailedAllocation
[18.666s][info ][gc,start       ] GC(27) Pause Young (Allocation Failure)
[18.683s][debug][gc,phases      ] GC(27) Scavenge 17.022ms
[18.683s][debug][gc,ref         ] GC(27) Skipped phase1 of Reference Processing due to unavailable references
[18.683s][debug][gc,ref         ] GC(27) Skipped phase3 of Reference Processing due to unavailable references
[18.683s][debug][gc,phases      ] GC(27) Reference Processing 0.184ms
[18.683s][debug][gc,phases      ] GC(27) Weak Processing 0.234ms
[18.684s][debug][gc,phases      ] GC(27) Scrub String Table 0.610ms
[18.684s][debug][gc,age         ] GC(27) Desired survivor size 241696768 bytes, new threshold 15 (max threshold 15)
[18.684s][info ][gc,heap        ] GC(27) PSYoungGen: 1656312K->42680K(1861120K)
[18.684s][info ][gc,heap        ] GC(27) ParOldGen: 142790K->144970K(209408K)
[18.684s][info ][gc,metaspace   ] GC(27) Metaspace: 60621K->60621K(1103872K)
[18.684s][info ][gc             ] GC(27) Pause Young (Allocation Failure) 1756M->183M(2022M) 18.223ms
[18.684s][info ][gc,cpu         ] GC(27) User=0.08s Sys=0.00s Real=0.02s
[18.684s][info ][safepoint      ] Leaving safepoint region
[18.684s][info ][safepoint      ] Total time for which application threads were stopped: 0.0185820 seconds, Stopping threads took: 0.0000723 seconds
[19.104s][info ][safepoint      ] Application time: 0.4196839 seconds
[19.104s][info ][safepoint      ] Entering safepoint region: ParallelGCFailedAllocation
[19.105s][info ][gc,start       ] GC(28) Pause Young (Allocation Failure)
[19.119s][debug][gc,phases      ] GC(28) Scavenge 14.692ms
[19.119s][debug][gc,ref         ] GC(28) Skipped phase1 of Reference Processing due to unavailable references
[19.120s][debug][gc,ref         ] GC(28) Skipped phase3 of Reference Processing due to unavailable references
[19.120s][debug][gc,phases      ] GC(28) Reference Processing 0.208ms
[19.120s][debug][gc,phases      ] GC(28) Weak Processing 0.238ms
[19.121s][debug][gc,phases      ] GC(28) Scrub String Table 0.591ms
[19.121s][debug][gc,age         ] GC(28) Desired survivor size 236978176 bytes, new threshold 15 (max threshold 15)
[19.121s][info ][gc,heap        ] GC(28) PSYoungGen: 1664184K->41272K(1857536K)
[19.121s][info ][gc,heap        ] GC(28) ParOldGen: 144970K->146554K(209408K)
[19.121s][info ][gc,metaspace   ] GC(28) Metaspace: 60636K->60636K(1103872K)
[19.121s][info ][gc             ] GC(28) Pause Young (Allocation Failure) 1766M->183M(2018M) 15.900ms
[19.121s][info ][gc,cpu         ] GC(28) User=0.06s Sys=0.00s Real=0.02s
[19.121s][info ][safepoint      ] Leaving safepoint region
[19.121s][info ][safepoint      ] Total time for which application threads were stopped: 0.0169339 seconds, Stopping threads took: 0.0007450 seconds
[19.615s][info ][safepoint      ] Application time: 0.4943802 seconds
[19.615s][info ][safepoint      ] Entering safepoint region: ParallelGCFailedAllocation
[19.615s][info ][gc,start       ] GC(29) Pause Young (Allocation Failure)
[19.633s][debug][gc,phases      ] GC(29) Scavenge 17.709ms
[19.633s][debug][gc,ref         ] GC(29) Skipped phase1 of Reference Processing due to unavailable references
[19.633s][debug][gc,ref         ] GC(29) Skipped phase3 of Reference Processing due to unavailable references
[19.633s][debug][gc,phases      ] GC(29) Reference Processing 0.207ms
[19.634s][debug][gc,phases      ] GC(29) Weak Processing 0.227ms
[19.634s][debug][gc,phases      ] GC(29) Scrub String Table 0.642ms
[19.634s][debug][gc,age         ] GC(29) Desired survivor size 231211008 bytes, new threshold 15 (max threshold 15)
[19.634s][info ][gc,heap        ] GC(29) PSYoungGen: 1662776K->40104K(1871360K)
[19.634s][info ][gc,heap        ] GC(29) ParOldGen: 146554K->148082K(209408K)
[19.634s][info ][gc,metaspace   ] GC(29) Metaspace: 60648K->60648K(1103872K)
[19.634s][info ][gc             ] GC(29) Pause Young (Allocation Failure) 1766M->183M(2032M) 18.940ms
[19.634s][info ][gc,cpu         ] GC(29) User=0.06s Sys=0.00s Real=0.02s
[19.634s][info ][safepoint      ] Leaving safepoint region
[19.634s][info ][safepoint      ] Total time for which application threads were stopped: 0.0193728 seconds, Stopping threads took: 0.0001146 seconds
[20.197s][info ][safepoint      ] Application time: 0.5621904 seconds
[20.197s][info ][safepoint      ] Entering safepoint region: ParallelGCFailedAllocation
[20.197s][info ][gc,start       ] GC(30) Pause Young (Allocation Failure)
[20.212s][debug][gc,phases      ] GC(30) Scavenge 15.166ms
[20.212s][debug][gc,ref         ] GC(30) Skipped phase1 of Reference Processing due to unavailable references
[20.212s][debug][gc,ref         ] GC(30) Skipped phase3 of Reference Processing due to unavailable references
[20.212s][debug][gc,phases      ] GC(30) Reference Processing 0.114ms
[20.213s][debug][gc,phases      ] GC(30) Weak Processing 0.165ms
[20.213s][debug][gc,phases      ] GC(30) Scrub String Table 0.462ms
[20.213s][debug][gc,age         ] GC(30) Desired survivor size 225443840 bytes, new threshold 15 (max threshold 15)
[20.213s][info ][gc,heap        ] GC(30) PSYoungGen: 1680040K->36440K(1865728K)
[20.213s][info ][gc,heap        ] GC(30) ParOldGen: 148082K->151986K(209408K)
[20.213s][info ][gc,metaspace   ] GC(30) Metaspace: 60660K->60660K(1103872K)
[20.213s][info ][gc             ] GC(30) Pause Young (Allocation Failure) 1785M->184M(2026M) 16.046ms
[20.213s][info ][gc,cpu         ] GC(30) User=0.06s Sys=0.00s Real=0.02s
[20.213s][info ][safepoint      ] Leaving safepoint region
[20.213s][info ][safepoint      ] Total time for which application threads were stopped: 0.0165039 seconds, Stopping threads took: 0.0001646 seconds
[20.637s][info ][safepoint      ] Application time: 0.4242630 seconds
[20.640s][info ][safepoint      ] Entering safepoint region: ParallelGCFailedAllocation
[20.640s][info ][gc,start       ] GC(31) Pause Young (Allocation Failure)
[20.650s][debug][gc,phases      ] GC(31) Scavenge 10.287ms
[20.650s][debug][gc,ref         ] GC(31) Skipped phase1 of Reference Processing due to unavailable references
[20.650s][debug][gc,ref         ] GC(31) Skipped phase3 of Reference Processing due to unavailable references
[20.650s][debug][gc,phases      ] GC(31) Reference Processing 0.083ms
[20.650s][debug][gc,phases      ] GC(31) Weak Processing 0.193ms
[20.651s][debug][gc,phases      ] GC(31) Scrub String Table 0.492ms
[20.651s][debug][gc,age         ] GC(31) Desired survivor size 218628096 bytes, new threshold 15 (max threshold 15)
[20.651s][info ][gc,heap        ] GC(31) PSYoungGen: 1676376K->35816K(1883648K)
[20.651s][info ][gc,heap        ] GC(31) ParOldGen: 151986K->153214K(209408K)
[20.651s][info ][gc,metaspace   ] GC(31) Metaspace: 60717K->60717K(1103872K)
[20.651s][info ][gc             ] GC(31) Pause Young (Allocation Failure) 1785M->184M(2044M) 11.196ms
[20.651s][info ][gc,cpu         ] GC(31) User=0.04s Sys=0.00s Real=0.01s
[20.651s][info ][safepoint      ] Leaving safepoint region
[20.651s][info ][safepoint      ] Total time for which application threads were stopped: 0.0134989 seconds, Stopping threads took: 0.0020554 seconds
[21.056s][info ][safepoint      ] Application time: 0.4051884 seconds
[21.059s][info ][safepoint      ] Entering safepoint region: ParallelGCFailedAllocation
[21.059s][info ][gc,start       ] GC(32) Pause Young (Allocation Failure)
[21.072s][debug][gc,phases      ] GC(32) Scavenge 13.242ms
[21.072s][debug][gc,ref         ] GC(32) Skipped phase1 of Reference Processing due to unavailable references
[21.072s][debug][gc,ref         ] GC(32) Skipped phase3 of Reference Processing due to unavailable references
[21.072s][debug][gc,phases      ] GC(32) Reference Processing 0.128ms
[21.073s][debug][gc,phases      ] GC(32) Weak Processing 0.219ms
[21.073s][debug][gc,phases      ] GC(32) Scrub String Table 0.658ms
[21.073s][debug][gc,age         ] GC(32) Desired survivor size 211812352 bytes, new threshold 15 (max threshold 15)
[21.073s][info ][gc,heap        ] GC(32) PSYoungGen: 1699304K->35736K(1876992K)
[21.073s][info ][gc,heap        ] GC(32) ParOldGen: 153214K->154711K(209408K)
[21.073s][info ][gc,metaspace   ] GC(32) Metaspace: 60733K->60733K(1103872K)
[21.073s][info ][gc             ] GC(32) Pause Young (Allocation Failure) 1809M->185M(2037M) 14.468ms
[21.073s][info ][gc,cpu         ] GC(32) User=0.04s Sys=0.00s Real=0.01s
[21.073s][info ][safepoint      ] Leaving safepoint region
[21.073s][info ][safepoint      ] Total time for which application threads were stopped: 0.0172463 seconds, Stopping threads took: 0.0024916 seconds
[21.499s][info ][safepoint      ] Application time: 0.4258498 seconds
[21.501s][info ][safepoint      ] Entering safepoint region: ParallelGCFailedAllocation
[21.502s][info ][gc,start       ] GC(33) Pause Young (Allocation Failure)
[21.513s][debug][gc,phases      ] GC(33) Scavenge 11.538ms
[21.513s][debug][gc,ref         ] GC(33) Skipped phase1 of Reference Processing due to unavailable references
[21.513s][debug][gc,ref         ] GC(33) Skipped phase3 of Reference Processing due to unavailable references
[21.513s][debug][gc,phases      ] GC(33) Reference Processing 0.060ms
[21.513s][debug][gc,phases      ] GC(33) Weak Processing 0.197ms
[21.514s][debug][gc,phases      ] GC(33) Scrub String Table 0.450ms
[21.514s][debug][gc,age         ] GC(33) Desired survivor size 204996608 bytes, new threshold 15 (max threshold 15)
[21.514s][info ][gc,heap        ] GC(33) PSYoungGen: 1699224K->32552K(1896960K)
[21.514s][info ][gc,heap        ] GC(33) ParOldGen: 154711K->158258K(209408K)
[21.514s][info ][gc,metaspace   ] GC(33) Metaspace: 60734K->60734K(1103872K)
[21.514s][info ][gc             ] GC(33) Pause Young (Allocation Failure) 1810M->186M(2057M) 12.387ms
[21.514s][info ][gc,cpu         ] GC(33) User=0.04s Sys=0.00s Real=0.01s
[21.514s][info ][safepoint      ] Leaving safepoint region
[21.514s][info ][safepoint      ] Total time for which application threads were stopped: 0.0146765 seconds, Stopping threads took: 0.0020619 seconds
[21.944s][info ][safepoint      ] Application time: 0.4304447 seconds
[21.945s][info ][safepoint      ] Entering safepoint region: ParallelGCFailedAllocation
[21.945s][info ][gc,start       ] GC(34) Pause Young (Allocation Failure)
[21.956s][debug][gc,phases      ] GC(34) Scavenge 10.684ms
[21.956s][debug][gc,ref         ] GC(34) Skipped phase1 of Reference Processing due to unavailable references
[21.956s][debug][gc,ref         ] GC(34) Skipped phase3 of Reference Processing due to unavailable references
[21.956s][debug][gc,phases      ] GC(34) Reference Processing 0.056ms
[21.956s][debug][gc,phases      ] GC(34) Weak Processing 0.136ms
[21.956s][debug][gc,phases      ] GC(34) Scrub String Table 0.432ms
[21.956s][debug][gc,age         ] GC(34) Desired survivor size 198180864 bytes, new threshold 15 (max threshold 15)
[21.956s][info ][gc,heap        ] GC(34) PSYoungGen: 1722664K->27912K(1890304K)
[21.956s][info ][gc,heap        ] GC(34) ParOldGen: 158258K->163591K(209408K)
[21.956s][info ][gc,metaspace   ] GC(34) Metaspace: 60735K->60735K(1103872K)
[21.956s][info ][gc             ] GC(34) Pause Young (Allocation Failure) 1836M->187M(2050M) 11.436ms
[21.956s][info ][gc,cpu         ] GC(34) User=0.04s Sys=0.00s Real=0.01s
[21.956s][info ][safepoint      ] Leaving safepoint region
[21.956s][info ][safepoint      ] Total time for which application threads were stopped: 0.0118340 seconds, Stopping threads took: 0.0001553 seconds
[22.405s][info ][safepoint      ] Application time: 0.4489435 seconds
[22.408s][info ][safepoint      ] Entering safepoint region: ParallelGCFailedAllocation
[22.408s][info ][gc,start       ] GC(35) Pause Young (Allocation Failure)
[22.418s][debug][gc,phases      ] GC(35) Scavenge 10.718ms
[22.419s][debug][gc,ref         ] GC(35) Skipped phase1 of Reference Processing due to unavailable references
[22.419s][debug][gc,ref         ] GC(35) Skipped phase3 of Reference Processing due to unavailable references
[22.419s][debug][gc,phases      ] GC(35) Reference Processing 0.056ms
[22.419s][debug][gc,phases      ] GC(35) Weak Processing 0.135ms
[22.419s][debug][gc,phases      ] GC(35) Scrub String Table 0.518ms
[22.419s][debug][gc,age         ] GC(35) Desired survivor size 191889408 bytes, new threshold 15 (max threshold 15)
[22.419s][info ][gc,heap        ] GC(35) PSYoungGen: 1718024K->23912K(1909760K)
[22.419s][info ][gc,heap        ] GC(35) ParOldGen: 163591K->168728K(209408K)
[22.419s][info ][gc,metaspace   ] GC(35) Metaspace: 60738K->60738K(1103872K)
[22.419s][info ][gc             ] GC(35) Pause Young (Allocation Failure) 1837M->188M(2069M) 11.582ms
[22.419s][info ][gc,cpu         ] GC(35) User=0.04s Sys=0.00s Real=0.02s
[22.419s][info ][safepoint      ] Leaving safepoint region
[22.419s][info ][safepoint      ] Total time for which application threads were stopped: 0.0140366 seconds, Stopping threads took: 0.0021917 seconds
[22.864s][info ][safepoint      ] Application time: 0.4448350 seconds
[22.866s][info ][safepoint      ] Entering safepoint region: ParallelGCFailedAllocation
[22.867s][info ][gc,start       ] GC(36) Pause Young (Allocation Failure)
[22.880s][debug][gc,phases      ] GC(36) Scavenge 13.367ms
[22.880s][debug][gc,ref         ] GC(36) Skipped phase1 of Reference Processing due to unavailable references
[22.880s][debug][gc,ref         ] GC(36) Skipped phase3 of Reference Processing due to unavailable references
[22.880s][debug][gc,phases      ] GC(36) Reference Processing 0.057ms
[22.880s][debug][gc,phases      ] GC(36) Weak Processing 0.150ms
[22.881s][debug][gc,phases      ] GC(36) Scrub String Table 0.441ms
[22.881s][debug][gc,age         ] GC(36) Desired survivor size 186122240 bytes, new threshold 15 (max threshold 15)
[22.881s][info ][gc,heap        ] GC(36) PSYoungGen: 1740136K->17944K(1903616K)
[22.881s][info ][gc,heap        ] GC(36) ParOldGen: 168728K->177146K(209408K)
[22.881s][info ][gc,metaspace   ] GC(36) Metaspace: 60756K->60756K(1103872K)
[22.881s][info ][gc             ] GC(36) Pause Young (Allocation Failure) 1864M->190M(2063M) 14.153ms
[22.881s][info ][gc,cpu         ] GC(36) User=0.07s Sys=0.00s Real=0.02s
[22.881s][info ][safepoint      ] Leaving safepoint region
[22.881s][info ][safepoint      ] Total time for which application threads were stopped: 0.0165872 seconds, Stopping threads took: 0.0021952 seconds
[22.990s][info ][safepoint      ] Application time: 0.1093185 seconds
[22.990s][info ][safepoint      ] Entering safepoint region: RevokeBias
[22.990s][info ][safepoint      ] Leaving safepoint region
[22.990s][info ][safepoint      ] Total time for which application threads were stopped: 0.0001855 seconds, Stopping threads took: 0.0000797 seconds
[22.998s][info ][safepoint      ] Application time: 0.0076460 seconds
[22.998s][info ][safepoint      ] Entering safepoint region: RevokeBias
[22.998s][info ][safepoint      ] Leaving safepoint region
[22.998s][info ][safepoint      ] Total time for which application threads were stopped: 0.0002502 seconds, Stopping threads took: 0.0001247 seconds
[22.999s][info ][safepoint      ] Application time: 0.0005670 seconds
[22.999s][info ][safepoint      ] Entering safepoint region: RevokeBias
[22.999s][info ][safepoint      ] Leaving safepoint region
[22.999s][info ][safepoint      ] Total time for which application threads were stopped: 0.0002098 seconds, Stopping threads took: 0.0001473 seconds
[23.043s][info ][safepoint      ] Application time: 0.0438109 seconds
[23.043s][info ][safepoint      ] Entering safepoint region: RevokeBias
[23.043s][info ][safepoint      ] Leaving safepoint region
[23.043s][info ][safepoint      ] Total time for which application threads were stopped: 0.0001669 seconds, Stopping threads took: 0.0000499 seconds
[23.090s][info ][safepoint      ] Application time: 0.0473092 seconds
[23.093s][info ][safepoint      ] Entering safepoint region: RevokeBias
[23.093s][info ][safepoint      ] Leaving safepoint region
[23.093s][info ][safepoint      ] Total time for which application threads were stopped: 0.0022526 seconds, Stopping threads took: 0.0021233 seconds
[23.381s][info ][safepoint      ] Application time: 0.2882108 seconds
[23.381s][info ][safepoint      ] Entering safepoint region: RevokeBias
[23.381s][info ][safepoint      ] Leaving safepoint region
[23.381s][info ][safepoint      ] Total time for which application threads were stopped: 0.0003618 seconds, Stopping threads took: 0.0001967 seconds
[23.440s][info ][safepoint      ] Application time: 0.0583004 seconds
[23.442s][info ][safepoint      ] Entering safepoint region: RevokeBias
[23.442s][info ][safepoint      ] Leaving safepoint region
[23.442s][info ][safepoint      ] Total time for which application threads were stopped: 0.0028245 seconds, Stopping threads took: 0.0026003 seconds
[23.444s][info ][safepoint      ] Application time: 0.0015019 seconds
[23.445s][info ][safepoint      ] Entering safepoint region: RevokeBias
[23.446s][info ][safepoint      ] Leaving safepoint region
[23.446s][info ][safepoint      ] Total time for which application threads were stopped: 0.0015921 seconds, Stopping threads took: 0.0014068 seconds
[23.478s][info ][safepoint      ] Application time: 0.0321475 seconds
[23.480s][info ][safepoint      ] Entering safepoint region: ParallelGCFailedAllocation
[23.481s][info ][gc,start       ] GC(37) Pause Young (Allocation Failure)
[23.493s][debug][gc,phases      ] GC(37) Scavenge 12.180ms
[23.493s][debug][gc,ref         ] GC(37) Skipped phase1 of Reference Processing due to unavailable references
[23.493s][debug][gc,ref         ] GC(37) Skipped phase3 of Reference Processing due to unavailable references
[23.493s][debug][gc,phases      ] GC(37) Reference Processing 0.062ms
[23.493s][debug][gc,phases      ] GC(37) Weak Processing 0.150ms
[23.493s][debug][gc,phases      ] GC(37) Scrub String Table 0.465ms
[23.493s][debug][gc,age         ] GC(37) Desired survivor size 181403648 bytes, new threshold 15 (max threshold 15)
[23.493s][info ][gc,heap        ] GC(37) PSYoungGen: 1734168K->9624K(1920000K)
[23.493s][info ][gc,heap        ] GC(37) ParOldGen: 177146K->187657K(209408K)
[23.493s][info ][gc,metaspace   ] GC(37) Metaspace: 62997K->62997K(1105920K)
[23.494s][info ][gc             ] GC(37) Pause Young (Allocation Failure) 1866M->192M(2079M) 12.987ms
[23.494s][info ][gc,cpu         ] GC(37) User=0.05s Sys=0.00s Real=0.01s
[23.494s][debug][gc,phases      ] GC(38) Pre Compact 0.011ms
[23.494s][info ][gc,start       ] GC(38) Pause Full (Ergonomics)
[23.494s][info ][gc,phases,start] GC(38) Marking Phase
[23.569s][debug][gc,phases      ] GC(38) Par Mark 75.192ms
[23.569s][debug][gc,ref         ] GC(38) Skipped phase1 of Reference Processing due to unavailable references
[23.569s][debug][gc,ref         ] GC(38) Skipped phase3 of Reference Processing due to unavailable references
[23.569s][debug][gc,phases      ] GC(38) Reference Processing 0.116ms
[23.570s][debug][gc,phases      ] GC(38) Weak Processing 0.144ms
[23.570s][debug][gc,phases      ] GC(38) ClassLoaderData 0.582ms
[23.570s][debug][gc,phases      ] GC(38) ProtectionDomainCacheTable 0.003ms
[23.570s][debug][gc,phases      ] GC(38) ResolvedMethodTable 0.112ms
[23.575s][debug][gc,phases      ] GC(38) Class Unloading 5.494ms
[23.576s][debug][gc,phases      ] GC(38) Scrub String Table 0.470ms
[23.581s][debug][gc,phases      ] GC(38) Scrub Symbol Table 5.730ms
[23.581s][info ][gc,phases      ] GC(38) Marking Phase 87.793ms
[23.581s][info ][gc,phases,start] GC(38) Summary Phase
[23.581s][info ][gc,phases      ] GC(38) Summary Phase 0.012ms
[23.581s][info ][gc,phases,start] GC(38) Adjust Roots
[23.598s][info ][gc,phases      ] GC(38) Adjust Roots 16.228ms
[23.598s][info ][gc,phases,start] GC(38) Compaction Phase
[23.695s][info ][gc,phases      ] GC(38) Compaction Phase 97.078ms
[23.695s][info ][gc,phases,start] GC(38) Post Compact
[23.696s][info ][gc,phases      ] GC(38) Post Compact 0.725ms
[23.696s][info ][gc,heap        ] GC(38) PSYoungGen: 9624K->0K(1915392K)
[23.696s][info ][gc,heap        ] GC(38) ParOldGen: 187657K->194085K(258048K)
[23.696s][info ][gc,metaspace   ] GC(38) Metaspace: 62997K->62997K(1105920K)
[23.696s][info ][gc             ] GC(38) Pause Full (Ergonomics) 192M->189M(2122M) 202.082ms
[23.696s][info ][gc,cpu         ] GC(38) User=0.71s Sys=0.00s Real=0.20s
[23.696s][info ][safepoint      ] Leaving safepoint region
[23.696s][info ][safepoint      ] Total time for which application threads were stopped: 0.2179046 seconds, Stopping threads took: 0.0025403 seconds
[23.724s][info ][safepoint      ] Application time: 0.0280928 seconds
[23.724s][info ][safepoint      ] Entering safepoint region: RevokeBias
[23.724s][info ][safepoint      ] Leaving safepoint region
[23.724s][info ][safepoint      ] Total time for which application threads were stopped: 0.0003773 seconds, Stopping threads took: 0.0001923 seconds
[23.724s][info ][safepoint      ] Application time: 0.0000436 seconds
[23.724s][info ][safepoint      ] Entering safepoint region: RevokeBias
[23.724s][info ][safepoint      ] Leaving safepoint region
[23.724s][info ][safepoint      ] Total time for which application threads were stopped: 0.0001277 seconds, Stopping threads took: 0.0000550 seconds
[23.724s][info ][safepoint      ] Application time: 0.0000291 seconds
[23.724s][info ][safepoint      ] Entering safepoint region: RevokeBias
[23.725s][info ][safepoint      ] Leaving safepoint region
[23.725s][info ][safepoint      ] Total time for which application threads were stopped: 0.0001073 seconds, Stopping threads took: 0.0000387 seconds
[23.732s][info ][safepoint      ] Application time: 0.0076335 seconds
[23.734s][info ][safepoint      ] Entering safepoint region: RevokeBias
[23.734s][info ][safepoint      ] Leaving safepoint region
[23.734s][info ][safepoint      ] Total time for which application threads were stopped: 0.0022165 seconds, Stopping threads took: 0.0021004 seconds
[23.734s][info ][safepoint      ] Application time: 0.0000360 seconds
[23.734s][info ][safepoint      ] Entering safepoint region: RevokeBias
[23.735s][info ][safepoint      ] Leaving safepoint region
[23.735s][info ][safepoint      ] Total time for which application threads were stopped: 0.0001023 seconds, Stopping threads took: 0.0000269 seconds
[23.751s][info ][safepoint      ] Application time: 0.0161187 seconds
[23.751s][info ][safepoint      ] Entering safepoint region: RevokeBias
[23.751s][info ][safepoint      ] Leaving safepoint region
[23.751s][info ][safepoint      ] Total time for which application threads were stopped: 0.0003850 seconds, Stopping threads took: 0.0002443 seconds
[23.847s][info ][safepoint      ] Application time: 0.0956046 seconds
[23.849s][info ][safepoint      ] Entering safepoint region: RevokeBias
[23.849s][info ][safepoint      ] Leaving safepoint region
[23.849s][info ][safepoint      ] Total time for which application threads were stopped: 0.0022712 seconds, Stopping threads took: 0.0021014 seconds
[23.993s][info ][safepoint      ] Application time: 0.1435325 seconds
[23.993s][info ][safepoint      ] Entering safepoint region: Deoptimize
[23.994s][info ][safepoint      ] Leaving safepoint region
[23.994s][info ][safepoint      ] Total time for which application threads were stopped: 0.0017360 seconds, Stopping threads took: 0.0001660 seconds
[24.032s][info ][safepoint      ] Application time: 0.0375786 seconds
[24.034s][info ][safepoint      ] Entering safepoint region: RevokeBias
[24.034s][info ][safepoint      ] Leaving safepoint region
[24.034s][info ][safepoint      ] Total time for which application threads were stopped: 0.0021789 seconds, Stopping threads took: 0.0020176 seconds
[24.036s][info ][safepoint      ] Application time: 0.0015158 seconds
[24.036s][info ][safepoint      ] Entering safepoint region: RevokeBias
[24.036s][info ][safepoint      ] Leaving safepoint region
[24.036s][info ][safepoint      ] Total time for which application threads were stopped: 0.0002771 seconds, Stopping threads took: 0.0001124 seconds
[24.036s][info ][safepoint      ] Application time: 0.0002420 seconds
[24.037s][info ][safepoint      ] Entering safepoint region: RevokeBias
[24.038s][info ][safepoint      ] Leaving safepoint region
[24.038s][info ][safepoint      ] Total time for which application threads were stopped: 0.0013705 seconds, Stopping threads took: 0.0012280 seconds
[24.043s][info ][safepoint      ] Application time: 0.0052687 seconds
[24.045s][info ][safepoint      ] Entering safepoint region: RevokeBias
[24.045s][info ][safepoint      ] Leaving safepoint region
[24.045s][info ][safepoint      ] Total time for which application threads were stopped: 0.0022954 seconds, Stopping threads took: 0.0021634 seconds
[24.255s][info ][safepoint      ] Application time: 0.2094500 seconds
[24.256s][info ][safepoint      ] Entering safepoint region: RevokeBias
[24.256s][info ][safepoint      ] Leaving safepoint region
[24.256s][info ][safepoint      ] Total time for which application threads were stopped: 0.0011892 seconds, Stopping threads took: 0.0009663 seconds
[24.302s][info ][safepoint      ] Application time: 0.0458025 seconds
[24.306s][info ][safepoint      ] Entering safepoint region: Deoptimize
[24.308s][info ][safepoint      ] Leaving safepoint region
[24.308s][info ][safepoint      ] Total time for which application threads were stopped: 0.0060906 seconds, Stopping threads took: 0.0045467 seconds
[24.309s][info ][safepoint      ] Application time: 0.0009069 seconds
[24.309s][info ][safepoint      ] Entering safepoint region: RevokeBias
[24.309s][info ][safepoint      ] Leaving safepoint region
[24.309s][info ][safepoint      ] Total time for which application threads were stopped: 0.0002011 seconds, Stopping threads took: 0.0000847 seconds
[24.310s][info ][safepoint      ] Application time: 0.0006821 seconds
[24.310s][info ][safepoint      ] Entering safepoint region: Deoptimize
[24.311s][info ][safepoint      ] Leaving safepoint region
[24.311s][info ][safepoint      ] Total time for which application threads were stopped: 0.0015637 seconds, Stopping threads took: 0.0000996 seconds
[24.317s][info ][safepoint      ] Application time: 0.0058310 seconds
[24.317s][info ][safepoint      ] Entering safepoint region: RevokeBias
[24.317s][info ][safepoint      ] Leaving safepoint region
[24.317s][info ][safepoint      ] Total time for which application threads were stopped: 0.0002914 seconds, Stopping threads took: 0.0000907 seconds
[24.330s][info ][safepoint      ] Application time: 0.0127288 seconds
[24.333s][info ][safepoint      ] Entering safepoint region: RevokeBias
[24.333s][info ][safepoint      ] Leaving safepoint region
[24.333s][info ][safepoint      ] Total time for which application threads were stopped: 0.0026980 seconds, Stopping threads took: 0.0025328 seconds
[24.387s][info ][safepoint      ] Application time: 0.0539752 seconds
[24.388s][info ][safepoint      ] Entering safepoint region: ParallelGCFailedAllocation
[24.388s][info ][gc,start       ] GC(39) Pause Young (Allocation Failure)
[24.399s][debug][gc,phases      ] GC(39) Scavenge 10.637ms
[24.399s][debug][gc,ref         ] GC(39) Skipped phase1 of Reference Processing due to unavailable references
[24.399s][debug][gc,ref         ] GC(39) Skipped phase3 of Reference Processing due to unavailable references
[24.399s][debug][gc,phases      ] GC(39) Reference Processing 0.056ms
[24.399s][debug][gc,phases      ] GC(39) Weak Processing 0.169ms
[24.400s][debug][gc,phases      ] GC(39) Scrub String Table 0.594ms
[24.400s][debug][gc,age         ] GC(39) Desired survivor size 175636480 bytes, new threshold 15 (max threshold 15)
[24.400s][info ][gc,heap        ] GC(39) PSYoungGen: 1738240K->10193K(1925632K)
[24.400s][info ][gc,heap        ] GC(39) ParOldGen: 194085K->194093K(258048K)
[24.400s][info ][gc,metaspace   ] GC(39) Metaspace: 67864K->67864K(1110016K)
[24.400s][info ][gc             ] GC(39) Pause Young (Allocation Failure) 1887M->199M(2132M) 11.618ms
[24.400s][info ][gc,cpu         ] GC(39) User=0.04s Sys=0.00s Real=0.02s
[24.400s][info ][safepoint      ] Leaving safepoint region
[24.400s][info ][safepoint      ] Total time for which application threads were stopped: 0.0132087 seconds, Stopping threads took: 0.0013131 seconds
[24.400s][info ][safepoint      ] Application time: 0.0001305 seconds
[24.400s][info ][safepoint      ] Entering safepoint region: RevokeBias
[24.400s][info ][safepoint      ] Leaving safepoint region
[24.400s][info ][safepoint      ] Total time for which application threads were stopped: 0.0002232 seconds, Stopping threads took: 0.0000617 seconds
[24.839s][info ][safepoint      ] Application time: 0.4389623 seconds
[24.840s][info ][safepoint      ] Entering safepoint region: ICBufferFull
[24.840s][info ][safepoint      ] Leaving safepoint region
[24.840s][info ][safepoint      ] Total time for which application threads were stopped: 0.0004674 seconds, Stopping threads took: 0.0002114 seconds
[25.067s][info ][safepoint      ] Application time: 0.2266673 seconds
[25.070s][info ][safepoint      ] Entering safepoint region: RevokeBias
[25.070s][info ][safepoint      ] Leaving safepoint region
[25.070s][info ][safepoint      ] Total time for which application threads were stopped: 0.0034353 seconds, Stopping threads took: 0.0031852 seconds
[25.267s][info ][safepoint      ] Application time: 0.1972155 seconds
[25.267s][info ][safepoint      ] Entering safepoint region: ParallelGCFailedAllocation
[25.268s][info ][gc,start       ] GC(40) Pause Young (Allocation Failure)
[25.281s][debug][gc,phases      ] GC(40) Scavenge 12.914ms
[25.281s][debug][gc,ref         ] GC(40) Skipped phase1 of Reference Processing due to unavailable references
[25.281s][debug][gc,ref         ] GC(40) Skipped phase3 of Reference Processing due to unavailable references
[25.281s][debug][gc,phases      ] GC(40) Reference Processing 0.073ms
[25.281s][debug][gc,phases      ] GC(40) Weak Processing 0.167ms
[25.282s][debug][gc,phases      ] GC(40) Scrub String Table 0.547ms
[25.282s][debug][gc,age         ] GC(40) Desired survivor size 164626432 bytes, new threshold 15 (max threshold 15)
[25.282s][info ][gc,heap        ] GC(40) PSYoungGen: 1758673K->38978K(1920000K)
[25.282s][info ][gc,heap        ] GC(40) ParOldGen: 194093K->194101K(258048K)
[25.282s][info ][gc,metaspace   ] GC(40) Metaspace: 68971K->68971K(1112064K)
[25.282s][info ][gc             ] GC(40) Pause Young (Allocation Failure) 1906M->227M(2127M) 13.850ms
[25.282s][info ][gc,cpu         ] GC(40) User=0.05s Sys=0.00s Real=0.02s
[25.282s][info ][safepoint      ] Leaving safepoint region
[25.282s][info ][safepoint      ] Total time for which application threads were stopped: 0.0143767 seconds, Stopping threads took: 0.0001854 seconds
[25.833s][info ][safepoint      ] Application time: 0.5509143 seconds
[25.835s][info ][safepoint      ] Entering safepoint region: ICBufferFull
[25.835s][info ][safepoint      ] Leaving safepoint region
[25.835s][info ][safepoint      ] Total time for which application threads were stopped: 0.0024272 seconds, Stopping threads took: 0.0021903 seconds
[26.030s][info ][safepoint      ] Application time: 0.1945366 seconds
[26.039s][info ][safepoint      ] Entering safepoint region: ParallelGCFailedAllocation
[26.040s][info ][gc,start       ] GC(41) Pause Young (Allocation Failure)
[26.064s][debug][gc,phases      ] GC(41) Scavenge 24.026ms
[26.064s][debug][gc,ref         ] GC(41) Skipped phase1 of Reference Processing due to unavailable references
[26.064s][debug][gc,ref         ] GC(41) Skipped phase3 of Reference Processing due to unavailable references
[26.064s][debug][gc,phases      ] GC(41) Reference Processing 0.053ms
[26.064s][debug][gc,phases      ] GC(41) Weak Processing 0.155ms
[26.064s][debug][gc,phases      ] GC(41) Scrub String Table 0.512ms
[26.064s][debug][gc,age         ] GC(41) Desired survivor size 155713536 bytes, new threshold 15 (max threshold 15)
[26.065s][info ][gc,heap        ] GC(41) PSYoungGen: 1787458K->29298K(1945088K)
[26.065s][info ][gc,heap        ] GC(41) ParOldGen: 194101K->194109K(258048K)
[26.065s][info ][gc,metaspace   ] GC(41) Metaspace: 69276K->69276K(1112064K)
[26.065s][info ][gc             ] GC(41) Pause Young (Allocation Failure) 1935M->218M(2151M) 24.878ms
[26.065s][info ][gc,cpu         ] GC(41) User=0.10s Sys=0.00s Real=0.02s
[26.065s][info ][safepoint      ] Leaving safepoint region
[26.065s][info ][safepoint      ] Total time for which application threads were stopped: 0.0350128 seconds, Stopping threads took: 0.0098951 seconds
[26.338s][info ][safepoint      ] Application time: 0.2729554 seconds
[26.340s][info ][safepoint      ] Entering safepoint region: RevokeBias
[26.340s][info ][safepoint      ] Leaving safepoint region
[26.340s][info ][safepoint      ] Total time for which application threads were stopped: 0.0027304 seconds, Stopping threads took: 0.0025407 seconds
[26.700s][info ][safepoint      ] Application time: 0.3600010 seconds
[26.701s][info ][safepoint      ] Entering safepoint region: ParallelGCFailedAllocation
[26.702s][info ][gc,start       ] GC(42) Pause Young (Allocation Failure)
[26.714s][debug][gc,phases      ] GC(42) Scavenge 12.698ms
[26.714s][debug][gc,ref         ] GC(42) Skipped phase1 of Reference Processing due to unavailable references
[26.715s][debug][gc,ref         ] GC(42) Skipped phase3 of Reference Processing due to unavailable references
[26.715s][debug][gc,phases      ] GC(42) Reference Processing 0.059ms
[26.715s][debug][gc,phases      ] GC(42) Weak Processing 0.166ms
[26.715s][debug][gc,phases      ] GC(42) Scrub String Table 0.516ms
[26.715s][debug][gc,age         ] GC(42) Desired survivor size 147324928 bytes, new threshold 15 (max threshold 15)
[26.715s][info ][gc,heap        ] GC(42) PSYoungGen: 1813618K->30066K(1936384K)
[26.715s][info ][gc,heap        ] GC(42) ParOldGen: 194109K->194117K(258048K)
[26.715s][info ][gc,metaspace   ] GC(42) Metaspace: 69354K->69354K(1112064K)
[26.715s][info ][gc             ] GC(42) Pause Young (Allocation Failure) 1960M->218M(2143M) 13.584ms
[26.715s][info ][gc,cpu         ] GC(42) User=0.04s Sys=0.00s Real=0.01s
[26.715s][info ][safepoint      ] Leaving safepoint region
[26.715s][info ][safepoint      ] Total time for which application threads were stopped: 0.0149822 seconds, Stopping threads took: 0.0011469 seconds
[27.318s][info ][safepoint      ] Application time: 0.6024078 seconds
[27.320s][info ][safepoint      ] Entering safepoint region: ParallelGCFailedAllocation
[27.320s][info ][gc,start       ] GC(43) Pause Young (Allocation Failure)
[27.333s][debug][gc,phases      ] GC(43) Scavenge 12.934ms
[27.333s][debug][gc,ref         ] GC(43) Skipped phase1 of Reference Processing due to unavailable references
[27.333s][debug][gc,ref         ] GC(43) Skipped phase3 of Reference Processing due to unavailable references
[27.333s][debug][gc,phases      ] GC(43) Reference Processing 0.127ms
[27.333s][debug][gc,phases      ] GC(43) Weak Processing 0.165ms
[27.334s][debug][gc,phases      ] GC(43) Scrub String Table 0.490ms
[27.334s][debug][gc,age         ] GC(43) Desired survivor size 138936320 bytes, new threshold 15 (max threshold 15)
[27.334s][info ][gc,heap        ] GC(43) PSYoungGen: 1814386K->30768K(1961472K)
[27.334s][info ][gc,heap        ] GC(43) ParOldGen: 194117K->194125K(258048K)
[27.334s][info ][gc,metaspace   ] GC(43) Metaspace: 69388K->69388K(1112064K)
[27.334s][info ][gc             ] GC(43) Pause Young (Allocation Failure) 1961M->219M(2167M) 13.887ms
[27.334s][info ][gc,cpu         ] GC(43) User=0.06s Sys=0.00s Real=0.01s
[27.334s][info ][safepoint      ] Leaving safepoint region
[27.334s][info ][safepoint      ] Total time for which application threads were stopped: 0.0163080 seconds, Stopping threads took: 0.0021036 seconds
[28.007s][info ][safepoint      ] Application time: 0.6725522 seconds
[28.010s][info ][safepoint      ] Entering safepoint region: ParallelGCFailedAllocation
[28.011s][info ][gc,start       ] GC(44) Pause Young (Allocation Failure)
[28.032s][debug][gc,phases      ] GC(44) Scavenge 21.383ms
[28.032s][debug][gc,ref         ] GC(44) Skipped phase1 of Reference Processing due to unavailable references
[28.032s][debug][gc,ref         ] GC(44) Skipped phase3 of Reference Processing due to unavailable references
[28.032s][debug][gc,phases      ] GC(44) Reference Processing 0.075ms
[28.032s][debug][gc,phases      ] GC(44) Weak Processing 0.208ms
[28.033s][debug][gc,phases      ] GC(44) Scrub String Table 0.619ms
[28.033s][debug][gc,age         ] GC(44) Desired survivor size 131072000 bytes, new threshold 15 (max threshold 15)
[28.033s][info ][gc,heap        ] GC(44) PSYoungGen: 1848368K->31570K(1953280K)
[28.033s][info ][gc,heap        ] GC(44) ParOldGen: 194125K->194133K(258048K)
[28.033s][info ][gc,metaspace   ] GC(44) Metaspace: 69412K->69412K(1112064K)
[28.033s][info ][gc             ] GC(44) Pause Young (Allocation Failure) 1994M->220M(2159M) 22.461ms
[28.033s][info ][gc,cpu         ] GC(44) User=0.09s Sys=0.00s Real=0.02s
[28.033s][info ][safepoint      ] Leaving safepoint region
[28.033s][info ][safepoint      ] Total time for which application threads were stopped: 0.0265432 seconds, Stopping threads took: 0.0037143 seconds
[28.740s][info ][safepoint      ] Application time: 0.7070822 seconds
[28.741s][info ][safepoint      ] Entering safepoint region: ParallelGCFailedAllocation
[28.741s][info ][gc,start       ] GC(45) Pause Young (Allocation Failure)
[28.756s][debug][gc,phases      ] GC(45) Scavenge 14.790ms
[28.756s][debug][gc,ref         ] GC(45) Skipped phase1 of Reference Processing due to unavailable references
[28.756s][debug][gc,ref         ] GC(45) Skipped phase3 of Reference Processing due to unavailable references
[28.756s][debug][gc,phases      ] GC(45) Reference Processing 0.057ms
[28.756s][debug][gc,phases      ] GC(45) Weak Processing 0.164ms
[28.756s][debug][gc,phases      ] GC(45) Scrub String Table 0.556ms
[28.756s][debug][gc,age         ] GC(45) Desired survivor size 123731968 bytes, new threshold 15 (max threshold 15)
[28.756s][info ][gc,heap        ] GC(45) PSYoungGen: 1849170K->32482K(1976320K)
[28.756s][info ][gc,heap        ] GC(45) ParOldGen: 194133K->194133K(258048K)
[28.756s][info ][gc,metaspace   ] GC(45) Metaspace: 69477K->69477K(1112064K)
[28.756s][info ][gc             ] GC(45) Pause Young (Allocation Failure) 1995M->221M(2182M) 15.707ms
[28.756s][info ][gc,cpu         ] GC(45) User=0.06s Sys=0.00s Real=0.01s
[28.756s][info ][safepoint      ] Leaving safepoint region
[28.756s][info ][safepoint      ] Total time for which application threads were stopped: 0.0161312 seconds, Stopping threads took: 0.0001786 seconds
[29.318s][info ][safepoint      ] Application time: 0.5610554 seconds
[29.318s][info ][safepoint      ] Entering safepoint region: RevokeBias
[29.318s][info ][safepoint      ] Leaving safepoint region
[29.318s][info ][safepoint      ] Total time for which application threads were stopped: 0.0001443 seconds, Stopping threads took: 0.0000299 seconds
[29.318s][info ][safepoint      ] Application time: 0.0000857 seconds
[29.318s][info ][safepoint      ] Entering safepoint region: RevokeBias
[29.318s][info ][safepoint      ] Leaving safepoint region
[29.318s][info ][safepoint      ] Total time for which application threads were stopped: 0.0000210 seconds, Stopping threads took: 0.0000044 seconds
[29.318s][info ][safepoint      ] Application time: 0.0000626 seconds
[29.318s][info ][safepoint      ] Entering safepoint region: RevokeBias
[29.318s][info ][safepoint      ] Leaving safepoint region
[29.318s][info ][safepoint      ] Total time for which application threads were stopped: 0.0000246 seconds, Stopping threads took: 0.0000037 seconds
[29.319s][info ][safepoint      ] Application time: 0.0011072 seconds
[29.319s][info ][safepoint      ] Entering safepoint region: RevokeBias
[29.319s][info ][safepoint      ] Leaving safepoint region
[29.319s][info ][safepoint      ] Total time for which application threads were stopped: 0.0000265 seconds, Stopping threads took: 0.0000055 seconds
[29.319s][info ][safepoint      ] Application time: 0.0000370 seconds
[29.319s][info ][safepoint      ] Entering safepoint region: RevokeBias
[29.319s][info ][safepoint      ] Leaving safepoint region
[29.319s][info ][safepoint      ] Total time for which application threads were stopped: 0.0000182 seconds, Stopping threads took: 0.0000037 seconds
[29.319s][info ][safepoint      ] Application time: 0.0001221 seconds
[29.319s][info ][safepoint      ] Entering safepoint region: RevokeBias
[29.319s][info ][safepoint      ] Leaving safepoint region
[29.319s][info ][safepoint      ] Total time for which application threads were stopped: 0.0000192 seconds, Stopping threads took: 0.0000040 seconds
[29.319s][info ][safepoint      ] Application time: 0.0001089 seconds
[29.319s][info ][safepoint      ] Entering safepoint region: RevokeBias
[29.319s][info ][safepoint      ] Leaving safepoint region
[29.319s][info ][safepoint      ] Total time for which application threads were stopped: 0.0000183 seconds, Stopping threads took: 0.0000038 seconds
[30.132s][info ][safepoint      ] Application time: 0.8122727 seconds
[30.132s][info ][safepoint      ] Entering safepoint region: ICBufferFull
[30.132s][info ][safepoint      ] Leaving safepoint region
[30.132s][info ][safepoint      ] Total time for which application threads were stopped: 0.0001805 seconds, Stopping threads took: 0.0000108 seconds
[30.640s][info ][safepoint      ] Application time: 0.5083471 seconds
[30.640s][info ][safepoint      ] Entering safepoint region: ICBufferFull
[30.641s][info ][safepoint      ] Leaving safepoint region
[30.641s][info ][safepoint      ] Total time for which application threads were stopped: 0.0002321 seconds, Stopping threads took: 0.0000319 seconds
[30.644s][info ][safepoint      ] Application time: 0.0035832 seconds
[30.644s][info ][safepoint      ] Entering safepoint region: ICBufferFull
[30.644s][info ][safepoint      ] Leaving safepoint region
[30.644s][info ][safepoint      ] Total time for which application threads were stopped: 0.0002581 seconds, Stopping threads took: 0.0000117 seconds
[31.081s][info ][safepoint      ] Application time: 0.4364702 seconds
[31.081s][info ][safepoint      ] Entering safepoint region: ICBufferFull
[31.081s][info ][safepoint      ] Leaving safepoint region
[31.081s][info ][safepoint      ] Total time for which application threads were stopped: 0.0002676 seconds, Stopping threads took: 0.0000169 seconds
[32.081s][info ][safepoint      ] Application time: 1.0000753 seconds
[32.081s][info ][safepoint      ] Entering safepoint region: Cleanup
[32.081s][info ][safepoint      ] Leaving safepoint region
[32.081s][info ][safepoint      ] Total time for which application threads were stopped: 0.0002065 seconds, Stopping threads took: 0.0000495 seconds
[33.082s][info ][safepoint      ] Application time: 1.0000833 seconds
[33.082s][info ][safepoint      ] Entering safepoint region: Cleanup
[33.082s][info ][safepoint      ] Leaving safepoint region
[33.082s][info ][safepoint      ] Total time for which application threads were stopped: 0.0002249 seconds, Stopping threads took: 0.0000359 seconds
[33.791s][info ][safepoint      ] Application time: 0.7095803 seconds
[33.791s][info ][safepoint      ] Entering safepoint region: ICBufferFull
[33.792s][info ][safepoint      ] Leaving safepoint region
[33.792s][info ][safepoint      ] Total time for which application threads were stopped: 0.0003083 seconds, Stopping threads took: 0.0000492 seconds
[34.290s][info ][safepoint      ] Application time: 0.4980998 seconds
[34.290s][info ][safepoint      ] Entering safepoint region: ICBufferFull
[34.290s][info ][safepoint      ] Leaving safepoint region
[34.290s][info ][safepoint      ] Total time for which application threads were stopped: 0.0004895 seconds, Stopping threads took: 0.0001826 seconds
[35.290s][info ][safepoint      ] Application time: 1.0000961 seconds
[35.291s][info ][safepoint      ] Entering safepoint region: Cleanup
[35.291s][info ][safepoint      ] Leaving safepoint region
[35.291s][info ][safepoint      ] Total time for which application threads were stopped: 0.0001999 seconds, Stopping threads took: 0.0000184 seconds
[36.291s][info ][safepoint      ] Application time: 1.0000664 seconds
[36.293s][info ][safepoint      ] Entering safepoint region: Cleanup
[36.293s][info ][safepoint      ] Leaving safepoint region
[36.294s][info ][safepoint      ] Total time for which application threads were stopped: 0.0026882 seconds, Stopping threads took: 0.0025284 seconds
[37.294s][info ][safepoint      ] Application time: 1.0000746 seconds
[37.294s][info ][safepoint      ] Entering safepoint region: Cleanup
[37.294s][info ][safepoint      ] Leaving safepoint region
[37.294s][info ][safepoint      ] Total time for which application threads were stopped: 0.0001524 seconds, Stopping threads took: 0.0000211 seconds
[38.294s][info ][safepoint      ] Application time: 1.0000339 seconds
[38.294s][info ][safepoint      ] Entering safepoint region: Cleanup
[38.294s][info ][safepoint      ] Leaving safepoint region
[38.294s][info ][safepoint      ] Total time for which application threads were stopped: 0.0001893 seconds, Stopping threads took: 0.0000186 seconds
[39.294s][info ][safepoint      ] Application time: 1.0000955 seconds
[39.294s][info ][safepoint      ] Entering safepoint region: Cleanup
[39.294s][info ][safepoint      ] Leaving safepoint region
[39.294s][info ][safepoint      ] Total time for which application threads were stopped: 0.0002351 seconds, Stopping threads took: 0.0000179 seconds
[40.294s][info ][safepoint      ] Application time: 1.0000809 seconds
[40.295s][info ][safepoint      ] Entering safepoint region: Cleanup
[40.295s][info ][safepoint      ] Leaving safepoint region
[40.295s][info ][safepoint      ] Total time for which application threads were stopped: 0.0001850 seconds, Stopping threads took: 0.0000325 seconds
[41.295s][info ][safepoint      ] Application time: 1.0000720 seconds
[41.295s][info ][safepoint      ] Entering safepoint region: Cleanup
[41.295s][info ][safepoint      ] Leaving safepoint region
[41.295s][info ][safepoint      ] Total time for which application threads were stopped: 0.0000983 seconds, Stopping threads took: 0.0000148 seconds
[42.295s][info ][safepoint      ] Application time: 1.0000716 seconds
[42.295s][info ][safepoint      ] Entering safepoint region: Cleanup
[42.295s][info ][safepoint      ] Leaving safepoint region
[42.295s][info ][safepoint      ] Total time for which application threads were stopped: 0.0001508 seconds, Stopping threads took: 0.0000214 seconds
[42.859s][info ][safepoint      ] Application time: 0.5639362 seconds
[42.859s][info ][safepoint      ] Entering safepoint region: ICBufferFull
[42.860s][info ][safepoint      ] Leaving safepoint region
[42.860s][info ][safepoint      ] Total time for which application threads were stopped: 0.0003535 seconds, Stopping threads took: 0.0000656 seconds
[42.928s][info ][safepoint      ] Application time: 0.0681206 seconds
[42.928s][info ][safepoint      ] Entering safepoint region: ICBufferFull
[42.928s][info ][safepoint      ] Leaving safepoint region
[42.928s][info ][safepoint      ] Total time for which application threads were stopped: 0.0002541 seconds, Stopping threads took: 0.0000295 seconds
[43.928s][info ][safepoint      ] Application time: 1.0000824 seconds
[43.928s][info ][safepoint      ] Entering safepoint region: Cleanup
[43.928s][info ][safepoint      ] Leaving safepoint region
[43.928s][info ][safepoint      ] Total time for which application threads were stopped: 0.0001541 seconds, Stopping threads took: 0.0000445 seconds
[44.928s][info ][safepoint      ] Application time: 1.0000814 seconds
[44.928s][info ][safepoint      ] Entering safepoint region: Cleanup
[44.928s][info ][safepoint      ] Leaving safepoint region
[44.929s][info ][safepoint      ] Total time for which application threads were stopped: 0.0001532 seconds, Stopping threads took: 0.0000430 seconds
[45.929s][info ][safepoint      ] Application time: 1.0000788 seconds
[45.929s][info ][safepoint      ] Entering safepoint region: Cleanup
[45.929s][info ][safepoint      ] Leaving safepoint region
[45.929s][info ][safepoint      ] Total time for which application threads were stopped: 0.0001181 seconds, Stopping threads took: 0.0000313 seconds
[46.929s][info ][safepoint      ] Application time: 1.0000747 seconds
[46.929s][info ][safepoint      ] Entering safepoint region: Cleanup
[46.929s][info ][safepoint      ] Leaving safepoint region
[46.929s][info ][safepoint      ] Total time for which application threads were stopped: 0.0001223 seconds, Stopping threads took: 0.0000313 seconds
[47.929s][info ][safepoint      ] Application time: 1.0000710 seconds
[47.929s][info ][safepoint      ] Entering safepoint region: Cleanup
[47.929s][info ][safepoint      ] Leaving safepoint region
[47.929s][info ][safepoint      ] Total time for which application threads were stopped: 0.0002172 seconds, Stopping threads took: 0.0000678 seconds
[48.929s][info ][safepoint      ] Application time: 1.0000769 seconds
[48.929s][info ][safepoint      ] Entering safepoint region: Cleanup
[48.930s][info ][safepoint      ] Leaving safepoint region
[48.930s][info ][safepoint      ] Total time for which application threads were stopped: 0.0001322 seconds, Stopping threads took: 0.0000364 seconds
[49.930s][info ][safepoint      ] Application time: 1.0000720 seconds
[49.930s][info ][safepoint      ] Entering safepoint region: Cleanup
[49.930s][info ][safepoint      ] Leaving safepoint region
[49.930s][info ][safepoint      ] Total time for which application threads were stopped: 0.0001167 seconds, Stopping threads took: 0.0000460 seconds
[50.930s][info ][safepoint      ] Application time: 1.0000778 seconds
[50.930s][info ][safepoint      ] Entering safepoint region: Cleanup
[50.930s][info ][safepoint      ] Leaving safepoint region
[50.930s][info ][safepoint      ] Total time for which application threads were stopped: 0.0001840 seconds, Stopping threads took: 0.0000291 seconds
[51.930s][info ][safepoint      ] Application time: 1.0000764 seconds
[51.930s][info ][safepoint      ] Entering safepoint region: Cleanup
[51.930s][info ][safepoint      ] Leaving safepoint region
[51.930s][info ][safepoint      ] Total time for which application threads were stopped: 0.0001285 seconds, Stopping threads took: 0.0000507 seconds
[52.834s][info ][safepoint      ] Application time: 0.9036688 seconds
[52.834s][info ][safepoint      ] Entering safepoint region: RevokeBias
[52.834s][info ][safepoint      ] Leaving safepoint region
[52.834s][info ][safepoint      ] Total time for which application threads were stopped: 0.0001589 seconds, Stopping threads took: 0.0000473 seconds
[52.834s][info ][safepoint      ] Application time: 0.0000337 seconds
[52.834s][info ][safepoint      ] Entering safepoint region: RevokeBias
[52.834s][info ][safepoint      ] Leaving safepoint region
[52.834s][info ][safepoint      ] Total time for which application threads were stopped: 0.0000685 seconds, Stopping threads took: 0.0000401 seconds
[52.835s][info ][safepoint      ] Application time: 0.0007106 seconds
[52.835s][info ][safepoint      ] Entering safepoint region: RevokeBias
[52.835s][info ][safepoint      ] Leaving safepoint region
[52.835s][info ][safepoint      ] Total time for which application threads were stopped: 0.0000443 seconds, Stopping threads took: 0.0000057 seconds
[52.852s][info ][safepoint      ] Application time: 0.0169314 seconds
[52.853s][info ][safepoint      ] Entering safepoint region: RevokeBias
[52.853s][info ][safepoint      ] Leaving safepoint region
[52.853s][info ][safepoint      ] Total time for which application threads were stopped: 0.0008905 seconds, Stopping threads took: 0.0007708 seconds
[52.923s][info ][safepoint      ] Application time: 0.0700927 seconds
[52.923s][info ][safepoint      ] Entering safepoint region: RevokeBias
[52.923s][info ][safepoint      ] Leaving safepoint region
[52.923s][info ][safepoint      ] Total time for which application threads were stopped: 0.0001048 seconds, Stopping threads took: 0.0000104 seconds
[52.923s][info ][safepoint      ] Application time: 0.0000338 seconds
[52.923s][info ][safepoint      ] Entering safepoint region: RevokeBias
[52.923s][info ][safepoint      ] Leaving safepoint region
[52.923s][info ][safepoint      ] Total time for which application threads were stopped: 0.0000452 seconds, Stopping threads took: 0.0000185 seconds
[53.098s][info ][safepoint      ] Application time: 0.1744330 seconds
[53.098s][info ][safepoint      ] Entering safepoint region: RevokeBias
[53.098s][info ][safepoint      ] Leaving safepoint region
[53.098s][info ][safepoint      ] Total time for which application threads were stopped: 0.0001777 seconds, Stopping threads took: 0.0000361 seconds
[53.108s][info ][safepoint      ] Application time: 0.0103883 seconds
[53.108s][info ][safepoint      ] Entering safepoint region: RevokeBias
[53.108s][info ][safepoint      ] Leaving safepoint region
[53.108s][info ][safepoint      ] Total time for which application threads were stopped: 0.0001094 seconds, Stopping threads took: 0.0000309 seconds
[53.108s][info ][safepoint      ] Application time: 0.0000312 seconds
[53.109s][info ][safepoint      ] Entering safepoint region: RevokeBias
[53.109s][info ][safepoint      ] Leaving safepoint region
[53.109s][info ][safepoint      ] Total time for which application threads were stopped: 0.0000411 seconds, Stopping threads took: 0.0000057 seconds
[53.109s][info ][safepoint      ] Application time: 0.0003372 seconds
[53.109s][info ][safepoint      ] Entering safepoint region: RevokeBias
[53.109s][info ][safepoint      ] Leaving safepoint region
[53.109s][info ][safepoint      ] Total time for which application threads were stopped: 0.0000921 seconds, Stopping threads took: 0.0000389 seconds
[54.109s][info ][safepoint      ] Application time: 1.0000792 seconds
[54.109s][info ][safepoint      ] Entering safepoint region: Cleanup
[54.109s][info ][safepoint      ] Leaving safepoint region
[54.109s][info ][safepoint      ] Total time for which application threads were stopped: 0.0001632 seconds, Stopping threads took: 0.0000149 seconds
[55.109s][info ][safepoint      ] Application time: 1.0000383 seconds
[55.109s][info ][safepoint      ] Entering safepoint region: Cleanup
[55.109s][info ][safepoint      ] Leaving safepoint region
[55.109s][info ][safepoint      ] Total time for which application threads were stopped: 0.0001076 seconds, Stopping threads took: 0.0000155 seconds
[56.110s][info ][safepoint      ] Application time: 1.0000687 seconds
[56.110s][info ][safepoint      ] Entering safepoint region: Cleanup
[56.110s][info ][safepoint      ] Leaving safepoint region
[56.110s][info ][safepoint      ] Total time for which application threads were stopped: 0.0001058 seconds, Stopping threads took: 0.0000149 seconds
[57.110s][info ][safepoint      ] Application time: 1.0000757 seconds
[57.110s][info ][safepoint      ] Entering safepoint region: Cleanup
[57.110s][info ][safepoint      ] Leaving safepoint region
[57.110s][info ][safepoint      ] Total time for which application threads were stopped: 0.0000805 seconds, Stopping threads took: 0.0000165 seconds
[58.110s][info ][safepoint      ] Application time: 1.0000674 seconds
[58.110s][info ][safepoint      ] Entering safepoint region: Cleanup
[58.110s][info ][safepoint      ] Leaving safepoint region
[58.110s][info ][safepoint      ] Total time for which application threads were stopped: 0.0000968 seconds, Stopping threads took: 0.0000162 seconds
[59.110s][info ][safepoint      ] Application time: 1.0000735 seconds
[59.110s][info ][safepoint      ] Entering safepoint region: Cleanup
[59.110s][info ][safepoint      ] Leaving safepoint region
[59.110s][info ][safepoint      ] Total time for which application threads were stopped: 0.0000891 seconds, Stopping threads took: 0.0000166 seconds
[60.110s][info ][safepoint      ] Application time: 1.0000740 seconds
[60.110s][info ][safepoint      ] Entering safepoint region: Cleanup
[60.110s][info ][safepoint      ] Leaving safepoint region
[60.110s][info ][safepoint      ] Total time for which application threads were stopped: 0.0000828 seconds, Stopping threads took: 0.0000162 seconds
[61.111s][info ][safepoint      ] Application time: 1.0000739 seconds
[61.111s][info ][safepoint      ] Entering safepoint region: Cleanup
[61.111s][info ][safepoint      ] Leaving safepoint region
[61.111s][info ][safepoint      ] Total time for which application threads were stopped: 0.0000769 seconds, Stopping threads took: 0.0000159 seconds
[62.111s][info ][safepoint      ] Application time: 1.0000651 seconds
[62.111s][info ][safepoint      ] Entering safepoint region: Cleanup
[62.111s][info ][safepoint      ] Leaving safepoint region
[62.111s][info ][safepoint      ] Total time for which application threads were stopped: 0.0000736 seconds, Stopping threads took: 0.0000168 seconds
[63.111s][info ][safepoint      ] Application time: 1.0000650 seconds
[63.111s][info ][safepoint      ] Entering safepoint region: Cleanup
[63.111s][info ][safepoint      ] Leaving safepoint region
[63.111s][info ][safepoint      ] Total time for which application threads were stopped: 0.0000681 seconds, Stopping threads took: 0.0000154 seconds
[64.111s][info ][safepoint      ] Application time: 1.0000738 seconds
[64.111s][info ][safepoint      ] Entering safepoint region: Cleanup
[64.111s][info ][safepoint      ] Leaving safepoint region
[64.111s][info ][safepoint      ] Total time for which application threads were stopped: 0.0001247 seconds, Stopping threads took: 0.0000590 seconds
[65.111s][info ][safepoint      ] Application time: 1.0000695 seconds
[65.111s][info ][safepoint      ] Entering safepoint region: Cleanup
[65.111s][info ][safepoint      ] Leaving safepoint region
[65.111s][info ][safepoint      ] Total time for which application threads were stopped: 0.0000760 seconds, Stopping threads took: 0.0000156 seconds
[66.112s][info ][safepoint      ] Application time: 1.0000691 seconds
[66.112s][info ][safepoint      ] Entering safepoint region: Cleanup
[66.112s][info ][safepoint      ] Leaving safepoint region
[66.112s][info ][safepoint      ] Total time for which application threads were stopped: 0.0000892 seconds, Stopping threads took: 0.0000164 seconds
[67.112s][info ][safepoint      ] Application time: 1.0000732 seconds
[67.112s][info ][safepoint      ] Entering safepoint region: Cleanup
[67.112s][info ][safepoint      ] Leaving safepoint region
[67.112s][info ][safepoint      ] Total time for which application threads were stopped: 0.0000848 seconds, Stopping threads took: 0.0000168 seconds
[68.112s][info ][safepoint      ] Application time: 1.0000766 seconds
[68.112s][info ][safepoint      ] Entering safepoint region: Cleanup
[68.112s][info ][safepoint      ] Leaving safepoint region
[68.112s][info ][safepoint      ] Total time for which application threads were stopped: 0.0000953 seconds, Stopping threads took: 0.0000171 seconds
[69.112s][info ][safepoint      ] Application time: 1.0000751 seconds
[69.112s][info ][safepoint      ] Entering safepoint region: Cleanup
[69.112s][info ][safepoint      ] Leaving safepoint region
[69.112s][info ][safepoint      ] Total time for which application threads were stopped: 0.0000689 seconds, Stopping threads took: 0.0000150 seconds
[70.112s][info ][safepoint      ] Application time: 1.0000677 seconds
[70.112s][info ][safepoint      ] Entering safepoint region: Cleanup
[70.112s][info ][safepoint      ] Leaving safepoint region
[70.112s][info ][safepoint      ] Total time for which application threads were stopped: 0.0001089 seconds, Stopping threads took: 0.0000170 seconds
[71.113s][info ][safepoint      ] Application time: 1.0000655 seconds
[71.113s][info ][safepoint      ] Entering safepoint region: Cleanup
[71.113s][info ][safepoint      ] Leaving safepoint region
[71.113s][info ][safepoint      ] Total time for which application threads were stopped: 0.0000787 seconds, Stopping threads took: 0.0000173 seconds
[71.693s][info ][safepoint      ] Application time: 0.5798740 seconds
[71.693s][info ][safepoint      ] Entering safepoint region: RevokeBias
[71.693s][info ][safepoint      ] Leaving safepoint region
[71.693s][info ][safepoint      ] Total time for which application threads were stopped: 0.0000892 seconds, Stopping threads took: 0.0000123 seconds
[72.693s][info ][safepoint      ] Application time: 1.0000824 seconds
[72.693s][info ][safepoint      ] Entering safepoint region: Cleanup
[72.693s][info ][safepoint      ] Leaving safepoint region
[72.693s][info ][safepoint      ] Total time for which application threads were stopped: 0.0000830 seconds, Stopping threads took: 0.0000167 seconds
[73.693s][info ][safepoint      ] Application time: 1.0000732 seconds
[73.693s][info ][safepoint      ] Entering safepoint region: Cleanup
[73.693s][info ][safepoint      ] Leaving safepoint region
[73.693s][info ][safepoint      ] Total time for which application threads were stopped: 0.0000747 seconds, Stopping threads took: 0.0000151 seconds
[74.693s][info ][safepoint      ] Application time: 1.0000856 seconds
[74.693s][info ][safepoint      ] Entering safepoint region: Cleanup
[74.693s][info ][safepoint      ] Leaving safepoint region
[74.693s][info ][safepoint      ] Total time for which application threads were stopped: 0.0000961 seconds, Stopping threads took: 0.0000146 seconds
[75.693s][info ][safepoint      ] Application time: 1.0000828 seconds
[75.693s][info ][safepoint      ] Entering safepoint region: Cleanup
[75.694s][info ][safepoint      ] Leaving safepoint region
[75.694s][info ][safepoint      ] Total time for which application threads were stopped: 0.0000851 seconds, Stopping threads took: 0.0000163 seconds
[76.611s][info ][safepoint      ] Application time: 0.9175149 seconds
[76.611s][info ][safepoint      ] Entering safepoint region: ICBufferFull
[76.611s][info ][safepoint      ] Leaving safepoint region
[76.611s][info ][safepoint      ] Total time for which application threads were stopped: 0.0002919 seconds, Stopping threads took: 0.0000442 seconds
[77.107s][info ][safepoint      ] Application time: 0.4952788 seconds
[77.107s][info ][safepoint      ] Entering safepoint region: ParallelGCFailedAllocation
[77.107s][info ][gc,start       ] GC(46) Pause Young (Allocation Failure)
[77.127s][debug][gc,phases      ] GC(46) Scavenge 19.987ms
[77.127s][debug][gc,ref         ] GC(46) Skipped phase1 of Reference Processing due to unavailable references
[77.127s][debug][gc,phases      ] GC(46) Reference Processing 0.120ms
[77.127s][debug][gc,phases      ] GC(46) Weak Processing 0.205ms
[77.128s][debug][gc,phases      ] GC(46) Scrub String Table 0.656ms
[77.128s][debug][gc,age         ] GC(46) Desired survivor size 118489088 bytes, new threshold 15 (max threshold 15)
[77.128s][info ][gc,heap        ] GC(46) PSYoungGen: 1880802K->48320K(1969152K)
[77.128s][info ][gc,heap        ] GC(46) ParOldGen: 194133K->194141K(258048K)
[77.128s][info ][gc,metaspace   ] GC(46) Metaspace: 70680K->70680K(1114112K)
[77.128s][info ][gc             ] GC(46) Pause Young (Allocation Failure) 2026M->236M(2175M) 21.114ms
[77.128s][info ][gc,cpu         ] GC(46) User=0.07s Sys=0.01s Real=0.02s
[77.128s][info ][safepoint      ] Leaving safepoint region
[77.128s][info ][safepoint      ] Total time for which application threads were stopped: 0.0214087 seconds, Stopping threads took: 0.0000703 seconds
[77.291s][info ][safepoint      ] Application time: 0.1631577 seconds
[77.291s][info ][safepoint      ] Entering safepoint region: RevokeBias
[77.291s][info ][safepoint      ] Leaving safepoint region
[77.291s][info ][safepoint      ] Total time for which application threads were stopped: 0.0001305 seconds, Stopping threads took: 0.0000295 seconds
[78.291s][info ][safepoint      ] Application time: 1.0000739 seconds
[78.292s][info ][safepoint      ] Entering safepoint region: Cleanup
[78.292s][info ][safepoint      ] Leaving safepoint region
[78.292s][info ][safepoint      ] Total time for which application threads were stopped: 0.0001057 seconds, Stopping threads took: 0.0000185 seconds
[79.292s][info ][safepoint      ] Application time: 1.0000777 seconds
[79.292s][info ][safepoint      ] Entering safepoint region: Cleanup
[79.292s][info ][safepoint      ] Leaving safepoint region
[79.292s][info ][safepoint      ] Total time for which application threads were stopped: 0.0000763 seconds, Stopping threads took: 0.0000157 seconds
[80.292s][info ][safepoint      ] Application time: 1.0000772 seconds
[80.292s][info ][safepoint      ] Entering safepoint region: Cleanup
[80.292s][info ][safepoint      ] Leaving safepoint region
[80.292s][info ][safepoint      ] Total time for which application threads were stopped: 0.0001084 seconds, Stopping threads took: 0.0000234 seconds
[81.292s][info ][safepoint      ] Application time: 1.0000873 seconds
[81.292s][info ][safepoint      ] Entering safepoint region: Cleanup
[81.292s][info ][safepoint      ] Leaving safepoint region
[81.292s][info ][safepoint      ] Total time for which application threads were stopped: 0.0001009 seconds, Stopping threads took: 0.0000224 seconds
[82.292s][info ][safepoint      ] Application time: 1.0000789 seconds
[82.292s][info ][safepoint      ] Entering safepoint region: Cleanup
[82.293s][info ][safepoint      ] Leaving safepoint region
[82.293s][info ][safepoint      ] Total time for which application threads were stopped: 0.0000842 seconds, Stopping threads took: 0.0000167 seconds
[83.293s][info ][safepoint      ] Application time: 1.0000622 seconds
[83.293s][info ][safepoint      ] Entering safepoint region: Cleanup
[83.293s][info ][safepoint      ] Leaving safepoint region
[83.293s][info ][safepoint      ] Total time for which application threads were stopped: 0.0000852 seconds, Stopping threads took: 0.0000162 seconds
[84.293s][info ][safepoint      ] Application time: 1.0000738 seconds
[84.293s][info ][safepoint      ] Entering safepoint region: Cleanup
[84.293s][info ][safepoint      ] Leaving safepoint region
[84.293s][info ][safepoint      ] Total time for which application threads were stopped: 0.0001035 seconds, Stopping threads took: 0.0000233 seconds
[85.293s][info ][safepoint      ] Application time: 1.0000805 seconds
[85.293s][info ][safepoint      ] Entering safepoint region: Cleanup
[85.293s][info ][safepoint      ] Leaving safepoint region
[85.293s][info ][safepoint      ] Total time for which application threads were stopped: 0.0000993 seconds, Stopping threads took: 0.0000232 seconds
[86.293s][info ][safepoint      ] Application time: 1.0000750 seconds
[86.293s][info ][safepoint      ] Entering safepoint region: Cleanup
[86.293s][info ][safepoint      ] Leaving safepoint region
[86.293s][info ][safepoint      ] Total time for which application threads were stopped: 0.0000969 seconds, Stopping threads took: 0.0000376 seconds
[87.293s][info ][safepoint      ] Application time: 1.0000610 seconds
[87.293s][info ][safepoint      ] Entering safepoint region: Cleanup
[87.294s][info ][safepoint      ] Leaving safepoint region
[87.294s][info ][safepoint      ] Total time for which application threads were stopped: 0.0000833 seconds, Stopping threads took: 0.0000184 seconds
[88.294s][info ][safepoint      ] Application time: 1.0000618 seconds
[88.294s][info ][safepoint      ] Entering safepoint region: Cleanup
[88.294s][info ][safepoint      ] Leaving safepoint region
[88.294s][info ][safepoint      ] Total time for which application threads were stopped: 0.0000881 seconds, Stopping threads took: 0.0000153 seconds
[88.964s][info ][safepoint      ] Application time: 0.6701757 seconds
[88.964s][info ][safepoint      ] Entering safepoint region: RevokeBias
[88.964s][info ][safepoint      ] Leaving safepoint region
[88.964s][info ][safepoint      ] Total time for which application threads were stopped: 0.0000809 seconds, Stopping threads took: 0.0000131 seconds
[89.964s][info ][safepoint      ] Application time: 1.0000748 seconds
[89.964s][info ][safepoint      ] Entering safepoint region: Cleanup
[89.964s][info ][safepoint      ] Leaving safepoint region
[89.964s][info ][safepoint      ] Total time for which application threads were stopped: 0.0000887 seconds, Stopping threads took: 0.0000178 seconds
[90.964s][info ][safepoint      ] Application time: 1.0000656 seconds
[90.964s][info ][safepoint      ] Entering safepoint region: Cleanup
[90.964s][info ][safepoint      ] Leaving safepoint region
[90.964s][info ][safepoint      ] Total time for which application threads were stopped: 0.0001108 seconds, Stopping threads took: 0.0000176 seconds
[91.965s][info ][safepoint      ] Application time: 1.0000739 seconds
[91.965s][info ][safepoint      ] Entering safepoint region: Cleanup
[91.965s][info ][safepoint      ] Leaving safepoint region
[91.965s][info ][safepoint      ] Total time for which application threads were stopped: 0.0000811 seconds, Stopping threads took: 0.0000185 seconds
[92.965s][info ][safepoint      ] Application time: 1.0000704 seconds
[92.965s][info ][safepoint      ] Entering safepoint region: Cleanup
[92.965s][info ][safepoint      ] Leaving safepoint region
[92.965s][info ][safepoint      ] Total time for which application threads were stopped: 0.0000809 seconds, Stopping threads took: 0.0000180 seconds
[93.965s][info ][safepoint      ] Application time: 1.0000747 seconds
[93.965s][info ][safepoint      ] Entering safepoint region: Cleanup
[93.965s][info ][safepoint      ] Leaving safepoint region
[93.965s][info ][safepoint      ] Total time for which application threads were stopped: 0.0000784 seconds, Stopping threads took: 0.0000166 seconds
[94.965s][info ][safepoint      ] Application time: 1.0000814 seconds
[94.965s][info ][safepoint      ] Entering safepoint region: Cleanup
[94.965s][info ][safepoint      ] Leaving safepoint region
[94.965s][info ][safepoint      ] Total time for which application threads were stopped: 0.0001309 seconds, Stopping threads took: 0.0000394 seconds
[95.965s][info ][safepoint      ] Application time: 1.0000501 seconds
[95.965s][info ][safepoint      ] Entering safepoint region: Cleanup
[95.966s][info ][safepoint      ] Leaving safepoint region
[95.966s][info ][safepoint      ] Total time for which application threads were stopped: 0.0000778 seconds, Stopping threads took: 0.0000169 seconds
[96.966s][info ][safepoint      ] Application time: 1.0000664 seconds
[96.966s][info ][safepoint      ] Entering safepoint region: Cleanup
[96.966s][info ][safepoint      ] Leaving safepoint region
[96.966s][info ][safepoint      ] Total time for which application threads were stopped: 0.0000773 seconds, Stopping threads took: 0.0000169 seconds
[97.966s][info ][safepoint      ] Application time: 1.0000732 seconds
[97.966s][info ][safepoint      ] Entering safepoint region: Cleanup
[97.966s][info ][safepoint      ] Leaving safepoint region
[97.966s][info ][safepoint      ] Total time for which application threads were stopped: 0.0000754 seconds, Stopping threads took: 0.0000172 seconds
[98.966s][info ][safepoint      ] Application time: 1.0000677 seconds
[98.966s][info ][safepoint      ] Entering safepoint region: Cleanup
[98.966s][info ][safepoint      ] Leaving safepoint region
[98.966s][info ][safepoint      ] Total time for which application threads were stopped: 0.0000852 seconds, Stopping threads took: 0.0000158 seconds
[99.966s][info ][safepoint      ] Application time: 1.0000826 seconds
[99.966s][info ][safepoint      ] Entering safepoint region: Cleanup
[99.966s][info ][safepoint      ] Leaving safepoint region
[99.966s][info ][safepoint      ] Total time for which application threads were stopped: 0.0000776 seconds, Stopping threads took: 0.0000163 seconds
[100.966s][info ][safepoint      ] Application time: 1.0000754 seconds
[100.966s][info ][safepoint      ] Entering safepoint region: Cleanup
[100.967s][info ][safepoint      ] Leaving safepoint region
[100.967s][info ][safepoint      ] Total time for which application threads were stopped: 0.0000830 seconds, Stopping threads took: 0.0000173 seconds
[101.967s][info ][safepoint      ] Application time: 1.0000762 seconds
[101.967s][info ][safepoint      ] Entering safepoint region: Cleanup
[101.967s][info ][safepoint      ] Leaving safepoint region
[101.967s][info ][safepoint      ] Total time for which application threads were stopped: 0.0000902 seconds, Stopping threads took: 0.0000216 seconds
[102.967s][info ][safepoint      ] Application time: 1.0000718 seconds
[102.967s][info ][safepoint      ] Entering safepoint region: Cleanup
[102.967s][info ][safepoint      ] Leaving safepoint region
[102.967s][info ][safepoint      ] Total time for which application threads were stopped: 0.0000729 seconds, Stopping threads took: 0.0000163 seconds
[103.967s][info ][safepoint      ] Application time: 1.0000637 seconds
[103.967s][info ][safepoint      ] Entering safepoint region: Cleanup
[103.967s][info ][safepoint      ] Leaving safepoint region
[103.967s][info ][safepoint      ] Total time for which application threads were stopped: 0.0000828 seconds, Stopping threads took: 0.0000160 seconds
[104.967s][info ][safepoint      ] Application time: 1.0000712 seconds
[104.967s][info ][safepoint      ] Entering safepoint region: Cleanup
[104.967s][info ][safepoint      ] Leaving safepoint region
[104.967s][info ][safepoint      ] Total time for which application threads were stopped: 0.0000902 seconds, Stopping threads took: 0.0000322 seconds
[105.967s][info ][safepoint      ] Application time: 1.0000704 seconds
[105.967s][info ][safepoint      ] Entering safepoint region: Cleanup
[105.968s][info ][safepoint      ] Leaving safepoint region
[105.968s][info ][safepoint      ] Total time for which application threads were stopped: 0.0000853 seconds, Stopping threads took: 0.0000163 seconds
[106.968s][info ][safepoint      ] Application time: 1.0001000 seconds
[106.968s][info ][safepoint      ] Entering safepoint region: Cleanup
[106.968s][info ][safepoint      ] Leaving safepoint region
[106.968s][info ][safepoint      ] Total time for which application threads were stopped: 0.0000747 seconds, Stopping threads took: 0.0000162 seconds
[107.968s][info ][safepoint      ] Application time: 1.0000732 seconds
[107.968s][info ][safepoint      ] Entering safepoint region: Cleanup
[107.968s][info ][safepoint      ] Leaving safepoint region
[107.968s][info ][safepoint      ] Total time for which application threads were stopped: 0.0000736 seconds, Stopping threads took: 0.0000165 seconds
[108.968s][info ][safepoint      ] Application time: 1.0000741 seconds
[108.968s][info ][safepoint      ] Entering safepoint region: Cleanup
[108.968s][info ][safepoint      ] Leaving safepoint region
[108.968s][info ][safepoint      ] Total time for which application threads were stopped: 0.0000830 seconds, Stopping threads took: 0.0000206 seconds
[109.968s][info ][safepoint      ] Application time: 1.0000508 seconds
[109.968s][info ][safepoint      ] Entering safepoint region: Cleanup
[109.968s][info ][safepoint      ] Leaving safepoint region
[109.968s][info ][safepoint      ] Total time for which application threads were stopped: 0.0000746 seconds, Stopping threads took: 0.0000167 seconds
[110.968s][info ][safepoint      ] Application time: 1.0000698 seconds
[110.968s][info ][safepoint      ] Entering safepoint region: Cleanup
[110.969s][info ][safepoint      ] Leaving safepoint region
[110.969s][info ][safepoint      ] Total time for which application threads were stopped: 0.0000823 seconds, Stopping threads took: 0.0000200 seconds
[111.969s][info ][safepoint      ] Application time: 1.0000656 seconds
[111.969s][info ][safepoint      ] Entering safepoint region: Cleanup
[111.969s][info ][safepoint      ] Leaving safepoint region
[111.969s][info ][safepoint      ] Total time for which application threads were stopped: 0.0000845 seconds, Stopping threads took: 0.0000181 seconds
[112.969s][info ][safepoint      ] Application time: 1.0000706 seconds
[112.969s][info ][safepoint      ] Entering safepoint region: Cleanup
[112.969s][info ][safepoint      ] Leaving safepoint region
[112.969s][info ][safepoint      ] Total time for which application threads were stopped: 0.0001012 seconds, Stopping threads took: 0.0000245 seconds
[113.288s][info ][safepoint      ] Application time: 0.3189064 seconds
[113.288s][info ][safepoint      ] Entering safepoint region: RevokeBias
[113.288s][info ][safepoint      ] Leaving safepoint region
[113.288s][info ][safepoint      ] Total time for which application threads were stopped: 0.0000842 seconds, Stopping threads took: 0.0000121 seconds
[114.288s][info ][safepoint      ] Application time: 1.0000762 seconds
[114.288s][info ][safepoint      ] Entering safepoint region: Cleanup
[114.288s][info ][safepoint      ] Leaving safepoint region
[114.288s][info ][safepoint      ] Total time for which application threads were stopped: 0.0000798 seconds, Stopping threads took: 0.0000174 seconds
[115.288s][info ][safepoint      ] Application time: 1.0000782 seconds
[115.288s][info ][safepoint      ] Entering safepoint region: Cleanup
[115.288s][info ][safepoint      ] Leaving safepoint region
[115.288s][info ][safepoint      ] Total time for which application threads were stopped: 0.0000800 seconds, Stopping threads took: 0.0000166 seconds
[116.288s][info ][safepoint      ] Application time: 1.0000772 seconds
[116.289s][info ][safepoint      ] Entering safepoint region: Cleanup
[116.289s][info ][safepoint      ] Leaving safepoint region
[116.289s][info ][safepoint      ] Total time for which application threads were stopped: 0.0000706 seconds, Stopping threads took: 0.0000148 seconds
[117.289s][info ][safepoint      ] Application time: 1.0000667 seconds
[117.289s][info ][safepoint      ] Entering safepoint region: Cleanup
[117.289s][info ][safepoint      ] Leaving safepoint region
[117.289s][info ][safepoint      ] Total time for which application threads were stopped: 0.0000714 seconds, Stopping threads took: 0.0000129 seconds
[118.289s][info ][safepoint      ] Application time: 1.0000375 seconds
[118.289s][info ][safepoint      ] Entering safepoint region: Cleanup
[118.289s][info ][safepoint      ] Leaving safepoint region
[118.289s][info ][safepoint      ] Total time for which application threads were stopped: 0.0000781 seconds, Stopping threads took: 0.0000162 seconds
[119.289s][info ][safepoint      ] Application time: 1.0000715 seconds
[119.289s][info ][safepoint      ] Entering safepoint region: Cleanup
[119.289s][info ][safepoint      ] Leaving safepoint region
[119.289s][info ][safepoint      ] Total time for which application threads were stopped: 0.0000683 seconds, Stopping threads took: 0.0000144 seconds
[120.289s][info ][safepoint      ] Application time: 1.0000669 seconds
[120.289s][info ][safepoint      ] Entering safepoint region: Cleanup
[120.289s][info ][safepoint      ] Leaving safepoint region
[120.289s][info ][safepoint      ] Total time for which application threads were stopped: 0.0000798 seconds, Stopping threads took: 0.0000144 seconds
[121.289s][info ][safepoint      ] Application time: 1.0000630 seconds
[121.289s][info ][safepoint      ] Entering safepoint region: Cleanup
[121.289s][info ][safepoint      ] Leaving safepoint region
[121.289s][info ][safepoint      ] Total time for which application threads were stopped: 0.0000677 seconds, Stopping threads took: 0.0000147 seconds
[122.290s][info ][safepoint      ] Application time: 1.0000751 seconds
[122.290s][info ][safepoint      ] Entering safepoint region: Cleanup
[122.290s][info ][safepoint      ] Leaving safepoint region
[122.290s][info ][safepoint      ] Total time for which application threads were stopped: 0.0000651 seconds, Stopping threads took: 0.0000137 seconds
[123.290s][info ][safepoint      ] Application time: 1.0000532 seconds
[123.290s][info ][safepoint      ] Entering safepoint region: Cleanup
[123.290s][info ][safepoint      ] Leaving safepoint region
[123.290s][info ][safepoint      ] Total time for which application threads were stopped: 0.0000665 seconds, Stopping threads took: 0.0000137 seconds
[124.290s][info ][safepoint      ] Application time: 1.0000707 seconds
[124.290s][info ][safepoint      ] Entering safepoint region: Cleanup
[124.290s][info ][safepoint      ] Leaving safepoint region
[124.290s][info ][safepoint      ] Total time for which application threads were stopped: 0.0000761 seconds, Stopping threads took: 0.0000158 seconds
[125.290s][info ][safepoint      ] Application time: 1.0000620 seconds
[125.290s][info ][safepoint      ] Entering safepoint region: Cleanup
[125.290s][info ][safepoint      ] Leaving safepoint region
[125.290s][info ][safepoint      ] Total time for which application threads were stopped: 0.0000752 seconds, Stopping threads took: 0.0000162 seconds
[126.290s][info ][safepoint      ] Application time: 1.0000722 seconds
[126.290s][info ][safepoint      ] Entering safepoint region: Cleanup
[126.290s][info ][safepoint      ] Leaving safepoint region
[126.290s][info ][safepoint      ] Total time for which application threads were stopped: 0.0000880 seconds, Stopping threads took: 0.0000279 seconds
[127.290s][info ][safepoint      ] Application time: 1.0000729 seconds
[127.291s][info ][safepoint      ] Entering safepoint region: Cleanup
[127.291s][info ][safepoint      ] Leaving safepoint region
[127.291s][info ][safepoint      ] Total time for which application threads were stopped: 0.0000827 seconds, Stopping threads took: 0.0000170 seconds
[128.291s][info ][safepoint      ] Application time: 1.0000622 seconds
[128.291s][info ][safepoint      ] Entering safepoint region: Cleanup
[128.291s][info ][safepoint      ] Leaving safepoint region
[128.291s][info ][safepoint      ] Total time for which application threads were stopped: 0.0000824 seconds, Stopping threads took: 0.0000161 seconds
[129.291s][info ][safepoint      ] Application time: 1.0000438 seconds
[129.291s][info ][safepoint      ] Entering safepoint region: Cleanup
[129.291s][info ][safepoint      ] Leaving safepoint region
[129.291s][info ][safepoint      ] Total time for which application threads were stopped: 0.0000794 seconds, Stopping threads took: 0.0000155 seconds
[130.034s][info ][safepoint      ] Application time: 0.7428013 seconds
[130.034s][info ][safepoint      ] Entering safepoint region: ICBufferFull
[130.034s][info ][safepoint      ] Leaving safepoint region
[130.034s][info ][safepoint      ] Total time for which application threads were stopped: 0.0002924 seconds, Stopping threads took: 0.0000284 seconds
[131.034s][info ][safepoint      ] Application time: 1.0000813 seconds
[131.034s][info ][safepoint      ] Entering safepoint region: Cleanup
[131.034s][info ][safepoint      ] Leaving safepoint region
[131.034s][info ][safepoint      ] Total time for which application threads were stopped: 0.0002300 seconds, Stopping threads took: 0.0000145 seconds
[131.477s][info ][safepoint      ] Application time: 0.4430325 seconds
[131.477s][info ][safepoint      ] Entering safepoint region: ICBufferFull
[131.478s][info ][safepoint      ] Leaving safepoint region
[131.478s][info ][safepoint      ] Total time for which application threads were stopped: 0.0003070 seconds, Stopping threads took: 0.0000124 seconds
[132.478s][info ][safepoint      ] Application time: 1.0000828 seconds
[132.478s][info ][safepoint      ] Entering safepoint region: Cleanup
[132.478s][info ][safepoint      ] Leaving safepoint region
[132.478s][info ][safepoint      ] Total time for which application threads were stopped: 0.0001349 seconds, Stopping threads took: 0.0000482 seconds
[133.478s][info ][safepoint      ] Application time: 1.0000847 seconds
[133.478s][info ][safepoint      ] Entering safepoint region: Cleanup
[133.478s][info ][safepoint      ] Leaving safepoint region
[133.478s][info ][safepoint      ] Total time for which application threads were stopped: 0.0001634 seconds, Stopping threads took: 0.0000423 seconds
[134.478s][info ][safepoint      ] Application time: 1.0000862 seconds
[134.478s][info ][safepoint      ] Entering safepoint region: Cleanup
[134.479s][info ][safepoint      ] Leaving safepoint region
[134.479s][info ][safepoint      ] Total time for which application threads were stopped: 0.0001878 seconds, Stopping threads took: 0.0000379 seconds
[135.479s][info ][safepoint      ] Application time: 1.0000789 seconds
[135.479s][info ][safepoint      ] Entering safepoint region: Cleanup
[135.479s][info ][safepoint      ] Leaving safepoint region
[135.479s][info ][safepoint      ] Total time for which application threads were stopped: 0.0001376 seconds, Stopping threads took: 0.0000547 seconds
[136.479s][info ][safepoint      ] Application time: 1.0000800 seconds
[136.479s][info ][safepoint      ] Entering safepoint region: Cleanup
[136.479s][info ][safepoint      ] Leaving safepoint region
[136.479s][info ][safepoint      ] Total time for which application threads were stopped: 0.0001519 seconds, Stopping threads took: 0.0000368 seconds
[137.129s][info ][safepoint      ] Application time: 0.6501186 seconds
[137.129s][info ][safepoint      ] Entering safepoint region: RevokeBias
[137.129s][info ][safepoint      ] Leaving safepoint region
[137.129s][info ][safepoint      ] Total time for which application threads were stopped: 0.0001056 seconds, Stopping threads took: 0.0000274 seconds
[137.137s][info ][safepoint      ] Application time: 0.0073572 seconds
[137.137s][info ][safepoint      ] Entering safepoint region: RevokeBias
[137.137s][info ][safepoint      ] Leaving safepoint region
[137.137s][info ][safepoint      ] Total time for which application threads were stopped: 0.0001167 seconds, Stopping threads took: 0.0000399 seconds
[137.298s][info ][safepoint      ] Application time: 0.1607240 seconds
[137.298s][info ][safepoint      ] Entering safepoint region: RevokeBias
[137.298s][info ][safepoint      ] Leaving safepoint region
[137.298s][info ][safepoint      ] Total time for which application threads were stopped: 0.0000927 seconds, Stopping threads took: 0.0000122 seconds
[138.298s][info ][safepoint      ] Application time: 1.0000820 seconds
[138.298s][info ][safepoint      ] Entering safepoint region: Cleanup
[138.298s][info ][safepoint      ] Leaving safepoint region
[138.298s][info ][safepoint      ] Total time for which application threads were stopped: 0.0001057 seconds, Stopping threads took: 0.0000199 seconds
[139.298s][info ][safepoint      ] Application time: 1.0000671 seconds
[139.298s][info ][safepoint      ] Entering safepoint region: Cleanup
[139.298s][info ][safepoint      ] Leaving safepoint region
[139.298s][info ][safepoint      ] Total time for which application threads were stopped: 0.0001302 seconds, Stopping threads took: 0.0000511 seconds
[140.298s][info ][safepoint      ] Application time: 1.0000765 seconds
[140.298s][info ][safepoint      ] Entering safepoint region: Cleanup
[140.298s][info ][safepoint      ] Leaving safepoint region
[140.298s][info ][safepoint      ] Total time for which application threads were stopped: 0.0001118 seconds, Stopping threads took: 0.0000196 seconds
[141.299s][info ][safepoint      ] Application time: 1.0000734 seconds
[141.299s][info ][safepoint      ] Entering safepoint region: Cleanup
[141.299s][info ][safepoint      ] Leaving safepoint region
[141.299s][info ][safepoint      ] Total time for which application threads were stopped: 0.0000693 seconds, Stopping threads took: 0.0000157 seconds
[142.299s][info ][safepoint      ] Application time: 1.0000801 seconds
[142.299s][info ][safepoint      ] Entering safepoint region: Cleanup
[142.299s][info ][safepoint      ] Leaving safepoint region
[142.299s][info ][safepoint      ] Total time for which application threads were stopped: 0.0001091 seconds, Stopping threads took: 0.0000209 seconds
[143.299s][info ][safepoint      ] Application time: 1.0000789 seconds
[143.299s][info ][safepoint      ] Entering safepoint region: Cleanup
[143.299s][info ][safepoint      ] Leaving safepoint region
[143.299s][info ][safepoint      ] Total time for which application threads were stopped: 0.0001187 seconds, Stopping threads took: 0.0000201 seconds
[144.299s][info ][safepoint      ] Application time: 1.0000688 seconds
[144.299s][info ][safepoint      ] Entering safepoint region: Cleanup
[144.299s][info ][safepoint      ] Leaving safepoint region
[144.299s][info ][safepoint      ] Total time for which application threads were stopped: 0.0000997 seconds, Stopping threads took: 0.0000151 seconds
[145.299s][info ][safepoint      ] Application time: 1.0000798 seconds
[145.300s][info ][safepoint      ] Entering safepoint region: Cleanup
[145.300s][info ][safepoint      ] Leaving safepoint region
[145.300s][info ][safepoint      ] Total time for which application threads were stopped: 0.0001064 seconds, Stopping threads took: 0.0000224 seconds
[145.527s][info ][safepoint      ] Application time: 0.2277676 seconds
[145.527s][info ][safepoint      ] Entering safepoint region: RevokeBias
[145.528s][info ][safepoint      ] Leaving safepoint region
[145.528s][info ][safepoint      ] Total time for which application threads were stopped: 0.0001274 seconds, Stopping threads took: 0.0000305 seconds
[145.627s][info ][safepoint      ] Application time: 0.0997157 seconds
[145.627s][info ][safepoint      ] Entering safepoint region: RevokeBias
[145.627s][info ][safepoint      ] Leaving safepoint region
[145.627s][info ][safepoint      ] Total time for which application threads were stopped: 0.0001134 seconds, Stopping threads took: 0.0000171 seconds
[146.628s][info ][safepoint      ] Application time: 1.0000937 seconds
[146.628s][info ][safepoint      ] Entering safepoint region: Cleanup
[146.628s][info ][safepoint      ] Leaving safepoint region
[146.628s][info ][safepoint      ] Total time for which application threads were stopped: 0.0001337 seconds, Stopping threads took: 0.0000380 seconds
[147.628s][info ][safepoint      ] Application time: 1.0000802 seconds
[147.628s][info ][safepoint      ] Entering safepoint region: Cleanup
[147.628s][info ][safepoint      ] Leaving safepoint region
[147.628s][info ][safepoint      ] Total time for which application threads were stopped: 0.0001417 seconds, Stopping threads took: 0.0000693 seconds
[148.628s][info ][safepoint      ] Application time: 1.0000820 seconds
[148.628s][info ][safepoint      ] Entering safepoint region: Cleanup
[148.628s][info ][safepoint      ] Leaving safepoint region
[148.628s][info ][safepoint      ] Total time for which application threads were stopped: 0.0001161 seconds, Stopping threads took: 0.0000356 seconds
[148.964s][info ][safepoint      ] Application time: 0.3356421 seconds
[148.964s][info ][safepoint      ] Entering safepoint region: RevokeBias
[148.964s][info ][safepoint      ] Leaving safepoint region
[148.964s][info ][safepoint      ] Total time for which application threads were stopped: 0.0000952 seconds, Stopping threads took: 0.0000176 seconds
[149.964s][info ][safepoint      ] Application time: 1.0000825 seconds
[149.964s][info ][safepoint      ] Entering safepoint region: Cleanup
[149.964s][info ][safepoint      ] Leaving safepoint region
[149.964s][info ][safepoint      ] Total time for which application threads were stopped: 0.0001177 seconds, Stopping threads took: 0.0000187 seconds
[150.964s][info ][safepoint      ] Application time: 1.0000840 seconds
[150.964s][info ][safepoint      ] Entering safepoint region: Cleanup
[150.964s][info ][safepoint      ] Leaving safepoint region
[150.964s][info ][safepoint      ] Total time for which application threads were stopped: 0.0001175 seconds, Stopping threads took: 0.0000202 seconds
[151.965s][info ][safepoint      ] Application time: 1.0000910 seconds
[151.965s][info ][safepoint      ] Entering safepoint region: Cleanup
[151.965s][info ][safepoint      ] Leaving safepoint region
[151.965s][info ][safepoint      ] Total time for which application threads were stopped: 0.0001002 seconds, Stopping threads took: 0.0000192 seconds
[152.965s][info ][safepoint      ] Application time: 1.0000776 seconds
[152.965s][info ][safepoint      ] Entering safepoint region: Cleanup
[152.965s][info ][safepoint      ] Leaving safepoint region
[152.965s][info ][safepoint      ] Total time for which application threads were stopped: 0.0001150 seconds, Stopping threads took: 0.0000294 seconds
[153.965s][info ][safepoint      ] Application time: 1.0000753 seconds
[153.965s][info ][safepoint      ] Entering safepoint region: Cleanup
[153.965s][info ][safepoint      ] Leaving safepoint region
[153.965s][info ][safepoint      ] Total time for which application threads were stopped: 0.0000933 seconds, Stopping threads took: 0.0000165 seconds
[154.965s][info ][safepoint      ] Application time: 1.0000662 seconds
[154.965s][info ][safepoint      ] Entering safepoint region: Cleanup
[154.965s][info ][safepoint      ] Leaving safepoint region
[154.965s][info ][safepoint      ] Total time for which application threads were stopped: 0.0000849 seconds, Stopping threads took: 0.0000177 seconds
[155.965s][info ][safepoint      ] Application time: 1.0000744 seconds
[155.966s][info ][safepoint      ] Entering safepoint region: Cleanup
[155.966s][info ][safepoint      ] Leaving safepoint region
[155.966s][info ][safepoint      ] Total time for which application threads were stopped: 0.0000767 seconds, Stopping threads took: 0.0000163 seconds
[156.966s][info ][safepoint      ] Application time: 1.0000678 seconds
[156.966s][info ][safepoint      ] Entering safepoint region: Cleanup
[156.966s][info ][safepoint      ] Leaving safepoint region
[156.966s][info ][safepoint      ] Total time for which application threads were stopped: 0.0002855 seconds, Stopping threads took: 0.0000243 seconds
[157.966s][info ][safepoint      ] Application time: 1.0000550 seconds
[157.966s][info ][safepoint      ] Entering safepoint region: Cleanup
[157.966s][info ][safepoint      ] Leaving safepoint region
[157.966s][info ][safepoint      ] Total time for which application threads were stopped: 0.0000805 seconds, Stopping threads took: 0.0000148 seconds
[158.966s][info ][safepoint      ] Application time: 1.0000644 seconds
[158.966s][info ][safepoint      ] Entering safepoint region: Cleanup
[158.966s][info ][safepoint      ] Leaving safepoint region
[158.966s][info ][safepoint      ] Total time for which application threads were stopped: 0.0000828 seconds, Stopping threads took: 0.0000151 seconds
[159.966s][info ][safepoint      ] Application time: 1.0000695 seconds
[159.966s][info ][safepoint      ] Entering safepoint region: Cleanup
[159.967s][info ][safepoint      ] Leaving safepoint region
[159.967s][info ][safepoint      ] Total time for which application threads were stopped: 0.0000983 seconds, Stopping threads took: 0.0000157 seconds
[160.967s][info ][safepoint      ] Application time: 1.0000656 seconds
[160.967s][info ][safepoint      ] Entering safepoint region: Cleanup
[160.967s][info ][safepoint      ] Leaving safepoint region
[160.967s][info ][safepoint      ] Total time for which application threads were stopped: 0.0000763 seconds, Stopping threads took: 0.0000152 seconds
[161.967s][info ][safepoint      ] Application time: 1.0000701 seconds
[161.967s][info ][safepoint      ] Entering safepoint region: Cleanup
[161.967s][info ][safepoint      ] Leaving safepoint region
[161.967s][info ][safepoint      ] Total time for which application threads were stopped: 0.0000968 seconds, Stopping threads took: 0.0000171 seconds
[162.967s][info ][safepoint      ] Application time: 1.0000664 seconds
[162.967s][info ][safepoint      ] Entering safepoint region: Cleanup
[162.967s][info ][safepoint      ] Leaving safepoint region
[162.967s][info ][safepoint      ] Total time for which application threads were stopped: 0.0000884 seconds, Stopping threads took: 0.0000161 seconds
[163.967s][info ][safepoint      ] Application time: 1.0000635 seconds
[163.967s][info ][safepoint      ] Entering safepoint region: Cleanup
[163.967s][info ][safepoint      ] Leaving safepoint region
[163.967s][info ][safepoint      ] Total time for which application threads were stopped: 0.0000872 seconds, Stopping threads took: 0.0000169 seconds
[164.967s][info ][safepoint      ] Application time: 1.0000707 seconds
[164.967s][info ][safepoint      ] Entering safepoint region: Cleanup
[164.968s][info ][safepoint      ] Leaving safepoint region
[164.968s][info ][safepoint      ] Total time for which application threads were stopped: 0.0000805 seconds, Stopping threads took: 0.0000163 seconds
[165.968s][info ][safepoint      ] Application time: 1.0000556 seconds
[165.968s][info ][safepoint      ] Entering safepoint region: Cleanup
[165.968s][info ][safepoint      ] Leaving safepoint region
[165.968s][info ][safepoint      ] Total time for which application threads were stopped: 0.0000815 seconds, Stopping threads took: 0.0000149 seconds
[166.968s][info ][safepoint      ] Application time: 1.0000641 seconds
[166.968s][info ][safepoint      ] Entering safepoint region: Cleanup
[166.968s][info ][safepoint      ] Leaving safepoint region
[166.968s][info ][safepoint      ] Total time for which application threads were stopped: 0.0000837 seconds, Stopping threads took: 0.0000160 seconds
[167.968s][info ][safepoint      ] Application time: 1.0000645 seconds
[167.968s][info ][safepoint      ] Entering safepoint region: Cleanup
[167.968s][info ][safepoint      ] Leaving safepoint region
[167.968s][info ][safepoint      ] Total time for which application threads were stopped: 0.0001006 seconds, Stopping threads took: 0.0000158 seconds
[168.968s][info ][safepoint      ] Application time: 1.0000706 seconds
[168.968s][info ][safepoint      ] Entering safepoint region: Cleanup
[168.968s][info ][safepoint      ] Leaving safepoint region
[168.968s][info ][safepoint      ] Total time for which application threads were stopped: 0.0001059 seconds, Stopping threads took: 0.0000334 seconds
[169.968s][info ][safepoint      ] Application time: 1.0000697 seconds
[169.968s][info ][safepoint      ] Entering safepoint region: Cleanup
[169.969s][info ][safepoint      ] Leaving safepoint region
[169.969s][info ][safepoint      ] Total time for which application threads were stopped: 0.0000913 seconds, Stopping threads took: 0.0000136 seconds
[170.969s][info ][safepoint      ] Application time: 1.0000697 seconds
[170.969s][info ][safepoint      ] Entering safepoint region: Cleanup
[170.969s][info ][safepoint      ] Leaving safepoint region
[170.969s][info ][safepoint      ] Total time for which application threads were stopped: 0.0000776 seconds, Stopping threads took: 0.0000149 seconds
[171.969s][info ][safepoint      ] Application time: 1.0000723 seconds
[171.969s][info ][safepoint      ] Entering safepoint region: Cleanup
[171.969s][info ][safepoint      ] Leaving safepoint region
[171.969s][info ][safepoint      ] Total time for which application threads were stopped: 0.0000848 seconds, Stopping threads took: 0.0000163 seconds
[172.969s][info ][safepoint      ] Application time: 1.0000697 seconds
[172.969s][info ][safepoint      ] Entering safepoint region: Cleanup
[172.969s][info ][safepoint      ] Leaving safepoint region
[172.969s][info ][safepoint      ] Total time for which application threads were stopped: 0.0000866 seconds, Stopping threads took: 0.0000246 seconds
[173.969s][info ][safepoint      ] Application time: 1.0000738 seconds
[173.969s][info ][safepoint      ] Entering safepoint region: Cleanup
[173.969s][info ][safepoint      ] Leaving safepoint region
[173.969s][info ][safepoint      ] Total time for which application threads were stopped: 0.0000909 seconds, Stopping threads took: 0.0000260 seconds
[174.327s][info ][safepoint      ] Application time: 0.3579947 seconds
[174.327s][info ][safepoint      ] Entering safepoint region: ParallelGCFailedAllocation
[174.328s][info ][gc,start       ] GC(47) Pause Young (Allocation Failure)
[174.341s][debug][gc,phases      ] GC(47) Scavenge 13.785ms
[174.341s][debug][gc,ref         ] GC(47) Skipped phase1 of Reference Processing due to unavailable references
[174.341s][debug][gc,ref         ] GC(47) Skipped phase3 of Reference Processing due to unavailable references
[174.341s][debug][gc,phases      ] GC(47) Reference Processing 0.062ms
[174.342s][debug][gc,phases      ] GC(47) Weak Processing 0.164ms
[174.342s][debug][gc,phases      ] GC(47) Scrub String Table 0.536ms
[174.342s][debug][gc,age         ] GC(47) Desired survivor size 111149056 bytes, new threshold 15 (max threshold 15)
[174.342s][info ][gc,heap        ] GC(47) PSYoungGen: 1896640K->40226K(1988608K)
[174.342s][info ][gc,heap        ] GC(47) ParOldGen: 194141K->194149K(258048K)
[174.342s][info ][gc,metaspace   ] GC(47) Metaspace: 70924K->70924K(1114112K)
[174.342s][info ][gc             ] GC(47) Pause Young (Allocation Failure) 2041M->228M(2194M) 14.679ms
[174.342s][info ][gc,cpu         ] GC(47) User=0.06s Sys=0.00s Real=0.02s
[174.342s][info ][safepoint      ] Leaving safepoint region
[174.342s][info ][safepoint      ] Total time for which application threads were stopped: 0.0148408 seconds, Stopping threads took: 0.0000125 seconds
[175.342s][info ][safepoint      ] Application time: 1.0000770 seconds
[175.342s][info ][safepoint      ] Entering safepoint region: Cleanup
[175.342s][info ][safepoint      ] Leaving safepoint region
[175.342s][info ][safepoint      ] Total time for which application threads were stopped: 0.0000678 seconds, Stopping threads took: 0.0000141 seconds
[176.342s][info ][safepoint      ] Application time: 1.0000640 seconds
[176.343s][info ][safepoint      ] Entering safepoint region: Cleanup
[176.343s][info ][safepoint      ] Leaving safepoint region
[176.343s][info ][safepoint      ] Total time for which application threads were stopped: 0.0000767 seconds, Stopping threads took: 0.0000148 seconds
[177.343s][info ][safepoint      ] Application time: 1.0000758 seconds
[177.343s][info ][safepoint      ] Entering safepoint region: Cleanup
[177.343s][info ][safepoint      ] Leaving safepoint region
[177.343s][info ][safepoint      ] Total time for which application threads were stopped: 0.0000780 seconds, Stopping threads took: 0.0000168 seconds
[178.343s][info ][safepoint      ] Application time: 1.0000381 seconds
[178.343s][info ][safepoint      ] Entering safepoint region: Cleanup
[178.343s][info ][safepoint      ] Leaving safepoint region
[178.343s][info ][safepoint      ] Total time for which application threads were stopped: 0.0000663 seconds, Stopping threads took: 0.0000140 seconds
[179.343s][info ][safepoint      ] Application time: 1.0000658 seconds
[179.343s][info ][safepoint      ] Entering safepoint region: Cleanup
[179.343s][info ][safepoint      ] Leaving safepoint region
[179.343s][info ][safepoint      ] Total time for which application threads were stopped: 0.0000750 seconds, Stopping threads took: 0.0000141 seconds
[180.343s][info ][safepoint      ] Application time: 1.0000708 seconds
[180.343s][info ][safepoint      ] Entering safepoint region: Cleanup
[180.343s][info ][safepoint      ] Leaving safepoint region
[180.343s][info ][safepoint      ] Total time for which application threads were stopped: 0.0001153 seconds, Stopping threads took: 0.0000192 seconds
[181.343s][info ][safepoint      ] Application time: 1.0000427 seconds
[181.344s][info ][safepoint      ] Entering safepoint region: Cleanup
[181.344s][info ][safepoint      ] Leaving safepoint region
[181.344s][info ][safepoint      ] Total time for which application threads were stopped: 0.0000741 seconds, Stopping threads took: 0.0000143 seconds
[182.344s][info ][safepoint      ] Application time: 1.0000736 seconds
[182.344s][info ][safepoint      ] Entering safepoint region: Cleanup
[182.344s][info ][safepoint      ] Leaving safepoint region
[182.344s][info ][safepoint      ] Total time for which application threads were stopped: 0.0000718 seconds, Stopping threads took: 0.0000132 seconds
[183.344s][info ][safepoint      ] Application time: 1.0000833 seconds
[183.344s][info ][safepoint      ] Entering safepoint region: Cleanup
[183.344s][info ][safepoint      ] Leaving safepoint region
[183.344s][info ][safepoint      ] Total time for which application threads were stopped: 0.0000774 seconds, Stopping threads took: 0.0000156 seconds
[184.344s][info ][safepoint      ] Application time: 1.0000651 seconds
[184.344s][info ][safepoint      ] Entering safepoint region: Cleanup
[184.344s][info ][safepoint      ] Leaving safepoint region
[184.344s][info ][safepoint      ] Total time for which application threads were stopped: 0.0000949 seconds, Stopping threads took: 0.0000160 seconds
[185.344s][info ][safepoint      ] Application time: 1.0000756 seconds
[185.344s][info ][safepoint      ] Entering safepoint region: Cleanup
[185.344s][info ][safepoint      ] Leaving safepoint region
[185.344s][info ][safepoint      ] Total time for which application threads were stopped: 0.0001000 seconds, Stopping threads took: 0.0000244 seconds
[186.344s][info ][safepoint      ] Application time: 1.0000717 seconds
[186.345s][info ][safepoint      ] Entering safepoint region: Cleanup
[186.345s][info ][safepoint      ] Leaving safepoint region
[186.345s][info ][safepoint      ] Total time for which application threads were stopped: 0.0000781 seconds, Stopping threads took: 0.0000160 seconds
[187.345s][info ][safepoint      ] Application time: 1.0000769 seconds
[187.345s][info ][safepoint      ] Entering safepoint region: Cleanup
[187.345s][info ][safepoint      ] Leaving safepoint region
[187.345s][info ][safepoint      ] Total time for which application threads were stopped: 0.0000926 seconds, Stopping threads took: 0.0000322 seconds
[188.345s][info ][safepoint      ] Application time: 1.0000679 seconds
[188.345s][info ][safepoint      ] Entering safepoint region: Cleanup
[188.345s][info ][safepoint      ] Leaving safepoint region
[188.345s][info ][safepoint      ] Total time for which application threads were stopped: 0.0000924 seconds, Stopping threads took: 0.0000159 seconds
[189.345s][info ][safepoint      ] Application time: 1.0000481 seconds
[189.345s][info ][safepoint      ] Entering safepoint region: Cleanup
[189.345s][info ][safepoint      ] Leaving safepoint region
[189.345s][info ][safepoint      ] Total time for which application threads were stopped: 0.0000756 seconds, Stopping threads took: 0.0000150 seconds
[190.036s][info ][safepoint      ] Application time: 0.6912380 seconds
[190.036s][info ][safepoint      ] Entering safepoint region: RevokeBias
[190.037s][info ][safepoint      ] Leaving safepoint region
[190.037s][info ][safepoint      ] Total time for which application threads were stopped: 0.0000721 seconds, Stopping threads took: 0.0000111 seconds
[191.037s][info ][safepoint      ] Application time: 1.0000841 seconds
[191.037s][info ][safepoint      ] Entering safepoint region: Cleanup
[191.037s][info ][safepoint      ] Leaving safepoint region
[191.037s][info ][safepoint      ] Total time for which application threads were stopped: 0.0000886 seconds, Stopping threads took: 0.0000121 seconds
[192.037s][info ][safepoint      ] Application time: 1.0000689 seconds
[192.037s][info ][safepoint      ] Entering safepoint region: Cleanup
[192.037s][info ][safepoint      ] Leaving safepoint region
[192.037s][info ][safepoint      ] Total time for which application threads were stopped: 0.0000703 seconds, Stopping threads took: 0.0000124 seconds
[193.037s][info ][safepoint      ] Application time: 1.0000769 seconds
[193.037s][info ][safepoint      ] Entering safepoint region: Cleanup
[193.037s][info ][safepoint      ] Leaving safepoint region
[193.037s][info ][safepoint      ] Total time for which application threads were stopped: 0.0000880 seconds, Stopping threads took: 0.0000101 seconds
[194.037s][info ][safepoint      ] Application time: 1.0000645 seconds
[194.037s][info ][safepoint      ] Entering safepoint region: Cleanup
[194.037s][info ][safepoint      ] Leaving safepoint region
[194.037s][info ][safepoint      ] Total time for which application threads were stopped: 0.0001079 seconds, Stopping threads took: 0.0000128 seconds
[195.037s][info ][safepoint      ] Application time: 1.0000715 seconds
[195.037s][info ][safepoint      ] Entering safepoint region: Cleanup
[195.038s][info ][safepoint      ] Leaving safepoint region
[195.038s][info ][safepoint      ] Total time for which application threads were stopped: 0.0000728 seconds, Stopping threads took: 0.0000139 seconds
[196.038s][info ][safepoint      ] Application time: 1.0000699 seconds
[196.038s][info ][safepoint      ] Entering safepoint region: Cleanup
[196.038s][info ][safepoint      ] Leaving safepoint region
[196.038s][info ][safepoint      ] Total time for which application threads were stopped: 0.0000571 seconds, Stopping threads took: 0.0000118 seconds
[197.038s][info ][safepoint      ] Application time: 1.0000640 seconds
[197.038s][info ][safepoint      ] Entering safepoint region: Cleanup
[197.038s][info ][safepoint      ] Leaving safepoint region
[197.038s][info ][safepoint      ] Total time for which application threads were stopped: 0.0000931 seconds, Stopping threads took: 0.0000136 seconds
[198.038s][info ][safepoint      ] Application time: 1.0000711 seconds
[198.038s][info ][safepoint      ] Entering safepoint region: Cleanup
[198.038s][info ][safepoint      ] Leaving safepoint region
[198.038s][info ][safepoint      ] Total time for which application threads were stopped: 0.0000808 seconds, Stopping threads took: 0.0000132 seconds
[199.038s][info ][safepoint      ] Application time: 1.0000686 seconds
[199.038s][info ][safepoint      ] Entering safepoint region: Cleanup
[199.038s][info ][safepoint      ] Leaving safepoint region
[199.038s][info ][safepoint      ] Total time for which application threads were stopped: 0.0000738 seconds, Stopping threads took: 0.0000098 seconds
[200.038s][info ][safepoint      ] Application time: 1.0000714 seconds
[200.038s][info ][safepoint      ] Entering safepoint region: Cleanup
[200.038s][info ][safepoint      ] Leaving safepoint region
[200.039s][info ][safepoint      ] Total time for which application threads were stopped: 0.0001204 seconds, Stopping threads took: 0.0000172 seconds
[201.039s][info ][safepoint      ] Application time: 1.0000743 seconds
[201.039s][info ][safepoint      ] Entering safepoint region: Cleanup
[201.039s][info ][safepoint      ] Leaving safepoint region
[201.039s][info ][safepoint      ] Total time for which application threads were stopped: 0.0000880 seconds, Stopping threads took: 0.0000122 seconds
[202.039s][info ][safepoint      ] Application time: 1.0000489 seconds
[202.039s][info ][safepoint      ] Entering safepoint region: Cleanup
[202.039s][info ][safepoint      ] Leaving safepoint region
[202.039s][info ][safepoint      ] Total time for which application threads were stopped: 0.0000932 seconds, Stopping threads took: 0.0000136 seconds
[203.039s][info ][safepoint      ] Application time: 1.0000678 seconds
[203.039s][info ][safepoint      ] Entering safepoint region: Cleanup
[203.039s][info ][safepoint      ] Leaving safepoint region
[203.039s][info ][safepoint      ] Total time for which application threads were stopped: 0.0000768 seconds, Stopping threads took: 0.0000128 seconds
[204.039s][info ][safepoint      ] Application time: 1.0000402 seconds
[204.039s][info ][safepoint      ] Entering safepoint region: Cleanup
[204.039s][info ][safepoint      ] Leaving safepoint region
[204.039s][info ][safepoint      ] Total time for which application threads were stopped: 0.0000686 seconds, Stopping threads took: 0.0000125 seconds
[205.039s][info ][safepoint      ] Application time: 1.0000730 seconds
[205.039s][info ][safepoint      ] Entering safepoint region: Cleanup
[205.039s][info ][safepoint      ] Leaving safepoint region
[205.039s][info ][safepoint      ] Total time for which application threads were stopped: 0.0000714 seconds, Stopping threads took: 0.0000128 seconds
[206.040s][info ][safepoint      ] Application time: 1.0000754 seconds
[206.040s][info ][safepoint      ] Entering safepoint region: Cleanup
[206.040s][info ][safepoint      ] Leaving safepoint region
[206.040s][info ][safepoint      ] Total time for which application threads were stopped: 0.0000733 seconds, Stopping threads took: 0.0000145 seconds
[207.040s][info ][safepoint      ] Application time: 1.0000720 seconds
[207.040s][info ][safepoint      ] Entering safepoint region: Cleanup
[207.040s][info ][safepoint      ] Leaving safepoint region
[207.040s][info ][safepoint      ] Total time for which application threads were stopped: 0.0000683 seconds, Stopping threads took: 0.0000145 seconds
[208.040s][info ][safepoint      ] Application time: 1.0000660 seconds
[208.040s][info ][safepoint      ] Entering safepoint region: Cleanup
[208.040s][info ][safepoint      ] Leaving safepoint region
[208.040s][info ][safepoint      ] Total time for which application threads were stopped: 0.0000649 seconds, Stopping threads took: 0.0000130 seconds
[208.964s][info ][safepoint      ] Application time: 0.9238241 seconds
[208.964s][info ][safepoint      ] Entering safepoint region: RevokeBias
[208.964s][info ][safepoint      ] Leaving safepoint region
[208.964s][info ][safepoint      ] Total time for which application threads were stopped: 0.0002352 seconds, Stopping threads took: 0.0000136 seconds
[209.964s][info ][safepoint      ] Application time: 1.0000754 seconds
[209.964s][info ][safepoint      ] Entering safepoint region: Cleanup
[209.964s][info ][safepoint      ] Leaving safepoint region
[209.964s][info ][safepoint      ] Total time for which application threads were stopped: 0.0000750 seconds, Stopping threads took: 0.0000148 seconds
[210.964s][info ][safepoint      ] Application time: 1.0000700 seconds
[210.964s][info ][safepoint      ] Entering safepoint region: Cleanup
[210.964s][info ][safepoint      ] Leaving safepoint region
[210.964s][info ][safepoint      ] Total time for which application threads were stopped: 0.0000963 seconds, Stopping threads took: 0.0000164 seconds
[211.965s][info ][safepoint      ] Application time: 1.0000707 seconds
[211.965s][info ][safepoint      ] Entering safepoint region: Cleanup
[211.965s][info ][safepoint      ] Leaving safepoint region
[211.965s][info ][safepoint      ] Total time for which application threads were stopped: 0.0000751 seconds, Stopping threads took: 0.0000153 seconds
[212.965s][info ][safepoint      ] Application time: 1.0000721 seconds
[212.965s][info ][safepoint      ] Entering safepoint region: Cleanup
[212.965s][info ][safepoint      ] Leaving safepoint region
[212.965s][info ][safepoint      ] Total time for which application threads were stopped: 0.0000870 seconds, Stopping threads took: 0.0000190 seconds
[213.965s][info ][safepoint      ] Application time: 1.0000715 seconds
[213.965s][info ][safepoint      ] Entering safepoint region: Cleanup
[213.965s][info ][safepoint      ] Leaving safepoint region
[213.965s][info ][safepoint      ] Total time for which application threads were stopped: 0.0000681 seconds, Stopping threads took: 0.0000147 seconds
[214.965s][info ][safepoint      ] Application time: 1.0000675 seconds
[214.965s][info ][safepoint      ] Entering safepoint region: Cleanup
[214.965s][info ][safepoint      ] Leaving safepoint region
[214.965s][info ][safepoint      ] Total time for which application threads were stopped: 0.0000631 seconds, Stopping threads took: 0.0000147 seconds
[215.965s][info ][safepoint      ] Application time: 1.0000501 seconds
[215.965s][info ][safepoint      ] Entering safepoint region: Cleanup
[215.965s][info ][safepoint      ] Leaving safepoint region
[215.965s][info ][safepoint      ] Total time for which application threads were stopped: 0.0000724 seconds, Stopping threads took: 0.0000149 seconds
[216.966s][info ][safepoint      ] Application time: 1.0000722 seconds
[216.966s][info ][safepoint      ] Entering safepoint region: Cleanup
[216.966s][info ][safepoint      ] Leaving safepoint region
[216.966s][info ][safepoint      ] Total time for which application threads were stopped: 0.0000800 seconds, Stopping threads took: 0.0000157 seconds
[217.966s][info ][safepoint      ] Application time: 1.0000724 seconds
[217.966s][info ][safepoint      ] Entering safepoint region: Cleanup
[217.966s][info ][safepoint      ] Leaving safepoint region
[217.966s][info ][safepoint      ] Total time for which application threads were stopped: 0.0001098 seconds, Stopping threads took: 0.0000312 seconds
[218.966s][info ][safepoint      ] Application time: 1.0000561 seconds
[218.966s][info ][safepoint      ] Entering safepoint region: Cleanup
[218.966s][info ][safepoint      ] Leaving safepoint region
[218.966s][info ][safepoint      ] Total time for which application threads were stopped: 0.0001075 seconds, Stopping threads took: 0.0000180 seconds
[219.966s][info ][safepoint      ] Application time: 1.0001043 seconds
[219.966s][info ][safepoint      ] Entering safepoint region: Cleanup
[219.966s][info ][safepoint      ] Leaving safepoint region
[219.966s][info ][safepoint      ] Total time for which application threads were stopped: 0.0000873 seconds, Stopping threads took: 0.0000162 seconds
[220.966s][info ][safepoint      ] Application time: 1.0000664 seconds
[220.966s][info ][safepoint      ] Entering safepoint region: Cleanup
[220.967s][info ][safepoint      ] Leaving safepoint region
[220.967s][info ][safepoint      ] Total time for which application threads were stopped: 0.0001059 seconds, Stopping threads took: 0.0000144 seconds
[221.967s][info ][safepoint      ] Application time: 1.0000778 seconds
[221.967s][info ][safepoint      ] Entering safepoint region: Cleanup
[221.967s][info ][safepoint      ] Leaving safepoint region
[221.967s][info ][safepoint      ] Total time for which application threads were stopped: 0.0000802 seconds, Stopping threads took: 0.0000155 seconds
[222.967s][info ][safepoint      ] Application time: 1.0000665 seconds
[222.967s][info ][safepoint      ] Entering safepoint region: Cleanup
[222.967s][info ][safepoint      ] Leaving safepoint region
[222.967s][info ][safepoint      ] Total time for which application threads were stopped: 0.0001025 seconds, Stopping threads took: 0.0000146 seconds
[223.967s][info ][safepoint      ] Application time: 1.0000739 seconds
[223.967s][info ][safepoint      ] Entering safepoint region: Cleanup
[223.967s][info ][safepoint      ] Leaving safepoint region
[223.967s][info ][safepoint      ] Total time for which application threads were stopped: 0.0000878 seconds, Stopping threads took: 0.0000152 seconds
[224.967s][info ][safepoint      ] Application time: 1.0000640 seconds
[224.967s][info ][safepoint      ] Entering safepoint region: Cleanup
[224.967s][info ][safepoint      ] Leaving safepoint region
[224.967s][info ][safepoint      ] Total time for which application threads were stopped: 0.0000770 seconds, Stopping threads took: 0.0000157 seconds
[225.967s][info ][safepoint      ] Application time: 1.0000722 seconds
[225.967s][info ][safepoint      ] Entering safepoint region: Cleanup
[225.968s][info ][safepoint      ] Leaving safepoint region
[225.968s][info ][safepoint      ] Total time for which application threads were stopped: 0.0000827 seconds, Stopping threads took: 0.0000158 seconds
[226.778s][info ][safepoint      ] Application time: 0.8100810 seconds
[226.778s][info ][safepoint      ] Entering safepoint region: ParallelGCFailedAllocation
[226.778s][info ][gc,start       ] GC(48) Pause Young (Allocation Failure)
[226.791s][debug][gc,phases      ] GC(48) Scavenge 13.647ms
[226.791s][debug][gc,ref         ] GC(48) Skipped phase1 of Reference Processing due to unavailable references
[226.792s][debug][gc,ref         ] GC(48) Skipped phase3 of Reference Processing due to unavailable references
[226.792s][debug][gc,phases      ] GC(48) Reference Processing 0.060ms
[226.792s][debug][gc,phases      ] GC(48) Weak Processing 0.163ms
[226.792s][debug][gc,phases      ] GC(48) Scrub String Table 0.527ms
[226.792s][debug][gc,age         ] GC(48) Desired survivor size 104333312 bytes, new threshold 15 (max threshold 15)
[226.792s][info ][gc,heap        ] GC(48) PSYoungGen: 1913122K->40816K(1981440K)
[226.792s][info ][gc,heap        ] GC(48) ParOldGen: 194149K->194157K(258048K)
[226.792s][info ][gc,metaspace   ] GC(48) Metaspace: 71088K->71088K(1114112K)
[226.792s][info ][gc             ] GC(48) Pause Young (Allocation Failure) 2057M->229M(2187M) 14.534ms
[226.792s][info ][gc,cpu         ] GC(48) User=0.06s Sys=0.00s Real=0.01s
[226.792s][info ][safepoint      ] Leaving safepoint region
[226.792s][info ][safepoint      ] Total time for which application threads were stopped: 0.0146864 seconds, Stopping threads took: 0.0000118 seconds
[227.792s][info ][safepoint      ] Application time: 1.0000388 seconds
[227.792s][info ][safepoint      ] Entering safepoint region: Cleanup
[227.792s][info ][safepoint      ] Leaving safepoint region
[227.792s][info ][safepoint      ] Total time for which application threads were stopped: 0.0000711 seconds, Stopping threads took: 0.0000112 seconds
[228.793s][info ][safepoint      ] Application time: 1.0000721 seconds
[228.793s][info ][safepoint      ] Entering safepoint region: Cleanup
[228.793s][info ][safepoint      ] Leaving safepoint region
[228.793s][info ][safepoint      ] Total time for which application threads were stopped: 0.0001129 seconds, Stopping threads took: 0.0000476 seconds
[229.793s][info ][safepoint      ] Application time: 1.0000737 seconds
[229.793s][info ][safepoint      ] Entering safepoint region: Cleanup
[229.793s][info ][safepoint      ] Leaving safepoint region
[229.793s][info ][safepoint      ] Total time for which application threads were stopped: 0.0000622 seconds, Stopping threads took: 0.0000143 seconds
[230.793s][info ][safepoint      ] Application time: 1.0000700 seconds
[230.793s][info ][safepoint      ] Entering safepoint region: Cleanup
[230.793s][info ][safepoint      ] Leaving safepoint region
[230.793s][info ][safepoint      ] Total time for which application threads were stopped: 0.0000604 seconds, Stopping threads took: 0.0000132 seconds
[231.793s][info ][safepoint      ] Application time: 1.0000767 seconds
[231.793s][info ][safepoint      ] Entering safepoint region: Cleanup
[231.793s][info ][safepoint      ] Leaving safepoint region
[231.793s][info ][safepoint      ] Total time for which application threads were stopped: 0.0000627 seconds, Stopping threads took: 0.0000122 seconds
[232.793s][info ][safepoint      ] Application time: 1.0000773 seconds
[232.793s][info ][safepoint      ] Entering safepoint region: Cleanup
[232.793s][info ][safepoint      ] Leaving safepoint region
[232.793s][info ][safepoint      ] Total time for which application threads were stopped: 0.0000815 seconds, Stopping threads took: 0.0000202 seconds
[233.794s][info ][safepoint      ] Application time: 1.0000686 seconds
[233.794s][info ][safepoint      ] Entering safepoint region: Cleanup
[233.794s][info ][safepoint      ] Leaving safepoint region
[233.794s][info ][safepoint      ] Total time for which application threads were stopped: 0.0000792 seconds, Stopping threads took: 0.0000145 seconds
[234.794s][info ][safepoint      ] Application time: 1.0000689 seconds
[234.794s][info ][safepoint      ] Entering safepoint region: Cleanup
[234.794s][info ][safepoint      ] Leaving safepoint region
[234.794s][info ][safepoint      ] Total time for which application threads were stopped: 0.0000685 seconds, Stopping threads took: 0.0000118 seconds
[235.794s][info ][safepoint      ] Application time: 1.0000680 seconds
[235.794s][info ][safepoint      ] Entering safepoint region: Cleanup
[235.794s][info ][safepoint      ] Leaving safepoint region
[235.794s][info ][safepoint      ] Total time for which application threads were stopped: 0.0000775 seconds, Stopping threads took: 0.0000122 seconds
[236.794s][info ][safepoint      ] Application time: 1.0000718 seconds
[236.794s][info ][safepoint      ] Entering safepoint region: Cleanup
[236.794s][info ][safepoint      ] Leaving safepoint region
[236.794s][info ][safepoint      ] Total time for which application threads were stopped: 0.0000593 seconds, Stopping threads took: 0.0000133 seconds
[237.794s][info ][safepoint      ] Application time: 1.0000647 seconds
[237.794s][info ][safepoint      ] Entering safepoint region: Cleanup
[237.794s][info ][safepoint      ] Leaving safepoint region
[237.794s][info ][safepoint      ] Total time for which application threads were stopped: 0.0000745 seconds, Stopping threads took: 0.0000138 seconds
[238.794s][info ][safepoint      ] Application time: 1.0000685 seconds
[238.795s][info ][safepoint      ] Entering safepoint region: Cleanup
[238.795s][info ][safepoint      ] Leaving safepoint region
[238.795s][info ][safepoint      ] Total time for which application threads were stopped: 0.0000768 seconds, Stopping threads took: 0.0000136 seconds
[239.795s][info ][safepoint      ] Application time: 1.0000782 seconds
[239.795s][info ][safepoint      ] Entering safepoint region: Cleanup
[239.795s][info ][safepoint      ] Leaving safepoint region
[239.795s][info ][safepoint      ] Total time for which application threads were stopped: 0.0000858 seconds, Stopping threads took: 0.0000150 seconds
[240.795s][info ][safepoint      ] Application time: 1.0000761 seconds
[240.795s][info ][safepoint      ] Entering safepoint region: Cleanup
[240.795s][info ][safepoint      ] Leaving safepoint region
[240.795s][info ][safepoint      ] Total time for which application threads were stopped: 0.0000763 seconds, Stopping threads took: 0.0000147 seconds
[241.795s][info ][safepoint      ] Application time: 1.0000681 seconds
[241.795s][info ][safepoint      ] Entering safepoint region: Cleanup
[241.795s][info ][safepoint      ] Leaving safepoint region
[241.795s][info ][safepoint      ] Total time for which application threads were stopped: 0.0000792 seconds, Stopping threads took: 0.0000142 seconds
[242.795s][info ][safepoint      ] Application time: 1.0000754 seconds
[242.795s][info ][safepoint      ] Entering safepoint region: Cleanup
[242.795s][info ][safepoint      ] Leaving safepoint region
[242.795s][info ][safepoint      ] Total time for which application threads were stopped: 0.0000712 seconds, Stopping threads took: 0.0000142 seconds
[243.795s][info ][safepoint      ] Application time: 1.0000669 seconds
[243.796s][info ][safepoint      ] Entering safepoint region: Cleanup
[243.796s][info ][safepoint      ] Leaving safepoint region
[243.796s][info ][safepoint      ] Total time for which application threads were stopped: 0.0000624 seconds, Stopping threads took: 0.0000144 seconds
[244.796s][info ][safepoint      ] Application time: 1.0000636 seconds
[244.796s][info ][safepoint      ] Entering safepoint region: Cleanup
[244.796s][info ][safepoint      ] Leaving safepoint region
[244.796s][info ][safepoint      ] Total time for which application threads were stopped: 0.0000725 seconds, Stopping threads took: 0.0000156 seconds
[245.796s][info ][safepoint      ] Application time: 1.0000749 seconds
[245.796s][info ][safepoint      ] Entering safepoint region: Cleanup
[245.796s][info ][safepoint      ] Leaving safepoint region
[245.796s][info ][safepoint      ] Total time for which application threads were stopped: 0.0000689 seconds, Stopping threads took: 0.0000156 seconds
[246.796s][info ][safepoint      ] Application time: 1.0000667 seconds
[246.796s][info ][safepoint      ] Entering safepoint region: Cleanup
[246.796s][info ][safepoint      ] Leaving safepoint region
[246.796s][info ][safepoint      ] Total time for which application threads were stopped: 0.0000701 seconds, Stopping threads took: 0.0000143 seconds
[247.796s][info ][safepoint      ] Application time: 1.0000462 seconds
[247.796s][info ][safepoint      ] Entering safepoint region: Cleanup
[247.796s][info ][safepoint      ] Leaving safepoint region
[247.796s][info ][safepoint      ] Total time for which application threads were stopped: 0.0000682 seconds, Stopping threads took: 0.0000143 seconds
[248.796s][info ][safepoint      ] Application time: 1.0000755 seconds
[248.796s][info ][safepoint      ] Entering safepoint region: Cleanup
[248.797s][info ][safepoint      ] Leaving safepoint region
[248.797s][info ][safepoint      ] Total time for which application threads were stopped: 0.0000939 seconds, Stopping threads took: 0.0000348 seconds
[249.797s][info ][safepoint      ] Application time: 1.0000710 seconds
[249.797s][info ][safepoint      ] Entering safepoint region: Cleanup
[249.797s][info ][safepoint      ] Leaving safepoint region
[249.797s][info ][safepoint      ] Total time for which application threads were stopped: 0.0000837 seconds, Stopping threads took: 0.0000156 seconds
[250.797s][info ][safepoint      ] Application time: 1.0000908 seconds
[250.797s][info ][safepoint      ] Entering safepoint region: Cleanup
[250.797s][info ][safepoint      ] Leaving safepoint region
[250.797s][info ][safepoint      ] Total time for which application threads were stopped: 0.0000776 seconds, Stopping threads took: 0.0000196 seconds
[251.797s][info ][safepoint      ] Application time: 1.0000855 seconds
[251.797s][info ][safepoint      ] Entering safepoint region: Cleanup
[251.797s][info ][safepoint      ] Leaving safepoint region
[251.797s][info ][safepoint      ] Total time for which application threads were stopped: 0.0000945 seconds, Stopping threads took: 0.0000217 seconds
[252.797s][info ][safepoint      ] Application time: 1.0000911 seconds
[252.797s][info ][safepoint      ] Entering safepoint region: Cleanup
[252.797s][info ][safepoint      ] Leaving safepoint region
[252.797s][info ][safepoint      ] Total time for which application threads were stopped: 0.0000899 seconds, Stopping threads took: 0.0000206 seconds
[253.797s][info ][safepoint      ] Application time: 1.0000731 seconds
[253.798s][info ][safepoint      ] Entering safepoint region: Cleanup
[253.798s][info ][safepoint      ] Leaving safepoint region
[253.798s][info ][safepoint      ] Total time for which application threads were stopped: 0.0000922 seconds, Stopping threads took: 0.0000201 seconds
[254.798s][info ][safepoint      ] Application time: 1.0000707 seconds
[254.798s][info ][safepoint      ] Entering safepoint region: Cleanup
[254.798s][info ][safepoint      ] Leaving safepoint region
[254.798s][info ][safepoint      ] Total time for which application threads were stopped: 0.0000879 seconds, Stopping threads took: 0.0000335 seconds
[255.798s][info ][safepoint      ] Application time: 1.0000769 seconds
[255.798s][info ][safepoint      ] Entering safepoint region: Cleanup
[255.798s][info ][safepoint      ] Leaving safepoint region
[255.798s][info ][safepoint      ] Total time for which application threads were stopped: 0.0000929 seconds, Stopping threads took: 0.0000142 seconds
[256.798s][info ][safepoint      ] Application time: 1.0000862 seconds
[256.798s][info ][safepoint      ] Entering safepoint region: Cleanup
[256.798s][info ][safepoint      ] Leaving safepoint region
[256.798s][info ][safepoint      ] Total time for which application threads were stopped: 0.0001090 seconds, Stopping threads took: 0.0000251 seconds
[257.798s][info ][safepoint      ] Application time: 1.0000617 seconds
[257.798s][info ][safepoint      ] Entering safepoint region: Cleanup
[257.798s][info ][safepoint      ] Leaving safepoint region
[257.798s][info ][safepoint      ] Total time for which application threads were stopped: 0.0000680 seconds, Stopping threads took: 0.0000141 seconds
[258.799s][info ][safepoint      ] Application time: 1.0000788 seconds
[258.799s][info ][safepoint      ] Entering safepoint region: Cleanup
[258.799s][info ][safepoint      ] Leaving safepoint region
[258.799s][info ][safepoint      ] Total time for which application threads were stopped: 0.0000818 seconds, Stopping threads took: 0.0000146 seconds
[259.799s][info ][safepoint      ] Application time: 1.0000781 seconds
[259.799s][info ][safepoint      ] Entering safepoint region: Cleanup
[259.799s][info ][safepoint      ] Leaving safepoint region
[259.799s][info ][safepoint      ] Total time for which application threads were stopped: 0.0000881 seconds, Stopping threads took: 0.0000202 seconds
[260.799s][info ][safepoint      ] Application time: 1.0001584 seconds
[260.799s][info ][safepoint      ] Entering safepoint region: Cleanup
[260.799s][info ][safepoint      ] Leaving safepoint region
[260.799s][info ][safepoint      ] Total time for which application threads were stopped: 0.0000875 seconds, Stopping threads took: 0.0000201 seconds
[261.799s][info ][safepoint      ] Application time: 1.0000873 seconds
[261.799s][info ][safepoint      ] Entering safepoint region: Cleanup
[261.799s][info ][safepoint      ] Leaving safepoint region
[261.799s][info ][safepoint      ] Total time for which application threads were stopped: 0.0000696 seconds, Stopping threads took: 0.0000155 seconds
[262.800s][info ][safepoint      ] Application time: 1.0000799 seconds
[262.800s][info ][safepoint      ] Entering safepoint region: Cleanup
[262.800s][info ][safepoint      ] Leaving safepoint region
[262.800s][info ][safepoint      ] Total time for which application threads were stopped: 0.0000691 seconds, Stopping threads took: 0.0000152 seconds
[263.800s][info ][safepoint      ] Application time: 1.0000837 seconds
[263.800s][info ][safepoint      ] Entering safepoint region: Cleanup
[263.800s][info ][safepoint      ] Leaving safepoint region
[263.800s][info ][safepoint      ] Total time for which application threads were stopped: 0.0000645 seconds, Stopping threads took: 0.0000155 seconds
[264.800s][info ][safepoint      ] Application time: 1.0000729 seconds
[264.800s][info ][safepoint      ] Entering safepoint region: Cleanup
[264.800s][info ][safepoint      ] Leaving safepoint region
[264.800s][info ][safepoint      ] Total time for which application threads were stopped: 0.0000754 seconds, Stopping threads took: 0.0000149 seconds
[265.800s][info ][safepoint      ] Application time: 1.0000787 seconds
[265.800s][info ][safepoint      ] Entering safepoint region: Cleanup
[265.800s][info ][safepoint      ] Leaving safepoint region
[265.800s][info ][safepoint      ] Total time for which application threads were stopped: 0.0000852 seconds, Stopping threads took: 0.0000191 seconds
[266.800s][info ][safepoint      ] Application time: 1.0000868 seconds
[266.800s][info ][safepoint      ] Entering safepoint region: Cleanup
[266.800s][info ][safepoint      ] Leaving safepoint region
[266.800s][info ][safepoint      ] Total time for which application threads were stopped: 0.0000711 seconds, Stopping threads took: 0.0000156 seconds
[267.801s][info ][safepoint      ] Application time: 1.0000737 seconds
[267.801s][info ][safepoint      ] Entering safepoint region: Cleanup
[267.801s][info ][safepoint      ] Leaving safepoint region
[267.801s][info ][safepoint      ] Total time for which application threads were stopped: 0.0000775 seconds, Stopping threads took: 0.0000198 seconds
[268.801s][info ][safepoint      ] Application time: 1.0000863 seconds
[268.801s][info ][safepoint      ] Entering safepoint region: Cleanup
[268.801s][info ][safepoint      ] Leaving safepoint region
[268.801s][info ][safepoint      ] Total time for which application threads were stopped: 0.0000764 seconds, Stopping threads took: 0.0000156 seconds
[268.964s][info ][safepoint      ] Application time: 0.1629940 seconds
[268.964s][info ][safepoint      ] Entering safepoint region: RevokeBias
[268.964s][info ][safepoint      ] Leaving safepoint region
[268.964s][info ][safepoint      ] Total time for which application threads were stopped: 0.0000676 seconds, Stopping threads took: 0.0000129 seconds
[269.964s][info ][safepoint      ] Application time: 1.0000736 seconds
[269.964s][info ][safepoint      ] Entering safepoint region: Cleanup
[269.964s][info ][safepoint      ] Leaving safepoint region
[269.964s][info ][safepoint      ] Total time for which application threads were stopped: 0.0000792 seconds, Stopping threads took: 0.0000150 seconds
[270.964s][info ][safepoint      ] Application time: 1.0000689 seconds
[270.964s][info ][safepoint      ] Entering safepoint region: Cleanup
[270.964s][info ][safepoint      ] Leaving safepoint region
[270.964s][info ][safepoint      ] Total time for which application threads were stopped: 0.0000812 seconds, Stopping threads took: 0.0000136 seconds
[271.964s][info ][safepoint      ] Application time: 1.0000799 seconds
[271.964s][info ][safepoint      ] Entering safepoint region: Cleanup
[271.965s][info ][safepoint      ] Leaving safepoint region
[271.965s][info ][safepoint      ] Total time for which application threads were stopped: 0.0000763 seconds, Stopping threads took: 0.0000177 seconds
[272.673s][info ][safepoint      ] Application time: 0.7079859 seconds
[272.673s][info ][safepoint      ] Entering safepoint region: RevokeBias
[272.673s][info ][safepoint      ] Leaving safepoint region
[272.673s][info ][safepoint      ] Total time for which application threads were stopped: 0.0000934 seconds, Stopping threads took: 0.0000097 seconds
[272.754s][info ][safepoint      ] Application time: 0.0809280 seconds
[272.754s][info ][safepoint      ] Entering safepoint region: RevokeBias
[272.754s][info ][safepoint      ] Leaving safepoint region
[272.754s][info ][safepoint      ] Total time for which application threads were stopped: 0.0001164 seconds, Stopping threads took: 0.0000098 seconds
[272.757s][info ][safepoint      ] Application time: 0.0036892 seconds
[272.757s][info ][safepoint      ] Entering safepoint region: RevokeBias
[272.757s][info ][safepoint      ] Leaving safepoint region
[272.758s][info ][safepoint      ] Total time for which application threads were stopped: 0.0000648 seconds, Stopping threads took: 0.0000088 seconds
[273.758s][info ][safepoint      ] Application time: 1.0000826 seconds
[273.758s][info ][safepoint      ] Entering safepoint region: Cleanup
[273.758s][info ][safepoint      ] Leaving safepoint region
[273.758s][info ][safepoint      ] Total time for which application threads were stopped: 0.0001415 seconds, Stopping threads took: 0.0000165 seconds
[274.758s][info ][safepoint      ] Application time: 1.0000841 seconds
[274.758s][info ][safepoint      ] Entering safepoint region: Cleanup
[274.758s][info ][safepoint      ] Leaving safepoint region
[274.758s][info ][safepoint      ] Total time for which application threads were stopped: 0.0000890 seconds, Stopping threads took: 0.0000153 seconds
[276.758s][info ][safepoint      ] Application time: 2.0001488 seconds
[276.758s][info ][safepoint      ] Entering safepoint region: Cleanup
[276.758s][info ][safepoint      ] Leaving safepoint region
[276.758s][info ][safepoint      ] Total time for which application threads were stopped: 0.0000791 seconds, Stopping threads took: 0.0000164 seconds
[277.758s][info ][safepoint      ] Application time: 1.0000756 seconds
[277.758s][info ][safepoint      ] Entering safepoint region: Cleanup
[277.758s][info ][safepoint      ] Leaving safepoint region
[277.758s][info ][safepoint      ] Total time for which application threads were stopped: 0.0000797 seconds, Stopping threads took: 0.0000163 seconds
[278.526s][info ][safepoint      ] Application time: 0.7679486 seconds
[278.526s][info ][safepoint      ] Entering safepoint region: ParallelGCFailedAllocation
[278.527s][info ][gc,start       ] GC(49) Pause Young (Allocation Failure)
[278.541s][debug][gc,phases      ] GC(49) Scavenge 14.293ms
[278.541s][debug][gc,ref         ] GC(49) Skipped phase1 of Reference Processing due to unavailable references
[278.541s][debug][gc,ref         ] GC(49) Skipped phase3 of Reference Processing due to unavailable references
[278.541s][debug][gc,phases      ] GC(49) Reference Processing 0.086ms
[278.541s][debug][gc,phases      ] GC(49) Weak Processing 0.201ms
[278.542s][debug][gc,phases      ] GC(49) Scrub String Table 0.655ms
[278.542s][debug][gc,age         ] GC(49) Desired survivor size 98041856 bytes, new threshold 15 (max threshold 15)
[278.542s][info ][gc,heap        ] GC(49) PSYoungGen: 1913712K->41344K(2001408K)
[278.542s][info ][gc,heap        ] GC(49) ParOldGen: 194157K->194165K(258048K)
[278.542s][info ][gc,metaspace   ] GC(49) Metaspace: 71158K->71158K(1114112K)
[278.542s][info ][gc             ] GC(49) Pause Young (Allocation Failure) 2058M->229M(2206M) 15.384ms
[278.542s][info ][gc,cpu         ] GC(49) User=0.05s Sys=0.00s Real=0.02s
[278.542s][info ][safepoint      ] Leaving safepoint region
[278.542s][info ][safepoint      ] Total time for which application threads were stopped: 0.0155528 seconds, Stopping threads took: 0.0000210 seconds
[279.542s][info ][safepoint      ] Application time: 1.0000773 seconds
[279.542s][info ][safepoint      ] Entering safepoint region: Cleanup
[279.542s][info ][safepoint      ] Leaving safepoint region
[279.542s][info ][safepoint      ] Total time for which application threads were stopped: 0.0000856 seconds, Stopping threads took: 0.0000261 seconds
[281.542s][info ][safepoint      ] Application time: 2.0001319 seconds
[281.542s][info ][safepoint      ] Entering safepoint region: Cleanup
[281.542s][info ][safepoint      ] Leaving safepoint region
[281.542s][info ][safepoint      ] Total time for which application threads were stopped: 0.0000739 seconds, Stopping threads took: 0.0000147 seconds
[283.543s][info ][safepoint      ] Application time: 2.0001345 seconds
[283.543s][info ][safepoint      ] Entering safepoint region: Cleanup
[283.543s][info ][safepoint      ] Leaving safepoint region
[283.543s][info ][safepoint      ] Total time for which application threads were stopped: 0.0000700 seconds, Stopping threads took: 0.0000126 seconds
[284.543s][info ][safepoint      ] Application time: 1.0000682 seconds
[284.543s][info ][safepoint      ] Entering safepoint region: Cleanup
[284.543s][info ][safepoint      ] Leaving safepoint region
[284.543s][info ][safepoint      ] Total time for which application threads were stopped: 0.0000726 seconds, Stopping threads took: 0.0000138 seconds
[288.543s][info ][safepoint      ] Application time: 4.0002761 seconds
[288.543s][info ][safepoint      ] Entering safepoint region: Cleanup
[288.543s][info ][safepoint      ] Leaving safepoint region
[288.543s][info ][safepoint      ] Total time for which application threads were stopped: 0.0000913 seconds, Stopping threads took: 0.0000174 seconds
[292.544s][info ][safepoint      ] Application time: 4.0002803 seconds
[292.544s][info ][safepoint      ] Entering safepoint region: Cleanup
[292.544s][info ][safepoint      ] Leaving safepoint region
[292.544s][info ][safepoint      ] Total time for which application threads were stopped: 0.0000848 seconds, Stopping threads took: 0.0000235 seconds
[296.544s][info ][safepoint      ] Application time: 4.0002789 seconds
[296.544s][info ][safepoint      ] Entering safepoint region: Cleanup
[296.544s][info ][safepoint      ] Leaving safepoint region
[296.544s][info ][safepoint      ] Total time for which application threads were stopped: 0.0000781 seconds, Stopping threads took: 0.0000149 seconds
[301.545s][info ][safepoint      ] Application time: 5.0003395 seconds
[301.545s][info ][safepoint      ] Entering safepoint region: Cleanup
[301.545s][info ][safepoint      ] Leaving safepoint region
[301.545s][info ][safepoint      ] Total time for which application threads were stopped: 0.0000716 seconds, Stopping threads took: 0.0000138 seconds
[304.545s][info ][safepoint      ] Application time: 3.0002154 seconds
[304.545s][info ][safepoint      ] Entering safepoint region: Cleanup
[304.545s][info ][safepoint      ] Leaving safepoint region
[304.545s][info ][safepoint      ] Total time for which application threads were stopped: 0.0000717 seconds, Stopping threads took: 0.0000137 seconds
[306.545s][info ][safepoint      ] Application time: 2.0001427 seconds
[306.545s][info ][safepoint      ] Entering safepoint region: Cleanup
[306.545s][info ][safepoint      ] Leaving safepoint region
[306.545s][info ][safepoint      ] Total time for which application threads were stopped: 0.0000773 seconds, Stopping threads took: 0.0000160 seconds
[308.545s][info ][safepoint      ] Application time: 2.0001121 seconds
[308.545s][info ][safepoint      ] Entering safepoint region: Cleanup
[308.545s][info ][safepoint      ] Leaving safepoint region
[308.545s][info ][safepoint      ] Total time for which application threads were stopped: 0.0000797 seconds, Stopping threads took: 0.0000152 seconds
[313.546s][info ][safepoint      ] Application time: 5.0003250 seconds
[313.546s][info ][safepoint      ] Entering safepoint region: Cleanup
[313.546s][info ][safepoint      ] Leaving safepoint region
[313.546s][info ][safepoint      ] Total time for which application threads were stopped: 0.0001116 seconds, Stopping threads took: 0.0000327 seconds
[316.546s][info ][safepoint      ] Application time: 3.0001871 seconds
[316.546s][info ][safepoint      ] Entering safepoint region: Cleanup
[316.546s][info ][safepoint      ] Leaving safepoint region
[316.546s][info ][safepoint      ] Total time for which application threads were stopped: 0.0001251 seconds, Stopping threads took: 0.0000177 seconds
[318.546s][info ][safepoint      ] Application time: 2.0001392 seconds
[318.547s][info ][safepoint      ] Entering safepoint region: Cleanup
[318.547s][info ][safepoint      ] Leaving safepoint region
[318.547s][info ][safepoint      ] Total time for which application threads were stopped: 0.0001158 seconds, Stopping threads took: 0.0000329 seconds
[319.547s][info ][safepoint      ] Application time: 1.0000788 seconds
[319.547s][info ][safepoint      ] Entering safepoint region: Cleanup
[319.547s][info ][safepoint      ] Leaving safepoint region
[319.547s][info ][safepoint      ] Total time for which application threads were stopped: 0.0000947 seconds, Stopping threads took: 0.0000179 seconds
[320.547s][info ][safepoint      ] Application time: 1.0000751 seconds
[320.547s][info ][safepoint      ] Entering safepoint region: Cleanup
[320.547s][info ][safepoint      ] Leaving safepoint region
[320.547s][info ][safepoint      ] Total time for which application threads were stopped: 0.0001116 seconds, Stopping threads took: 0.0000362 seconds
[327.548s][info ][safepoint      ] Application time: 7.0005094 seconds
[327.548s][info ][safepoint      ] Entering safepoint region: Cleanup
[327.548s][info ][safepoint      ] Leaving safepoint region
[327.548s][info ][safepoint      ] Total time for which application threads were stopped: 0.0000816 seconds, Stopping threads took: 0.0000168 seconds
[328.548s][info ][safepoint      ] Application time: 1.0000742 seconds
[328.548s][info ][safepoint      ] Entering safepoint region: Cleanup
[328.548s][info ][safepoint      ] Leaving safepoint region
[328.548s][info ][safepoint      ] Total time for which application threads were stopped: 0.0001141 seconds, Stopping threads took: 0.0000209 seconds
[328.964s][info ][safepoint      ] Application time: 0.4158513 seconds
[328.964s][info ][safepoint      ] Entering safepoint region: RevokeBias
[328.964s][info ][safepoint      ] Leaving safepoint region
[328.964s][info ][safepoint      ] Total time for which application threads were stopped: 0.0000770 seconds, Stopping threads took: 0.0000145 seconds
[330.964s][info ][safepoint      ] Application time: 2.0001475 seconds
[330.964s][info ][safepoint      ] Entering safepoint region: Cleanup
[330.964s][info ][safepoint      ] Leaving safepoint region
[330.964s][info ][safepoint      ] Total time for which application threads were stopped: 0.0000984 seconds, Stopping threads took: 0.0000156 seconds
[333.008s][info ][safepoint      ] Application time: 2.0440083 seconds
[333.008s][info ][safepoint      ] Entering safepoint region: RevokeBias
[333.008s][info ][safepoint      ] Leaving safepoint region
[333.008s][info ][safepoint      ] Total time for which application threads were stopped: 0.0000786 seconds, Stopping threads took: 0.0000145 seconds
[335.009s][info ][safepoint      ] Application time: 2.0001511 seconds
[335.009s][info ][safepoint      ] Entering safepoint region: Cleanup
[335.009s][info ][safepoint      ] Leaving safepoint region
[335.009s][info ][safepoint      ] Total time for which application threads were stopped: 0.0000945 seconds, Stopping threads took: 0.0000255 seconds
[335.026s][info ][safepoint      ] Application time: 0.0175652 seconds
[335.026s][info ][safepoint      ] Entering safepoint region: ParallelGCFailedAllocation
[335.026s][info ][gc,start       ] GC(50) Pause Young (Allocation Failure)
[335.041s][debug][gc,phases      ] GC(50) Scavenge 14.685ms
[335.041s][debug][gc,ref         ] GC(50) Skipped phase1 of Reference Processing due to unavailable references
[335.041s][debug][gc,ref         ] GC(50) Skipped phase3 of Reference Processing due to unavailable references
[335.041s][debug][gc,phases      ] GC(50) Reference Processing 0.062ms
[335.041s][debug][gc,phases      ] GC(50) Weak Processing 0.183ms
[335.042s][debug][gc,phases      ] GC(50) Scrub String Table 0.525ms
[335.042s][debug][gc,age         ] GC(50) Desired survivor size 92798976 bytes, new threshold 15 (max threshold 15)
[335.042s][info ][gc,heap        ] GC(50) PSYoungGen: 1940864K->41634K(1995264K)
[335.042s][info ][gc,heap        ] GC(50) ParOldGen: 194165K->194173K(258048K)
[335.042s][info ][gc,metaspace   ] GC(50) Metaspace: 71227K->71227K(1114112K)
[335.042s][info ][gc             ] GC(50) Pause Young (Allocation Failure) 2084M->230M(2200M) 15.584ms
[335.042s][info ][gc,cpu         ] GC(50) User=0.06s Sys=0.00s Real=0.02s
[335.042s][info ][safepoint      ] Leaving safepoint region
[335.042s][info ][safepoint      ] Total time for which application threads were stopped: 0.0157400 seconds, Stopping threads took: 0.0000110 seconds
[336.042s][info ][safepoint      ] Application time: 1.0000821 seconds
[336.042s][info ][safepoint      ] Entering safepoint region: Cleanup
[336.042s][info ][safepoint      ] Leaving safepoint region
[336.042s][info ][safepoint      ] Total time for which application threads were stopped: 0.0000757 seconds, Stopping threads took: 0.0000165 seconds
[337.042s][info ][safepoint      ] Application time: 1.0000727 seconds
[337.042s][info ][safepoint      ] Entering safepoint region: Cleanup
[337.042s][info ][safepoint      ] Leaving safepoint region
[337.042s][info ][safepoint      ] Total time for which application threads were stopped: 0.0000803 seconds, Stopping threads took: 0.0000141 seconds
[339.043s][info ][safepoint      ] Application time: 2.0001399 seconds
[339.043s][info ][safepoint      ] Entering safepoint region: Cleanup
[339.043s][info ][safepoint      ] Leaving safepoint region
[339.043s][info ][safepoint      ] Total time for which application threads were stopped: 0.0000904 seconds, Stopping threads took: 0.0000299 seconds
[344.043s][info ][safepoint      ] Application time: 5.0003409 seconds
[344.043s][info ][safepoint      ] Entering safepoint region: Cleanup
[344.043s][info ][safepoint      ] Leaving safepoint region
[344.043s][info ][safepoint      ] Total time for which application threads were stopped: 0.0000859 seconds, Stopping threads took: 0.0000297 seconds
[345.043s][info ][safepoint      ] Application time: 1.0000707 seconds
[345.043s][info ][safepoint      ] Entering safepoint region: Cleanup
[345.043s][info ][safepoint      ] Leaving safepoint region
[345.043s][info ][safepoint      ] Total time for which application threads were stopped: 0.0000855 seconds, Stopping threads took: 0.0000163 seconds
[348.044s][info ][safepoint      ] Application time: 3.0001575 seconds
[348.044s][info ][safepoint      ] Entering safepoint region: Cleanup
[348.044s][info ][safepoint      ] Leaving safepoint region
[348.044s][info ][safepoint      ] Total time for which application threads were stopped: 0.0000695 seconds, Stopping threads took: 0.0000140 seconds
[349.044s][info ][safepoint      ] Application time: 1.0000681 seconds
[349.044s][info ][safepoint      ] Entering safepoint region: Cleanup
[349.044s][info ][safepoint      ] Leaving safepoint region
[349.044s][info ][safepoint      ] Total time for which application threads were stopped: 0.0000805 seconds, Stopping threads took: 0.0000190 seconds
[350.044s][info ][safepoint      ] Application time: 1.0000801 seconds
[350.044s][info ][safepoint      ] Entering safepoint region: Cleanup
[350.044s][info ][safepoint      ] Leaving safepoint region
[350.044s][info ][safepoint      ] Total time for which application threads were stopped: 0.0000737 seconds, Stopping threads took: 0.0000160 seconds
[351.044s][info ][safepoint      ] Application time: 1.0000706 seconds
[351.044s][info ][safepoint      ] Entering safepoint region: Cleanup
[351.044s][info ][safepoint      ] Leaving safepoint region
[351.044s][info ][safepoint      ] Total time for which application threads were stopped: 0.0000847 seconds, Stopping threads took: 0.0000192 seconds
[352.044s][info ][safepoint      ] Application time: 1.0000703 seconds
[352.044s][info ][safepoint      ] Entering safepoint region: Cleanup
[352.044s][info ][safepoint      ] Leaving safepoint region
[352.044s][info ][safepoint      ] Total time for which application threads were stopped: 0.0000709 seconds, Stopping threads took: 0.0000148 seconds
[359.045s][info ][safepoint      ] Application time: 7.0004761 seconds
[359.045s][info ][safepoint      ] Entering safepoint region: Cleanup
[359.045s][info ][safepoint      ] Leaving safepoint region
[359.045s][info ][safepoint      ] Total time for which application threads were stopped: 0.0001090 seconds, Stopping threads took: 0.0000293 seconds
[369.046s][info ][safepoint      ] Application time: 10.0006566 seconds
[369.046s][info ][safepoint      ] Entering safepoint region: Cleanup
[369.046s][info ][safepoint      ] Leaving safepoint region
[369.046s][info ][safepoint      ] Total time for which application threads were stopped: 0.0000785 seconds, Stopping threads took: 0.0000148 seconds
[370.046s][info ][safepoint      ] Application time: 1.0000670 seconds
[370.046s][info ][safepoint      ] Entering safepoint region: Cleanup
[370.046s][info ][safepoint      ] Leaving safepoint region
[370.046s][info ][safepoint      ] Total time for which application threads were stopped: 0.0000776 seconds, Stopping threads took: 0.0000154 seconds
[374.046s][info ][safepoint      ] Application time: 4.0002653 seconds
[374.046s][info ][safepoint      ] Entering safepoint region: Cleanup
[374.046s][info ][safepoint      ] Leaving safepoint region
[374.046s][info ][safepoint      ] Total time for which application threads were stopped: 0.0000896 seconds, Stopping threads took: 0.0000309 seconds
[376.335s][info ][safepoint      ] Application time: 2.2880794 seconds
[376.335s][info ][safepoint      ] Entering safepoint region: RevokeBias
[376.335s][info ][safepoint      ] Leaving safepoint region
[376.335s][info ][safepoint      ] Total time for which application threads were stopped: 0.0000678 seconds, Stopping threads took: 0.0000112 seconds
[376.335s][info ][safepoint      ] Application time: 0.0001058 seconds
[376.335s][info ][safepoint      ] Entering safepoint region: RevokeBias
[376.335s][info ][safepoint      ] Leaving safepoint region
[376.335s][info ][safepoint      ] Total time for which application threads were stopped: 0.0000199 seconds, Stopping threads took: 0.0000043 seconds
[379.335s][info ][safepoint      ] Application time: 3.0002092 seconds
[379.335s][info ][safepoint      ] Entering safepoint region: Cleanup
[379.335s][info ][safepoint      ] Leaving safepoint region
[379.335s][info ][safepoint      ] Total time for which application threads were stopped: 0.0000668 seconds, Stopping threads took: 0.0000127 seconds
[380.335s][info ][safepoint      ] Application time: 1.0000766 seconds
[380.335s][info ][safepoint      ] Entering safepoint region: Cleanup
[380.335s][info ][safepoint      ] Leaving safepoint region
[380.335s][info ][safepoint      ] Total time for which application threads were stopped: 0.0000551 seconds, Stopping threads took: 0.0000130 seconds
[381.335s][info ][safepoint      ] Application time: 1.0000695 seconds
[381.335s][info ][safepoint      ] Entering safepoint region: Cleanup
[381.335s][info ][safepoint      ] Leaving safepoint region
[381.335s][info ][safepoint      ] Total time for which application threads were stopped: 0.0000983 seconds, Stopping threads took: 0.0000351 seconds
[384.336s][info ][safepoint      ] Application time: 3.0001579 seconds
[384.336s][info ][safepoint      ] Entering safepoint region: Cleanup
[384.336s][info ][safepoint      ] Leaving safepoint region
[384.336s][info ][safepoint      ] Total time for which application threads were stopped: 0.0000701 seconds, Stopping threads took: 0.0000131 seconds
[388.964s][info ][safepoint      ] Application time: 4.6281251 seconds
[388.964s][info ][safepoint      ] Entering safepoint region: RevokeBias
[388.964s][info ][safepoint      ] Leaving safepoint region
[388.964s][info ][safepoint      ] Total time for which application threads were stopped: 0.0000812 seconds, Stopping threads took: 0.0000114 seconds
[391.964s][info ][safepoint      ] Application time: 3.0002094 seconds
[391.964s][info ][safepoint      ] Entering safepoint region: Cleanup
[391.964s][info ][safepoint      ] Leaving safepoint region
[391.964s][info ][safepoint      ] Total time for which application threads were stopped: 0.0000651 seconds, Stopping threads took: 0.0000130 seconds
[392.178s][info ][safepoint      ] Application time: 0.2134706 seconds
[392.178s][info ][safepoint      ] Entering safepoint region: ParallelGCFailedAllocation
[392.178s][info ][gc,start       ] GC(51) Pause Young (Allocation Failure)
[392.194s][debug][gc,phases      ] GC(51) Scavenge 16.330ms
[392.194s][debug][gc,ref         ] GC(51) Skipped phase1 of Reference Processing due to unavailable references
[392.194s][debug][gc,ref         ] GC(51) Skipped phase3 of Reference Processing due to unavailable references
[392.194s][debug][gc,phases      ] GC(51) Reference Processing 0.064ms
[392.194s][debug][gc,phases      ] GC(51) Weak Processing 0.145ms
[392.195s][debug][gc,phases      ] GC(51) Scrub String Table 0.543ms
[392.195s][debug][gc,age         ] GC(51) Desired survivor size 88080384 bytes, new threshold 15 (max threshold 15)
[392.195s][info ][gc,heap        ] GC(51) PSYoungGen: 1941154K->41655K(2011136K)
[392.195s][info ][gc,heap        ] GC(51) ParOldGen: 194173K->194181K(258048K)
[392.195s][info ][gc,metaspace   ] GC(51) Metaspace: 71271K->71271K(1114112K)
[392.195s][info ][gc             ] GC(51) Pause Young (Allocation Failure) 2085M->230M(2216M) 17.209ms
[392.195s][info ][gc,cpu         ] GC(51) User=0.05s Sys=0.02s Real=0.01s
[392.195s][info ][safepoint      ] Leaving safepoint region
[392.195s][info ][safepoint      ] Total time for which application threads were stopped: 0.0173729 seconds, Stopping threads took: 0.0000116 seconds
[395.195s][info ][safepoint      ] Application time: 3.0002038 seconds
[395.195s][info ][safepoint      ] Entering safepoint region: Cleanup
[395.195s][info ][safepoint      ] Leaving safepoint region
[395.195s][info ][safepoint      ] Total time for which application threads were stopped: 0.0000806 seconds, Stopping threads took: 0.0000132 seconds
[396.196s][info ][safepoint      ] Application time: 1.0000691 seconds
[396.196s][info ][safepoint      ] Entering safepoint region: Cleanup
[396.196s][info ][safepoint      ] Leaving safepoint region
[396.196s][info ][safepoint      ] Total time for which application threads were stopped: 0.0000899 seconds, Stopping threads took: 0.0000285 seconds
[399.196s][info ][safepoint      ] Application time: 3.0002102 seconds
[399.196s][info ][safepoint      ] Entering safepoint region: Cleanup
[399.196s][info ][safepoint      ] Leaving safepoint region
[399.196s][info ][safepoint      ] Total time for which application threads were stopped: 0.0000606 seconds, Stopping threads took: 0.0000131 seconds
[400.196s][info ][safepoint      ] Application time: 1.0000755 seconds
[400.196s][info ][safepoint      ] Entering safepoint region: Cleanup
[400.196s][info ][safepoint      ] Leaving safepoint region
[400.196s][info ][safepoint      ] Total time for which application threads were stopped: 0.0000722 seconds, Stopping threads took: 0.0000135 seconds
[401.196s][info ][safepoint      ] Application time: 1.0000717 seconds
[401.196s][info ][safepoint      ] Entering safepoint region: Cleanup
[401.196s][info ][safepoint      ] Leaving safepoint region
[401.196s][info ][safepoint      ] Total time for which application threads were stopped: 0.0000650 seconds, Stopping threads took: 0.0000141 seconds
[402.196s][info ][safepoint      ] Application time: 1.0000671 seconds
[402.197s][info ][safepoint      ] Entering safepoint region: Cleanup
[402.197s][info ][safepoint      ] Leaving safepoint region
[402.197s][info ][safepoint      ] Total time for which application threads were stopped: 0.0000973 seconds, Stopping threads took: 0.0000304 seconds
[404.197s][info ][safepoint      ] Application time: 2.0001470 seconds
[404.197s][info ][safepoint      ] Entering safepoint region: Cleanup
[404.197s][info ][safepoint      ] Leaving safepoint region
[404.197s][info ][safepoint      ] Total time for which application threads were stopped: 0.0000680 seconds, Stopping threads took: 0.0000147 seconds
[411.197s][info ][safepoint      ] Application time: 7.0005429 seconds
[411.197s][info ][safepoint      ] Entering safepoint region: Cleanup
[411.198s][info ][safepoint      ] Leaving safepoint region
[411.198s][info ][safepoint      ] Total time for which application threads were stopped: 0.0000864 seconds, Stopping threads took: 0.0000193 seconds
[419.198s][info ][safepoint      ] Application time: 8.0005862 seconds
[419.198s][info ][safepoint      ] Entering safepoint region: Cleanup
[419.198s][info ][safepoint      ] Leaving safepoint region
[419.198s][info ][safepoint      ] Total time for which application threads were stopped: 0.0000822 seconds, Stopping threads took: 0.0000203 seconds
[420.198s][info ][safepoint      ] Application time: 1.0000735 seconds
[420.198s][info ][safepoint      ] Entering safepoint region: Cleanup
[420.198s][info ][safepoint      ] Leaving safepoint region
[420.198s][info ][safepoint      ] Total time for which application threads were stopped: 0.0000642 seconds, Stopping threads took: 0.0000132 seconds
[421.199s][info ][safepoint      ] Application time: 1.0000692 seconds
[421.199s][info ][safepoint      ] Entering safepoint region: Cleanup
[421.199s][info ][safepoint      ] Leaving safepoint region
[421.199s][info ][safepoint      ] Total time for which application threads were stopped: 0.0000670 seconds, Stopping threads took: 0.0000145 seconds
[432.199s][info ][safepoint      ] Application time: 11.0007922 seconds
[432.199s][info ][safepoint      ] Entering safepoint region: Cleanup
[432.200s][info ][safepoint      ] Leaving safepoint region
[432.200s][info ][safepoint      ] Total time for which application threads were stopped: 0.0001209 seconds, Stopping threads took: 0.0000189 seconds
[433.200s][info ][safepoint      ] Application time: 1.0000772 seconds
[433.200s][info ][safepoint      ] Entering safepoint region: Cleanup
[433.200s][info ][safepoint      ] Leaving safepoint region
[433.200s][info ][safepoint      ] Total time for which application threads were stopped: 0.0001445 seconds, Stopping threads took: 0.0000187 seconds
[434.200s][info ][safepoint      ] Application time: 1.0000819 seconds
[434.200s][info ][safepoint      ] Entering safepoint region: Cleanup
[434.200s][info ][safepoint      ] Leaving safepoint region
[434.200s][info ][safepoint      ] Total time for which application threads were stopped: 0.0000742 seconds, Stopping threads took: 0.0000177 seconds
[435.200s][info ][safepoint      ] Application time: 1.0000752 seconds
[435.200s][info ][safepoint      ] Entering safepoint region: Cleanup
[435.200s][info ][safepoint      ] Leaving safepoint region
[435.200s][info ][safepoint      ] Total time for which application threads were stopped: 0.0000792 seconds, Stopping threads took: 0.0000182 seconds
[437.200s][info ][safepoint      ] Application time: 2.0001594 seconds
[437.200s][info ][safepoint      ] Entering safepoint region: Cleanup
[437.201s][info ][safepoint      ] Leaving safepoint region
[437.201s][info ][safepoint      ] Total time for which application threads were stopped: 0.0000775 seconds, Stopping threads took: 0.0000156 seconds
[438.201s][info ][safepoint      ] Application time: 1.0000749 seconds
[438.201s][info ][safepoint      ] Entering safepoint region: Cleanup
[438.201s][info ][safepoint      ] Leaving safepoint region
[438.201s][info ][safepoint      ] Total time for which application threads were stopped: 0.0000709 seconds, Stopping threads took: 0.0000171 seconds
[442.201s][info ][safepoint      ] Application time: 4.0002869 seconds
[442.201s][info ][safepoint      ] Entering safepoint region: Cleanup
[442.201s][info ][safepoint      ] Leaving safepoint region
[442.201s][info ][safepoint      ] Total time for which application threads were stopped: 0.0000615 seconds, Stopping threads took: 0.0000106 seconds
[443.201s][info ][safepoint      ] Application time: 1.0000709 seconds
[443.201s][info ][safepoint      ] Entering safepoint region: Cleanup
[443.201s][info ][safepoint      ] Leaving safepoint region
[443.201s][info ][safepoint      ] Total time for which application threads were stopped: 0.0001189 seconds, Stopping threads took: 0.0000148 seconds
[444.201s][info ][safepoint      ] Application time: 1.0000754 seconds
[444.202s][info ][safepoint      ] Entering safepoint region: Cleanup
[444.202s][info ][safepoint      ] Leaving safepoint region
[444.202s][info ][safepoint      ] Total time for which application threads were stopped: 0.0000734 seconds, Stopping threads took: 0.0000123 seconds
[445.202s][info ][safepoint      ] Application time: 1.0000727 seconds
[445.202s][info ][safepoint      ] Entering safepoint region: Cleanup
[445.202s][info ][safepoint      ] Leaving safepoint region
[445.202s][info ][safepoint      ] Total time for which application threads were stopped: 0.0000735 seconds, Stopping threads took: 0.0000149 seconds
[446.202s][info ][safepoint      ] Application time: 1.0000702 seconds
[446.202s][info ][safepoint      ] Entering safepoint region: Cleanup
[446.202s][info ][safepoint      ] Leaving safepoint region
[446.202s][info ][safepoint      ] Total time for which application threads were stopped: 0.0000655 seconds, Stopping threads took: 0.0000146 seconds
[447.202s][info ][safepoint      ] Application time: 1.0000796 seconds
[447.202s][info ][safepoint      ] Entering safepoint region: Cleanup
[447.202s][info ][safepoint      ] Leaving safepoint region
[447.202s][info ][safepoint      ] Total time for which application threads were stopped: 0.0001263 seconds, Stopping threads took: 0.0000148 seconds
[448.202s][info ][safepoint      ] Application time: 1.0000800 seconds
[448.202s][info ][safepoint      ] Entering safepoint region: Cleanup
[448.202s][info ][safepoint      ] Leaving safepoint region
[448.202s][info ][safepoint      ] Total time for which application threads were stopped: 0.0000810 seconds, Stopping threads took: 0.0000132 seconds
[449.326s][info ][safepoint      ] Application time: 1.1235828 seconds
[449.326s][info ][safepoint      ] Entering safepoint region: ParallelGCFailedAllocation
[449.326s][info ][gc,start       ] GC(52) Pause Young (Allocation Failure)
[449.341s][debug][gc,phases      ] GC(52) Scavenge 14.624ms
[449.341s][debug][gc,ref         ] GC(52) Skipped phase1 of Reference Processing due to unavailable references
[449.341s][debug][gc,ref         ] GC(52) Skipped phase3 of Reference Processing due to unavailable references
[449.341s][debug][gc,phases      ] GC(52) Reference Processing 0.061ms
[449.341s][debug][gc,phases      ] GC(52) Weak Processing 0.160ms
[449.342s][debug][gc,phases      ] GC(52) Scrub String Table 0.542ms
[449.342s][debug][gc,age         ] GC(52) Desired survivor size 83886080 bytes, new threshold 15 (max threshold 15)
[449.342s][info ][gc,heap        ] GC(52) PSYoungGen: 1962167K->42034K(2006528K)
[449.342s][info ][gc,heap        ] GC(52) ParOldGen: 194181K->194189K(258048K)
[449.342s][info ][gc,metaspace   ] GC(52) Metaspace: 71376K->71376K(1114112K)
[449.342s][info ][gc             ] GC(52) Pause Young (Allocation Failure) 2105M->230M(2211M) 15.518ms
[449.342s][info ][gc,cpu         ] GC(52) User=0.05s Sys=0.00s Real=0.02s
[449.342s][info ][safepoint      ] Leaving safepoint region
[449.342s][info ][safepoint      ] Total time for which application threads were stopped: 0.0156532 seconds, Stopping threads took: 0.0000109 seconds
[454.342s][info ][safepoint      ] Application time: 5.0004233 seconds
[454.342s][info ][safepoint      ] Entering safepoint region: Cleanup
[454.342s][info ][safepoint      ] Leaving safepoint region
[454.342s][info ][safepoint      ] Total time for which application threads were stopped: 0.0000629 seconds, Stopping threads took: 0.0000121 seconds
[455.342s][info ][safepoint      ] Application time: 1.0000682 seconds
[455.342s][info ][safepoint      ] Entering safepoint region: Cleanup
[455.342s][info ][safepoint      ] Leaving safepoint region
[455.342s][info ][safepoint      ] Total time for which application threads were stopped: 0.0000541 seconds, Stopping threads took: 0.0000117 seconds
[456.342s][info ][safepoint      ] Application time: 1.0000702 seconds
[456.342s][info ][safepoint      ] Entering safepoint region: Cleanup
[456.343s][info ][safepoint      ] Leaving safepoint region
[456.343s][info ][safepoint      ] Total time for which application threads were stopped: 0.0000756 seconds, Stopping threads took: 0.0000112 seconds
[458.343s][info ][safepoint      ] Application time: 2.0001274 seconds
[458.343s][info ][safepoint      ] Entering safepoint region: Cleanup
[458.343s][info ][safepoint      ] Leaving safepoint region
[458.343s][info ][safepoint      ] Total time for which application threads were stopped: 0.0000561 seconds, Stopping threads took: 0.0000110 seconds
[459.343s][info ][safepoint      ] Application time: 1.0000673 seconds
[459.343s][info ][safepoint      ] Entering safepoint region: Cleanup
[459.343s][info ][safepoint      ] Leaving safepoint region
[459.343s][info ][safepoint      ] Total time for which application threads were stopped: 0.0000592 seconds, Stopping threads took: 0.0000121 seconds
[460.343s][info ][safepoint      ] Application time: 1.0000727 seconds
[460.343s][info ][safepoint      ] Entering safepoint region: Cleanup
[460.343s][info ][safepoint      ] Leaving safepoint region
[460.343s][info ][safepoint      ] Total time for which application threads were stopped: 0.0000524 seconds, Stopping threads took: 0.0000109 seconds
[461.343s][info ][safepoint      ] Application time: 1.0000634 seconds
[461.343s][info ][safepoint      ] Entering safepoint region: Cleanup
[461.343s][info ][safepoint      ] Leaving safepoint region
[461.343s][info ][safepoint      ] Total time for which application threads were stopped: 0.0000819 seconds, Stopping threads took: 0.0000370 seconds
[462.343s][info ][safepoint      ] Application time: 1.0000236 seconds
[462.343s][info ][safepoint      ] Entering safepoint region: Cleanup
[462.344s][info ][safepoint      ] Leaving safepoint region
[462.344s][info ][safepoint      ] Total time for which application threads were stopped: 0.0001754 seconds, Stopping threads took: 0.0000122 seconds
[464.344s][info ][safepoint      ] Application time: 2.0001379 seconds
[464.344s][info ][safepoint      ] Entering safepoint region: Cleanup
[464.344s][info ][safepoint      ] Leaving safepoint region
[464.344s][info ][safepoint      ] Total time for which application threads were stopped: 0.0000705 seconds, Stopping threads took: 0.0000181 seconds
[465.344s][info ][safepoint      ] Application time: 1.0000726 seconds
[465.344s][info ][safepoint      ] Entering safepoint region: Cleanup
[465.344s][info ][safepoint      ] Leaving safepoint region
[465.344s][info ][safepoint      ] Total time for which application threads were stopped: 0.0000634 seconds, Stopping threads took: 0.0000121 seconds
[466.344s][info ][safepoint      ] Application time: 1.0000683 seconds
[466.344s][info ][safepoint      ] Entering safepoint region: Cleanup
[466.344s][info ][safepoint      ] Leaving safepoint region
[466.344s][info ][safepoint      ] Total time for which application threads were stopped: 0.0000829 seconds, Stopping threads took: 0.0000130 seconds
[467.344s][info ][safepoint      ] Application time: 1.0000629 seconds
[467.344s][info ][safepoint      ] Entering safepoint region: Cleanup
[467.344s][info ][safepoint      ] Leaving safepoint region
[467.344s][info ][safepoint      ] Total time for which application threads were stopped: 0.0000740 seconds, Stopping threads took: 0.0000125 seconds
[468.344s][info ][safepoint      ] Application time: 1.0000654 seconds
[468.344s][info ][safepoint      ] Entering safepoint region: Cleanup
[468.345s][info ][safepoint      ] Leaving safepoint region
[468.345s][info ][safepoint      ] Total time for which application threads were stopped: 0.0000693 seconds, Stopping threads took: 0.0000172 seconds
[469.345s][info ][safepoint      ] Application time: 1.0000683 seconds
[469.345s][info ][safepoint      ] Entering safepoint region: Cleanup
[469.345s][info ][safepoint      ] Leaving safepoint region
[469.345s][info ][safepoint      ] Total time for which application threads were stopped: 0.0000671 seconds, Stopping threads took: 0.0000125 seconds
[470.345s][info ][safepoint      ] Application time: 1.0000782 seconds
[470.345s][info ][safepoint      ] Entering safepoint region: Cleanup
[470.345s][info ][safepoint      ] Leaving safepoint region
[470.345s][info ][safepoint      ] Total time for which application threads were stopped: 0.0000602 seconds, Stopping threads took: 0.0000127 seconds
[473.345s][info ][safepoint      ] Application time: 3.0001801 seconds
[473.345s][info ][safepoint      ] Entering safepoint region: Cleanup
[473.345s][info ][safepoint      ] Leaving safepoint region
[473.345s][info ][safepoint      ] Total time for which application threads were stopped: 0.0001055 seconds, Stopping threads took: 0.0000338 seconds
[474.345s][info ][safepoint      ] Application time: 1.0000761 seconds
[474.345s][info ][safepoint      ] Entering safepoint region: Cleanup
[474.345s][info ][safepoint      ] Leaving safepoint region
[474.345s][info ][safepoint      ] Total time for which application threads were stopped: 0.0001004 seconds, Stopping threads took: 0.0000180 seconds
[476.346s][info ][safepoint      ] Application time: 2.0000956 seconds
[476.346s][info ][safepoint      ] Entering safepoint region: Cleanup
[476.346s][info ][safepoint      ] Leaving safepoint region
[476.346s][info ][safepoint      ] Total time for which application threads were stopped: 0.0000622 seconds, Stopping threads took: 0.0000124 seconds
[482.346s][info ][safepoint      ] Application time: 6.0004018 seconds
[482.346s][info ][safepoint      ] Entering safepoint region: Cleanup
[482.346s][info ][safepoint      ] Leaving safepoint region
[482.346s][info ][safepoint      ] Total time for which application threads were stopped: 0.0000618 seconds, Stopping threads took: 0.0000135 seconds
[485.346s][info ][safepoint      ] Application time: 3.0002010 seconds
[485.346s][info ][safepoint      ] Entering safepoint region: Cleanup
[485.346s][info ][safepoint      ] Leaving safepoint region
[485.346s][info ][safepoint      ] Total time for which application threads were stopped: 0.0000632 seconds, Stopping threads took: 0.0000127 seconds
[488.347s][info ][safepoint      ] Application time: 3.0002115 seconds
[488.347s][info ][safepoint      ] Entering safepoint region: Cleanup
[488.347s][info ][safepoint      ] Leaving safepoint region
[488.347s][info ][safepoint      ] Total time for which application threads were stopped: 0.0000650 seconds, Stopping threads took: 0.0000116 seconds
[489.347s][info ][safepoint      ] Application time: 1.0000530 seconds
[489.347s][info ][safepoint      ] Entering safepoint region: Cleanup
[489.347s][info ][safepoint      ] Leaving safepoint region
[489.347s][info ][safepoint      ] Total time for which application threads were stopped: 0.0001021 seconds, Stopping threads took: 0.0000117 seconds
[490.347s][info ][safepoint      ] Application time: 1.0000774 seconds
[490.347s][info ][safepoint      ] Entering safepoint region: Cleanup
[490.347s][info ][safepoint      ] Leaving safepoint region
[490.347s][info ][safepoint      ] Total time for which application threads were stopped: 0.0001080 seconds, Stopping threads took: 0.0000124 seconds
[491.347s][info ][safepoint      ] Application time: 1.0000700 seconds
[491.347s][info ][safepoint      ] Entering safepoint region: Cleanup
[491.347s][info ][safepoint      ] Leaving safepoint region
[491.347s][info ][safepoint      ] Total time for which application threads were stopped: 0.0000792 seconds, Stopping threads took: 0.0000142 seconds
[492.348s][info ][safepoint      ] Application time: 1.0000711 seconds
[492.348s][info ][safepoint      ] Entering safepoint region: Cleanup
[492.348s][info ][safepoint      ] Leaving safepoint region
[492.348s][info ][safepoint      ] Total time for which application threads were stopped: 0.0000664 seconds, Stopping threads took: 0.0000143 seconds
[493.348s][info ][safepoint      ] Application time: 1.0000796 seconds
[493.348s][info ][safepoint      ] Entering safepoint region: Cleanup
[493.348s][info ][safepoint      ] Leaving safepoint region
[493.348s][info ][safepoint      ] Total time for which application threads were stopped: 0.0000828 seconds, Stopping threads took: 0.0000182 seconds
[495.348s][info ][safepoint      ] Application time: 2.0001468 seconds
[495.348s][info ][safepoint      ] Entering safepoint region: Cleanup
[495.348s][info ][safepoint      ] Leaving safepoint region
[495.348s][info ][safepoint      ] Total time for which application threads were stopped: 0.0001121 seconds, Stopping threads took: 0.0000409 seconds
[496.348s][info ][safepoint      ] Application time: 1.0000406 seconds
[496.348s][info ][safepoint      ] Entering safepoint region: Cleanup
[496.348s][info ][safepoint      ] Leaving safepoint region
[496.348s][info ][safepoint      ] Total time for which application threads were stopped: 0.0000844 seconds, Stopping threads took: 0.0000138 seconds
[497.348s][info ][safepoint      ] Application time: 1.0000752 seconds
[497.348s][info ][safepoint      ] Entering safepoint region: Cleanup
[497.348s][info ][safepoint      ] Leaving safepoint region
[497.348s][info ][safepoint      ] Total time for which application threads were stopped: 0.0000745 seconds, Stopping threads took: 0.0000139 seconds
[498.349s][info ][safepoint      ] Application time: 1.0000689 seconds
[498.349s][info ][safepoint      ] Entering safepoint region: Cleanup
[498.349s][info ][safepoint      ] Leaving safepoint region
[498.349s][info ][safepoint      ] Total time for which application threads were stopped: 0.0000728 seconds, Stopping threads took: 0.0000141 seconds
[499.349s][info ][safepoint      ] Application time: 1.0000731 seconds
[499.349s][info ][safepoint      ] Entering safepoint region: Cleanup
[499.349s][info ][safepoint      ] Leaving safepoint region
[499.349s][info ][safepoint      ] Total time for which application threads were stopped: 0.0000642 seconds, Stopping threads took: 0.0000149 seconds
[500.349s][info ][safepoint      ] Application time: 1.0000710 seconds
[500.349s][info ][safepoint      ] Entering safepoint region: Cleanup
[500.349s][info ][safepoint      ] Leaving safepoint region
[500.349s][info ][safepoint      ] Total time for which application threads were stopped: 0.0000677 seconds, Stopping threads took: 0.0000157 seconds
[501.349s][info ][safepoint      ] Application time: 1.0001650 seconds
[501.349s][info ][safepoint      ] Entering safepoint region: Cleanup
[501.349s][info ][safepoint      ] Leaving safepoint region
[501.349s][info ][safepoint      ] Total time for which application threads were stopped: 0.0001137 seconds, Stopping threads took: 0.0000395 seconds
[502.349s][info ][safepoint      ] Application time: 1.0000709 seconds
[502.350s][info ][safepoint      ] Entering safepoint region: Cleanup
[502.350s][info ][safepoint      ] Leaving safepoint region
[502.350s][info ][safepoint      ] Total time for which application threads were stopped: 0.0000928 seconds, Stopping threads took: 0.0000399 seconds
[505.478s][info ][safepoint      ] Application time: 3.1281149 seconds
[505.478s][info ][safepoint      ] Entering safepoint region: ParallelGCFailedAllocation
[505.478s][info ][gc,start       ] GC(53) Pause Young (Allocation Failure)
[505.494s][debug][gc,phases      ] GC(53) Scavenge 16.010ms
[505.494s][debug][gc,ref         ] GC(53) Skipped phase1 of Reference Processing due to unavailable references
[505.494s][debug][gc,ref         ] GC(53) Skipped phase3 of Reference Processing due to unavailable references
[505.494s][debug][gc,phases      ] GC(53) Reference Processing 0.067ms
[505.494s][debug][gc,phases      ] GC(53) Weak Processing 0.166ms
[505.495s][debug][gc,phases      ] GC(53) Scrub String Table 0.510ms
[505.495s][debug][gc,age         ] GC(53) Desired survivor size 80216064 bytes, new threshold 15 (max threshold 15)
[505.495s][info ][gc,heap        ] GC(53) PSYoungGen: 1962546K->42050K(2018816K)
[505.495s][info ][gc,heap        ] GC(53) ParOldGen: 194189K->194197K(258048K)
[505.495s][info ][gc,metaspace   ] GC(53) Metaspace: 71508K->71508K(1114112K)
[505.495s][info ][gc             ] GC(53) Pause Young (Allocation Failure) 2106M->230M(2223M) 16.888ms
[505.495s][info ][gc,cpu         ] GC(53) User=0.06s Sys=0.00s Real=0.01s
[505.495s][info ][safepoint      ] Leaving safepoint region
[505.495s][info ][safepoint      ] Total time for which application threads were stopped: 0.0170216 seconds, Stopping threads took: 0.0000114 seconds
[507.495s][info ][safepoint      ] Application time: 2.0001393 seconds
[507.495s][info ][safepoint      ] Entering safepoint region: Cleanup
[507.495s][info ][safepoint      ] Leaving safepoint region
[507.495s][info ][safepoint      ] Total time for which application threads were stopped: 0.0000601 seconds, Stopping threads took: 0.0000107 seconds
[511.495s][info ][safepoint      ] Application time: 4.0002817 seconds
[511.495s][info ][safepoint      ] Entering safepoint region: Cleanup
[511.495s][info ][safepoint      ] Leaving safepoint region
[511.495s][info ][safepoint      ] Total time for which application threads were stopped: 0.0000646 seconds, Stopping threads took: 0.0000131 seconds
[517.496s][info ][safepoint      ] Application time: 6.0004113 seconds
[517.496s][info ][safepoint      ] Entering safepoint region: Cleanup
[517.496s][info ][safepoint      ] Leaving safepoint region
[517.496s][info ][safepoint      ] Total time for which application threads were stopped: 0.0000630 seconds, Stopping threads took: 0.0000120 seconds
[518.496s][info ][safepoint      ] Application time: 1.0000734 seconds
[518.496s][info ][safepoint      ] Entering safepoint region: Cleanup
[518.496s][info ][safepoint      ] Leaving safepoint region
[518.496s][info ][safepoint      ] Total time for which application threads were stopped: 0.0000725 seconds, Stopping threads took: 0.0000166 seconds
[520.496s][info ][safepoint      ] Application time: 2.0001489 seconds
[520.496s][info ][safepoint      ] Entering safepoint region: Cleanup
[520.496s][info ][safepoint      ] Leaving safepoint region
[520.496s][info ][safepoint      ] Total time for which application threads were stopped: 0.0000608 seconds, Stopping threads took: 0.0000126 seconds
[521.496s][info ][safepoint      ] Application time: 1.0000728 seconds
[521.497s][info ][safepoint      ] Entering safepoint region: Cleanup
[521.497s][info ][safepoint      ] Leaving safepoint region
[521.497s][info ][safepoint      ] Total time for which application threads were stopped: 0.0000883 seconds, Stopping threads took: 0.0000328 seconds
[522.497s][info ][safepoint      ] Application time: 1.0000726 seconds
[522.497s][info ][safepoint      ] Entering safepoint region: Cleanup
[522.497s][info ][safepoint      ] Leaving safepoint region
[522.497s][info ][safepoint      ] Total time for which application threads were stopped: 0.0000893 seconds, Stopping threads took: 0.0000184 seconds
[526.497s][info ][safepoint      ] Application time: 4.0002916 seconds
[526.497s][info ][safepoint      ] Entering safepoint region: Cleanup
[526.497s][info ][safepoint      ] Leaving safepoint region
[526.497s][info ][safepoint      ] Total time for which application threads were stopped: 0.0000786 seconds, Stopping threads took: 0.0000263 seconds
[527.497s][info ][safepoint      ] Application time: 1.0000725 seconds
[527.497s][info ][safepoint      ] Entering safepoint region: Cleanup
[527.497s][info ][safepoint      ] Leaving safepoint region
[527.497s][info ][safepoint      ] Total time for which application threads were stopped: 0.0000652 seconds, Stopping threads took: 0.0000120 seconds
[528.497s][info ][safepoint      ] Application time: 1.0000767 seconds
[528.498s][info ][safepoint      ] Entering safepoint region: Cleanup
[528.498s][info ][safepoint      ] Leaving safepoint region
[528.498s][info ][safepoint      ] Total time for which application threads were stopped: 0.0000651 seconds, Stopping threads took: 0.0000134 seconds
[531.498s][info ][safepoint      ] Application time: 3.0002097 seconds
[531.498s][info ][safepoint      ] Entering safepoint region: Cleanup
[531.498s][info ][safepoint      ] Leaving safepoint region
[531.498s][info ][safepoint      ] Total time for which application threads were stopped: 0.0000633 seconds, Stopping threads took: 0.0000117 seconds
[533.498s][info ][safepoint      ] Application time: 2.0001625 seconds
[533.498s][info ][safepoint      ] Entering safepoint region: Cleanup
[533.498s][info ][safepoint      ] Leaving safepoint region
[533.498s][info ][safepoint      ] Total time for which application threads were stopped: 0.0000819 seconds, Stopping threads took: 0.0000181 seconds
[537.499s][info ][safepoint      ] Application time: 4.0002897 seconds
[537.499s][info ][safepoint      ] Entering safepoint region: Cleanup
[537.499s][info ][safepoint      ] Leaving safepoint region
[537.499s][info ][safepoint      ] Total time for which application threads were stopped: 0.0000723 seconds, Stopping threads took: 0.0000157 seconds
[538.499s][info ][safepoint      ] Application time: 1.0000666 seconds
[538.499s][info ][safepoint      ] Entering safepoint region: Cleanup
[538.499s][info ][safepoint      ] Leaving safepoint region
[538.499s][info ][safepoint      ] Total time for which application threads were stopped: 0.0000841 seconds, Stopping threads took: 0.0000179 seconds
[541.499s][info ][safepoint      ] Application time: 3.0002128 seconds
[541.499s][info ][safepoint      ] Entering safepoint region: Cleanup
[541.499s][info ][safepoint      ] Leaving safepoint region
[541.499s][info ][safepoint      ] Total time for which application threads were stopped: 0.0000703 seconds, Stopping threads took: 0.0000110 seconds
[542.499s][info ][safepoint      ] Application time: 1.0000676 seconds
[542.499s][info ][safepoint      ] Entering safepoint region: Cleanup
[542.499s][info ][safepoint      ] Leaving safepoint region
[542.499s][info ][safepoint      ] Total time for which application threads were stopped: 0.0000827 seconds, Stopping threads took: 0.0000148 seconds
[543.499s][info ][safepoint      ] Application time: 1.0000697 seconds
[543.500s][info ][safepoint      ] Entering safepoint region: Cleanup
[543.500s][info ][safepoint      ] Leaving safepoint region
[543.500s][info ][safepoint      ] Total time for which application threads were stopped: 0.0000668 seconds, Stopping threads took: 0.0000133 seconds
[545.500s][info ][safepoint      ] Application time: 2.0001563 seconds
[545.500s][info ][safepoint      ] Entering safepoint region: Cleanup
[545.500s][info ][safepoint      ] Leaving safepoint region
[545.500s][info ][safepoint      ] Total time for which application threads were stopped: 0.0000838 seconds, Stopping threads took: 0.0000179 seconds
[548.448s][info ][safepoint      ] Application time: 2.9479705 seconds
[548.448s][info ][safepoint      ] Entering safepoint region: RevokeBias
[548.448s][info ][safepoint      ] Leaving safepoint region
[548.448s][info ][safepoint      ] Total time for which application threads were stopped: 0.0000992 seconds, Stopping threads took: 0.0000125 seconds
[550.448s][info ][safepoint      ] Application time: 2.0001646 seconds
[550.448s][info ][safepoint      ] Entering safepoint region: Cleanup
[550.448s][info ][safepoint      ] Leaving safepoint region
[550.448s][info ][safepoint      ] Total time for which application threads were stopped: 0.0000890 seconds, Stopping threads took: 0.0000202 seconds
[551.448s][info ][safepoint      ] Application time: 1.0000759 seconds
[551.448s][info ][safepoint      ] Entering safepoint region: Cleanup
[551.449s][info ][safepoint      ] Leaving safepoint region
[551.449s][info ][safepoint      ] Total time for which application threads were stopped: 0.0001051 seconds, Stopping threads took: 0.0000174 seconds
[553.449s][info ][safepoint      ] Application time: 2.0001560 seconds
[553.449s][info ][safepoint      ] Entering safepoint region: Cleanup
[553.449s][info ][safepoint      ] Leaving safepoint region
[553.449s][info ][safepoint      ] Total time for which application threads were stopped: 0.0000589 seconds, Stopping threads took: 0.0000109 seconds
[554.449s][info ][safepoint      ] Application time: 1.0000491 seconds
[554.449s][info ][safepoint      ] Entering safepoint region: Cleanup
[554.449s][info ][safepoint      ] Leaving safepoint region
[554.449s][info ][safepoint      ] Total time for which application threads were stopped: 0.0000893 seconds, Stopping threads took: 0.0000184 seconds
[557.449s][info ][safepoint      ] Application time: 3.0002066 seconds
[557.449s][info ][safepoint      ] Entering safepoint region: Cleanup
[557.449s][info ][safepoint      ] Leaving safepoint region
[557.449s][info ][safepoint      ] Total time for which application threads were stopped: 0.0001116 seconds, Stopping threads took: 0.0000451 seconds
[559.450s][info ][safepoint      ] Application time: 2.0002007 seconds
[559.450s][info ][safepoint      ] Entering safepoint region: Cleanup
[559.450s][info ][safepoint      ] Leaving safepoint region
[559.450s][info ][safepoint      ] Total time for which application threads were stopped: 0.0000674 seconds, Stopping threads took: 0.0000148 seconds
[562.929s][info ][safepoint      ] Application time: 3.4790430 seconds
[562.929s][info ][safepoint      ] Entering safepoint region: ParallelGCFailedAllocation
[562.929s][info ][gc,start       ] GC(54) Pause Young (Allocation Failure)
[562.946s][debug][gc,phases      ] GC(54) Scavenge 17.521ms
[562.946s][debug][gc,ref         ] GC(54) Skipped phase1 of Reference Processing due to unavailable references
[562.946s][debug][gc,ref         ] GC(54) Skipped phase3 of Reference Processing due to unavailable references
[562.946s][debug][gc,phases      ] GC(54) Reference Processing 0.062ms
[562.947s][debug][gc,phases      ] GC(54) Weak Processing 0.151ms
[562.947s][debug][gc,phases      ] GC(54) Scrub String Table 0.513ms
[562.947s][debug][gc,age         ] GC(54) Desired survivor size 78118912 bytes, new threshold 15 (max threshold 15)
[562.947s][info ][gc,heap        ] GC(54) PSYoungGen: 1978946K->32224K(2015232K)
[562.947s][info ][gc,heap        ] GC(54) ParOldGen: 194197K->204230K(258048K)
[562.947s][info ][gc,metaspace   ] GC(54) Metaspace: 71544K->71544K(1114112K)
[562.947s][info ][gc             ] GC(54) Pause Young (Allocation Failure) 2122M->230M(2220M) 18.371ms
[562.947s][info ][gc,cpu         ] GC(54) User=0.07s Sys=0.00s Real=0.02s
[562.947s][info ][safepoint      ] Leaving safepoint region
[562.947s][info ][safepoint      ] Total time for which application threads were stopped: 0.0185060 seconds, Stopping threads took: 0.0000109 seconds
[563.947s][info ][safepoint      ] Application time: 1.0000746 seconds
[563.947s][info ][safepoint      ] Entering safepoint region: Cleanup
[563.947s][info ][safepoint      ] Leaving safepoint region
[563.947s][info ][safepoint      ] Total time for which application threads were stopped: 0.0001001 seconds, Stopping threads took: 0.0000108 seconds
[564.948s][info ][safepoint      ] Application time: 1.0000729 seconds
[564.948s][info ][safepoint      ] Entering safepoint region: Cleanup
[564.948s][info ][safepoint      ] Leaving safepoint region
[564.948s][info ][safepoint      ] Total time for which application threads were stopped: 0.0000726 seconds, Stopping threads took: 0.0000124 seconds
[565.948s][info ][safepoint      ] Application time: 1.0000767 seconds
[565.948s][info ][safepoint      ] Entering safepoint region: Cleanup
[565.948s][info ][safepoint      ] Leaving safepoint region
[565.948s][info ][safepoint      ] Total time for which application threads were stopped: 0.0000557 seconds, Stopping threads took: 0.0000118 seconds
[566.948s][info ][safepoint      ] Application time: 1.0000646 seconds
[566.948s][info ][safepoint      ] Entering safepoint region: Cleanup
[566.948s][info ][safepoint      ] Leaving safepoint region
[566.948s][info ][safepoint      ] Total time for which application threads were stopped: 0.0000949 seconds, Stopping threads took: 0.0000126 seconds
[567.948s][info ][safepoint      ] Application time: 1.0000690 seconds
[567.948s][info ][safepoint      ] Entering safepoint region: Cleanup
[567.948s][info ][safepoint      ] Leaving safepoint region
[567.948s][info ][safepoint      ] Total time for which application threads were stopped: 0.0000836 seconds, Stopping threads took: 0.0000131 seconds
[569.948s][info ][safepoint      ] Application time: 2.0001464 seconds
[569.948s][info ][safepoint      ] Entering safepoint region: Cleanup
[569.948s][info ][safepoint      ] Leaving safepoint region
[569.948s][info ][safepoint      ] Total time for which application threads were stopped: 0.0000653 seconds, Stopping threads took: 0.0000138 seconds
[570.949s][info ][safepoint      ] Application time: 1.0000658 seconds
[570.949s][info ][safepoint      ] Entering safepoint region: Cleanup
[570.949s][info ][safepoint      ] Leaving safepoint region
[570.949s][info ][safepoint      ] Total time for which application threads were stopped: 0.0000872 seconds, Stopping threads took: 0.0000142 seconds
[572.949s][info ][safepoint      ] Application time: 2.0001394 seconds
[572.949s][info ][safepoint      ] Entering safepoint region: Cleanup
[572.949s][info ][safepoint      ] Leaving safepoint region
[572.949s][info ][safepoint      ] Total time for which application threads were stopped: 0.0000694 seconds, Stopping threads took: 0.0000134 seconds
[573.949s][info ][safepoint      ] Application time: 1.0000764 seconds
[573.949s][info ][safepoint      ] Entering safepoint region: Cleanup
[573.949s][info ][safepoint      ] Leaving safepoint region
[573.949s][info ][safepoint      ] Total time for which application threads were stopped: 0.0000676 seconds, Stopping threads took: 0.0000140 seconds
[574.949s][info ][safepoint      ] Application time: 1.0000843 seconds
[574.949s][info ][safepoint      ] Entering safepoint region: Cleanup
[574.949s][info ][safepoint      ] Leaving safepoint region
[574.949s][info ][safepoint      ] Total time for which application threads were stopped: 0.0000800 seconds, Stopping threads took: 0.0000131 seconds
[575.949s][info ][safepoint      ] Application time: 1.0000721 seconds
[575.949s][info ][safepoint      ] Entering safepoint region: Cleanup
[575.950s][info ][safepoint      ] Leaving safepoint region
[575.950s][info ][safepoint      ] Total time for which application threads were stopped: 0.0000882 seconds, Stopping threads took: 0.0000180 seconds
[576.950s][info ][safepoint      ] Application time: 1.0000781 seconds
[576.950s][info ][safepoint      ] Entering safepoint region: Cleanup
[576.950s][info ][safepoint      ] Leaving safepoint region
[576.950s][info ][safepoint      ] Total time for which application threads were stopped: 0.0000694 seconds, Stopping threads took: 0.0000143 seconds
[578.950s][info ][safepoint      ] Application time: 2.0001481 seconds
[578.950s][info ][safepoint      ] Entering safepoint region: Cleanup
[578.950s][info ][safepoint      ] Leaving safepoint region
[578.950s][info ][safepoint      ] Total time for which application threads were stopped: 0.0000818 seconds, Stopping threads took: 0.0000186 seconds
[580.950s][info ][safepoint      ] Application time: 2.0001603 seconds
[580.950s][info ][safepoint      ] Entering safepoint region: Cleanup
[580.950s][info ][safepoint      ] Leaving safepoint region
[580.950s][info ][safepoint      ] Total time for which application threads were stopped: 0.0000692 seconds, Stopping threads took: 0.0000156 seconds
[581.950s][info ][safepoint      ] Application time: 1.0000774 seconds
[581.950s][info ][safepoint      ] Entering safepoint region: Cleanup
[581.950s][info ][safepoint      ] Leaving safepoint region
[581.950s][info ][safepoint      ] Total time for which application threads were stopped: 0.0000671 seconds, Stopping threads took: 0.0000129 seconds
[583.951s][info ][safepoint      ] Application time: 2.0001421 seconds
[583.951s][info ][safepoint      ] Entering safepoint region: Cleanup
[583.951s][info ][safepoint      ] Leaving safepoint region
[583.951s][info ][safepoint      ] Total time for which application threads were stopped: 0.0000697 seconds, Stopping threads took: 0.0000148 seconds
[584.951s][info ][safepoint      ] Application time: 1.0000684 seconds
[584.951s][info ][safepoint      ] Entering safepoint region: Cleanup
[584.951s][info ][safepoint      ] Leaving safepoint region
[584.951s][info ][safepoint      ] Total time for which application threads were stopped: 0.0000669 seconds, Stopping threads took: 0.0000145 seconds
[585.951s][info ][safepoint      ] Application time: 1.0000639 seconds
[585.951s][info ][safepoint      ] Entering safepoint region: Cleanup
[585.951s][info ][safepoint      ] Leaving safepoint region
[585.951s][info ][safepoint      ] Total time for which application threads were stopped: 0.0000756 seconds, Stopping threads took: 0.0000133 seconds
[587.951s][info ][safepoint      ] Application time: 2.0001619 seconds
[587.951s][info ][safepoint      ] Entering safepoint region: Cleanup
[587.951s][info ][safepoint      ] Leaving safepoint region
[587.951s][info ][safepoint      ] Total time for which application threads were stopped: 0.0000810 seconds, Stopping threads took: 0.0000302 seconds
[589.952s][info ][safepoint      ] Application time: 2.0001406 seconds
[589.952s][info ][safepoint      ] Entering safepoint region: Cleanup
[589.952s][info ][safepoint      ] Leaving safepoint region
[589.952s][info ][safepoint      ] Total time for which application threads were stopped: 0.0000650 seconds, Stopping threads took: 0.0000147 seconds
[594.952s][info ][safepoint      ] Application time: 5.0003467 seconds
[594.952s][info ][safepoint      ] Entering safepoint region: Cleanup
[594.952s][info ][safepoint      ] Leaving safepoint region
[594.952s][info ][safepoint      ] Total time for which application threads were stopped: 0.0000683 seconds, Stopping threads took: 0.0000134 seconds
[595.952s][info ][safepoint      ] Application time: 1.0000728 seconds
[595.952s][info ][safepoint      ] Entering safepoint region: Cleanup
[595.952s][info ][safepoint      ] Leaving safepoint region
[595.952s][info ][safepoint      ] Total time for which application threads were stopped: 0.0000992 seconds, Stopping threads took: 0.0000186 seconds
[600.953s][info ][safepoint      ] Application time: 5.0003630 seconds
[600.953s][info ][safepoint      ] Entering safepoint region: Cleanup
[600.953s][info ][safepoint      ] Leaving safepoint region
[600.953s][info ][safepoint      ] Total time for which application threads were stopped: 0.0000728 seconds, Stopping threads took: 0.0000198 seconds
[601.953s][info ][safepoint      ] Application time: 1.0000705 seconds
[601.953s][info ][safepoint      ] Entering safepoint region: Cleanup
[601.953s][info ][safepoint      ] Leaving safepoint region
[601.953s][info ][safepoint      ] Total time for which application threads were stopped: 0.0000824 seconds, Stopping threads took: 0.0000229 seconds
[604.953s][info ][safepoint      ] Application time: 3.0002197 seconds
[604.953s][info ][safepoint      ] Entering safepoint region: Cleanup
[604.953s][info ][safepoint      ] Leaving safepoint region
[604.953s][info ][safepoint      ] Total time for which application threads were stopped: 0.0000712 seconds, Stopping threads took: 0.0000183 seconds
[609.954s][info ][safepoint      ] Application time: 5.0003564 seconds
[609.954s][info ][safepoint      ] Entering safepoint region: Cleanup
[609.954s][info ][safepoint      ] Leaving safepoint region
[609.954s][info ][safepoint      ] Total time for which application threads were stopped: 0.0000731 seconds, Stopping threads took: 0.0000142 seconds
[615.954s][info ][safepoint      ] Application time: 6.0004211 seconds
[615.954s][info ][safepoint      ] Entering safepoint region: Cleanup
[615.954s][info ][safepoint      ] Leaving safepoint region
[615.954s][info ][safepoint      ] Total time for which application threads were stopped: 0.0000777 seconds, Stopping threads took: 0.0000137 seconds
[616.827s][info ][safepoint      ] Application time: 0.8721786 seconds
[616.827s][info ][safepoint      ] Entering safepoint region: ParallelGCFailedAllocation
[616.827s][info ][gc,start       ] GC(55) Pause Young (Allocation Failure)
[616.836s][debug][gc,phases      ] GC(55) Scavenge 9.128ms
[616.836s][debug][gc,ref         ] GC(55) Skipped phase1 of Reference Processing due to unavailable references
[616.836s][debug][gc,ref         ] GC(55) Skipped phase3 of Reference Processing due to unavailable references
[616.836s][debug][gc,phases      ] GC(55) Reference Processing 0.042ms
[616.836s][debug][gc,phases      ] GC(55) Weak Processing 0.134ms
[616.837s][debug][gc,phases      ] GC(55) Scrub String Table 0.468ms
[616.837s][debug][gc,age         ] GC(55) Desired survivor size 78643200 bytes, new threshold 15 (max threshold 15)
[616.837s][info ][gc,heap        ] GC(55) PSYoungGen: 1969120K->14352K(2019840K)
[616.837s][info ][gc,heap        ] GC(55) ParOldGen: 204230K->222225K(258048K)
[616.837s][info ][gc,metaspace   ] GC(55) Metaspace: 71627K->71627K(1114112K)
[616.837s][info ][gc             ] GC(55) Pause Young (Allocation Failure) 2122M->231M(2224M) 9.901ms
[616.837s][info ][gc,cpu         ] GC(55) User=0.03s Sys=0.01s Real=0.01s
[616.837s][info ][safepoint      ] Leaving safepoint region
[616.837s][info ][safepoint      ] Total time for which application threads were stopped: 0.0100954 seconds, Stopping threads took: 0.0000116 seconds
[617.837s][info ][safepoint      ] Application time: 1.0000777 seconds
[617.837s][info ][safepoint      ] Entering safepoint region: Cleanup
[617.837s][info ][safepoint      ] Leaving safepoint region
[617.837s][info ][safepoint      ] Total time for which application threads were stopped: 0.0000813 seconds, Stopping threads took: 0.0000267 seconds
[619.837s][info ][safepoint      ] Application time: 2.0001351 seconds
[619.837s][info ][safepoint      ] Entering safepoint region: Cleanup
[619.837s][info ][safepoint      ] Leaving safepoint region
[619.837s][info ][safepoint      ] Total time for which application threads were stopped: 0.0000663 seconds, Stopping threads took: 0.0000120 seconds
[620.837s][info ][safepoint      ] Application time: 1.0000682 seconds
[620.837s][info ][safepoint      ] Entering safepoint region: Cleanup
[620.837s][info ][safepoint      ] Leaving safepoint region
[620.837s][info ][safepoint      ] Total time for which application threads were stopped: 0.0000780 seconds, Stopping threads took: 0.0000123 seconds
[623.838s][info ][safepoint      ] Application time: 3.0003265 seconds
[623.838s][info ][safepoint      ] Entering safepoint region: Cleanup
[623.838s][info ][safepoint      ] Leaving safepoint region
[623.838s][info ][safepoint      ] Total time for which application threads were stopped: 0.0000736 seconds, Stopping threads took: 0.0000124 seconds
[624.838s][info ][safepoint      ] Application time: 1.0000694 seconds
[624.838s][info ][safepoint      ] Entering safepoint region: Cleanup
[624.838s][info ][safepoint      ] Leaving safepoint region
[624.838s][info ][safepoint      ] Total time for which application threads were stopped: 0.0000592 seconds, Stopping threads took: 0.0000111 seconds
[625.838s][info ][safepoint      ] Application time: 1.0000753 seconds
[625.838s][info ][safepoint      ] Entering safepoint region: Cleanup
[625.838s][info ][safepoint      ] Leaving safepoint region
[625.838s][info ][safepoint      ] Total time for which application threads were stopped: 0.0000775 seconds, Stopping threads took: 0.0000140 seconds
[635.839s][info ][safepoint      ] Application time: 10.0006839 seconds
[635.839s][info ][safepoint      ] Entering safepoint region: Cleanup
[635.839s][info ][safepoint      ] Leaving safepoint region
[635.839s][info ][safepoint      ] Total time for which application threads were stopped: 0.0000644 seconds, Stopping threads took: 0.0000127 seconds
[636.839s][info ][safepoint      ] Application time: 1.0000735 seconds
[636.839s][info ][safepoint      ] Entering safepoint region: Cleanup
[636.839s][info ][safepoint      ] Leaving safepoint region
[636.839s][info ][safepoint      ] Total time for which application threads were stopped: 0.0000693 seconds, Stopping threads took: 0.0000128 seconds
[637.839s][info ][safepoint      ] Application time: 1.0001370 seconds
[637.839s][info ][safepoint      ] Entering safepoint region: Cleanup
[637.839s][info ][safepoint      ] Leaving safepoint region
[637.839s][info ][safepoint      ] Total time for which application threads were stopped: 0.0000673 seconds, Stopping threads took: 0.0000127 seconds
[639.840s][info ][safepoint      ] Application time: 2.0001249 seconds
[639.840s][info ][safepoint      ] Entering safepoint region: Cleanup
[639.840s][info ][safepoint      ] Leaving safepoint region
[639.840s][info ][safepoint      ] Total time for which application threads were stopped: 0.0000688 seconds, Stopping threads took: 0.0000125 seconds
[643.840s][info ][safepoint      ] Application time: 4.0002637 seconds
[643.840s][info ][safepoint      ] Entering safepoint region: Cleanup
[643.840s][info ][safepoint      ] Leaving safepoint region
[643.840s][info ][safepoint      ] Total time for which application threads were stopped: 0.0000803 seconds, Stopping threads took: 0.0000117 seconds
[644.840s][info ][safepoint      ] Application time: 1.0000727 seconds
[644.840s][info ][safepoint      ] Entering safepoint region: Cleanup
[644.840s][info ][safepoint      ] Leaving safepoint region
[644.840s][info ][safepoint      ] Total time for which application threads were stopped: 0.0000834 seconds, Stopping threads took: 0.0000183 seconds
[648.840s][info ][safepoint      ] Application time: 4.0002452 seconds
[648.840s][info ][safepoint      ] Entering safepoint region: Cleanup
[648.841s][info ][safepoint      ] Leaving safepoint region
[648.841s][info ][safepoint      ] Total time for which application threads were stopped: 0.0000690 seconds, Stopping threads took: 0.0000124 seconds
[649.841s][info ][safepoint      ] Application time: 1.0000706 seconds
[649.841s][info ][safepoint      ] Entering safepoint region: Cleanup
[649.841s][info ][safepoint      ] Leaving safepoint region
[649.841s][info ][safepoint      ] Total time for which application threads were stopped: 0.0000654 seconds, Stopping threads took: 0.0000124 seconds
[661.842s][info ][safepoint      ] Application time: 12.0008236 seconds
[661.842s][info ][safepoint      ] Entering safepoint region: Cleanup
[661.842s][info ][safepoint      ] Leaving safepoint region
[661.842s][info ][safepoint      ] Total time for which application threads were stopped: 0.0000677 seconds, Stopping threads took: 0.0000120 seconds
[670.842s][info ][safepoint      ] Application time: 9.0006088 seconds
[670.842s][info ][safepoint      ] Entering safepoint region: Cleanup
[670.842s][info ][safepoint      ] Leaving safepoint region
[670.842s][info ][safepoint      ] Total time for which application threads were stopped: 0.0000702 seconds, Stopping threads took: 0.0000128 seconds
[671.843s][info ][safepoint      ] Application time: 1.0000854 seconds
[671.843s][info ][safepoint      ] Entering safepoint region: Cleanup
[671.843s][info ][safepoint      ] Leaving safepoint region
[671.843s][info ][safepoint      ] Total time for which application threads were stopped: 0.0000688 seconds, Stopping threads took: 0.0000184 seconds
[672.977s][info ][safepoint      ] Application time: 1.1348533 seconds
[672.978s][info ][safepoint      ] Entering safepoint region: ParallelGCFailedAllocation
[672.978s][info ][gc,start       ] GC(56) Pause Young (Allocation Failure)
[672.984s][debug][gc,phases      ] GC(56) Scavenge 6.345ms
[672.984s][debug][gc,ref         ] GC(56) Skipped phase1 of Reference Processing due to unavailable references
[672.984s][debug][gc,ref         ] GC(56) Skipped phase3 of Reference Processing due to unavailable references
[672.984s][debug][gc,phases      ] GC(56) Reference Processing 0.042ms
[672.984s][debug][gc,phases      ] GC(56) Weak Processing 0.125ms
[672.985s][debug][gc,phases      ] GC(56) Scrub String Table 0.420ms
[672.985s][debug][gc,age         ] GC(56) Desired survivor size 79167488 bytes, new threshold 15 (max threshold 15)
[672.985s][info ][gc,heap        ] GC(56) PSYoungGen: 1957904K->13712K(1957376K)
[672.985s][info ][gc,heap        ] GC(56) ParOldGen: 222225K->222861K(258048K)
[672.985s][info ][gc,metaspace   ] GC(56) Metaspace: 71649K->71649K(1114112K)
[672.985s][info ][gc             ] GC(56) Pause Young (Allocation Failure) 2129M->231M(2163M) 7.059ms
[672.985s][info ][gc,cpu         ] GC(56) User=0.03s Sys=0.00s Real=0.00s
[672.985s][info ][safepoint      ] Leaving safepoint region
[672.985s][info ][safepoint      ] Total time for which application threads were stopped: 0.0072020 seconds, Stopping threads took: 0.0000115 seconds
[676.301s][info ][safepoint      ] Application time: 3.3160721 seconds
[676.301s][info ][safepoint      ] Entering safepoint region: RevokeBias
[676.301s][info ][safepoint      ] Leaving safepoint region
[676.301s][info ][safepoint      ] Total time for which application threads were stopped: 0.0000952 seconds, Stopping threads took: 0.0000179 seconds
[676.301s][info ][safepoint      ] Application time: 0.0001347 seconds
[676.301s][info ][safepoint      ] Entering safepoint region: RevokeBias
[676.301s][info ][safepoint      ] Leaving safepoint region
[676.301s][info ][safepoint      ] Total time for which application threads were stopped: 0.0000311 seconds, Stopping threads took: 0.0000070 seconds
[684.302s][info ][safepoint      ] Application time: 8.0005146 seconds
[684.302s][info ][safepoint      ] Entering safepoint region: Cleanup
[684.302s][info ][safepoint      ] Leaving safepoint region
[684.302s][info ][safepoint      ] Total time for which application threads were stopped: 0.0001062 seconds, Stopping threads took: 0.0000527 seconds
[686.480s][info ][safepoint      ] Application time: 2.1780640 seconds
[686.480s][info ][safepoint      ] Entering safepoint region: RevokeBias
[686.480s][info ][safepoint      ] Leaving safepoint region
[686.480s][info ][safepoint      ] Total time for which application threads were stopped: 0.0001096 seconds, Stopping threads took: 0.0000661 seconds
[692.480s][info ][safepoint      ] Application time: 6.0004611 seconds
[692.480s][info ][safepoint      ] Entering safepoint region: Cleanup
[692.481s][info ][safepoint      ] Leaving safepoint region
[692.481s][info ][safepoint      ] Total time for which application threads were stopped: 0.0000679 seconds, Stopping threads took: 0.0000148 seconds
[693.481s][info ][safepoint      ] Application time: 1.0000627 seconds
[693.481s][info ][safepoint      ] Entering safepoint region: Cleanup
[693.481s][info ][safepoint      ] Leaving safepoint region
[693.481s][info ][safepoint      ] Total time for which application threads were stopped: 0.0000684 seconds, Stopping threads took: 0.0000108 seconds
[706.482s][info ][safepoint      ] Application time: 13.0009042 seconds
[706.482s][info ][safepoint      ] Entering safepoint region: Cleanup
[706.482s][info ][safepoint      ] Leaving safepoint region
[706.482s][info ][safepoint      ] Total time for which application threads were stopped: 0.0000675 seconds, Stopping threads took: 0.0000160 seconds
[709.482s][info ][safepoint      ] Application time: 3.0002025 seconds
[709.482s][info ][safepoint      ] Entering safepoint region: Cleanup
[709.482s][info ][safepoint      ] Leaving safepoint region
[709.482s][info ][safepoint      ] Total time for which application threads were stopped: 0.0000786 seconds, Stopping threads took: 0.0000265 seconds
[715.482s][info ][safepoint      ] Application time: 6.0004290 seconds
[715.483s][info ][safepoint      ] Entering safepoint region: Cleanup
[715.483s][info ][safepoint      ] Leaving safepoint region
[715.483s][info ][safepoint      ] Total time for which application threads were stopped: 0.0000594 seconds, Stopping threads took: 0.0000117 seconds
[716.483s][info ][safepoint      ] Application time: 1.0000654 seconds
[716.483s][info ][safepoint      ] Entering safepoint region: Cleanup
[716.483s][info ][safepoint      ] Leaving safepoint region
[716.483s][info ][safepoint      ] Total time for which application threads were stopped: 0.0000685 seconds, Stopping threads took: 0.0000108 seconds
[718.483s][info ][safepoint      ] Application time: 2.0001517 seconds
[718.483s][info ][safepoint      ] Entering safepoint region: Cleanup
[718.483s][info ][safepoint      ] Leaving safepoint region
[718.483s][info ][safepoint      ] Total time for which application threads were stopped: 0.0001071 seconds, Stopping threads took: 0.0000109 seconds
[726.484s][info ][safepoint      ] Application time: 8.0004744 seconds
[726.484s][info ][safepoint      ] Entering safepoint region: Cleanup
[726.484s][info ][safepoint      ] Leaving safepoint region
[726.484s][info ][safepoint      ] Total time for which application threads were stopped: 0.0000687 seconds, Stopping threads took: 0.0000112 seconds
[728.484s][info ][safepoint      ] Application time: 2.0001280 seconds
[728.484s][info ][safepoint      ] Entering safepoint region: Cleanup
[728.484s][info ][safepoint      ] Leaving safepoint region
[728.484s][info ][safepoint      ] Total time for which application threads were stopped: 0.0000601 seconds, Stopping threads took: 0.0000135 seconds
[728.778s][info ][safepoint      ] Application time: 0.2944349 seconds
[728.778s][info ][safepoint      ] Entering safepoint region: ParallelGCFailedAllocation
[728.778s][info ][gc,start       ] GC(57) Pause Young (Allocation Failure)
[728.784s][debug][gc,phases      ] GC(57) Scavenge 5.827ms
[728.784s][debug][gc,ref         ] GC(57) Skipped phase1 of Reference Processing due to unavailable references
[728.784s][debug][gc,ref         ] GC(57) Skipped phase3 of Reference Processing due to unavailable references
[728.784s][debug][gc,phases      ] GC(57) Reference Processing 0.046ms
[728.785s][debug][gc,phases      ] GC(57) Weak Processing 0.143ms
[728.785s][debug][gc,phases      ] GC(57) Scrub String Table 0.454ms
[728.785s][debug][gc,age         ] GC(57) Desired survivor size 78643200 bytes, new threshold 15 (max threshold 15)
[728.785s][info ][gc,heap        ] GC(57) PSYoungGen: 1957264K->13232K(2020352K)
[728.785s][info ][gc,heap        ] GC(57) ParOldGen: 222861K->223569K(258048K)
[728.785s][info ][gc,metaspace   ] GC(57) Metaspace: 71767K->71767K(1114112K)
[728.785s][info ][gc             ] GC(57) Pause Young (Allocation Failure) 2129M->231M(2225M) 6.622ms
[728.785s][info ][gc,cpu         ] GC(57) User=0.02s Sys=0.00s Real=0.00s
[728.785s][info ][safepoint      ] Leaving safepoint region
[728.785s][info ][safepoint      ] Total time for which application threads were stopped: 0.0067463 seconds, Stopping threads took: 0.0000101 seconds
[747.786s][info ][safepoint      ] Application time: 19.0011541 seconds
[747.786s][info ][safepoint      ] Entering safepoint region: Cleanup
[747.786s][info ][safepoint      ] Leaving safepoint region
[747.786s][info ][safepoint      ] Total time for which application threads were stopped: 0.0000741 seconds, Stopping threads took: 0.0000218 seconds
[750.787s][info ][safepoint      ] Application time: 3.0002020 seconds
[750.787s][info ][safepoint      ] Entering safepoint region: Cleanup
[750.787s][info ][safepoint      ] Leaving safepoint region
[750.787s][info ][safepoint      ] Total time for which application threads were stopped: 0.0000648 seconds, Stopping threads took: 0.0000112 seconds
[757.787s][info ][safepoint      ] Application time: 7.0004371 seconds
[757.787s][info ][safepoint      ] Entering safepoint region: Cleanup
[757.787s][info ][safepoint      ] Leaving safepoint region
[757.787s][info ][safepoint      ] Total time for which application threads were stopped: 0.0000597 seconds, Stopping threads took: 0.0000111 seconds
[758.787s][info ][safepoint      ] Application time: 1.0000672 seconds
[758.787s][info ][safepoint      ] Entering safepoint region: Cleanup
[758.787s][info ][safepoint      ] Leaving safepoint region
[758.787s][info ][safepoint      ] Total time for which application threads were stopped: 0.0000779 seconds, Stopping threads took: 0.0000243 seconds
[761.788s][info ][safepoint      ] Application time: 3.0001945 seconds
[761.788s][info ][safepoint      ] Entering safepoint region: Cleanup
[761.788s][info ][safepoint      ] Leaving safepoint region
[761.788s][info ][safepoint      ] Total time for which application threads were stopped: 0.0000685 seconds, Stopping threads took: 0.0000196 seconds
[762.788s][info ][safepoint      ] Application time: 1.0000744 seconds
[762.788s][info ][safepoint      ] Entering safepoint region: Cleanup
[762.788s][info ][safepoint      ] Leaving safepoint region
[762.788s][info ][safepoint      ] Total time for which application threads were stopped: 0.0000669 seconds, Stopping threads took: 0.0000118 seconds
[764.788s][info ][safepoint      ] Application time: 2.0001352 seconds
[764.788s][info ][safepoint      ] Entering safepoint region: Cleanup
[764.788s][info ][safepoint      ] Leaving safepoint region
[764.788s][info ][safepoint      ] Total time for which application threads were stopped: 0.0000689 seconds, Stopping threads took: 0.0000145 seconds
[765.788s][info ][safepoint      ] Application time: 1.0000640 seconds
[765.788s][info ][safepoint      ] Entering safepoint region: Cleanup
[765.788s][info ][safepoint      ] Leaving safepoint region
[765.788s][info ][safepoint      ] Total time for which application threads were stopped: 0.0000845 seconds, Stopping threads took: 0.0000159 seconds
[766.788s][info ][safepoint      ] Application time: 1.0000764 seconds
[766.788s][info ][safepoint      ] Entering safepoint region: Cleanup
[766.789s][info ][safepoint      ] Leaving safepoint region
[766.789s][info ][safepoint      ] Total time for which application threads were stopped: 0.0000936 seconds, Stopping threads took: 0.0000334 seconds
[768.789s][info ][safepoint      ] Application time: 2.0001380 seconds
[768.789s][info ][safepoint      ] Entering safepoint region: Cleanup
[768.789s][info ][safepoint      ] Leaving safepoint region
[768.789s][info ][safepoint      ] Total time for which application threads were stopped: 0.0000812 seconds, Stopping threads took: 0.0000244 seconds
[769.789s][info ][safepoint      ] Application time: 1.0000700 seconds
[769.789s][info ][safepoint      ] Entering safepoint region: Cleanup
[769.789s][info ][safepoint      ] Leaving safepoint region
[769.789s][info ][safepoint      ] Total time for which application threads were stopped: 0.0000795 seconds, Stopping threads took: 0.0000136 seconds
[770.789s][info ][safepoint      ] Application time: 1.0000791 seconds
[770.789s][info ][safepoint      ] Entering safepoint region: Cleanup
[770.789s][info ][safepoint      ] Leaving safepoint region
[770.789s][info ][safepoint      ] Total time for which application threads were stopped: 0.0001634 seconds, Stopping threads took: 0.0000306 seconds
[771.789s][info ][safepoint      ] Application time: 1.0000790 seconds
[771.789s][info ][safepoint      ] Entering safepoint region: Cleanup
[771.789s][info ][safepoint      ] Leaving safepoint region
[771.789s][info ][safepoint      ] Total time for which application threads were stopped: 0.0000755 seconds, Stopping threads took: 0.0000248 seconds
[774.790s][info ][safepoint      ] Application time: 3.0002165 seconds
[774.790s][info ][safepoint      ] Entering safepoint region: Cleanup
[774.790s][info ][safepoint      ] Leaving safepoint region
[774.790s][info ][safepoint      ] Total time for which application threads were stopped: 0.0000805 seconds, Stopping threads took: 0.0000269 seconds
[780.790s][info ][safepoint      ] Application time: 6.0004033 seconds
[780.790s][info ][safepoint      ] Entering safepoint region: Cleanup
[780.790s][info ][safepoint      ] Leaving safepoint region
[780.790s][info ][safepoint      ] Total time for which application threads were stopped: 0.0000919 seconds, Stopping threads took: 0.0000449 seconds
[781.790s][info ][safepoint      ] Application time: 1.0000670 seconds
[781.790s][info ][safepoint      ] Entering safepoint region: Cleanup
[781.791s][info ][safepoint      ] Leaving safepoint region
[781.791s][info ][safepoint      ] Total time for which application threads were stopped: 0.0000759 seconds, Stopping threads took: 0.0000110 seconds
[782.677s][info ][safepoint      ] Application time: 0.8863045 seconds
[782.677s][info ][safepoint      ] Entering safepoint region: ParallelGCFailedAllocation
[782.677s][info ][gc,start       ] GC(58) Pause Young (Allocation Failure)
[782.683s][debug][gc,phases      ] GC(58) Scavenge 5.831ms
[782.683s][debug][gc,ref         ] GC(58) Skipped phase1 of Reference Processing due to unavailable references
[782.683s][debug][gc,ref         ] GC(58) Skipped phase3 of Reference Processing due to unavailable references
[782.683s][debug][gc,phases      ] GC(58) Reference Processing 0.041ms
[782.683s][debug][gc,phases      ] GC(58) Weak Processing 0.137ms
[782.683s][debug][gc,phases      ] GC(58) Scrub String Table 0.424ms
[782.683s][debug][gc,age         ] GC(58) Desired survivor size 77594624 bytes, new threshold 15 (max threshold 15)
[782.684s][info ][gc,heap        ] GC(58) PSYoungGen: 1956272K->12688K(2019840K)
[782.684s][info ][gc,heap        ] GC(58) ParOldGen: 223569K->224265K(258048K)
[782.684s][info ][gc,metaspace   ] GC(58) Metaspace: 71796K->71796K(1114112K)
[782.684s][info ][gc             ] GC(58) Pause Young (Allocation Failure) 2128M->231M(2224M) 6.536ms
[782.684s][info ][gc,cpu         ] GC(58) User=0.03s Sys=0.00s Real=0.01s
[782.684s][info ][safepoint      ] Leaving safepoint region
[782.684s][info ][safepoint      ] Total time for which application threads were stopped: 0.0066926 seconds, Stopping threads took: 0.0000320 seconds
[786.684s][info ][safepoint      ] Application time: 4.0002307 seconds
[786.684s][info ][safepoint      ] Entering safepoint region: Cleanup
[786.684s][info ][safepoint      ] Leaving safepoint region
[786.684s][info ][safepoint      ] Total time for which application threads were stopped: 0.0000619 seconds, Stopping threads took: 0.0000101 seconds
[791.684s][info ][safepoint      ] Application time: 5.0002995 seconds
[791.684s][info ][safepoint      ] Entering safepoint region: Cleanup
[791.684s][info ][safepoint      ] Leaving safepoint region
[791.684s][info ][safepoint      ] Total time for which application threads were stopped: 0.0000532 seconds, Stopping threads took: 0.0000108 seconds
[792.684s][info ][safepoint      ] Application time: 1.0000659 seconds
[792.684s][info ][safepoint      ] Entering safepoint region: Cleanup
[792.684s][info ][safepoint      ] Leaving safepoint region
[792.684s][info ][safepoint      ] Total time for which application threads were stopped: 0.0000582 seconds, Stopping threads took: 0.0000102 seconds
[794.685s][info ][safepoint      ] Application time: 2.0001007 seconds
[794.685s][info ][safepoint      ] Entering safepoint region: Cleanup
[794.685s][info ][safepoint      ] Leaving safepoint region
[794.685s][info ][safepoint      ] Total time for which application threads were stopped: 0.0000597 seconds, Stopping threads took: 0.0000107 seconds
[795.685s][info ][safepoint      ] Application time: 1.0000715 seconds
[795.685s][info ][safepoint      ] Entering safepoint region: Cleanup
[795.685s][info ][safepoint      ] Leaving safepoint region
[795.685s][info ][safepoint      ] Total time for which application threads were stopped: 0.0000564 seconds, Stopping threads took: 0.0000102 seconds
[805.685s][info ][safepoint      ] Application time: 10.0005892 seconds
[805.685s][info ][safepoint      ] Entering safepoint region: Cleanup
[805.686s][info ][safepoint      ] Leaving safepoint region
[805.686s][info ][safepoint      ] Total time for which application threads were stopped: 0.0000717 seconds, Stopping threads took: 0.0000233 seconds
[808.686s][info ][safepoint      ] Application time: 3.0002058 seconds
[808.686s][info ][safepoint      ] Entering safepoint region: Cleanup
[808.686s][info ][safepoint      ] Leaving safepoint region
[808.686s][info ][safepoint      ] Total time for which application threads were stopped: 0.0000570 seconds, Stopping threads took: 0.0000103 seconds
[810.686s][info ][safepoint      ] Application time: 2.0001306 seconds
[810.686s][info ][safepoint      ] Entering safepoint region: Cleanup
[810.686s][info ][safepoint      ] Leaving safepoint region
[810.686s][info ][safepoint      ] Total time for which application threads were stopped: 0.0000602 seconds, Stopping threads took: 0.0000117 seconds
[821.687s][info ][safepoint      ] Application time: 11.0011338 seconds
[821.687s][info ][safepoint      ] Entering safepoint region: Cleanup
[821.687s][info ][safepoint      ] Leaving safepoint region
[821.687s][info ][safepoint      ] Total time for which application threads were stopped: 0.0000864 seconds, Stopping threads took: 0.0000171 seconds
[825.688s][info ][safepoint      ] Application time: 4.0002662 seconds
[825.688s][info ][safepoint      ] Entering safepoint region: Cleanup
[825.688s][info ][safepoint      ] Leaving safepoint region
[825.688s][info ][safepoint      ] Total time for which application threads were stopped: 0.0000681 seconds, Stopping threads took: 0.0000141 seconds
[830.688s][info ][safepoint      ] Application time: 5.0003568 seconds
[830.688s][info ][safepoint      ] Entering safepoint region: Cleanup
[830.688s][info ][safepoint      ] Leaving safepoint region
[830.688s][info ][safepoint      ] Total time for which application threads were stopped: 0.0000799 seconds, Stopping threads took: 0.0000179 seconds
[832.688s][info ][safepoint      ] Application time: 2.0001296 seconds
[832.688s][info ][safepoint      ] Entering safepoint region: Cleanup
[832.688s][info ][safepoint      ] Leaving safepoint region
[832.688s][info ][safepoint      ] Total time for which application threads were stopped: 0.0000871 seconds, Stopping threads took: 0.0000181 seconds
[834.689s][info ][safepoint      ] Application time: 2.0001497 seconds
[834.689s][info ][safepoint      ] Entering safepoint region: Cleanup
[834.689s][info ][safepoint      ] Leaving safepoint region
[834.689s][info ][safepoint      ] Total time for which application threads were stopped: 0.0001109 seconds, Stopping threads took: 0.0000370 seconds
[837.277s][info ][safepoint      ] Application time: 2.5884664 seconds
[837.277s][info ][safepoint      ] Entering safepoint region: ParallelGCFailedAllocation
[837.277s][info ][gc,start       ] GC(59) Pause Young (Allocation Failure)
[837.289s][debug][gc,phases      ] GC(59) Scavenge 11.839ms
[837.289s][debug][gc,ref         ] GC(59) Skipped phase1 of Reference Processing due to unavailable references
[837.289s][debug][gc,ref         ] GC(59) Skipped phase3 of Reference Processing due to unavailable references
[837.289s][debug][gc,phases      ] GC(59) Reference Processing 0.053ms
[837.290s][debug][gc,phases      ] GC(59) Weak Processing 0.168ms
[837.290s][debug][gc,phases      ] GC(59) Scrub String Table 0.580ms
[837.290s][debug][gc,age         ] GC(59) Desired survivor size 76546048 bytes, new threshold 15 (max threshold 15)
[837.290s][info ][gc,heap        ] GC(59) PSYoungGen: 1955728K->12048K(2022400K)
[837.290s][info ][gc,heap        ] GC(59) ParOldGen: 224265K->225041K(258048K)
[837.290s][info ][gc,metaspace   ] GC(59) Metaspace: 71803K->71803K(1114112K)
[837.290s][info ][gc             ] GC(59) Pause Young (Allocation Failure) 2128M->231M(2227M) 12.783ms
[837.290s][info ][gc,cpu         ] GC(59) User=0.03s Sys=0.00s Real=0.01s
[837.290s][info ][safepoint      ] Leaving safepoint region
[837.290s][info ][safepoint      ] Total time for which application threads were stopped: 0.0130297 seconds, Stopping threads took: 0.0001041 seconds
[841.291s][info ][safepoint      ] Application time: 4.0002832 seconds
[841.291s][info ][safepoint      ] Entering safepoint region: Cleanup
[841.291s][info ][safepoint      ] Leaving safepoint region
[841.291s][info ][safepoint      ] Total time for which application threads were stopped: 0.0000701 seconds, Stopping threads took: 0.0000142 seconds
[858.292s][info ][safepoint      ] Application time: 17.0011714 seconds
[858.292s][info ][safepoint      ] Entering safepoint region: Cleanup
[858.292s][info ][safepoint      ] Leaving safepoint region
[858.292s][info ][safepoint      ] Total time for which application threads were stopped: 0.0000545 seconds, Stopping threads took: 0.0000111 seconds
[861.292s][info ][safepoint      ] Application time: 3.0001995 seconds
[861.292s][info ][safepoint      ] Entering safepoint region: Cleanup
[861.292s][info ][safepoint      ] Leaving safepoint region
[861.292s][info ][safepoint      ] Total time for which application threads were stopped: 0.0000533 seconds, Stopping threads took: 0.0000108 seconds
[870.293s][info ][safepoint      ] Application time: 9.0006484 seconds
[870.293s][info ][safepoint      ] Entering safepoint region: Cleanup
[870.293s][info ][safepoint      ] Leaving safepoint region
[870.293s][info ][safepoint      ] Total time for which application threads were stopped: 0.0001194 seconds, Stopping threads took: 0.0000182 seconds
[872.293s][info ][safepoint      ] Application time: 2.0001237 seconds
[872.293s][info ][safepoint      ] Entering safepoint region: Cleanup
[872.293s][info ][safepoint      ] Leaving safepoint region
[872.293s][info ][safepoint      ] Total time for which application threads were stopped: 0.0001136 seconds, Stopping threads took: 0.0000176 seconds
[873.293s][info ][safepoint      ] Application time: 1.0000826 seconds
[873.294s][info ][safepoint      ] Entering safepoint region: Cleanup
[873.294s][info ][safepoint      ] Leaving safepoint region
[873.294s][info ][safepoint      ] Total time for which application threads were stopped: 0.0000823 seconds, Stopping threads took: 0.0000311 seconds
[878.294s][info ][safepoint      ] Application time: 5.0003392 seconds
[878.294s][info ][safepoint      ] Entering safepoint region: Cleanup
[878.294s][info ][safepoint      ] Leaving safepoint region
[878.294s][info ][safepoint      ] Total time for which application threads were stopped: 0.0000633 seconds, Stopping threads took: 0.0000128 seconds
[885.295s][info ][safepoint      ] Application time: 7.0004844 seconds
[885.295s][info ][safepoint      ] Entering safepoint region: Cleanup
[885.295s][info ][safepoint      ] Leaving safepoint region
[885.295s][info ][safepoint      ] Total time for which application threads were stopped: 0.0000678 seconds, Stopping threads took: 0.0000128 seconds
[886.295s][info ][safepoint      ] Application time: 1.0000668 seconds
[886.295s][info ][safepoint      ] Entering safepoint region: Cleanup
[886.295s][info ][safepoint      ] Leaving safepoint region
[886.295s][info ][safepoint      ] Total time for which application threads were stopped: 0.0000615 seconds, Stopping threads took: 0.0000122 seconds
[891.295s][info ][safepoint      ] Application time: 5.0003698 seconds
[891.295s][info ][safepoint      ] Entering safepoint region: Cleanup
[891.295s][info ][safepoint      ] Leaving safepoint region
[891.295s][info ][safepoint      ] Total time for which application threads were stopped: 0.0000809 seconds, Stopping threads took: 0.0000181 seconds
[892.050s][info ][safepoint      ] Application time: 0.7541884 seconds
[892.050s][info ][safepoint      ] Entering safepoint region: ParallelGCFailedAllocation
[892.050s][info ][gc,start       ] GC(60) Pause Young (Allocation Failure)
[892.055s][debug][gc,phases      ] GC(60) Scavenge 5.620ms
[892.055s][debug][gc,ref         ] GC(60) Skipped phase1 of Reference Processing due to unavailable references
[892.055s][debug][gc,ref         ] GC(60) Skipped phase3 of Reference Processing due to unavailable references
[892.055s][debug][gc,phases      ] GC(60) Reference Processing 0.046ms
[892.056s][debug][gc,phases      ] GC(60) Weak Processing 0.145ms
[892.056s][debug][gc,phases      ] GC(60) Scrub String Table 0.454ms
[892.056s][debug][gc,age         ] GC(60) Desired survivor size 74973184 bytes, new threshold 15 (max threshold 15)
[892.056s][info ][gc,heap        ] GC(60) PSYoungGen: 1958672K->10816K(2021376K)
[892.056s][info ][gc,heap        ] GC(60) ParOldGen: 225041K->226297K(258048K)
[892.056s][info ][gc,metaspace   ] GC(60) Metaspace: 71888K->71888K(1114112K)
[892.056s][info ][gc             ] GC(60) Pause Young (Allocation Failure) 2132M->231M(2226M) 6.400ms
[892.056s][info ][gc,cpu         ] GC(60) User=0.02s Sys=0.00s Real=0.00s
[892.056s][info ][safepoint      ] Leaving safepoint region
[892.056s][info ][safepoint      ] Total time for which application threads were stopped: 0.0065520 seconds, Stopping threads took: 0.0000123 seconds
[893.056s][info ][safepoint      ] Application time: 1.0000896 seconds
[893.056s][info ][safepoint      ] Entering safepoint region: Cleanup
[893.056s][info ][safepoint      ] Leaving safepoint region
[893.056s][info ][safepoint      ] Total time for which application threads were stopped: 0.0001108 seconds, Stopping threads took: 0.0000209 seconds
[896.057s][info ][safepoint      ] Application time: 3.0002144 seconds
[896.057s][info ][safepoint      ] Entering safepoint region: Cleanup
[896.057s][info ][safepoint      ] Leaving safepoint region
[896.057s][info ][safepoint      ] Total time for which application threads were stopped: 0.0000823 seconds, Stopping threads took: 0.0000321 seconds
[897.057s][info ][safepoint      ] Application time: 1.0000668 seconds
[897.057s][info ][safepoint      ] Entering safepoint region: Cleanup
[897.057s][info ][safepoint      ] Leaving safepoint region
[897.057s][info ][safepoint      ] Total time for which application threads were stopped: 0.0000709 seconds, Stopping threads took: 0.0000131 seconds
[898.057s][info ][safepoint      ] Application time: 1.0000690 seconds
[898.057s][info ][safepoint      ] Entering safepoint region: Cleanup
[898.057s][info ][safepoint      ] Leaving safepoint region
[898.057s][info ][safepoint      ] Total time for which application threads were stopped: 0.0000635 seconds, Stopping threads took: 0.0000133 seconds
[899.057s][info ][safepoint      ] Application time: 1.0000766 seconds
[899.057s][info ][safepoint      ] Entering safepoint region: Cleanup
[899.057s][info ][safepoint      ] Leaving safepoint region
[899.057s][info ][safepoint      ] Total time for which application threads were stopped: 0.0000893 seconds, Stopping threads took: 0.0000128 seconds
[901.057s][info ][safepoint      ] Application time: 2.0001425 seconds
[901.058s][info ][safepoint      ] Entering safepoint region: Cleanup
[901.058s][info ][safepoint      ] Leaving safepoint region
[901.058s][info ][safepoint      ] Total time for which application threads were stopped: 0.0000811 seconds, Stopping threads took: 0.0000183 seconds
[902.058s][info ][safepoint      ] Application time: 1.0000678 seconds
[902.058s][info ][safepoint      ] Entering safepoint region: Cleanup
[902.058s][info ][safepoint      ] Leaving safepoint region
[902.058s][info ][safepoint      ] Total time for which application threads were stopped: 0.0000745 seconds, Stopping threads took: 0.0000191 seconds
[911.058s][info ][safepoint      ] Application time: 9.0005752 seconds
[911.058s][info ][safepoint      ] Entering safepoint region: Cleanup
[911.058s][info ][safepoint      ] Leaving safepoint region
[911.058s][info ][safepoint      ] Total time for which application threads were stopped: 0.0000647 seconds, Stopping threads took: 0.0000138 seconds
[912.059s][info ][safepoint      ] Application time: 1.0000647 seconds
[912.059s][info ][safepoint      ] Entering safepoint region: Cleanup
[912.059s][info ][safepoint      ] Leaving safepoint region
[912.059s][info ][safepoint      ] Total time for which application threads were stopped: 0.0000696 seconds, Stopping threads took: 0.0000161 seconds
[913.059s][info ][safepoint      ] Application time: 1.0000690 seconds
[913.059s][info ][safepoint      ] Entering safepoint region: Cleanup
[913.059s][info ][safepoint      ] Leaving safepoint region
[913.059s][info ][safepoint      ] Total time for which application threads were stopped: 0.0000890 seconds, Stopping threads took: 0.0000148 seconds
[914.059s][info ][safepoint      ] Application time: 1.0000752 seconds
[914.059s][info ][safepoint      ] Entering safepoint region: Cleanup
[914.059s][info ][safepoint      ] Leaving safepoint region
[914.059s][info ][safepoint      ] Total time for which application threads were stopped: 0.0000690 seconds, Stopping threads took: 0.0000151 seconds
[915.059s][info ][safepoint      ] Application time: 1.0000673 seconds
[915.059s][info ][safepoint      ] Entering safepoint region: Cleanup
[915.059s][info ][safepoint      ] Leaving safepoint region
[915.059s][info ][safepoint      ] Total time for which application threads were stopped: 0.0000732 seconds, Stopping threads took: 0.0000114 seconds
[916.059s][info ][safepoint      ] Application time: 1.0000754 seconds
[916.059s][info ][safepoint      ] Entering safepoint region: Cleanup
[916.059s][info ][safepoint      ] Leaving safepoint region
[916.059s][info ][safepoint      ] Total time for which application threads were stopped: 0.0000682 seconds, Stopping threads took: 0.0000147 seconds
[917.059s][info ][safepoint      ] Application time: 1.0000756 seconds
[917.060s][info ][safepoint      ] Entering safepoint region: Cleanup
[917.060s][info ][safepoint      ] Leaving safepoint region
[917.060s][info ][safepoint      ] Total time for which application threads were stopped: 0.0001045 seconds, Stopping threads took: 0.0000148 seconds
[919.060s][info ][safepoint      ] Application time: 2.0001433 seconds
[919.060s][info ][safepoint      ] Entering safepoint region: Cleanup
[919.060s][info ][safepoint      ] Leaving safepoint region
[919.060s][info ][safepoint      ] Total time for which application threads were stopped: 0.0000699 seconds, Stopping threads took: 0.0000144 seconds
[920.060s][info ][safepoint      ] Application time: 1.0000692 seconds
[920.060s][info ][safepoint      ] Entering safepoint region: Cleanup
[920.060s][info ][safepoint      ] Leaving safepoint region
[920.060s][info ][safepoint      ] Total time for which application threads were stopped: 0.0000690 seconds, Stopping threads took: 0.0000143 seconds
[921.060s][info ][safepoint      ] Application time: 1.0000664 seconds
[921.060s][info ][safepoint      ] Entering safepoint region: Cleanup
[921.060s][info ][safepoint      ] Leaving safepoint region
[921.060s][info ][safepoint      ] Total time for which application threads were stopped: 0.0000908 seconds, Stopping threads took: 0.0000300 seconds
[923.060s][info ][safepoint      ] Application time: 2.0001234 seconds
[923.060s][info ][safepoint      ] Entering safepoint region: Cleanup
[923.060s][info ][safepoint      ] Leaving safepoint region
[923.060s][info ][safepoint      ] Total time for which application threads were stopped: 0.0000789 seconds, Stopping threads took: 0.0000140 seconds
[930.061s][info ][safepoint      ] Application time: 7.0004539 seconds
[930.061s][info ][safepoint      ] Entering safepoint region: Cleanup
[930.061s][info ][safepoint      ] Leaving safepoint region
[930.061s][info ][safepoint      ] Total time for which application threads were stopped: 0.0000740 seconds, Stopping threads took: 0.0000154 seconds
[932.061s][info ][safepoint      ] Application time: 2.0001155 seconds
[932.061s][info ][safepoint      ] Entering safepoint region: Cleanup
[932.061s][info ][safepoint      ] Leaving safepoint region
[932.061s][info ][safepoint      ] Total time for which application threads were stopped: 0.0000731 seconds, Stopping threads took: 0.0000144 seconds
[934.061s][info ][safepoint      ] Application time: 2.0001451 seconds
[934.061s][info ][safepoint      ] Entering safepoint region: Cleanup
[934.062s][info ][safepoint      ] Leaving safepoint region
[934.062s][info ][safepoint      ] Total time for which application threads were stopped: 0.0000657 seconds, Stopping threads took: 0.0000136 seconds
[937.062s][info ][safepoint      ] Application time: 3.0001980 seconds
[937.062s][info ][safepoint      ] Entering safepoint region: Cleanup
[937.062s][info ][safepoint      ] Leaving safepoint region
[937.062s][info ][safepoint      ] Total time for which application threads were stopped: 0.0000675 seconds, Stopping threads took: 0.0000148 seconds
[938.062s][info ][safepoint      ] Application time: 1.0000639 seconds
[938.062s][info ][safepoint      ] Entering safepoint region: Cleanup
[938.062s][info ][safepoint      ] Leaving safepoint region
[938.062s][info ][safepoint      ] Total time for which application threads were stopped: 0.0000678 seconds, Stopping threads took: 0.0000118 seconds
[939.062s][info ][safepoint      ] Application time: 1.0000660 seconds
[939.062s][info ][safepoint      ] Entering safepoint region: Cleanup
[939.062s][info ][safepoint      ] Leaving safepoint region
[939.062s][info ][safepoint      ] Total time for which application threads were stopped: 0.0000703 seconds, Stopping threads took: 0.0000145 seconds
[940.062s][info ][safepoint      ] Application time: 1.0000689 seconds
[940.062s][info ][safepoint      ] Entering safepoint region: Cleanup
[940.062s][info ][safepoint      ] Leaving safepoint region
[940.062s][info ][safepoint      ] Total time for which application threads were stopped: 0.0001028 seconds, Stopping threads took: 0.0000378 seconds
[941.063s][info ][safepoint      ] Application time: 1.0000728 seconds
[941.063s][info ][safepoint      ] Entering safepoint region: Cleanup
[941.063s][info ][safepoint      ] Leaving safepoint region
[941.063s][info ][safepoint      ] Total time for which application threads were stopped: 0.0000713 seconds, Stopping threads took: 0.0000162 seconds
[942.063s][info ][safepoint      ] Application time: 1.0000286 seconds
[942.063s][info ][safepoint      ] Entering safepoint region: Cleanup
[942.063s][info ][safepoint      ] Leaving safepoint region
[942.063s][info ][safepoint      ] Total time for which application threads were stopped: 0.0000716 seconds, Stopping threads took: 0.0000128 seconds
[943.277s][info ][safepoint      ] Application time: 1.2141359 seconds
[943.277s][info ][safepoint      ] Entering safepoint region: ParallelGCFailedAllocation
[943.277s][info ][gc,start       ] GC(61) Pause Young (Allocation Failure)
[943.284s][debug][gc,phases      ] GC(61) Scavenge 6.532ms
[943.284s][debug][gc,ref         ] GC(61) Skipped phase1 of Reference Processing due to unavailable references
[943.284s][debug][gc,ref         ] GC(61) Skipped phase3 of Reference Processing due to unavailable references
[943.284s][debug][gc,phases      ] GC(61) Reference Processing 0.049ms
[943.284s][debug][gc,phases      ] GC(61) Weak Processing 0.129ms
[943.284s][debug][gc,phases      ] GC(61) Scrub String Table 0.444ms
[943.284s][debug][gc,age         ] GC(61) Desired survivor size 73924608 bytes, new threshold 15 (max threshold 15)
[943.284s][info ][gc,heap        ] GC(61) PSYoungGen: 1957440K->7200K(2024960K)
[943.284s][info ][gc,heap        ] GC(61) ParOldGen: 226297K->231270K(258048K)
[943.284s][info ][gc,metaspace   ] GC(61) Metaspace: 71944K->71944K(1114112K)
[943.284s][info ][gc             ] GC(61) Pause Young (Allocation Failure) 2132M->232M(2229M) 7.295ms
[943.284s][info ][gc,cpu         ] GC(61) User=0.03s Sys=0.00s Real=0.01s
[943.284s][info ][safepoint      ] Leaving safepoint region
[943.284s][info ][safepoint      ] Total time for which application threads were stopped: 0.0075021 seconds, Stopping threads took: 0.0000722 seconds
[944.285s][info ][safepoint      ] Application time: 1.0000830 seconds
[944.285s][info ][safepoint      ] Entering safepoint region: Cleanup
[944.285s][info ][safepoint      ] Leaving safepoint region
[944.285s][info ][safepoint      ] Total time for which application threads were stopped: 0.0000639 seconds, Stopping threads took: 0.0000122 seconds
[949.285s][info ][safepoint      ] Application time: 5.0002537 seconds
[949.285s][info ][safepoint      ] Entering safepoint region: Cleanup
[949.285s][info ][safepoint      ] Leaving safepoint region
[949.285s][info ][safepoint      ] Total time for which application threads were stopped: 0.0000749 seconds, Stopping threads took: 0.0000150 seconds
[960.286s][info ][safepoint      ] Application time: 11.0006961 seconds
[960.286s][info ][safepoint      ] Entering safepoint region: Cleanup
[960.286s][info ][safepoint      ] Leaving safepoint region
[960.286s][info ][safepoint      ] Total time for which application threads were stopped: 0.0000841 seconds, Stopping threads took: 0.0000277 seconds
[966.286s][info ][safepoint      ] Application time: 6.0003743 seconds
[966.286s][info ][safepoint      ] Entering safepoint region: Cleanup
[966.286s][info ][safepoint      ] Leaving safepoint region
[966.286s][info ][safepoint      ] Total time for which application threads were stopped: 0.0000816 seconds, Stopping threads took: 0.0000243 seconds
[976.344s][info ][safepoint      ] Application time: 10.0580847 seconds
[976.344s][info ][safepoint      ] Entering safepoint region: RevokeBias
[976.345s][info ][safepoint      ] Leaving safepoint region
[976.345s][info ][safepoint      ] Total time for which application threads were stopped: 0.0000754 seconds, Stopping threads took: 0.0000131 seconds
[977.345s][info ][safepoint      ] Application time: 1.0000820 seconds
[977.345s][info ][safepoint      ] Entering safepoint region: Cleanup
[977.345s][info ][safepoint      ] Leaving safepoint region
[977.345s][info ][safepoint      ] Total time for which application threads were stopped: 0.0000807 seconds, Stopping threads took: 0.0000184 seconds
[979.345s][info ][safepoint      ] Application time: 2.0001357 seconds
[979.345s][info ][safepoint      ] Entering safepoint region: Cleanup
[979.345s][info ][safepoint      ] Leaving safepoint region
[979.345s][info ][safepoint      ] Total time for which application threads were stopped: 0.0000686 seconds, Stopping threads took: 0.0000132 seconds
[984.345s][info ][safepoint      ] Application time: 5.0003242 seconds
[984.345s][info ][safepoint      ] Entering safepoint region: Cleanup
[984.345s][info ][safepoint      ] Leaving safepoint region
[984.345s][info ][safepoint      ] Total time for which application threads were stopped: 0.0001143 seconds, Stopping threads took: 0.0000411 seconds
[985.346s][info ][safepoint      ] Application time: 1.0000680 seconds
[985.346s][info ][safepoint      ] Entering safepoint region: Cleanup
[985.346s][info ][safepoint      ] Leaving safepoint region
[985.346s][info ][safepoint      ] Total time for which application threads were stopped: 0.0001090 seconds, Stopping threads took: 0.0000277 seconds
[988.346s][info ][safepoint      ] Application time: 3.0001809 seconds
[988.346s][info ][safepoint      ] Entering safepoint region: Cleanup
[988.346s][info ][safepoint      ] Leaving safepoint region
[988.346s][info ][safepoint      ] Total time for which application threads were stopped: 0.0000887 seconds, Stopping threads took: 0.0000271 seconds
[990.346s][info ][safepoint      ] Application time: 2.0001526 seconds
[990.346s][info ][safepoint      ] Entering safepoint region: Cleanup
[990.346s][info ][safepoint      ] Leaving safepoint region
[990.346s][info ][safepoint      ] Total time for which application threads were stopped: 0.0000825 seconds, Stopping threads took: 0.0000173 seconds
[995.347s][info ][safepoint      ] Application time: 5.0003072 seconds
[995.347s][info ][safepoint      ] Entering safepoint region: Cleanup
[995.347s][info ][safepoint      ] Leaving safepoint region
[995.347s][info ][safepoint      ] Total time for which application threads were stopped: 0.0000673 seconds, Stopping threads took: 0.0000148 seconds
[997.627s][info ][safepoint      ] Application time: 2.2803850 seconds
[997.627s][info ][safepoint      ] Entering safepoint region: ParallelGCFailedAllocation
[997.627s][info ][gc,start       ] GC(62) Pause Young (Allocation Failure)
[997.631s][debug][gc,phases      ] GC(62) Scavenge 4.181ms
[997.632s][debug][gc,ref         ] GC(62) Skipped phase1 of Reference Processing due to unavailable references
[997.632s][debug][gc,ref         ] GC(62) Skipped phase3 of Reference Processing due to unavailable references
[997.632s][debug][gc,phases      ] GC(62) Reference Processing 0.033ms
[997.632s][debug][gc,phases      ] GC(62) Weak Processing 0.129ms
[997.632s][debug][gc,phases      ] GC(62) Scrub String Table 0.413ms
[997.632s][debug][gc,age         ] GC(62) Desired survivor size 72351744 bytes, new threshold 15 (max threshold 15)
[997.632s][info ][gc,heap        ] GC(62) PSYoungGen: 1958944K->6720K(2023936K)
[997.632s][info ][gc,heap        ] GC(62) ParOldGen: 231270K->231798K(258048K)
[997.632s][info ][gc,metaspace   ] GC(62) Metaspace: 71964K->71964K(1114112K)
[997.632s][info ][gc             ] GC(62) Pause Young (Allocation Failure) 2138M->232M(2228M) 4.877ms
[997.632s][info ][gc,cpu         ] GC(62) User=0.02s Sys=0.00s Real=0.01s
[997.632s][info ][safepoint      ] Leaving safepoint region
[997.632s][info ][safepoint      ] Total time for which application threads were stopped: 0.0050404 seconds, Stopping threads took: 0.0000329 seconds
[1001.738s][info ][safepoint      ] Application time: 4.1055152 seconds
[1001.738s][info ][safepoint      ] Entering safepoint region: RevokeBias
[1001.738s][info ][safepoint      ] Leaving safepoint region
[1001.738s][info ][safepoint      ] Total time for which application threads were stopped: 0.0000571 seconds, Stopping threads took: 0.0000109 seconds
[1002.738s][info ][safepoint      ] Application time: 1.0000735 seconds
[1002.738s][info ][safepoint      ] Entering safepoint region: Cleanup
[1002.738s][info ][safepoint      ] Leaving safepoint region
[1002.738s][info ][safepoint      ] Total time for which application threads were stopped: 0.0000597 seconds, Stopping threads took: 0.0000112 seconds
[1014.739s][info ][safepoint      ] Application time: 12.0007943 seconds
[1014.739s][info ][safepoint      ] Entering safepoint region: Cleanup
[1014.739s][info ][safepoint      ] Leaving safepoint region
[1014.739s][info ][safepoint      ] Total time for which application threads were stopped: 0.0000764 seconds, Stopping threads took: 0.0000165 seconds
[1019.739s][info ][safepoint      ] Application time: 5.0003116 seconds
[1019.739s][info ][safepoint      ] Entering safepoint region: Cleanup
[1019.739s][info ][safepoint      ] Leaving safepoint region
[1019.739s][info ][safepoint      ] Total time for which application threads were stopped: 0.0000708 seconds, Stopping threads took: 0.0000104 seconds
[1020.739s][info ][safepoint      ] Application time: 1.0000770 seconds
[1020.739s][info ][safepoint      ] Entering safepoint region: Cleanup
[1020.740s][info ][safepoint      ] Leaving safepoint region
[1020.740s][info ][safepoint      ] Total time for which application threads were stopped: 0.0000606 seconds, Stopping threads took: 0.0000112 seconds
[1036.741s][info ][safepoint      ] Application time: 16.0010367 seconds
[1036.741s][info ][safepoint      ] Entering safepoint region: Cleanup
[1036.741s][info ][safepoint      ] Leaving safepoint region
[1036.741s][info ][safepoint      ] Total time for which application threads were stopped: 0.0000725 seconds, Stopping threads took: 0.0000110 seconds
[1041.741s][info ][safepoint      ] Application time: 5.0003429 seconds
[1041.745s][info ][safepoint      ] Entering safepoint region: Cleanup
[1041.745s][info ][safepoint      ] Leaving safepoint region
[1041.745s][info ][safepoint      ] Total time for which application threads were stopped: 0.0043979 seconds, Stopping threads took: 0.0043260 seconds
[1042.746s][info ][safepoint      ] Application time: 1.0000741 seconds
[1042.746s][info ][safepoint      ] Entering safepoint region: Cleanup
[1042.746s][info ][safepoint      ] Leaving safepoint region
[1042.746s][info ][safepoint      ] Total time for which application threads were stopped: 0.0001631 seconds, Stopping threads took: 0.0000146 seconds
[1044.746s][info ][safepoint      ] Application time: 2.0001536 seconds
[1044.746s][info ][safepoint      ] Entering safepoint region: Cleanup
[1044.746s][info ][safepoint      ] Leaving safepoint region
[1044.746s][info ][safepoint      ] Total time for which application threads were stopped: 0.0000891 seconds, Stopping threads took: 0.0000188 seconds
[1048.476s][info ][safepoint      ] Application time: 3.7296185 seconds
[1048.476s][info ][safepoint      ] Entering safepoint region: ParallelGCFailedAllocation
[1048.476s][info ][gc,start       ] GC(63) Pause Young (Allocation Failure)
[1048.480s][debug][gc,phases      ] GC(63) Scavenge 3.944ms
[1048.480s][debug][gc,ref         ] GC(63) Skipped phase1 of Reference Processing due to unavailable references
[1048.480s][debug][gc,ref         ] GC(63) Skipped phase3 of Reference Processing due to unavailable references
[1048.480s][debug][gc,phases      ] GC(63) Reference Processing 0.036ms
[1048.480s][debug][gc,phases      ] GC(63) Weak Processing 0.118ms
[1048.480s][debug][gc,phases      ] GC(63) Scrub String Table 0.436ms
[1048.480s][debug][gc,age         ] GC(63) Desired survivor size 70254592 bytes, new threshold 15 (max threshold 15)
[1048.480s][info ][gc,heap        ] GC(63) PSYoungGen: 1958464K->6496K(2028544K)
[1048.480s][info ][gc,heap        ] GC(63) ParOldGen: 231798K->232134K(258048K)
[1048.480s][info ][gc,metaspace   ] GC(63) Metaspace: 71989K->71989K(1114112K)
[1048.480s][info ][gc             ] GC(63) Pause Young (Allocation Failure) 2138M->233M(2233M) 4.664ms
[1048.480s][info ][gc,cpu         ] GC(63) User=0.01s Sys=0.00s Real=0.01s
[1048.480s][info ][safepoint      ] Leaving safepoint region
[1048.480s][info ][safepoint      ] Total time for which application threads were stopped: 0.0048069 seconds, Stopping threads took: 0.0000127 seconds
[1059.481s][info ][safepoint      ] Application time: 11.0006911 seconds
[1059.481s][info ][safepoint      ] Entering safepoint region: Cleanup
[1059.481s][info ][safepoint      ] Leaving safepoint region
[1059.481s][info ][safepoint      ] Total time for which application threads were stopped: 0.0000976 seconds, Stopping threads took: 0.0000216 seconds
[1061.481s][info ][safepoint      ] Application time: 2.0000855 seconds
[1061.481s][info ][safepoint      ] Entering safepoint region: Cleanup
[1061.481s][info ][safepoint      ] Leaving safepoint region
[1061.482s][info ][safepoint      ] Total time for which application threads were stopped: 0.0000747 seconds, Stopping threads took: 0.0000139 seconds
[1062.482s][info ][safepoint      ] Application time: 1.0000662 seconds
[1062.482s][info ][safepoint      ] Entering safepoint region: Cleanup
[1062.482s][info ][safepoint      ] Leaving safepoint region
[1062.482s][info ][safepoint      ] Total time for which application threads were stopped: 0.0000958 seconds, Stopping threads took: 0.0000333 seconds
[1063.482s][info ][safepoint      ] Application time: 1.0000662 seconds
[1063.482s][info ][safepoint      ] Entering safepoint region: Cleanup
[1063.482s][info ][safepoint      ] Leaving safepoint region
[1063.482s][info ][safepoint      ] Total time for which application threads were stopped: 0.0000780 seconds, Stopping threads took: 0.0000114 seconds
[1066.482s][info ][safepoint      ] Application time: 3.0001988 seconds
[1066.482s][info ][safepoint      ] Entering safepoint region: Cleanup
[1066.482s][info ][safepoint      ] Leaving safepoint region
[1066.482s][info ][safepoint      ] Total time for which application threads were stopped: 0.0000774 seconds, Stopping threads took: 0.0000116 seconds
[1070.483s][info ][safepoint      ] Application time: 4.0002774 seconds
[1070.483s][info ][safepoint      ] Entering safepoint region: Cleanup
[1070.483s][info ][safepoint      ] Leaving safepoint region
[1070.483s][info ][safepoint      ] Total time for which application threads were stopped: 0.0000695 seconds, Stopping threads took: 0.0000130 seconds
[1071.483s][info ][safepoint      ] Application time: 1.0000651 seconds
[1071.483s][info ][safepoint      ] Entering safepoint region: Cleanup
[1071.483s][info ][safepoint      ] Leaving safepoint region
[1071.483s][info ][safepoint      ] Total time for which application threads were stopped: 0.0000862 seconds, Stopping threads took: 0.0000115 seconds
[1076.483s][info ][safepoint      ] Application time: 5.0002881 seconds
[1076.483s][info ][safepoint      ] Entering safepoint region: Cleanup
[1076.483s][info ][safepoint      ] Leaving safepoint region
[1076.483s][info ][safepoint      ] Total time for which application threads were stopped: 0.0000830 seconds, Stopping threads took: 0.0000154 seconds
[1102.200s][info ][safepoint      ] Application time: 25.7167055 seconds
[1102.200s][info ][safepoint      ] Entering safepoint region: RevokeBias
[1102.200s][info ][safepoint      ] Leaving safepoint region
[1102.200s][info ][safepoint      ] Total time for which application threads were stopped: 0.0001689 seconds, Stopping threads took: 0.0000119 seconds
[1103.200s][info ][safepoint      ] Application time: 1.0000790 seconds
[1103.200s][info ][safepoint      ] Entering safepoint region: Cleanup
[1103.200s][info ][safepoint      ] Leaving safepoint region
[1103.200s][info ][safepoint      ] Total time for which application threads were stopped: 0.0000984 seconds, Stopping threads took: 0.0000341 seconds
[1104.227s][info ][safepoint      ] Application time: 1.0266052 seconds
[1104.227s][info ][safepoint      ] Entering safepoint region: ParallelGCFailedAllocation
[1104.227s][info ][gc,start       ] GC(64) Pause Young (Allocation Failure)
[1104.230s][debug][gc,phases      ] GC(64) Scavenge 3.285ms
[1104.230s][debug][gc,ref         ] GC(64) Skipped phase1 of Reference Processing due to unavailable references
[1104.230s][debug][gc,ref         ] GC(64) Skipped phase3 of Reference Processing due to unavailable references
[1104.230s][debug][gc,ref         ] GC(64) Skipped phase4 of Reference Processing due to unavailable references
[1104.231s][debug][gc,phases      ] GC(64) Reference Processing 0.035ms
[1104.231s][debug][gc,phases      ] GC(64) Weak Processing 0.114ms
[1104.231s][debug][gc,phases      ] GC(64) Scrub String Table 0.415ms
[1104.231s][debug][gc,age         ] GC(64) Desired survivor size 68157440 bytes, new threshold 15 (max threshold 15)
[1104.231s][info ][gc,heap        ] GC(64) PSYoungGen: 1964384K->6080K(2026496K)
[1104.231s][info ][gc,heap        ] GC(64) ParOldGen: 232134K->232567K(258048K)
[1104.231s][info ][gc,metaspace   ] GC(64) Metaspace: 71989K->71989K(1114112K)
[1104.231s][info ][gc             ] GC(64) Pause Young (Allocation Failure) 2145M->233M(2231M) 3.968ms
[1104.231s][info ][gc,cpu         ] GC(64) User=0.00s Sys=0.00s Real=0.01s
[1104.231s][info ][safepoint      ] Leaving safepoint region
[1104.231s][info ][safepoint      ] Total time for which application threads were stopped: 0.0041541 seconds, Stopping threads took: 0.0000315 seconds
[1117.232s][info ][safepoint      ] Application time: 13.0008852 seconds
[1117.232s][info ][safepoint      ] Entering safepoint region: Cleanup
[1117.232s][info ][safepoint      ] Leaving safepoint region
[1117.232s][info ][safepoint      ] Total time for which application threads were stopped: 0.0000676 seconds, Stopping threads took: 0.0000247 seconds
[1120.232s][info ][safepoint      ] Application time: 3.0002078 seconds
[1120.232s][info ][safepoint      ] Entering safepoint region: Cleanup
[1120.232s][info ][safepoint      ] Leaving safepoint region
[1120.232s][info ][safepoint      ] Total time for which application threads were stopped: 0.0000597 seconds, Stopping threads took: 0.0000117 seconds
[1140.234s][info ][safepoint      ] Application time: 20.0012831 seconds
[1140.234s][info ][safepoint      ] Entering safepoint region: Cleanup
[1140.234s][info ][safepoint      ] Leaving safepoint region
[1140.234s][info ][safepoint      ] Total time for which application threads were stopped: 0.0000607 seconds, Stopping threads took: 0.0000111 seconds
[1142.234s][info ][safepoint      ] Application time: 2.0001524 seconds
[1142.234s][info ][safepoint      ] Entering safepoint region: Cleanup
[1142.234s][info ][safepoint      ] Leaving safepoint region
[1142.234s][info ][safepoint      ] Total time for which application threads were stopped: 0.0000729 seconds, Stopping threads took: 0.0000245 seconds
[1143.234s][info ][safepoint      ] Application time: 1.0000694 seconds
[1143.234s][info ][safepoint      ] Entering safepoint region: Cleanup
[1143.234s][info ][safepoint      ] Leaving safepoint region
[1143.234s][info ][safepoint      ] Total time for which application threads were stopped: 0.0000653 seconds, Stopping threads took: 0.0000110 seconds
[1161.928s][info ][safepoint      ] Application time: 18.6938287 seconds
[1161.928s][info ][safepoint      ] Entering safepoint region: ParallelGCFailedAllocation
[1161.928s][info ][gc,start       ] GC(65) Pause Young (Allocation Failure)
[1161.932s][debug][gc,phases      ] GC(65) Scavenge 3.252ms
[1161.932s][debug][gc,ref         ] GC(65) Skipped phase1 of Reference Processing due to unavailable references
[1161.932s][debug][gc,ref         ] GC(65) Skipped phase3 of Reference Processing due to unavailable references
[1161.932s][debug][gc,ref         ] GC(65) Skipped phase4 of Reference Processing due to unavailable references
[1161.932s][debug][gc,phases      ] GC(65) Reference Processing 0.033ms
[1161.932s][debug][gc,phases      ] GC(65) Weak Processing 0.119ms
[1161.932s][debug][gc,phases      ] GC(65) Scrub String Table 0.441ms
[1161.932s][debug][gc,age         ] GC(65) Desired survivor size 66060288 bytes, new threshold 15 (max threshold 15)
[1161.932s][info ][gc,heap        ] GC(65) PSYoungGen: 1963968K->5840K(2032640K)
[1161.932s][info ][gc,heap        ] GC(65) ParOldGen: 232567K->232759K(258048K)
[1161.932s][info ][gc,metaspace   ] GC(65) Metaspace: 71991K->71991K(1114112K)
[1161.932s][info ][gc             ] GC(65) Pause Young (Allocation Failure) 2145M->233M(2237M) 3.974ms
[1161.932s][info ][gc,cpu         ] GC(65) User=0.01s Sys=0.00s Real=0.01s
[1161.932s][info ][safepoint      ] Leaving safepoint region
[1161.932s][info ][safepoint      ] Total time for which application threads were stopped: 0.0041068 seconds, Stopping threads took: 0.0000108 seconds
[1162.932s][info ][safepoint      ] Application time: 1.0000860 seconds
[1162.932s][info ][safepoint      ] Entering safepoint region: Cleanup
[1162.932s][info ][safepoint      ] Leaving safepoint region
[1162.932s][info ][safepoint      ] Total time for which application threads were stopped: 0.0000799 seconds, Stopping threads took: 0.0000153 seconds
[1194.935s][info ][safepoint      ] Application time: 32.0021677 seconds
[1194.935s][info ][safepoint      ] Entering safepoint region: Cleanup
[1194.935s][info ][safepoint      ] Leaving safepoint region
[1194.935s][info ][safepoint      ] Total time for which application threads were stopped: 0.0000765 seconds, Stopping threads took: 0.0000250 seconds
[1209.936s][info ][safepoint      ] Application time: 15.0010043 seconds
[1209.936s][info ][safepoint      ] Entering safepoint region: Cleanup
[1209.936s][info ][safepoint      ] Leaving safepoint region
[1209.936s][info ][safepoint      ] Total time for which application threads were stopped: 0.0000649 seconds, Stopping threads took: 0.0000105 seconds
[1210.936s][info ][safepoint      ] Application time: 1.0000672 seconds
[1210.936s][info ][safepoint      ] Entering safepoint region: Cleanup
[1210.936s][info ][safepoint      ] Leaving safepoint region
[1210.936s][info ][safepoint      ] Total time for which application threads were stopped: 0.0000682 seconds, Stopping threads took: 0.0000111 seconds
[1216.936s][info ][safepoint      ] Application time: 6.0003949 seconds
[1216.937s][info ][safepoint      ] Entering safepoint region: Cleanup
[1216.937s][info ][safepoint      ] Leaving safepoint region
[1216.937s][info ][safepoint      ] Total time for which application threads were stopped: 0.0000831 seconds, Stopping threads took: 0.0000117 seconds
[1218.126s][info ][safepoint      ] Application time: 1.1893549 seconds
[1218.126s][info ][safepoint      ] Entering safepoint region: ParallelGCFailedAllocation
[1218.126s][info ][gc,start       ] GC(66) Pause Young (Allocation Failure)
[1218.130s][debug][gc,phases      ] GC(66) Scavenge 3.441ms
[1218.130s][debug][gc,ref         ] GC(66) Skipped phase1 of Reference Processing due to unavailable references
[1218.130s][debug][gc,ref         ] GC(66) Skipped phase3 of Reference Processing due to unavailable references
[1218.130s][debug][gc,phases      ] GC(66) Reference Processing 0.032ms
[1218.130s][debug][gc,phases      ] GC(66) Weak Processing 0.141ms
[1218.130s][debug][gc,phases      ] GC(66) Scrub String Table 0.437ms
[1218.130s][debug][gc,age         ] GC(66) Desired survivor size 63438848 bytes, new threshold 15 (max threshold 15)
[1218.130s][info ][gc,heap        ] GC(66) PSYoungGen: 1971920K->6064K(2030592K)
[1218.130s][info ][gc,heap        ] GC(66) ParOldGen: 232759K->232855K(258048K)
[1218.130s][info ][gc,metaspace   ] GC(66) Metaspace: 72001K->72001K(1114112K)
[1218.130s][info ][gc             ] GC(66) Pause Young (Allocation Failure) 2153M->233M(2235M) 4.165ms
[1218.130s][info ][gc,cpu         ] GC(66) User=0.02s Sys=0.00s Real=0.01s
[1218.130s][info ][safepoint      ] Leaving safepoint region
[1218.130s][info ][safepoint      ] Total time for which application threads were stopped: 0.0043002 seconds, Stopping threads took: 0.0000117 seconds
[1221.130s][info ][safepoint      ] Application time: 3.0001788 seconds
[1221.130s][info ][safepoint      ] Entering safepoint region: Cleanup
[1221.131s][info ][safepoint      ] Leaving safepoint region
[1221.131s][info ][safepoint      ] Total time for which application threads were stopped: 0.0000798 seconds, Stopping threads took: 0.0000115 seconds
[1222.131s][info ][safepoint      ] Application time: 1.0000650 seconds
[1222.131s][info ][safepoint      ] Entering safepoint region: Cleanup
[1222.131s][info ][safepoint      ] Leaving safepoint region
[1222.131s][info ][safepoint      ] Total time for which application threads were stopped: 0.0000719 seconds, Stopping threads took: 0.0000125 seconds
[1232.131s][info ][safepoint      ] Application time: 10.0005972 seconds
[1232.131s][info ][safepoint      ] Entering safepoint region: Cleanup
[1232.131s][info ][safepoint      ] Leaving safepoint region
[1232.131s][info ][safepoint      ] Total time for which application threads were stopped: 0.0000777 seconds, Stopping threads took: 0.0000113 seconds
[1233.132s][info ][safepoint      ] Application time: 1.0000553 seconds
[1233.132s][info ][safepoint      ] Entering safepoint region: Cleanup
[1233.132s][info ][safepoint      ] Leaving safepoint region
[1233.132s][info ][safepoint      ] Total time for which application threads were stopped: 0.0000817 seconds, Stopping threads took: 0.0000111 seconds
[1233.326s][info ][safepoint      ] Application time: 0.1944962 seconds
[1233.326s][info ][safepoint      ] Entering safepoint region: Deoptimize
[1233.328s][info ][safepoint      ] Leaving safepoint region
[1233.328s][info ][safepoint      ] Total time for which application threads were stopped: 0.0020292 seconds, Stopping threads took: 0.0000104 seconds
[1234.328s][info ][safepoint      ] Application time: 1.0000330 seconds
[1234.328s][info ][safepoint      ] Entering safepoint region: Cleanup
[1234.328s][info ][safepoint      ] Leaving safepoint region
[1234.328s][info ][safepoint      ] Total time for which application threads were stopped: 0.0001187 seconds, Stopping threads took: 0.0000552 seconds
[1235.329s][info ][safepoint      ] Application time: 1.0000813 seconds
[1235.329s][info ][safepoint      ] Entering safepoint region: Cleanup
[1235.329s][info ][safepoint      ] Leaving safepoint region
[1235.329s][info ][safepoint      ] Total time for which application threads were stopped: 0.0001312 seconds, Stopping threads took: 0.0000404 seconds
[1237.329s][info ][safepoint      ] Application time: 2.0001310 seconds
[1237.329s][info ][safepoint      ] Entering safepoint region: Cleanup
[1237.329s][info ][safepoint      ] Leaving safepoint region
[1237.329s][info ][safepoint      ] Total time for which application threads were stopped: 0.0001155 seconds, Stopping threads took: 0.0000446 seconds
[1239.329s][info ][safepoint      ] Application time: 2.0001507 seconds
[1239.329s][info ][safepoint      ] Entering safepoint region: Cleanup
[1239.329s][info ][safepoint      ] Leaving safepoint region
[1239.329s][info ][safepoint      ] Total time for which application threads were stopped: 0.0001000 seconds, Stopping threads took: 0.0000338 seconds
[1248.330s][info ][safepoint      ] Application time: 9.0005373 seconds
[1248.330s][info ][safepoint      ] Entering safepoint region: Cleanup
[1248.330s][info ][safepoint      ] Leaving safepoint region
[1248.330s][info ][safepoint      ] Total time for which application threads were stopped: 0.0000648 seconds, Stopping threads took: 0.0000114 seconds
[1249.330s][info ][safepoint      ] Application time: 1.0000628 seconds
[1249.330s][info ][safepoint      ] Entering safepoint region: Cleanup
[1249.330s][info ][safepoint      ] Leaving safepoint region
[1249.330s][info ][safepoint      ] Total time for which application threads were stopped: 0.0000900 seconds, Stopping threads took: 0.0000110 seconds
[1250.330s][info ][safepoint      ] Application time: 1.0000742 seconds
[1250.330s][info ][safepoint      ] Entering safepoint region: Cleanup
[1250.330s][info ][safepoint      ] Leaving safepoint region
[1250.330s][info ][safepoint      ] Total time for which application threads were stopped: 0.0000706 seconds, Stopping threads took: 0.0000109 seconds
[1254.331s][info ][safepoint      ] Application time: 4.0002830 seconds
[1254.331s][info ][safepoint      ] Entering safepoint region: Cleanup
[1254.331s][info ][safepoint      ] Leaving safepoint region
[1254.331s][info ][safepoint      ] Total time for which application threads were stopped: 0.0000772 seconds, Stopping threads took: 0.0000122 seconds
[1256.331s][info ][safepoint      ] Application time: 2.0001441 seconds
[1256.331s][info ][safepoint      ] Entering safepoint region: Cleanup
[1256.331s][info ][safepoint      ] Leaving safepoint region
[1256.331s][info ][safepoint      ] Total time for which application threads were stopped: 0.0000855 seconds, Stopping threads took: 0.0000149 seconds
[1257.331s][info ][safepoint      ] Application time: 1.0000748 seconds
[1257.331s][info ][safepoint      ] Entering safepoint region: Cleanup
[1257.331s][info ][safepoint      ] Leaving safepoint region
[1257.331s][info ][safepoint      ] Total time for which application threads were stopped: 0.0000676 seconds, Stopping threads took: 0.0000123 seconds
[1260.331s][info ][safepoint      ] Application time: 3.0002018 seconds
[1260.331s][info ][safepoint      ] Entering safepoint region: Cleanup
[1260.331s][info ][safepoint      ] Leaving safepoint region
[1260.331s][info ][safepoint      ] Total time for which application threads were stopped: 0.0000794 seconds, Stopping threads took: 0.0000253 seconds
[1267.332s][info ][safepoint      ] Application time: 7.0004407 seconds
[1267.332s][info ][safepoint      ] Entering safepoint region: Cleanup
[1267.332s][info ][safepoint      ] Leaving safepoint region
[1267.332s][info ][safepoint      ] Total time for which application threads were stopped: 0.0000935 seconds, Stopping threads took: 0.0000231 seconds
[1272.328s][info ][safepoint      ] Application time: 4.9957210 seconds
[1272.328s][info ][safepoint      ] Entering safepoint region: ParallelGCFailedAllocation
[1272.328s][info ][gc,start       ] GC(67) Pause Young (Allocation Failure)
[1272.332s][debug][gc,phases      ] GC(67) Scavenge 3.950ms
[1272.332s][debug][gc,ref         ] GC(67) Skipped phase1 of Reference Processing due to unavailable references
[1272.332s][debug][gc,ref         ] GC(67) Skipped phase3 of Reference Processing due to unavailable references
[1272.332s][debug][gc,phases      ] GC(67) Reference Processing 0.035ms
[1272.332s][debug][gc,phases      ] GC(67) Weak Processing 0.130ms
[1272.333s][debug][gc,phases      ] GC(67) Scrub String Table 0.432ms
[1272.333s][debug][gc,age         ] GC(67) Desired survivor size 60817408 bytes, new threshold 15 (max threshold 15)
[1272.333s][info ][gc,heap        ] GC(67) PSYoungGen: 1972144K->8304K(2037760K)
[1272.333s][info ][gc,heap        ] GC(67) ParOldGen: 232855K->233039K(258048K)
[1272.333s][info ][gc,metaspace   ] GC(67) Metaspace: 72073K->72073K(1114112K)
[1272.333s][info ][gc             ] GC(67) Pause Young (Allocation Failure) 2153M->235M(2242M) 4.677ms
[1272.333s][info ][gc,cpu         ] GC(67) User=0.01s Sys=0.00s Real=0.01s
[1272.333s][info ][safepoint      ] Leaving safepoint region
[1272.333s][info ][safepoint      ] Total time for which application threads were stopped: 0.0048310 seconds, Stopping threads took: 0.0000119 seconds
[1275.333s][info ][safepoint      ] Application time: 3.0001545 seconds
[1275.333s][info ][safepoint      ] Entering safepoint region: Cleanup
[1275.333s][info ][safepoint      ] Leaving safepoint region
[1275.333s][info ][safepoint      ] Total time for which application threads were stopped: 0.0000776 seconds, Stopping threads took: 0.0000205 seconds
[1276.262s][info ][safepoint      ] Application time: 0.9291056 seconds
[1276.262s][info ][safepoint      ] Entering safepoint region: RevokeBias
[1276.262s][info ][safepoint      ] Leaving safepoint region
[1276.262s][info ][safepoint      ] Total time for which application threads were stopped: 0.0000766 seconds, Stopping threads took: 0.0000128 seconds
[1277.262s][info ][safepoint      ] Application time: 1.0000732 seconds
[1277.262s][info ][safepoint      ] Entering safepoint region: Cleanup
[1277.262s][info ][safepoint      ] Leaving safepoint region
[1277.262s][info ][safepoint      ] Total time for which application threads were stopped: 0.0001008 seconds, Stopping threads took: 0.0000202 seconds
[1283.263s][info ][safepoint      ] Application time: 6.0003730 seconds
[1283.263s][info ][safepoint      ] Entering safepoint region: Cleanup
[1283.263s][info ][safepoint      ] Leaving safepoint region
[1283.263s][info ][safepoint      ] Total time for which application threads were stopped: 0.0000691 seconds, Stopping threads took: 0.0000147 seconds
[1287.263s][info ][safepoint      ] Application time: 4.0002507 seconds
[1287.263s][info ][safepoint      ] Entering safepoint region: Cleanup
[1287.263s][info ][safepoint      ] Leaving safepoint region
[1287.263s][info ][safepoint      ] Total time for which application threads were stopped: 0.0000928 seconds, Stopping threads took: 0.0000154 seconds
[1288.263s][info ][safepoint      ] Application time: 1.0000758 seconds
[1288.263s][info ][safepoint      ] Entering safepoint region: Cleanup
[1288.263s][info ][safepoint      ] Leaving safepoint region
[1288.263s][info ][safepoint      ] Total time for which application threads were stopped: 0.0000900 seconds, Stopping threads took: 0.0000148 seconds
[1301.264s][info ][safepoint      ] Application time: 13.0008419 seconds
[1301.264s][info ][safepoint      ] Entering safepoint region: Cleanup
[1301.264s][info ][safepoint      ] Leaving safepoint region
[1301.264s][info ][safepoint      ] Total time for which application threads were stopped: 0.0001022 seconds, Stopping threads took: 0.0000445 seconds
[1309.317s][info ][safepoint      ] Application time: 8.0528174 seconds
[1309.317s][info ][safepoint      ] Entering safepoint region: RevokeBias
[1309.317s][info ][safepoint      ] Leaving safepoint region
[1309.317s][info ][safepoint      ] Total time for which application threads were stopped: 0.0000809 seconds, Stopping threads took: 0.0000123 seconds
[1311.038s][info ][safepoint      ] Application time: 1.7204386 seconds
[1311.038s][info ][safepoint      ] Entering safepoint region: RevokeBias
[1311.038s][info ][safepoint      ] Leaving safepoint region
[1311.038s][info ][safepoint      ] Total time for which application threads were stopped: 0.0000714 seconds, Stopping threads took: 0.0000098 seconds
[1326.039s][info ][safepoint      ] Application time: 15.0009228 seconds
[1326.039s][info ][safepoint      ] Entering safepoint region: Cleanup
[1326.039s][info ][safepoint      ] Leaving safepoint region
[1326.039s][info ][safepoint      ] Total time for which application threads were stopped: 0.0000821 seconds, Stopping threads took: 0.0000342 seconds
[1329.778s][info ][safepoint      ] Application time: 3.7391625 seconds
[1329.778s][info ][safepoint      ] Entering safepoint region: ParallelGCFailedAllocation
[1329.778s][info ][gc,start       ] GC(68) Pause Young (Allocation Failure)
[1329.782s][debug][gc,phases      ] GC(68) Scavenge 3.920ms
[1329.782s][debug][gc,ref         ] GC(68) Skipped phase1 of Reference Processing due to unavailable references
[1329.782s][debug][gc,ref         ] GC(68) Skipped phase3 of Reference Processing due to unavailable references
[1329.782s][debug][gc,ref         ] GC(68) Skipped phase4 of Reference Processing due to unavailable references
[1329.782s][debug][gc,phases      ] GC(68) Reference Processing 0.033ms
[1329.782s][debug][gc,phases      ] GC(68) Weak Processing 0.136ms
[1329.783s][debug][gc,phases      ] GC(68) Scrub String Table 0.434ms
[1329.783s][debug][gc,age         ] GC(68) Desired survivor size 57671680 bytes, new threshold 15 (max threshold 15)
[1329.783s][info ][gc,heap        ] GC(68) PSYoungGen: 1984112K->8368K(2035200K)
[1329.783s][info ][gc,heap        ] GC(68) ParOldGen: 233039K->233167K(258048K)
[1329.783s][info ][gc,metaspace   ] GC(68) Metaspace: 72079K->72079K(1114112K)
[1329.783s][info ][gc             ] GC(68) Pause Young (Allocation Failure) 2165M->235M(2239M) 4.645ms
[1329.783s][info ][gc,cpu         ] GC(68) User=0.01s Sys=0.01s Real=0.00s
[1329.783s][info ][safepoint      ] Leaving safepoint region
[1329.783s][info ][safepoint      ] Total time for which application threads were stopped: 0.0047892 seconds, Stopping threads took: 0.0000108 seconds
[1337.784s][info ][safepoint      ] Application time: 8.0005518 seconds
[1337.784s][info ][safepoint      ] Entering safepoint region: Cleanup
[1337.784s][info ][safepoint      ] Leaving safepoint region
[1337.784s][info ][safepoint      ] Total time for which application threads were stopped: 0.0000646 seconds, Stopping threads took: 0.0000120 seconds
[1349.785s][info ][safepoint      ] Application time: 12.0008373 seconds
[1349.785s][info ][safepoint      ] Entering safepoint region: Cleanup
[1349.785s][info ][safepoint      ] Leaving safepoint region
[1349.785s][info ][safepoint      ] Total time for which application threads were stopped: 0.0000642 seconds, Stopping threads took: 0.0000114 seconds
[1350.785s][info ][safepoint      ] Application time: 1.0000249 seconds
[1350.785s][info ][safepoint      ] Entering safepoint region: Cleanup
[1350.785s][info ][safepoint      ] Leaving safepoint region
[1350.785s][info ][safepoint      ] Total time for which application threads were stopped: 0.0000576 seconds, Stopping threads took: 0.0000111 seconds
[1355.785s][info ][safepoint      ] Application time: 5.0003334 seconds
[1355.785s][info ][safepoint      ] Entering safepoint region: Cleanup
[1355.785s][info ][safepoint      ] Leaving safepoint region
[1355.785s][info ][safepoint      ] Total time for which application threads were stopped: 0.0000607 seconds, Stopping threads took: 0.0000107 seconds
[1356.785s][info ][safepoint      ] Application time: 1.0000499 seconds
[1356.785s][info ][safepoint      ] Entering safepoint region: Cleanup
[1356.785s][info ][safepoint      ] Leaving safepoint region
[1356.785s][info ][safepoint      ] Total time for which application threads were stopped: 0.0000834 seconds, Stopping threads took: 0.0000341 seconds
[1357.785s][info ][safepoint      ] Application time: 1.0000644 seconds
[1357.785s][info ][safepoint      ] Entering safepoint region: Cleanup
[1357.786s][info ][safepoint      ] Leaving safepoint region
[1357.786s][info ][safepoint      ] Total time for which application threads were stopped: 0.0000791 seconds, Stopping threads took: 0.0000105 seconds
[1358.786s][info ][safepoint      ] Application time: 1.0000683 seconds
[1358.786s][info ][safepoint      ] Entering safepoint region: Cleanup
[1358.786s][info ][safepoint      ] Leaving safepoint region
[1358.786s][info ][safepoint      ] Total time for which application threads were stopped: 0.0000761 seconds, Stopping threads took: 0.0000110 seconds
[1360.786s][info ][safepoint      ] Application time: 2.0001332 seconds
[1360.786s][info ][safepoint      ] Entering safepoint region: Cleanup
[1360.786s][info ][safepoint      ] Leaving safepoint region
[1360.786s][info ][safepoint      ] Total time for which application threads were stopped: 0.0000626 seconds, Stopping threads took: 0.0000115 seconds
[1361.786s][info ][safepoint      ] Application time: 1.0000714 seconds
[1361.786s][info ][safepoint      ] Entering safepoint region: Cleanup
[1361.786s][info ][safepoint      ] Leaving safepoint region
[1361.786s][info ][safepoint      ] Total time for which application threads were stopped: 0.0000587 seconds, Stopping threads took: 0.0000106 seconds
[1362.786s][info ][safepoint      ] Application time: 1.0000713 seconds
[1362.786s][info ][safepoint      ] Entering safepoint region: Cleanup
[1362.786s][info ][safepoint      ] Leaving safepoint region
[1362.786s][info ][safepoint      ] Total time for which application threads were stopped: 0.0000667 seconds, Stopping threads took: 0.0000105 seconds
[1363.786s][info ][safepoint      ] Application time: 1.0000651 seconds
[1363.786s][info ][safepoint      ] Entering safepoint region: Cleanup
[1363.786s][info ][safepoint      ] Leaving safepoint region
[1363.786s][info ][safepoint      ] Total time for which application threads were stopped: 0.0000683 seconds, Stopping threads took: 0.0000109 seconds
[1370.787s][info ][safepoint      ] Application time: 7.0003773 seconds
[1370.787s][info ][safepoint      ] Entering safepoint region: Cleanup
[1370.787s][info ][safepoint      ] Leaving safepoint region
[1370.787s][info ][safepoint      ] Total time for which application threads were stopped: 0.0000601 seconds, Stopping threads took: 0.0000108 seconds
[1373.787s][info ][safepoint      ] Application time: 3.0002069 seconds
[1373.787s][info ][safepoint      ] Entering safepoint region: Cleanup
[1373.787s][info ][safepoint      ] Leaving safepoint region
[1373.787s][info ][safepoint      ] Total time for which application threads were stopped: 0.0000765 seconds, Stopping threads took: 0.0000114 seconds
[1374.787s][info ][safepoint      ] Application time: 1.0000717 seconds
[1374.787s][info ][safepoint      ] Entering safepoint region: Cleanup
[1374.787s][info ][safepoint      ] Leaving safepoint region
[1374.787s][info ][safepoint      ] Total time for which application threads were stopped: 0.0000752 seconds, Stopping threads took: 0.0000110 seconds
[1385.226s][info ][safepoint      ] Application time: 10.4382550 seconds
[1385.226s][info ][safepoint      ] Entering safepoint region: ParallelGCFailedAllocation
[1385.226s][info ][gc,start       ] GC(69) Pause Young (Allocation Failure)
[1385.230s][debug][gc,phases      ] GC(69) Scavenge 3.819ms
[1385.230s][debug][gc,ref         ] GC(69) Skipped phase1 of Reference Processing due to unavailable references
[1385.230s][debug][gc,ref         ] GC(69) Skipped phase3 of Reference Processing due to unavailable references
[1385.230s][debug][gc,phases      ] GC(69) Reference Processing 0.035ms
[1385.230s][debug][gc,phases      ] GC(69) Weak Processing 0.120ms
[1385.230s][debug][gc,phases      ] GC(69) Scrub String Table 0.447ms
[1385.230s][debug][gc,age         ] GC(69) Desired survivor size 55050240 bytes, new threshold 15 (max threshold 15)
[1385.230s][info ][gc,heap        ] GC(69) PSYoungGen: 1984176K->8256K(2043392K)
[1385.230s][info ][gc,heap        ] GC(69) ParOldGen: 233167K->233275K(258048K)
[1385.230s][info ][gc,metaspace   ] GC(69) Metaspace: 72095K->72095K(1114112K)
[1385.230s][info ][gc             ] GC(69) Pause Young (Allocation Failure) 2165M->235M(2247M) 4.550ms
[1385.230s][info ][gc,cpu         ] GC(69) User=0.01s Sys=0.00s Real=0.01s
[1385.230s][info ][safepoint      ] Leaving safepoint region
[1385.230s][info ][safepoint      ] Total time for which application threads were stopped: 0.0046936 seconds, Stopping threads took: 0.0000128 seconds
[1424.233s][info ][safepoint      ] Application time: 39.0025768 seconds
[1424.233s][info ][safepoint      ] Entering safepoint region: Cleanup
[1424.233s][info ][safepoint      ] Leaving safepoint region
[1424.233s][info ][safepoint      ] Total time for which application threads were stopped: 0.0000818 seconds, Stopping threads took: 0.0000102 seconds
[1427.233s][info ][safepoint      ] Application time: 3.0001956 seconds
[1427.233s][info ][safepoint      ] Entering safepoint region: Cleanup
[1427.234s][info ][safepoint      ] Leaving safepoint region
[1427.234s][info ][safepoint      ] Total time for which application threads were stopped: 0.0000752 seconds, Stopping threads took: 0.0000144 seconds
[1428.234s][info ][safepoint      ] Application time: 1.0000682 seconds
[1428.234s][info ][safepoint      ] Entering safepoint region: Cleanup
[1428.234s][info ][safepoint      ] Leaving safepoint region
[1428.234s][info ][safepoint      ] Total time for which application threads were stopped: 0.0000832 seconds, Stopping threads took: 0.0000122 seconds
[1429.234s][info ][safepoint      ] Application time: 1.0000770 seconds
[1429.234s][info ][safepoint      ] Entering safepoint region: Cleanup
[1429.234s][info ][safepoint      ] Leaving safepoint region
[1429.234s][info ][safepoint      ] Total time for which application threads were stopped: 0.0000645 seconds, Stopping threads took: 0.0000128 seconds
[1430.234s][info ][safepoint      ] Application time: 1.0000727 seconds
[1430.234s][info ][safepoint      ] Entering safepoint region: Cleanup
[1430.234s][info ][safepoint      ] Leaving safepoint region
[1430.234s][info ][safepoint      ] Total time for which application threads were stopped: 0.0000810 seconds, Stopping threads took: 0.0000134 seconds
[1431.234s][info ][safepoint      ] Application time: 1.0000697 seconds
[1431.234s][info ][safepoint      ] Entering safepoint region: Cleanup
[1431.234s][info ][safepoint      ] Leaving safepoint region
[1431.234s][info ][safepoint      ] Total time for which application threads were stopped: 0.0000722 seconds, Stopping threads took: 0.0000118 seconds
[1432.234s][info ][safepoint      ] Application time: 1.0000711 seconds
[1432.234s][info ][safepoint      ] Entering safepoint region: Cleanup
[1432.234s][info ][safepoint      ] Leaving safepoint region
[1432.234s][info ][safepoint      ] Total time for which application threads were stopped: 0.0000792 seconds, Stopping threads took: 0.0000161 seconds
[1435.235s][info ][safepoint      ] Application time: 3.0002118 seconds
[1435.235s][info ][safepoint      ] Entering safepoint region: Cleanup
[1435.235s][info ][safepoint      ] Leaving safepoint region
[1435.235s][info ][safepoint      ] Total time for which application threads were stopped: 0.0001003 seconds, Stopping threads took: 0.0000116 seconds
[1436.235s][info ][safepoint      ] Application time: 1.0000629 seconds
[1436.235s][info ][safepoint      ] Entering safepoint region: Cleanup
[1436.235s][info ][safepoint      ] Leaving safepoint region
[1436.235s][info ][safepoint      ] Total time for which application threads were stopped: 0.0000652 seconds, Stopping threads took: 0.0000113 seconds
[1439.235s][info ][safepoint      ] Application time: 3.0001972 seconds
[1439.235s][info ][safepoint      ] Entering safepoint region: Cleanup
[1439.235s][info ][safepoint      ] Leaving safepoint region
[1439.235s][info ][safepoint      ] Total time for which application threads were stopped: 0.0000647 seconds, Stopping threads took: 0.0000116 seconds
[1441.235s][info ][safepoint      ] Application time: 2.0001336 seconds
[1441.235s][info ][safepoint      ] Entering safepoint region: Cleanup
[1441.236s][info ][safepoint      ] Leaving safepoint region
[1441.236s][info ][safepoint      ] Total time for which application threads were stopped: 0.0000690 seconds, Stopping threads took: 0.0000134 seconds
[1441.377s][info ][safepoint      ] Application time: 0.1417612 seconds
[1441.377s][info ][safepoint      ] Entering safepoint region: ParallelGCFailedAllocation
[1441.377s][info ][gc,start       ] GC(70) Pause Young (Allocation Failure)
[1441.382s][debug][gc,phases      ] GC(70) Scavenge 4.055ms
[1441.382s][debug][gc,ref         ] GC(70) Skipped phase1 of Reference Processing due to unavailable references
[1441.382s][debug][gc,ref         ] GC(70) Skipped phase3 of Reference Processing due to unavailable references
[1441.382s][debug][gc,phases      ] GC(70) Reference Processing 0.032ms
[1441.382s][debug][gc,phases      ] GC(70) Weak Processing 0.121ms
[1441.382s][debug][gc,phases      ] GC(70) Scrub String Table 0.454ms
[1441.382s][debug][gc,age         ] GC(70) Desired survivor size 52428800 bytes, new threshold 15 (max threshold 15)
[1441.382s][info ][gc,heap        ] GC(70) PSYoungGen: 1995328K->8352K(2040832K)
[1441.382s][info ][gc,heap        ] GC(70) ParOldGen: 233275K->233363K(258048K)
[1441.382s][info ][gc,metaspace   ] GC(70) Metaspace: 72160K->72160K(1114112K)
[1441.382s][info ][gc             ] GC(70) Pause Young (Allocation Failure) 2176M->236M(2245M) 4.787ms
[1441.382s][info ][gc,cpu         ] GC(70) User=0.01s Sys=0.00s Real=0.00s
[1441.382s][info ][safepoint      ] Leaving safepoint region
[1441.382s][info ][safepoint      ] Total time for which application threads were stopped: 0.0049535 seconds, Stopping threads took: 0.0000117 seconds
[1442.382s][info ][safepoint      ] Application time: 1.0000767 seconds
[1442.382s][info ][safepoint      ] Entering safepoint region: Cleanup
[1442.382s][info ][safepoint      ] Leaving safepoint region
[1442.383s][info ][safepoint      ] Total time for which application threads were stopped: 0.0000882 seconds, Stopping threads took: 0.0000110 seconds
[1443.383s][info ][safepoint      ] Application time: 1.0000648 seconds
[1443.383s][info ][safepoint      ] Entering safepoint region: Cleanup
[1443.383s][info ][safepoint      ] Leaving safepoint region
[1443.383s][info ][safepoint      ] Total time for which application threads were stopped: 0.0000666 seconds, Stopping threads took: 0.0000117 seconds
[1447.383s][info ][safepoint      ] Application time: 4.0002420 seconds
[1447.383s][info ][safepoint      ] Entering safepoint region: Cleanup
[1447.383s][info ][safepoint      ] Leaving safepoint region
[1447.383s][info ][safepoint      ] Total time for which application threads were stopped: 0.0000660 seconds, Stopping threads took: 0.0000112 seconds
[1451.383s][info ][safepoint      ] Application time: 4.0002766 seconds
[1451.383s][info ][safepoint      ] Entering safepoint region: Cleanup
[1451.383s][info ][safepoint      ] Leaving safepoint region
[1451.383s][info ][safepoint      ] Total time for which application threads were stopped: 0.0000946 seconds, Stopping threads took: 0.0000272 seconds
[1459.384s][info ][safepoint      ] Application time: 8.0004855 seconds
[1459.384s][info ][safepoint      ] Entering safepoint region: Cleanup
[1459.384s][info ][safepoint      ] Leaving safepoint region
[1459.384s][info ][safepoint      ] Total time for which application threads were stopped: 0.0000666 seconds, Stopping threads took: 0.0000123 seconds
[1461.384s][info ][safepoint      ] Application time: 2.0001400 seconds
[1461.384s][info ][safepoint      ] Entering safepoint region: Cleanup
[1461.384s][info ][safepoint      ] Leaving safepoint region
[1461.384s][info ][safepoint      ] Total time for which application threads were stopped: 0.0000661 seconds, Stopping threads took: 0.0000122 seconds
[1476.385s][info ][safepoint      ] Application time: 15.0009334 seconds
[1476.385s][info ][safepoint      ] Entering safepoint region: Cleanup
[1476.385s][info ][safepoint      ] Leaving safepoint region
[1476.385s][info ][safepoint      ] Total time for which application threads were stopped: 0.0000771 seconds, Stopping threads took: 0.0000208 seconds
[1483.386s][info ][safepoint      ] Application time: 7.0004799 seconds
[1483.386s][info ][safepoint      ] Entering safepoint region: Cleanup
[1483.386s][info ][safepoint      ] Leaving safepoint region
[1483.386s][info ][safepoint      ] Total time for which application threads were stopped: 0.0000769 seconds, Stopping threads took: 0.0000186 seconds
[1486.386s][info ][safepoint      ] Application time: 3.0002207 seconds
[1486.386s][info ][safepoint      ] Entering safepoint region: Cleanup
[1486.386s][info ][safepoint      ] Leaving safepoint region
[1486.386s][info ][safepoint      ] Total time for which application threads were stopped: 0.0000629 seconds, Stopping threads took: 0.0000112 seconds
[1498.128s][info ][safepoint      ] Application time: 11.7419463 seconds
[1498.128s][info ][safepoint      ] Entering safepoint region: ParallelGCFailedAllocation
[1498.128s][info ][gc,start       ] GC(71) Pause Young (Allocation Failure)
[1498.132s][debug][gc,phases      ] GC(71) Scavenge 3.728ms
[1498.132s][debug][gc,ref         ] GC(71) Skipped phase1 of Reference Processing due to unavailable references
[1498.132s][debug][gc,ref         ] GC(71) Skipped phase3 of Reference Processing due to unavailable references
[1498.132s][debug][gc,phases      ] GC(71) Reference Processing 0.030ms
[1498.132s][debug][gc,phases      ] GC(71) Weak Processing 0.138ms
[1498.133s][debug][gc,phases      ] GC(71) Scrub String Table 0.435ms
[1498.133s][debug][gc,age         ] GC(71) Desired survivor size 49283072 bytes, new threshold 15 (max threshold 15)
[1498.133s][info ][gc,heap        ] GC(71) PSYoungGen: 1995424K->8352K(2049024K)
[1498.133s][info ][gc,heap        ] GC(71) ParOldGen: 233363K->233435K(258048K)
[1498.133s][info ][gc,metaspace   ] GC(71) Metaspace: 72179K->72179K(1116160K)
[1498.133s][info ][gc             ] GC(71) Pause Young (Allocation Failure) 2176M->236M(2253M) 4.450ms
[1498.133s][info ][gc,cpu         ] GC(71) User=0.02s Sys=0.00s Real=0.01s
[1498.133s][info ][safepoint      ] Leaving safepoint region
[1498.133s][info ][safepoint      ] Total time for which application threads were stopped: 0.0045866 seconds, Stopping threads took: 0.0000117 seconds
[1502.133s][info ][safepoint      ] Application time: 4.0003836 seconds
[1502.133s][info ][safepoint      ] Entering safepoint region: Cleanup
[1502.133s][info ][safepoint      ] Leaving safepoint region
[1502.133s][info ][safepoint      ] Total time for which application threads were stopped: 0.0002274 seconds, Stopping threads took: 0.0000118 seconds
[1505.134s][info ][safepoint      ] Application time: 3.0002083 seconds
[1505.134s][info ][safepoint      ] Entering safepoint region: Cleanup
[1505.134s][info ][safepoint      ] Leaving safepoint region
[1505.134s][info ][safepoint      ] Total time for which application threads were stopped: 0.0000672 seconds, Stopping threads took: 0.0000108 seconds
[1511.134s][info ][safepoint      ] Application time: 6.0003985 seconds
[1511.134s][info ][safepoint      ] Entering safepoint region: Cleanup
[1511.134s][info ][safepoint      ] Leaving safepoint region
[1511.134s][info ][safepoint      ] Total time for which application threads were stopped: 0.0000904 seconds, Stopping threads took: 0.0000420 seconds
[1512.134s][info ][safepoint      ] Application time: 1.0000725 seconds
[1512.134s][info ][safepoint      ] Entering safepoint region: Cleanup
[1512.135s][info ][safepoint      ] Leaving safepoint region
[1512.135s][info ][safepoint      ] Total time for which application threads were stopped: 0.0000921 seconds, Stopping threads took: 0.0000118 seconds
[1517.135s][info ][safepoint      ] Application time: 5.0002976 seconds
[1517.135s][info ][safepoint      ] Entering safepoint region: Cleanup
[1517.135s][info ][safepoint      ] Leaving safepoint region
[1517.135s][info ][safepoint      ] Total time for which application threads were stopped: 0.0000921 seconds, Stopping threads took: 0.0000113 seconds
[1519.135s][info ][safepoint      ] Application time: 2.0001368 seconds
[1519.135s][info ][safepoint      ] Entering safepoint region: Cleanup
[1519.135s][info ][safepoint      ] Leaving safepoint region
[1519.135s][info ][safepoint      ] Total time for which application threads were stopped: 0.0000727 seconds, Stopping threads took: 0.0000117 seconds
[1520.135s][info ][safepoint      ] Application time: 1.0000633 seconds
[1520.135s][info ][safepoint      ] Entering safepoint region: Cleanup
[1520.135s][info ][safepoint      ] Leaving safepoint region
[1520.135s][info ][safepoint      ] Total time for which application threads were stopped: 0.0000730 seconds, Stopping threads took: 0.0000117 seconds
[1521.135s][info ][safepoint      ] Application time: 1.0000685 seconds
[1521.136s][info ][safepoint      ] Entering safepoint region: Cleanup
[1521.136s][info ][safepoint      ] Leaving safepoint region
[1521.136s][info ][safepoint      ] Total time for which application threads were stopped: 0.0000682 seconds, Stopping threads took: 0.0000117 seconds
[1523.136s][info ][safepoint      ] Application time: 2.0001185 seconds
[1523.136s][info ][safepoint      ] Entering safepoint region: Cleanup
[1523.136s][info ][safepoint      ] Leaving safepoint region
[1523.136s][info ][safepoint      ] Total time for which application threads were stopped: 0.0000629 seconds, Stopping threads took: 0.0000102 seconds
[1532.136s][info ][safepoint      ] Application time: 9.0005746 seconds
[1532.136s][info ][safepoint      ] Entering safepoint region: Cleanup
[1532.136s][info ][safepoint      ] Leaving safepoint region
[1532.136s][info ][safepoint      ] Total time for which application threads were stopped: 0.0000631 seconds, Stopping threads took: 0.0000138 seconds
[1533.137s][info ][safepoint      ] Application time: 1.0000684 seconds
[1533.137s][info ][safepoint      ] Entering safepoint region: Cleanup
[1533.137s][info ][safepoint      ] Leaving safepoint region
[1533.137s][info ][safepoint      ] Total time for which application threads were stopped: 0.0000646 seconds, Stopping threads took: 0.0000114 seconds
[1535.137s][info ][safepoint      ] Application time: 2.0001322 seconds
[1535.137s][info ][safepoint      ] Entering safepoint region: Cleanup
[1535.137s][info ][safepoint      ] Leaving safepoint region
[1535.137s][info ][safepoint      ] Total time for which application threads were stopped: 0.0000746 seconds, Stopping threads took: 0.0000119 seconds
[1542.137s][info ][safepoint      ] Application time: 7.0004463 seconds
[1542.137s][info ][safepoint      ] Entering safepoint region: Cleanup
[1542.137s][info ][safepoint      ] Leaving safepoint region
[1542.137s][info ][safepoint      ] Total time for which application threads were stopped: 0.0000956 seconds, Stopping threads took: 0.0000431 seconds
[1544.298s][info ][safepoint      ] Application time: 2.1604077 seconds
[1544.298s][info ][safepoint      ] Entering safepoint region: ParallelGCFailedAllocation
[1544.298s][info ][gc,start       ] GC(72) Pause Young (Allocation Failure)
[1544.304s][debug][gc,phases      ] GC(72) Scavenge 6.011ms
[1544.304s][debug][gc,ref         ] GC(72) Skipped phase1 of Reference Processing due to unavailable references
[1544.304s][debug][gc,ref         ] GC(72) Skipped phase3 of Reference Processing due to unavailable references
[1544.304s][debug][gc,phases      ] GC(72) Reference Processing 0.034ms
[1544.304s][debug][gc,phases      ] GC(72) Weak Processing 0.127ms
[1544.305s][debug][gc,phases      ] GC(72) Scrub String Table 0.494ms
[1544.305s][debug][gc,age         ] GC(72) Desired survivor size 46137344 bytes, new threshold 15 (max threshold 15)
[1544.305s][info ][gc,heap        ] GC(72) PSYoungGen: 2006176K->11920K(2045952K)
[1544.305s][info ][gc,heap        ] GC(72) ParOldGen: 233435K->233499K(258048K)
[1544.305s][info ][gc,metaspace   ] GC(72) Metaspace: 72207K->72207K(1116160K)
[1544.305s][info ][gc             ] GC(72) Pause Young (Allocation Failure) 2187M->239M(2250M) 6.812ms
[1544.305s][info ][gc,cpu         ] GC(72) User=0.02s Sys=0.00s Real=0.00s
[1544.305s][info ][safepoint      ] Leaving safepoint region
[1544.305s][info ][safepoint      ] Total time for which application threads were stopped: 0.0070193 seconds, Stopping threads took: 0.0000708 seconds
[1546.305s][info ][safepoint      ] Application time: 2.0001573 seconds
[1546.305s][info ][safepoint      ] Entering safepoint region: Cleanup
[1546.305s][info ][safepoint      ] Leaving safepoint region
[1546.305s][info ][safepoint      ] Total time for which application threads were stopped: 0.0001096 seconds, Stopping threads took: 0.0000148 seconds
[1547.305s][info ][safepoint      ] Application time: 1.0000905 seconds
[1547.305s][info ][safepoint      ] Entering safepoint region: Cleanup
[1547.305s][info ][safepoint      ] Leaving safepoint region
[1547.305s][info ][safepoint      ] Total time for which application threads were stopped: 0.0000650 seconds, Stopping threads took: 0.0000115 seconds
[1548.306s][info ][safepoint      ] Application time: 1.0000787 seconds
[1548.306s][info ][safepoint      ] Entering safepoint region: Cleanup
[1548.306s][info ][safepoint      ] Leaving safepoint region
[1548.306s][info ][safepoint      ] Total time for which application threads were stopped: 0.0000875 seconds, Stopping threads took: 0.0000135 seconds
[1549.306s][info ][safepoint      ] Application time: 1.0000770 seconds
[1549.306s][info ][safepoint      ] Entering safepoint region: Cleanup
[1549.306s][info ][safepoint      ] Leaving safepoint region
[1549.306s][info ][safepoint      ] Total time for which application threads were stopped: 0.0000974 seconds, Stopping threads took: 0.0000377 seconds
[1550.306s][info ][safepoint      ] Application time: 1.0000677 seconds
[1550.306s][info ][safepoint      ] Entering safepoint region: Cleanup
[1550.306s][info ][safepoint      ] Leaving safepoint region
[1550.306s][info ][safepoint      ] Total time for which application threads were stopped: 0.0001054 seconds, Stopping threads took: 0.0000414 seconds
[1551.306s][info ][safepoint      ] Application time: 1.0000807 seconds
[1551.306s][info ][safepoint      ] Entering safepoint region: Cleanup
[1551.306s][info ][safepoint      ] Leaving safepoint region
[1551.306s][info ][safepoint      ] Total time for which application threads were stopped: 0.0000761 seconds, Stopping threads took: 0.0000141 seconds
[1558.307s][info ][safepoint      ] Application time: 7.0003718 seconds
[1558.307s][info ][safepoint      ] Entering safepoint region: Cleanup
[1558.307s][info ][safepoint      ] Leaving safepoint region
[1558.307s][info ][safepoint      ] Total time for which application threads were stopped: 0.0000751 seconds, Stopping threads took: 0.0000136 seconds
[1566.307s][info ][safepoint      ] Application time: 8.0004986 seconds
[1566.307s][info ][safepoint      ] Entering safepoint region: Cleanup
[1566.307s][info ][safepoint      ] Leaving safepoint region
[1566.307s][info ][safepoint      ] Total time for which application threads were stopped: 0.0000816 seconds, Stopping threads took: 0.0000141 seconds
[1568.308s][info ][safepoint      ] Application time: 2.0001405 seconds
[1568.308s][info ][safepoint      ] Entering safepoint region: Cleanup
[1568.308s][info ][safepoint      ] Leaving safepoint region
[1568.308s][info ][safepoint      ] Total time for which application threads were stopped: 0.0000694 seconds, Stopping threads took: 0.0000139 seconds
[1571.647s][info ][safepoint      ] Application time: 3.3395487 seconds
[1571.647s][info ][safepoint      ] Entering safepoint region: RevokeBias
[1571.647s][info ][safepoint      ] Leaving safepoint region
[1571.647s][info ][safepoint      ] Total time for which application threads were stopped: 0.0000938 seconds, Stopping threads took: 0.0000317 seconds
[1578.648s][info ][safepoint      ] Application time: 7.0004409 seconds
[1578.648s][info ][safepoint      ] Entering safepoint region: Cleanup
[1578.648s][info ][safepoint      ] Leaving safepoint region
[1578.648s][info ][safepoint      ] Total time for which application threads were stopped: 0.0000957 seconds, Stopping threads took: 0.0000223 seconds
[1582.648s][info ][safepoint      ] Application time: 4.0002904 seconds
[1582.648s][info ][safepoint      ] Entering safepoint region: Cleanup
[1582.648s][info ][safepoint      ] Leaving safepoint region
[1582.648s][info ][safepoint      ] Total time for which application threads were stopped: 0.0000656 seconds, Stopping threads took: 0.0000119 seconds
[1583.648s][info ][safepoint      ] Application time: 1.0000655 seconds
[1583.649s][info ][safepoint      ] Entering safepoint region: Cleanup
[1583.649s][info ][safepoint      ] Leaving safepoint region
[1583.649s][info ][safepoint      ] Total time for which application threads were stopped: 0.0000774 seconds, Stopping threads took: 0.0000119 seconds
[1584.649s][info ][safepoint      ] Application time: 1.0000745 seconds
[1584.649s][info ][safepoint      ] Entering safepoint region: Cleanup
[1584.649s][info ][safepoint      ] Leaving safepoint region
[1584.649s][info ][safepoint      ] Total time for which application threads were stopped: 0.0000870 seconds, Stopping threads took: 0.0000163 seconds
[1586.649s][info ][safepoint      ] Application time: 2.0001384 seconds
[1586.649s][info ][safepoint      ] Entering safepoint region: Cleanup
[1586.649s][info ][safepoint      ] Leaving safepoint region
[1586.649s][info ][safepoint      ] Total time for which application threads were stopped: 0.0000798 seconds, Stopping threads took: 0.0000134 seconds
[1590.649s][info ][safepoint      ] Application time: 4.0002811 seconds
[1590.649s][info ][safepoint      ] Entering safepoint region: Cleanup
[1590.649s][info ][safepoint      ] Leaving safepoint region
[1590.649s][info ][safepoint      ] Total time for which application threads were stopped: 0.0000899 seconds, Stopping threads took: 0.0000184 seconds
[1599.376s][info ][safepoint      ] Application time: 8.7270077 seconds
[1599.377s][info ][safepoint      ] Entering safepoint region: ParallelGCFailedAllocation
[1599.377s][info ][gc,start       ] GC(73) Pause Young (Allocation Failure)
[1599.384s][debug][gc,phases      ] GC(73) Scavenge 7.103ms
[1599.384s][debug][gc,ref         ] GC(73) Skipped phase1 of Reference Processing due to unavailable references
[1599.384s][debug][gc,ref         ] GC(73) Skipped phase3 of Reference Processing due to unavailable references
[1599.384s][debug][gc,phases      ] GC(73) Reference Processing 0.033ms
[1599.384s][debug][gc,phases      ] GC(73) Weak Processing 0.140ms
[1599.384s][debug][gc,phases      ] GC(73) Scrub String Table 0.435ms
[1599.384s][debug][gc,age         ] GC(73) Desired survivor size 44564480 bytes, new threshold 15 (max threshold 15)
[1599.384s][info ][gc,heap        ] GC(73) PSYoungGen: 2009744K->17952K(2053632K)
[1599.384s][info ][gc,heap        ] GC(73) ParOldGen: 233499K->233559K(258048K)
[1599.384s][info ][gc,metaspace   ] GC(73) Metaspace: 72231K->72231K(1116160K)
[1599.384s][info ][gc             ] GC(73) Pause Young (Allocation Failure) 2190M->245M(2257M) 7.850ms
[1599.384s][info ][gc,cpu         ] GC(73) User=0.03s Sys=0.00s Real=0.01s
[1599.385s][info ][safepoint      ] Leaving safepoint region
[1599.385s][info ][safepoint      ] Total time for which application threads were stopped: 0.0079995 seconds, Stopping threads took: 0.0000113 seconds
[1606.385s][info ][safepoint      ] Application time: 7.0004225 seconds
[1606.385s][info ][safepoint      ] Entering safepoint region: Cleanup
[1606.385s][info ][safepoint      ] Leaving safepoint region
[1606.385s][info ][safepoint      ] Total time for which application threads were stopped: 0.0000544 seconds, Stopping threads took: 0.0000107 seconds
[1616.386s][info ][safepoint      ] Application time: 10.0006584 seconds
[1616.386s][info ][safepoint      ] Entering safepoint region: Cleanup
[1616.386s][info ][safepoint      ] Leaving safepoint region
[1616.386s][info ][safepoint      ] Total time for which application threads were stopped: 0.0000751 seconds, Stopping threads took: 0.0000108 seconds
[1617.386s][info ][safepoint      ] Application time: 1.0000651 seconds
[1617.386s][info ][safepoint      ] Entering safepoint region: Cleanup
[1617.386s][info ][safepoint      ] Leaving safepoint region
[1617.386s][info ][safepoint      ] Total time for which application threads were stopped: 0.0001103 seconds, Stopping threads took: 0.0000329 seconds
[1618.386s][info ][safepoint      ] Application time: 1.0000689 seconds
[1618.386s][info ][safepoint      ] Entering safepoint region: Cleanup
[1618.386s][info ][safepoint      ] Leaving safepoint region
[1618.386s][info ][safepoint      ] Total time for which application threads were stopped: 0.0000676 seconds, Stopping threads took: 0.0000113 seconds
[1620.386s][info ][safepoint      ] Application time: 2.0001329 seconds
[1620.386s][info ][safepoint      ] Entering safepoint region: Cleanup
[1620.386s][info ][safepoint      ] Leaving safepoint region
[1620.386s][info ][safepoint      ] Total time for which application threads were stopped: 0.0000652 seconds, Stopping threads took: 0.0000110 seconds
[1621.387s][info ][safepoint      ] Application time: 1.0000690 seconds
[1621.387s][info ][safepoint      ] Entering safepoint region: Cleanup
[1621.387s][info ][safepoint      ] Leaving safepoint region
[1621.387s][info ][safepoint      ] Total time for which application threads were stopped: 0.0000683 seconds, Stopping threads took: 0.0000111 seconds
[1621.474s][info ][safepoint      ] Application time: 0.0871685 seconds
[1621.474s][info ][safepoint      ] Entering safepoint region: RevokeBias
[1621.474s][info ][safepoint      ] Leaving safepoint region
[1621.474s][info ][safepoint      ] Total time for which application threads were stopped: 0.0000711 seconds, Stopping threads took: 0.0000119 seconds
[1624.474s][info ][safepoint      ] Application time: 3.0001721 seconds
[1624.474s][info ][safepoint      ] Entering safepoint region: Cleanup
[1624.474s][info ][safepoint      ] Leaving safepoint region
[1624.474s][info ][safepoint      ] Total time for which application threads were stopped: 0.0000691 seconds, Stopping threads took: 0.0000145 seconds
[1625.474s][info ][safepoint      ] Application time: 1.0000630 seconds
[1625.474s][info ][safepoint      ] Entering safepoint region: Cleanup
[1625.474s][info ][safepoint      ] Leaving safepoint region
[1625.474s][info ][safepoint      ] Total time for which application threads were stopped: 0.0000765 seconds, Stopping threads took: 0.0000135 seconds
[1627.475s][info ][safepoint      ] Application time: 2.0001370 seconds
[1627.475s][info ][safepoint      ] Entering safepoint region: Cleanup
[1627.475s][info ][safepoint      ] Leaving safepoint region
[1627.475s][info ][safepoint      ] Total time for which application threads were stopped: 0.0000670 seconds, Stopping threads took: 0.0000139 seconds
[1630.475s][info ][safepoint      ] Application time: 3.0001863 seconds
[1630.475s][info ][safepoint      ] Entering safepoint region: Cleanup
[1630.475s][info ][safepoint      ] Leaving safepoint region
[1630.475s][info ][safepoint      ] Total time for which application threads were stopped: 0.0000728 seconds, Stopping threads took: 0.0000131 seconds
[1631.475s][info ][safepoint      ] Application time: 1.0000678 seconds
[1631.475s][info ][safepoint      ] Entering safepoint region: Cleanup
[1631.475s][info ][safepoint      ] Leaving safepoint region
[1631.475s][info ][safepoint      ] Total time for which application threads were stopped: 0.0000855 seconds, Stopping threads took: 0.0000127 seconds
[1632.475s][info ][safepoint      ] Application time: 1.0000681 seconds
[1632.475s][info ][safepoint      ] Entering safepoint region: Cleanup
[1632.475s][info ][safepoint      ] Leaving safepoint region
[1632.475s][info ][safepoint      ] Total time for which application threads were stopped: 0.0000687 seconds, Stopping threads took: 0.0000133 seconds
[1633.475s][info ][safepoint      ] Application time: 1.0000648 seconds
[1633.475s][info ][safepoint      ] Entering safepoint region: Cleanup
[1633.476s][info ][safepoint      ] Leaving safepoint region
[1633.476s][info ][safepoint      ] Total time for which application threads were stopped: 0.0001187 seconds, Stopping threads took: 0.0000242 seconds
[1634.476s][info ][safepoint      ] Application time: 1.0000694 seconds
[1634.476s][info ][safepoint      ] Entering safepoint region: Cleanup
[1634.476s][info ][safepoint      ] Leaving safepoint region
[1634.476s][info ][safepoint      ] Total time for which application threads were stopped: 0.0001017 seconds, Stopping threads took: 0.0000269 seconds
[1635.476s][info ][safepoint      ] Application time: 1.0000647 seconds
[1635.476s][info ][safepoint      ] Entering safepoint region: Cleanup
[1635.476s][info ][safepoint      ] Leaving safepoint region
[1635.476s][info ][safepoint      ] Total time for which application threads were stopped: 0.0001032 seconds, Stopping threads took: 0.0000478 seconds
[1636.476s][info ][safepoint      ] Application time: 1.0000732 seconds
[1636.476s][info ][safepoint      ] Entering safepoint region: Cleanup
[1636.476s][info ][safepoint      ] Leaving safepoint region
[1636.476s][info ][safepoint      ] Total time for which application threads were stopped: 0.0001123 seconds, Stopping threads took: 0.0000404 seconds
[1637.476s][info ][safepoint      ] Application time: 1.0000680 seconds
[1637.476s][info ][safepoint      ] Entering safepoint region: Cleanup
[1637.476s][info ][safepoint      ] Leaving safepoint region
[1637.476s][info ][safepoint      ] Total time for which application threads were stopped: 0.0001108 seconds, Stopping threads took: 0.0000553 seconds
[1638.476s][info ][safepoint      ] Application time: 1.0000705 seconds
[1638.477s][info ][safepoint      ] Entering safepoint region: Cleanup
[1638.477s][info ][safepoint      ] Leaving safepoint region
[1638.477s][info ][safepoint      ] Total time for which application threads were stopped: 0.0001090 seconds, Stopping threads took: 0.0000412 seconds
[1639.477s][info ][safepoint      ] Application time: 1.0000696 seconds
[1639.477s][info ][safepoint      ] Entering safepoint region: Cleanup
[1639.477s][info ][safepoint      ] Leaving safepoint region
[1639.477s][info ][safepoint      ] Total time for which application threads were stopped: 0.0001396 seconds, Stopping threads took: 0.0000425 seconds
[1646.477s][info ][safepoint      ] Application time: 7.0004834 seconds
[1646.477s][info ][safepoint      ] Entering safepoint region: Cleanup
[1646.478s][info ][safepoint      ] Leaving safepoint region
[1646.478s][info ][safepoint      ] Total time for which application threads were stopped: 0.0001397 seconds, Stopping threads took: 0.0000608 seconds
[1652.478s][info ][safepoint      ] Application time: 6.0003186 seconds
[1652.478s][info ][safepoint      ] Entering safepoint region: Cleanup
[1652.478s][info ][safepoint      ] Leaving safepoint region
[1652.478s][info ][safepoint      ] Total time for which application threads were stopped: 0.0001156 seconds, Stopping threads took: 0.0000487 seconds
[1653.527s][info ][safepoint      ] Application time: 1.0489495 seconds
[1653.527s][info ][safepoint      ] Entering safepoint region: ParallelGCFailedAllocation
[1653.527s][info ][gc,start       ] GC(74) Pause Young (Allocation Failure)
[1653.533s][debug][gc,phases      ] GC(74) Scavenge 5.893ms
[1653.533s][debug][gc,ref         ] GC(74) Skipped phase1 of Reference Processing due to unavailable references
[1653.533s][debug][gc,ref         ] GC(74) Skipped phase3 of Reference Processing due to unavailable references
[1653.533s][debug][gc,phases      ] GC(74) Reference Processing 0.037ms
[1653.533s][debug][gc,phases      ] GC(74) Weak Processing 0.147ms
[1653.534s][debug][gc,phases      ] GC(74) Scrub String Table 0.452ms
[1653.534s][debug][gc,age         ] GC(74) Desired survivor size 43515904 bytes, new threshold 15 (max threshold 15)
[1653.534s][info ][gc,heap        ] GC(74) PSYoungGen: 2026528K->18336K(2052096K)
[1653.534s][info ][gc,heap        ] GC(74) ParOldGen: 233559K->233607K(258048K)
[1653.534s][info ][gc,metaspace   ] GC(74) Metaspace: 72382K->72382K(1116160K)
[1653.534s][info ][gc             ] GC(74) Pause Young (Allocation Failure) 2207M->246M(2256M) 6.676ms
[1653.534s][info ][gc,cpu         ] GC(74) User=0.02s Sys=0.00s Real=0.01s
[1653.534s][info ][safepoint      ] Leaving safepoint region
[1653.534s][info ][safepoint      ] Total time for which application threads were stopped: 0.0068426 seconds, Stopping threads took: 0.0000331 seconds
[1655.534s][info ][safepoint      ] Application time: 2.0001401 seconds
[1655.534s][info ][safepoint      ] Entering safepoint region: Cleanup
[1655.534s][info ][safepoint      ] Leaving safepoint region
[1655.534s][info ][safepoint      ] Total time for which application threads were stopped: 0.0000625 seconds, Stopping threads took: 0.0000112 seconds
[1659.534s][info ][safepoint      ] Application time: 4.0002703 seconds
[1659.534s][info ][safepoint      ] Entering safepoint region: Cleanup
[1659.534s][info ][safepoint      ] Leaving safepoint region
[1659.535s][info ][safepoint      ] Total time for which application threads were stopped: 0.0000596 seconds, Stopping threads took: 0.0000109 seconds
[1681.536s][info ][safepoint      ] Application time: 22.0012234 seconds
[1681.536s][info ][safepoint      ] Entering safepoint region: Cleanup
[1681.536s][info ][safepoint      ] Leaving safepoint region
[1681.536s][info ][safepoint      ] Total time for which application threads were stopped: 0.0000646 seconds, Stopping threads took: 0.0000132 seconds
[1685.536s][info ][safepoint      ] Application time: 4.0002515 seconds
[1685.536s][info ][safepoint      ] Entering safepoint region: Cleanup
[1685.536s][info ][safepoint      ] Leaving safepoint region
[1685.536s][info ][safepoint      ] Total time for which application threads were stopped: 0.0000711 seconds, Stopping threads took: 0.0000116 seconds
[1707.538s][info ][safepoint      ] Application time: 22.0013594 seconds
[1707.538s][info ][safepoint      ] Entering safepoint region: Cleanup
[1707.538s][info ][safepoint      ] Leaving safepoint region
[1707.538s][info ][safepoint      ] Total time for which application threads were stopped: 0.0000806 seconds, Stopping threads took: 0.0000192 seconds
[1709.872s][info ][safepoint      ] Application time: 2.3345420 seconds
[1709.872s][info ][safepoint      ] Entering safepoint region: ParallelGCFailedAllocation
[1709.872s][info ][gc,start       ] GC(75) Pause Young (Allocation Failure)
[1709.879s][debug][gc,phases      ] GC(75) Scavenge 6.345ms
[1709.879s][debug][gc,ref         ] GC(75) Skipped phase1 of Reference Processing due to unavailable references
[1709.879s][debug][gc,ref         ] GC(75) Skipped phase3 of Reference Processing due to unavailable references
[1709.879s][debug][gc,ref         ] GC(75) Skipped phase4 of Reference Processing due to unavailable references
[1709.879s][debug][gc,phases      ] GC(75) Reference Processing 0.041ms
[1709.879s][debug][gc,phases      ] GC(75) Weak Processing 0.148ms
[1709.879s][debug][gc,phases      ] GC(75) Scrub String Table 0.470ms
[1709.879s][debug][gc,age         ] GC(75) Desired survivor size 41943040 bytes, new threshold 15 (max threshold 15)
[1709.879s][info ][gc,heap        ] GC(75) PSYoungGen: 2026912K->18512K(2056192K)
[1709.879s][info ][gc,heap        ] GC(75) ParOldGen: 233607K->233687K(258048K)
[1709.879s][info ][gc,metaspace   ] GC(75) Metaspace: 72386K->72386K(1116160K)
[1709.879s][info ][gc             ] GC(75) Pause Young (Allocation Failure) 2207M->246M(2260M) 7.145ms
[1709.880s][info ][gc,cpu         ] GC(75) User=0.02s Sys=0.00s Real=0.01s
[1709.880s][info ][safepoint      ] Leaving safepoint region
[1709.880s][info ][safepoint      ] Total time for which application threads were stopped: 0.0072762 seconds, Stopping threads took: 0.0000110 seconds
[1750.882s][info ][safepoint      ] Application time: 41.0025817 seconds
[1750.882s][info ][safepoint      ] Entering safepoint region: Cleanup
[1750.882s][info ][safepoint      ] Leaving safepoint region
[1750.882s][info ][safepoint      ] Total time for which application threads were stopped: 0.0000939 seconds, Stopping threads took: 0.0000398 seconds
[1753.882s][info ][safepoint      ] Application time: 3.0001668 seconds
[1753.882s][info ][safepoint      ] Entering safepoint region: Cleanup
[1753.883s][info ][safepoint      ] Leaving safepoint region
[1753.883s][info ][safepoint      ] Total time for which application threads were stopped: 0.0000659 seconds, Stopping threads took: 0.0000146 seconds
[1757.883s][info ][safepoint      ] Application time: 4.0002728 seconds
[1757.883s][info ][safepoint      ] Entering safepoint region: Cleanup
[1757.883s][info ][safepoint      ] Leaving safepoint region
[1757.883s][info ][safepoint      ] Total time for which application threads were stopped: 0.0000732 seconds, Stopping threads took: 0.0000240 seconds
[1766.427s][info ][safepoint      ] Application time: 8.5444051 seconds
[1766.427s][info ][safepoint      ] Entering safepoint region: ParallelGCFailedAllocation
[1766.427s][info ][gc,start       ] GC(76) Pause Young (Allocation Failure)
[1766.434s][debug][gc,phases      ] GC(76) Scavenge 6.381ms
[1766.434s][debug][gc,ref         ] GC(76) Skipped phase1 of Reference Processing due to unavailable references
[1766.434s][debug][gc,ref         ] GC(76) Skipped phase3 of Reference Processing due to unavailable references
[1766.434s][debug][gc,ref         ] GC(76) Skipped phase4 of Reference Processing due to unavailable references
[1766.434s][debug][gc,phases      ] GC(76) Reference Processing 0.035ms
[1766.434s][debug][gc,phases      ] GC(76) Weak Processing 0.143ms
[1766.435s][debug][gc,phases      ] GC(76) Scrub String Table 0.433ms
[1766.435s][debug][gc,age         ] GC(76) Desired survivor size 39845888 bytes, new threshold 15 (max threshold 15)
[1766.435s][info ][gc,heap        ] GC(76) PSYoungGen: 2032208K->16192K(2054656K)
[1766.435s][info ][gc,heap        ] GC(76) ParOldGen: 233687K->236212K(258048K)
[1766.435s][info ][gc,metaspace   ] GC(76) Metaspace: 72403K->72403K(1116160K)
[1766.435s][info ][gc             ] GC(76) Pause Young (Allocation Failure) 2212M->246M(2258M) 7.119ms
[1766.435s][info ][gc,cpu         ] GC(76) User=0.02s Sys=0.00s Real=0.01s
[1766.435s][info ][safepoint      ] Leaving safepoint region
[1766.435s][info ][safepoint      ] Total time for which application threads were stopped: 0.0072470 seconds, Stopping threads took: 0.0000104 seconds
[1771.435s][info ][safepoint      ] Application time: 5.0003380 seconds
[1771.435s][info ][safepoint      ] Entering safepoint region: Cleanup
[1771.435s][info ][safepoint      ] Leaving safepoint region
[1771.435s][info ][safepoint      ] Total time for which application threads were stopped: 0.0000629 seconds, Stopping threads took: 0.0000129 seconds
[1775.435s][info ][safepoint      ] Application time: 4.0002694 seconds
[1775.435s][info ][safepoint      ] Entering safepoint region: Cleanup
[1775.435s][info ][safepoint      ] Leaving safepoint region
[1775.435s][info ][safepoint      ] Total time for which application threads were stopped: 0.0000640 seconds, Stopping threads took: 0.0000113 seconds
[1776.436s][info ][safepoint      ] Application time: 1.0000643 seconds
[1776.436s][info ][safepoint      ] Entering safepoint region: Cleanup
[1776.436s][info ][safepoint      ] Leaving safepoint region
[1776.436s][info ][safepoint      ] Total time for which application threads were stopped: 0.0000808 seconds, Stopping threads took: 0.0000109 seconds
[1791.437s][info ][safepoint      ] Application time: 15.0009225 seconds
[1791.437s][info ][safepoint      ] Entering safepoint region: Cleanup
[1791.437s][info ][safepoint      ] Leaving safepoint region
[1791.437s][info ][safepoint      ] Total time for which application threads were stopped: 0.0000759 seconds, Stopping threads took: 0.0000109 seconds
[1793.437s][info ][safepoint      ] Application time: 2.0001330 seconds
[1793.437s][info ][safepoint      ] Entering safepoint region: Cleanup
[1793.437s][info ][safepoint      ] Leaving safepoint region
[1793.437s][info ][safepoint      ] Total time for which application threads were stopped: 0.0000602 seconds, Stopping threads took: 0.0000108 seconds
[1805.438s][info ][safepoint      ] Application time: 12.0008110 seconds
[1805.438s][info ][safepoint      ] Entering safepoint region: Cleanup
[1805.438s][info ][safepoint      ] Leaving safepoint region
[1805.438s][info ][safepoint      ] Total time for which application threads were stopped: 0.0000835 seconds, Stopping threads took: 0.0000333 seconds
[1816.439s][info ][safepoint      ] Application time: 11.0006960 seconds
[1816.439s][info ][safepoint      ] Entering safepoint region: Cleanup
[1816.439s][info ][safepoint      ] Leaving safepoint region
[1816.439s][info ][safepoint      ] Total time for which application threads were stopped: 0.0000959 seconds, Stopping threads took: 0.0000144 seconds
[1821.326s][info ][safepoint      ] Application time: 4.8872888 seconds
[1821.326s][info ][safepoint      ] Entering safepoint region: ParallelGCFailedAllocation
[1821.326s][info ][gc,start       ] GC(77) Pause Young (Allocation Failure)
[1821.331s][debug][gc,phases      ] GC(77) Scavenge 5.155ms
[1821.331s][debug][gc,ref         ] GC(77) Skipped phase1 of Reference Processing due to unavailable references
[1821.331s][debug][gc,ref         ] GC(77) Skipped phase3 of Reference Processing due to unavailable references
[1821.331s][debug][gc,phases      ] GC(77) Reference Processing 0.032ms
[1821.331s][debug][gc,phases      ] GC(77) Weak Processing 0.119ms
[1821.332s][debug][gc,phases      ] GC(77) Scrub String Table 0.434ms
[1821.332s][debug][gc,age         ] GC(77) Desired survivor size 37748736 bytes, new threshold 15 (max threshold 15)
[1821.332s][info ][gc,heap        ] GC(77) PSYoungGen: 2029888K->16000K(2060288K)
[1821.332s][info ][gc,heap        ] GC(77) ParOldGen: 236212K->236364K(258048K)
[1821.332s][info ][gc,metaspace   ] GC(77) Metaspace: 72413K->72413K(1116160K)
[1821.332s][info ][gc             ] GC(77) Pause Young (Allocation Failure) 2212M->246M(2264M) 5.861ms
[1821.332s][info ][gc,cpu         ] GC(77) User=0.02s Sys=0.00s Real=0.01s
[1821.332s][info ][safepoint      ] Leaving safepoint region
[1821.332s][info ][safepoint      ] Total time for which application threads were stopped: 0.0060326 seconds, Stopping threads took: 0.0000270 seconds
[1851.334s][info ][safepoint      ] Application time: 30.0019665 seconds
[1851.334s][info ][safepoint      ] Entering safepoint region: Cleanup
[1851.334s][info ][safepoint      ] Leaving safepoint region
[1851.334s][info ][safepoint      ] Total time for which application threads were stopped: 0.0000767 seconds, Stopping threads took: 0.0000232 seconds
[1866.335s][info ][safepoint      ] Application time: 15.0009038 seconds
[1866.335s][info ][safepoint      ] Entering safepoint region: Cleanup
[1866.335s][info ][safepoint      ] Leaving safepoint region
[1866.335s][info ][safepoint      ] Total time for which application threads were stopped: 0.0000712 seconds, Stopping threads took: 0.0000122 seconds
[1870.335s][info ][safepoint      ] Application time: 4.0002805 seconds
[1870.335s][info ][safepoint      ] Entering safepoint region: Cleanup
[1870.336s][info ][safepoint      ] Leaving safepoint region
[1870.336s][info ][safepoint      ] Total time for which application threads were stopped: 0.0000659 seconds, Stopping threads took: 0.0000127 seconds
[1872.336s][info ][safepoint      ] Application time: 2.0001396 seconds
[1872.336s][info ][safepoint      ] Entering safepoint region: Cleanup
[1872.336s][info ][safepoint      ] Leaving safepoint region
[1872.336s][info ][safepoint      ] Total time for which application threads were stopped: 0.0000703 seconds, Stopping threads took: 0.0000117 seconds
[1876.336s][info ][safepoint      ] Application time: 4.0002615 seconds
[1876.336s][info ][safepoint      ] Entering safepoint region: Cleanup
[1876.336s][info ][safepoint      ] Leaving safepoint region
[1876.336s][info ][safepoint      ] Total time for which application threads were stopped: 0.0000862 seconds, Stopping threads took: 0.0000154 seconds
[1876.455s][info ][safepoint      ] Application time: 0.1183996 seconds
[1876.455s][info ][safepoint      ] Entering safepoint region: RevokeBias
[1876.455s][info ][safepoint      ] Leaving safepoint region
[1876.455s][info ][safepoint      ] Total time for which application threads were stopped: 0.0000797 seconds, Stopping threads took: 0.0000146 seconds
[1877.960s][info ][safepoint      ] Application time: 1.5053990 seconds
[1877.960s][info ][safepoint      ] Entering safepoint region: ParallelGCFailedAllocation
[1877.960s][info ][gc,start       ] GC(78) Pause Young (Allocation Failure)
[1877.965s][debug][gc,phases      ] GC(78) Scavenge 5.031ms
[1877.965s][debug][gc,ref         ] GC(78) Skipped phase1 of Reference Processing due to unavailable references
[1877.965s][debug][gc,ref         ] GC(78) Skipped phase3 of Reference Processing due to unavailable references
[1877.965s][debug][gc,phases      ] GC(78) Reference Processing 0.046ms
[1877.966s][debug][gc,phases      ] GC(78) Weak Processing 0.190ms
[1877.966s][debug][gc,phases      ] GC(78) Scrub String Table 0.662ms
[1877.966s][debug][gc,age         ] GC(78) Desired survivor size 36175872 bytes, new threshold 15 (max threshold 15)
[1877.966s][info ][gc,heap        ] GC(78) PSYoungGen: 2037376K->15920K(2058240K)
[1877.966s][info ][gc,heap        ] GC(78) ParOldGen: 236364K->236436K(258048K)
[1877.966s][info ][gc,metaspace   ] GC(78) Metaspace: 72414K->72414K(1116160K)
[1877.966s][info ][gc             ] GC(78) Pause Young (Allocation Failure) 2220M->246M(2262M) 6.077ms
[1877.966s][info ][gc,cpu         ] GC(78) User=0.02s Sys=0.01s Real=0.00s
[1877.966s][info ][safepoint      ] Leaving safepoint region
[1877.966s][info ][safepoint      ] Total time for which application threads were stopped: 0.0062533 seconds, Stopping threads took: 0.0000120 seconds
[1878.966s][info ][safepoint      ] Application time: 1.0000774 seconds
[1878.967s][info ][safepoint      ] Entering safepoint region: Cleanup
[1878.967s][info ][safepoint      ] Leaving safepoint region
[1878.967s][info ][safepoint      ] Total time for which application threads were stopped: 0.0001015 seconds, Stopping threads took: 0.0000417 seconds
[1884.967s][info ][safepoint      ] Application time: 6.0003901 seconds
[1884.967s][info ][safepoint      ] Entering safepoint region: Cleanup
[1884.967s][info ][safepoint      ] Leaving safepoint region
[1884.967s][info ][safepoint      ] Total time for which application threads were stopped: 0.0000974 seconds, Stopping threads took: 0.0000128 seconds
[1885.967s][info ][safepoint      ] Application time: 1.0000712 seconds
[1885.967s][info ][safepoint      ] Entering safepoint region: Cleanup
[1885.967s][info ][safepoint      ] Leaving safepoint region
[1885.967s][info ][safepoint      ] Total time for which application threads were stopped: 0.0000750 seconds, Stopping threads took: 0.0000146 seconds
[1886.967s][info ][safepoint      ] Application time: 1.0000762 seconds
[1886.967s][info ][safepoint      ] Entering safepoint region: Cleanup
[1886.968s][info ][safepoint      ] Leaving safepoint region
[1886.968s][info ][safepoint      ] Total time for which application threads were stopped: 0.0000769 seconds, Stopping threads took: 0.0000110 seconds
[1887.968s][info ][safepoint      ] Application time: 1.0000519 seconds
[1887.968s][info ][safepoint      ] Entering safepoint region: Cleanup
[1887.968s][info ][safepoint      ] Leaving safepoint region
[1887.968s][info ][safepoint      ] Total time for which application threads were stopped: 0.0000864 seconds, Stopping threads took: 0.0000318 seconds
[1888.968s][info ][safepoint      ] Application time: 1.0000655 seconds
[1888.968s][info ][safepoint      ] Entering safepoint region: Cleanup
[1888.968s][info ][safepoint      ] Leaving safepoint region
[1888.968s][info ][safepoint      ] Total time for which application threads were stopped: 0.0000829 seconds, Stopping threads took: 0.0000144 seconds
[1897.968s][info ][safepoint      ] Application time: 9.0005070 seconds
[1897.968s][info ][safepoint      ] Entering safepoint region: Cleanup
[1897.969s][info ][safepoint      ] Leaving safepoint region
[1897.969s][info ][safepoint      ] Total time for which application threads were stopped: 0.0001018 seconds, Stopping threads took: 0.0000303 seconds
[1899.969s][info ][safepoint      ] Application time: 2.0001335 seconds
[1899.969s][info ][safepoint      ] Entering safepoint region: Cleanup
[1899.969s][info ][safepoint      ] Leaving safepoint region
[1899.969s][info ][safepoint      ] Total time for which application threads were stopped: 0.0000772 seconds, Stopping threads took: 0.0000147 seconds
[1906.969s][info ][safepoint      ] Application time: 7.0004720 seconds
[1906.969s][info ][safepoint      ] Entering safepoint region: Cleanup
[1906.969s][info ][safepoint      ] Leaving safepoint region
[1906.969s][info ][safepoint      ] Total time for which application threads were stopped: 0.0001028 seconds, Stopping threads took: 0.0000272 seconds
[1910.970s][info ][safepoint      ] Application time: 4.0003444 seconds
[1910.970s][info ][safepoint      ] Entering safepoint region: Cleanup
[1910.970s][info ][safepoint      ] Leaving safepoint region
[1910.970s][info ][safepoint      ] Total time for which application threads were stopped: 0.0001013 seconds, Stopping threads took: 0.0000293 seconds
[1918.970s][info ][safepoint      ] Application time: 8.0004982 seconds
[1918.970s][info ][safepoint      ] Entering safepoint region: Cleanup
[1918.971s][info ][safepoint      ] Leaving safepoint region
[1918.971s][info ][safepoint      ] Total time for which application threads were stopped: 0.0000840 seconds, Stopping threads took: 0.0000267 seconds
[1921.971s][info ][safepoint      ] Application time: 3.0002096 seconds
[1921.971s][info ][safepoint      ] Entering safepoint region: Cleanup
[1921.971s][info ][safepoint      ] Leaving safepoint region
[1921.971s][info ][safepoint      ] Total time for which application threads were stopped: 0.0000786 seconds, Stopping threads took: 0.0000151 seconds
[1922.971s][info ][safepoint      ] Application time: 1.0000699 seconds
[1922.971s][info ][safepoint      ] Entering safepoint region: Cleanup
[1922.971s][info ][safepoint      ] Leaving safepoint region
[1922.971s][info ][safepoint      ] Total time for which application threads were stopped: 0.0000718 seconds, Stopping threads took: 0.0000141 seconds
[1934.876s][info ][safepoint      ] Application time: 11.9051224 seconds
[1934.876s][info ][safepoint      ] Entering safepoint region: ParallelGCFailedAllocation
[1934.876s][info ][gc,start       ] GC(79) Pause Young (Allocation Failure)
[1934.882s][debug][gc,phases      ] GC(79) Scavenge 5.382ms
[1934.882s][debug][gc,ref         ] GC(79) Skipped phase1 of Reference Processing due to unavailable references
[1934.882s][debug][gc,ref         ] GC(79) Skipped phase3 of Reference Processing due to unavailable references
[1934.882s][debug][gc,phases      ] GC(79) Reference Processing 0.036ms
[1934.882s][debug][gc,phases      ] GC(79) Weak Processing 0.130ms
[1934.882s][debug][gc,phases      ] GC(79) Scrub String Table 0.424ms
[1934.882s][debug][gc,age         ] GC(79) Desired survivor size 34078720 bytes, new threshold 15 (max threshold 15)
[1934.882s][info ][gc,heap        ] GC(79) PSYoungGen: 2037296K->15968K(2063872K)
[1934.882s][info ][gc,heap        ] GC(79) ParOldGen: 236436K->236568K(258048K)
[1934.882s][info ][gc,metaspace   ] GC(79) Metaspace: 72419K->72419K(1116160K)
[1934.882s][info ][gc             ] GC(79) Pause Young (Allocation Failure) 2220M->246M(2267M) 6.107ms
[1934.882s][info ][gc,cpu         ] GC(79) User=0.01s Sys=0.01s Real=0.01s
[1934.882s][info ][safepoint      ] Leaving safepoint region
[1934.882s][info ][safepoint      ] Total time for which application threads were stopped: 0.0062503 seconds, Stopping threads took: 0.0000117 seconds
[1937.960s][info ][safepoint      ] Application time: 3.0775342 seconds
[1937.960s][info ][safepoint      ] Entering safepoint region: RevokeBias
[1937.960s][info ][safepoint      ] Leaving safepoint region
[1937.960s][info ][safepoint      ] Total time for which application threads were stopped: 0.0000865 seconds, Stopping threads took: 0.0000132 seconds
[1937.967s][info ][safepoint      ] Application time: 0.0064578 seconds
[1937.967s][info ][safepoint      ] Entering safepoint region: RevokeBias
[1937.967s][info ][safepoint      ] Leaving safepoint region
[1937.967s][info ][safepoint      ] Total time for which application threads were stopped: 0.0000305 seconds, Stopping threads took: 0.0000053 seconds
[1937.967s][info ][safepoint      ] Application time: 0.0006885 seconds
[1937.967s][info ][safepoint      ] Entering safepoint region: RevokeBias
[1937.967s][info ][safepoint      ] Leaving safepoint region
[1937.967s][info ][safepoint      ] Total time for which application threads were stopped: 0.0000458 seconds, Stopping threads took: 0.0000248 seconds
[1937.967s][info ][safepoint      ] Application time: 0.0000281 seconds
[1937.967s][info ][safepoint      ] Entering safepoint region: RevokeBias
[1937.967s][info ][safepoint      ] Leaving safepoint region
[1937.967s][info ][safepoint      ] Total time for which application threads were stopped: 0.0000159 seconds, Stopping threads took: 0.0000040 seconds
[1942.891s][info ][safepoint      ] Application time: 4.9240234 seconds
[1942.892s][info ][safepoint      ] Entering safepoint region: RevokeBias
[1942.892s][info ][safepoint      ] Leaving safepoint region
[1942.892s][info ][safepoint      ] Total time for which application threads were stopped: 0.0001194 seconds, Stopping threads took: 0.0000497 seconds
[1942.892s][info ][safepoint      ] Application time: 0.0002588 seconds
[1942.892s][info ][safepoint      ] Entering safepoint region: RevokeBias
[1942.892s][info ][safepoint      ] Leaving safepoint region
[1942.892s][info ][safepoint      ] Total time for which application threads were stopped: 0.0000441 seconds, Stopping threads took: 0.0000066 seconds
[1942.965s][info ][safepoint      ] Application time: 0.0729613 seconds
[1942.965s][info ][safepoint      ] Entering safepoint region: RevokeBias
[1942.965s][info ][safepoint      ] Leaving safepoint region
[1942.965s][info ][safepoint      ] Total time for which application threads were stopped: 0.0000830 seconds, Stopping threads took: 0.0000113 seconds
[1943.965s][info ][safepoint      ] Application time: 1.0000806 seconds
[1943.965s][info ][safepoint      ] Entering safepoint region: Cleanup
[1943.965s][info ][safepoint      ] Leaving safepoint region
[1943.965s][info ][safepoint      ] Total time for which application threads were stopped: 0.0000879 seconds, Stopping threads took: 0.0000192 seconds
[1944.056s][info ][safepoint      ] Application time: 0.0908599 seconds
[1944.056s][info ][safepoint      ] Entering safepoint region: RevokeBias
[1944.056s][info ][safepoint      ] Leaving safepoint region
[1944.056s][info ][safepoint      ] Total time for which application threads were stopped: 0.0000698 seconds, Stopping threads took: 0.0000113 seconds
[1944.056s][info ][safepoint      ] Application time: 0.0000298 seconds
[1944.056s][info ][safepoint      ] Entering safepoint region: RevokeBias
[1944.056s][info ][safepoint      ] Leaving safepoint region
[1944.056s][info ][safepoint      ] Total time for which application threads were stopped: 0.0000201 seconds, Stopping threads took: 0.0000036 seconds
[1944.066s][info ][safepoint      ] Application time: 0.0095361 seconds
[1944.066s][info ][safepoint      ] Entering safepoint region: RevokeBias
[1944.066s][info ][safepoint      ] Leaving safepoint region
[1944.066s][info ][safepoint      ] Total time for which application threads were stopped: 0.0000599 seconds, Stopping threads took: 0.0000204 seconds
[1944.069s][info ][safepoint      ] Application time: 0.0032541 seconds
[1944.069s][info ][safepoint      ] Entering safepoint region: RevokeBias
[1944.069s][info ][safepoint      ] Leaving safepoint region
[1944.069s][info ][safepoint      ] Total time for which application threads were stopped: 0.0000198 seconds, Stopping threads took: 0.0000042 seconds
[1944.069s][info ][safepoint      ] Application time: 0.0000290 seconds
[1944.069s][info ][safepoint      ] Entering safepoint region: RevokeBias
[1944.069s][info ][safepoint      ] Leaving safepoint region
[1944.069s][info ][safepoint      ] Total time for which application threads were stopped: 0.0000189 seconds, Stopping threads took: 0.0000034 seconds
[1944.071s][info ][safepoint      ] Application time: 0.0019558 seconds
[1944.071s][info ][safepoint      ] Entering safepoint region: RevokeBias
[1944.071s][info ][safepoint      ] Leaving safepoint region
[1944.071s][info ][safepoint      ] Total time for which application threads were stopped: 0.0000222 seconds, Stopping threads took: 0.0000049 seconds
[1944.071s][info ][safepoint      ] Application time: 0.0002082 seconds
[1944.071s][info ][safepoint      ] Entering safepoint region: RevokeBias
[1944.071s][info ][safepoint      ] Leaving safepoint region
[1944.071s][info ][safepoint      ] Total time for which application threads were stopped: 0.0000320 seconds, Stopping threads took: 0.0000064 seconds
[1944.072s][info ][safepoint      ] Application time: 0.0000700 seconds
[1944.072s][info ][safepoint      ] Entering safepoint region: RevokeBias
[1944.072s][info ][safepoint      ] Leaving safepoint region
[1944.072s][info ][safepoint      ] Total time for which application threads were stopped: 0.0000201 seconds, Stopping threads took: 0.0000037 seconds
[1944.072s][info ][safepoint      ] Application time: 0.0000407 seconds
[1944.072s][info ][safepoint      ] Entering safepoint region: RevokeBias
[1944.072s][info ][safepoint      ] Leaving safepoint region
[1944.072s][info ][safepoint      ] Total time for which application threads were stopped: 0.0000164 seconds, Stopping threads took: 0.0000033 seconds
[1944.072s][info ][safepoint      ] Application time: 0.0000274 seconds
[1944.072s][info ][safepoint      ] Entering safepoint region: RevokeBias
[1944.072s][info ][safepoint      ] Leaving safepoint region
[1944.072s][info ][safepoint      ] Total time for which application threads were stopped: 0.0000165 seconds, Stopping threads took: 0.0000034 seconds
[1944.072s][info ][safepoint      ] Application time: 0.0000231 seconds
[1944.072s][info ][safepoint      ] Entering safepoint region: RevokeBias
[1944.072s][info ][safepoint      ] Leaving safepoint region
[1944.072s][info ][safepoint      ] Total time for which application threads were stopped: 0.0000162 seconds, Stopping threads took: 0.0000033 seconds
[1944.072s][info ][safepoint      ] Application time: 0.0000252 seconds
[1944.072s][info ][safepoint      ] Entering safepoint region: RevokeBias
[1944.072s][info ][safepoint      ] Leaving safepoint region
[1944.072s][info ][safepoint      ] Total time for which application threads were stopped: 0.0000161 seconds, Stopping threads took: 0.0000033 seconds
[1944.072s][info ][safepoint      ] Application time: 0.0000216 seconds
[1944.072s][info ][safepoint      ] Entering safepoint region: RevokeBias
[1944.072s][info ][safepoint      ] Leaving safepoint region
[1944.072s][info ][safepoint      ] Total time for which application threads were stopped: 0.0000163 seconds, Stopping threads took: 0.0000033 seconds
[1944.072s][info ][safepoint      ] Application time: 0.0000217 seconds
[1944.072s][info ][safepoint      ] Entering safepoint region: RevokeBias
[1944.072s][info ][safepoint      ] Leaving safepoint region
[1944.072s][info ][safepoint      ] Total time for which application threads were stopped: 0.0000242 seconds, Stopping threads took: 0.0000033 seconds
[1944.072s][info ][safepoint      ] Application time: 0.0000236 seconds
[1944.072s][info ][safepoint      ] Entering safepoint region: RevokeBias
[1944.072s][info ][safepoint      ] Leaving safepoint region
[1944.072s][info ][safepoint      ] Total time for which application threads were stopped: 0.0000168 seconds, Stopping threads took: 0.0000035 seconds
[1944.072s][info ][safepoint      ] Application time: 0.0000217 seconds
[1944.072s][info ][safepoint      ] Entering safepoint region: RevokeBias
[1944.072s][info ][safepoint      ] Leaving safepoint region
[1944.072s][info ][safepoint      ] Total time for which application threads were stopped: 0.0000161 seconds, Stopping threads took: 0.0000033 seconds
[1944.072s][info ][safepoint      ] Application time: 0.0000256 seconds
[1944.072s][info ][safepoint      ] Entering safepoint region: RevokeBias
[1944.072s][info ][safepoint      ] Leaving safepoint region
[1944.072s][info ][safepoint      ] Total time for which application threads were stopped: 0.0000164 seconds, Stopping threads took: 0.0000034 seconds
[1944.072s][info ][safepoint      ] Application time: 0.0000487 seconds
[1944.072s][info ][safepoint      ] Entering safepoint region: RevokeBias
[1944.072s][info ][safepoint      ] Leaving safepoint region
[1944.072s][info ][safepoint      ] Total time for which application threads were stopped: 0.0000316 seconds, Stopping threads took: 0.0000186 seconds
[1944.072s][info ][safepoint      ] Application time: 0.0000860 seconds
[1944.072s][info ][safepoint      ] Entering safepoint region: RevokeBias
[1944.072s][info ][safepoint      ] Leaving safepoint region
[1944.072s][info ][safepoint      ] Total time for which application threads were stopped: 0.0000166 seconds, Stopping threads took: 0.0000035 seconds
[1944.072s][info ][safepoint      ] Application time: 0.0000337 seconds
[1944.072s][info ][safepoint      ] Entering safepoint region: RevokeBias
[1944.072s][info ][safepoint      ] Leaving safepoint region
[1944.072s][info ][safepoint      ] Total time for which application threads were stopped: 0.0000161 seconds, Stopping threads took: 0.0000033 seconds
[1944.072s][info ][safepoint      ] Application time: 0.0000340 seconds
[1944.072s][info ][safepoint      ] Entering safepoint region: RevokeBias
[1944.072s][info ][safepoint      ] Leaving safepoint region
[1944.072s][info ][safepoint      ] Total time for which application threads were stopped: 0.0000318 seconds, Stopping threads took: 0.0000184 seconds
[1944.072s][info ][safepoint      ] Application time: 0.0000349 seconds
[1944.072s][info ][safepoint      ] Entering safepoint region: RevokeBias
[1944.072s][info ][safepoint      ] Leaving safepoint region
[1944.072s][info ][safepoint      ] Total time for which application threads were stopped: 0.0000161 seconds, Stopping threads took: 0.0000034 seconds
[1944.072s][info ][safepoint      ] Application time: 0.0000338 seconds
[1944.072s][info ][safepoint      ] Entering safepoint region: RevokeBias
[1944.072s][info ][safepoint      ] Leaving safepoint region
[1944.072s][info ][safepoint      ] Total time for which application threads were stopped: 0.0000169 seconds, Stopping threads took: 0.0000038 seconds
[1944.072s][info ][safepoint      ] Application time: 0.0000313 seconds
[1944.072s][info ][safepoint      ] Entering safepoint region: RevokeBias
[1944.072s][info ][safepoint      ] Leaving safepoint region
[1944.072s][info ][safepoint      ] Total time for which application threads were stopped: 0.0000162 seconds, Stopping threads took: 0.0000035 seconds
[1944.073s][info ][safepoint      ] Application time: 0.0000285 seconds
[1944.073s][info ][safepoint      ] Entering safepoint region: BulkRevokeBias
[1944.073s][info ][safepoint      ] Leaving safepoint region
[1944.073s][info ][safepoint      ] Total time for which application threads were stopped: 0.0001157 seconds, Stopping threads took: 0.0000033 seconds
[1944.073s][info ][safepoint      ] Application time: 0.0005298 seconds
[1944.073s][info ][safepoint      ] Entering safepoint region: RevokeBias
[1944.073s][info ][safepoint      ] Leaving safepoint region
[1944.073s][info ][safepoint      ] Total time for which application threads were stopped: 0.0000209 seconds, Stopping threads took: 0.0000037 seconds
[1944.073s][info ][safepoint      ] Application time: 0.0002293 seconds
[1944.073s][info ][safepoint      ] Entering safepoint region: RevokeBias
[1944.073s][info ][safepoint      ] Leaving safepoint region
[1944.073s][info ][safepoint      ] Total time for which application threads were stopped: 0.0000235 seconds, Stopping threads took: 0.0000050 seconds
[1944.075s][info ][safepoint      ] Application time: 0.0011856 seconds
[1944.075s][info ][safepoint      ] Entering safepoint region: RevokeBias
[1944.075s][info ][safepoint      ] Leaving safepoint region
[1944.075s][info ][safepoint      ] Total time for which application threads were stopped: 0.0000298 seconds, Stopping threads took: 0.0000058 seconds
[1944.081s][info ][safepoint      ] Application time: 0.0058404 seconds
[1944.081s][info ][safepoint      ] Entering safepoint region: RevokeBias
[1944.081s][info ][safepoint      ] Leaving safepoint region
[1944.081s][info ][safepoint      ] Total time for which application threads were stopped: 0.0000606 seconds, Stopping threads took: 0.0000092 seconds
[1944.112s][info ][safepoint      ] Application time: 0.0310926 seconds
[1944.112s][info ][safepoint      ] Entering safepoint region: RevokeBias
[1944.112s][info ][safepoint      ] Leaving safepoint region
[1944.112s][info ][safepoint      ] Total time for which application threads were stopped: 0.0000659 seconds, Stopping threads took: 0.0000089 seconds
[1944.129s][info ][safepoint      ] Application time: 0.0176411 seconds
[1944.129s][info ][safepoint      ] Entering safepoint region: RevokeBias
[1944.130s][info ][safepoint      ] Leaving safepoint region
[1944.130s][info ][safepoint      ] Total time for which application threads were stopped: 0.0000656 seconds, Stopping threads took: 0.0000098 seconds
[1945.130s][info ][safepoint      ] Application time: 1.0000870 seconds
[1945.130s][info ][safepoint      ] Entering safepoint region: Cleanup
[1945.130s][info ][safepoint      ] Leaving safepoint region
[1945.130s][info ][safepoint      ] Total time for which application threads were stopped: 0.0002002 seconds, Stopping threads took: 0.0000698 seconds
[1946.130s][info ][safepoint      ] Application time: 1.0000921 seconds
[1946.130s][info ][safepoint      ] Entering safepoint region: Cleanup
[1946.130s][info ][safepoint      ] Leaving safepoint region
[1946.130s][info ][safepoint      ] Total time for which application threads were stopped: 0.0000694 seconds, Stopping threads took: 0.0000108 seconds
[1947.130s][info ][safepoint      ] Application time: 1.0000749 seconds
[1947.130s][info ][safepoint      ] Entering safepoint region: Cleanup
[1947.130s][info ][safepoint      ] Leaving safepoint region
[1947.130s][info ][safepoint      ] Total time for which application threads were stopped: 0.0001206 seconds, Stopping threads took: 0.0000566 seconds
[1948.130s][info ][safepoint      ] Application time: 1.0000761 seconds
[1948.130s][info ][safepoint      ] Entering safepoint region: Cleanup
[1948.130s][info ][safepoint      ] Leaving safepoint region
[1948.130s][info ][safepoint      ] Total time for which application threads were stopped: 0.0000685 seconds, Stopping threads took: 0.0000112 seconds
[1949.111s][info ][safepoint      ] Application time: 0.9807480 seconds
[1949.111s][info ][safepoint      ] Entering safepoint region: RevokeBias
[1949.111s][info ][safepoint      ] Leaving safepoint region
[1949.111s][info ][safepoint      ] Total time for which application threads were stopped: 0.0000709 seconds, Stopping threads took: 0.0000126 seconds
[1951.111s][info ][safepoint      ] Application time: 2.0001480 seconds
[1951.112s][info ][safepoint      ] Entering safepoint region: Cleanup
[1951.112s][info ][safepoint      ] Leaving safepoint region
[1951.112s][info ][safepoint      ] Total time for which application threads were stopped: 0.0001033 seconds, Stopping threads took: 0.0000184 seconds
[1952.112s][info ][safepoint      ] Application time: 1.0000689 seconds
[1952.112s][info ][safepoint      ] Entering safepoint region: Cleanup
[1952.112s][info ][safepoint      ] Leaving safepoint region
[1952.112s][info ][safepoint      ] Total time for which application threads were stopped: 0.0000639 seconds, Stopping threads took: 0.0000128 seconds
[1953.112s][info ][safepoint      ] Application time: 1.0000695 seconds
[1953.112s][info ][safepoint      ] Entering safepoint region: Cleanup
[1953.112s][info ][safepoint      ] Leaving safepoint region
[1953.112s][info ][safepoint      ] Total time for which application threads were stopped: 0.0000804 seconds, Stopping threads took: 0.0000156 seconds
[1954.112s][info ][safepoint      ] Application time: 0.9995166 seconds
[1954.112s][info ][safepoint      ] Entering safepoint region: RevokeBias
[1954.112s][info ][safepoint      ] Leaving safepoint region
[1954.112s][info ][safepoint      ] Total time for which application threads were stopped: 0.0000868 seconds, Stopping threads took: 0.0000205 seconds
[1954.112s][info ][safepoint      ] Application time: 0.0003205 seconds
[1954.112s][info ][safepoint      ] Entering safepoint region: RevokeBias
[1954.112s][info ][safepoint      ] Leaving safepoint region
[1954.112s][info ][safepoint      ] Total time for which application threads were stopped: 0.0000310 seconds, Stopping threads took: 0.0000065 seconds
[1954.112s][info ][safepoint      ] Application time: 0.0000305 seconds
[1954.112s][info ][safepoint      ] Entering safepoint region: RevokeBias
[1954.112s][info ][safepoint      ] Leaving safepoint region
[1954.112s][info ][safepoint      ] Total time for which application threads were stopped: 0.0000256 seconds, Stopping threads took: 0.0000058 seconds
[1954.112s][info ][safepoint      ] Application time: 0.0000422 seconds
[1954.112s][info ][safepoint      ] Entering safepoint region: RevokeBias
[1954.112s][info ][safepoint      ] Leaving safepoint region
[1954.112s][info ][safepoint      ] Total time for which application threads were stopped: 0.0000269 seconds, Stopping threads took: 0.0000060 seconds
[1954.112s][info ][safepoint      ] Application time: 0.0001194 seconds
[1954.112s][info ][safepoint      ] Entering safepoint region: RevokeBias
[1954.112s][info ][safepoint      ] Leaving safepoint region
[1954.112s][info ][safepoint      ] Total time for which application threads were stopped: 0.0000427 seconds, Stopping threads took: 0.0000161 seconds
[1956.112s][info ][safepoint      ] Application time: 2.0001488 seconds
[1956.113s][info ][safepoint      ] Entering safepoint region: Cleanup
[1956.113s][info ][safepoint      ] Leaving safepoint region
[1956.113s][info ][safepoint      ] Total time for which application threads were stopped: 0.0000970 seconds, Stopping threads took: 0.0000210 seconds
[1958.113s][info ][safepoint      ] Application time: 2.0001407 seconds
[1958.113s][info ][safepoint      ] Entering safepoint region: Cleanup
[1958.113s][info ][safepoint      ] Leaving safepoint region
[1958.113s][info ][safepoint      ] Total time for which application threads were stopped: 0.0000806 seconds, Stopping threads took: 0.0000166 seconds
[1961.113s][info ][safepoint      ] Application time: 3.0002156 seconds
[1961.113s][info ][safepoint      ] Entering safepoint region: Cleanup
[1961.113s][info ][safepoint      ] Leaving safepoint region
[1961.113s][info ][safepoint      ] Total time for which application threads were stopped: 0.0000801 seconds, Stopping threads took: 0.0000162 seconds
[1963.113s][info ][safepoint      ] Application time: 2.0001646 seconds
[1963.113s][info ][safepoint      ] Entering safepoint region: Cleanup
[1963.114s][info ][safepoint      ] Leaving safepoint region
[1963.114s][info ][safepoint      ] Total time for which application threads were stopped: 0.0001158 seconds, Stopping threads took: 0.0000169 seconds
[1965.114s][info ][safepoint      ] Application time: 2.0001443 seconds
[1965.114s][info ][safepoint      ] Entering safepoint region: Cleanup
[1965.114s][info ][safepoint      ] Leaving safepoint region
[1965.114s][info ][safepoint      ] Total time for which application threads were stopped: 0.0001111 seconds, Stopping threads took: 0.0000240 seconds
[1971.114s][info ][safepoint      ] Application time: 6.0004206 seconds
[1971.114s][info ][safepoint      ] Entering safepoint region: Cleanup
[1971.114s][info ][safepoint      ] Leaving safepoint region
[1971.114s][info ][safepoint      ] Total time for which application threads were stopped: 0.0000850 seconds, Stopping threads took: 0.0000133 seconds
[1972.115s][info ][safepoint      ] Application time: 1.0000866 seconds
[1972.115s][info ][safepoint      ] Entering safepoint region: Cleanup
[1972.115s][info ][safepoint      ] Leaving safepoint region
[1972.115s][info ][safepoint      ] Total time for which application threads were stopped: 0.0000878 seconds, Stopping threads took: 0.0000159 seconds
[1979.115s][info ][safepoint      ] Application time: 7.0004988 seconds
[1979.115s][info ][safepoint      ] Entering safepoint region: Cleanup
[1979.115s][info ][safepoint      ] Leaving safepoint region
[1979.115s][info ][safepoint      ] Total time for which application threads were stopped: 0.0000899 seconds, Stopping threads took: 0.0000268 seconds
[1982.115s][info ][safepoint      ] Application time: 3.0001599 seconds
[1982.115s][info ][safepoint      ] Entering safepoint region: Cleanup
[1982.116s][info ][safepoint      ] Leaving safepoint region
[1982.116s][info ][safepoint      ] Total time for which application threads were stopped: 0.0000657 seconds, Stopping threads took: 0.0000126 seconds
[1984.116s][info ][safepoint      ] Application time: 2.0001033 seconds
[1984.116s][info ][safepoint      ] Entering safepoint region: Cleanup
[1984.116s][info ][safepoint      ] Leaving safepoint region
[1984.116s][info ][safepoint      ] Total time for which application threads were stopped: 0.0000714 seconds, Stopping threads took: 0.0000151 seconds
[1986.116s][info ][safepoint      ] Application time: 2.0001386 seconds
[1986.116s][info ][safepoint      ] Entering safepoint region: Cleanup
[1986.116s][info ][safepoint      ] Leaving safepoint region
[1986.116s][info ][safepoint      ] Total time for which application threads were stopped: 0.0000665 seconds, Stopping threads took: 0.0000135 seconds
[1986.830s][info ][safepoint      ] Application time: 0.7135985 seconds
[1986.830s][info ][safepoint      ] Entering safepoint region: ParallelGCFailedAllocation
[1986.830s][info ][gc,start       ] GC(80) Pause Young (Allocation Failure)
[1986.837s][debug][gc,phases      ] GC(80) Scavenge 7.108ms
[1986.837s][debug][gc,ref         ] GC(80) Skipped phase1 of Reference Processing due to unavailable references
[1986.837s][debug][gc,phases      ] GC(80) Reference Processing 0.085ms
[1986.837s][debug][gc,phases      ] GC(80) Weak Processing 0.130ms
[1986.838s][debug][gc,phases      ] GC(80) Scrub String Table 0.465ms
[1986.838s][debug][gc,age         ] GC(80) Desired survivor size 39321600 bytes, new threshold 14 (max threshold 15)
[1986.838s][info ][gc,heap        ] GC(80) PSYoungGen: 2044512K->33264K(2061824K)
[1986.838s][info ][gc,heap        ] GC(80) ParOldGen: 236568K->236833K(258048K)
[1986.838s][info ][gc,metaspace   ] GC(80) Metaspace: 72472K->72472K(1116160K)
[1986.838s][info ][gc             ] GC(80) Pause Young (Allocation Failure) 2227M->263M(2265M) 7.930ms
[1986.838s][info ][gc,cpu         ] GC(80) User=0.03s Sys=0.01s Real=0.01s
[1986.838s][info ][safepoint      ] Leaving safepoint region
[1986.838s][info ][safepoint      ] Total time for which application threads were stopped: 0.0080744 seconds, Stopping threads took: 0.0000105 seconds
[1988.838s][info ][safepoint      ] Application time: 2.0001154 seconds
[1988.838s][info ][safepoint      ] Entering safepoint region: Cleanup
[1988.838s][info ][safepoint      ] Leaving safepoint region
[1988.838s][info ][safepoint      ] Total time for which application threads were stopped: 0.0000664 seconds, Stopping threads took: 0.0000128 seconds
[1989.838s][info ][safepoint      ] Application time: 1.0000714 seconds
[1989.838s][info ][safepoint      ] Entering safepoint region: Cleanup
[1989.838s][info ][safepoint      ] Leaving safepoint region
[1989.838s][info ][safepoint      ] Total time for which application threads were stopped: 0.0000628 seconds, Stopping threads took: 0.0000136 seconds
[1990.838s][info ][safepoint      ] Application time: 1.0000659 seconds
[1990.838s][info ][safepoint      ] Entering safepoint region: Cleanup
[1990.838s][info ][safepoint      ] Leaving safepoint region
[1990.838s][info ][safepoint      ] Total time for which application threads were stopped: 0.0000675 seconds, Stopping threads took: 0.0000125 seconds
[1991.838s][info ][safepoint      ] Application time: 1.0000681 seconds
[1991.838s][info ][safepoint      ] Entering safepoint region: Cleanup
[1991.838s][info ][safepoint      ] Leaving safepoint region
[1991.838s][info ][safepoint      ] Total time for which application threads were stopped: 0.0000671 seconds, Stopping threads took: 0.0000129 seconds
[1992.839s][info ][safepoint      ] Application time: 1.0000625 seconds
[1992.839s][info ][safepoint      ] Entering safepoint region: Cleanup
[1992.839s][info ][safepoint      ] Leaving safepoint region
[1992.839s][info ][safepoint      ] Total time for which application threads were stopped: 0.0000845 seconds, Stopping threads took: 0.0000147 seconds
[1993.839s][info ][safepoint      ] Application time: 1.0000724 seconds
[1993.839s][info ][safepoint      ] Entering safepoint region: Cleanup
[1993.839s][info ][safepoint      ] Leaving safepoint region
[1993.839s][info ][safepoint      ] Total time for which application threads were stopped: 0.0000632 seconds, Stopping threads took: 0.0000134 seconds
[1994.839s][info ][safepoint      ] Application time: 1.0000648 seconds
[1994.839s][info ][safepoint      ] Entering safepoint region: Cleanup
[1994.839s][info ][safepoint      ] Leaving safepoint region
[1994.839s][info ][safepoint      ] Total time for which application threads were stopped: 0.0000750 seconds, Stopping threads took: 0.0000148 seconds
[1995.839s][info ][safepoint      ] Application time: 1.0000691 seconds
[1995.839s][info ][safepoint      ] Entering safepoint region: Cleanup
[1995.839s][info ][safepoint      ] Leaving safepoint region
[1995.839s][info ][safepoint      ] Total time for which application threads were stopped: 0.0000826 seconds, Stopping threads took: 0.0000156 seconds
[1996.839s][info ][safepoint      ] Application time: 1.0000664 seconds
[1996.839s][info ][safepoint      ] Entering safepoint region: Cleanup
[1996.839s][info ][safepoint      ] Leaving safepoint region
[1996.839s][info ][safepoint      ] Total time for which application threads were stopped: 0.0000837 seconds, Stopping threads took: 0.0000143 seconds
[1997.839s][info ][safepoint      ] Application time: 1.0000747 seconds
[1997.839s][info ][safepoint      ] Entering safepoint region: Cleanup
[1997.840s][info ][safepoint      ] Leaving safepoint region
[1997.840s][info ][safepoint      ] Total time for which application threads were stopped: 0.0001075 seconds, Stopping threads took: 0.0000280 seconds
[1998.840s][info ][safepoint      ] Application time: 1.0000757 seconds
[1998.840s][info ][safepoint      ] Entering safepoint region: Cleanup
[1998.840s][info ][safepoint      ] Leaving safepoint region
[1998.840s][info ][safepoint      ] Total time for which application threads were stopped: 0.0000630 seconds, Stopping threads took: 0.0000144 seconds
[1999.840s][info ][safepoint      ] Application time: 1.0000541 seconds
[1999.840s][info ][safepoint      ] Entering safepoint region: Cleanup
[1999.840s][info ][safepoint      ] Leaving safepoint region
[1999.840s][info ][safepoint      ] Total time for which application threads were stopped: 0.0000597 seconds, Stopping threads took: 0.0000129 seconds
[2000.840s][info ][safepoint      ] Application time: 1.0000793 seconds
[2000.840s][info ][safepoint      ] Entering safepoint region: Cleanup
[2000.840s][info ][safepoint      ] Leaving safepoint region
[2000.840s][info ][safepoint      ] Total time for which application threads were stopped: 0.0000626 seconds, Stopping threads took: 0.0000137 seconds
[2001.840s][info ][safepoint      ] Application time: 1.0000693 seconds
[2001.840s][info ][safepoint      ] Entering safepoint region: Cleanup
[2001.840s][info ][safepoint      ] Leaving safepoint region
[2001.840s][info ][safepoint      ] Total time for which application threads were stopped: 0.0000797 seconds, Stopping threads took: 0.0000171 seconds
[2002.840s][info ][safepoint      ] Application time: 1.0000602 seconds
[2002.840s][info ][safepoint      ] Entering safepoint region: Cleanup
[2002.841s][info ][safepoint      ] Leaving safepoint region
[2002.841s][info ][safepoint      ] Total time for which application threads were stopped: 0.0000859 seconds, Stopping threads took: 0.0000135 seconds
[2003.841s][info ][safepoint      ] Application time: 1.0000860 seconds
[2003.841s][info ][safepoint      ] Entering safepoint region: Cleanup
[2003.841s][info ][safepoint      ] Leaving safepoint region
[2003.841s][info ][safepoint      ] Total time for which application threads were stopped: 0.0000873 seconds, Stopping threads took: 0.0000185 seconds
[2004.841s][info ][safepoint      ] Application time: 1.0000715 seconds
[2004.841s][info ][safepoint      ] Entering safepoint region: Cleanup
[2004.841s][info ][safepoint      ] Leaving safepoint region
[2004.841s][info ][safepoint      ] Total time for which application threads were stopped: 0.0001277 seconds, Stopping threads took: 0.0000158 seconds
[2005.841s][info ][safepoint      ] Application time: 1.0000791 seconds
[2005.841s][info ][safepoint      ] Entering safepoint region: Cleanup
[2005.841s][info ][safepoint      ] Leaving safepoint region
[2005.841s][info ][safepoint      ] Total time for which application threads were stopped: 0.0000834 seconds, Stopping threads took: 0.0000180 seconds
[2006.841s][info ][safepoint      ] Application time: 1.0000913 seconds
[2006.841s][info ][safepoint      ] Entering safepoint region: Cleanup
[2006.841s][info ][safepoint      ] Leaving safepoint region
[2006.841s][info ][safepoint      ] Total time for which application threads were stopped: 0.0000969 seconds, Stopping threads took: 0.0000294 seconds
[2007.841s][info ][safepoint      ] Application time: 1.0000432 seconds
[2007.842s][info ][safepoint      ] Entering safepoint region: Cleanup
[2007.842s][info ][safepoint      ] Leaving safepoint region
[2007.842s][info ][safepoint      ] Total time for which application threads were stopped: 0.0000606 seconds, Stopping threads took: 0.0000123 seconds
[2008.842s][info ][safepoint      ] Application time: 1.0000630 seconds
[2008.842s][info ][safepoint      ] Entering safepoint region: Cleanup
[2008.842s][info ][safepoint      ] Leaving safepoint region
[2008.842s][info ][safepoint      ] Total time for which application threads were stopped: 0.0000722 seconds, Stopping threads took: 0.0000200 seconds
[2009.842s][info ][safepoint      ] Application time: 1.0000825 seconds
[2009.842s][info ][safepoint      ] Entering safepoint region: Cleanup
[2009.842s][info ][safepoint      ] Leaving safepoint region
[2009.842s][info ][safepoint      ] Total time for which application threads were stopped: 0.0000890 seconds, Stopping threads took: 0.0000188 seconds
[2010.842s][info ][safepoint      ] Application time: 1.0000656 seconds
[2010.842s][info ][safepoint      ] Entering safepoint region: Cleanup
[2010.842s][info ][safepoint      ] Leaving safepoint region
[2010.842s][info ][safepoint      ] Total time for which application threads were stopped: 0.0000917 seconds, Stopping threads took: 0.0000177 seconds
[2011.842s][info ][safepoint      ] Application time: 1.0000396 seconds
[2011.842s][info ][safepoint      ] Entering safepoint region: Cleanup
[2011.842s][info ][safepoint      ] Leaving safepoint region
[2011.842s][info ][safepoint      ] Total time for which application threads were stopped: 0.0000907 seconds, Stopping threads took: 0.0000366 seconds
[2012.842s][info ][safepoint      ] Application time: 1.0000733 seconds
[2012.843s][info ][safepoint      ] Entering safepoint region: Cleanup
[2012.843s][info ][safepoint      ] Leaving safepoint region
[2012.843s][info ][safepoint      ] Total time for which application threads were stopped: 0.0000660 seconds, Stopping threads took: 0.0000146 seconds
[2013.843s][info ][safepoint      ] Application time: 1.0000793 seconds
[2013.843s][info ][safepoint      ] Entering safepoint region: Cleanup
[2013.843s][info ][safepoint      ] Leaving safepoint region
[2013.843s][info ][safepoint      ] Total time for which application threads were stopped: 0.0002804 seconds, Stopping threads took: 0.0000192 seconds
[2014.843s][info ][safepoint      ] Application time: 1.0000813 seconds
[2014.843s][info ][safepoint      ] Entering safepoint region: Cleanup
[2014.843s][info ][safepoint      ] Leaving safepoint region
[2014.843s][info ][safepoint      ] Total time for which application threads were stopped: 0.0000839 seconds, Stopping threads took: 0.0000200 seconds
[2015.843s][info ][safepoint      ] Application time: 1.0000693 seconds
[2015.843s][info ][safepoint      ] Entering safepoint region: Cleanup
[2015.843s][info ][safepoint      ] Leaving safepoint region
[2015.843s][info ][safepoint      ] Total time for which application threads were stopped: 0.0000762 seconds, Stopping threads took: 0.0000139 seconds
[2016.843s][info ][safepoint      ] Application time: 1.0000707 seconds
[2016.844s][info ][safepoint      ] Entering safepoint region: Cleanup
[2016.844s][info ][safepoint      ] Leaving safepoint region
[2016.844s][info ][safepoint      ] Total time for which application threads were stopped: 0.0000734 seconds, Stopping threads took: 0.0000131 seconds
[2017.844s][info ][safepoint      ] Application time: 1.0000657 seconds
[2017.844s][info ][safepoint      ] Entering safepoint region: Cleanup
[2017.844s][info ][safepoint      ] Leaving safepoint region
[2017.844s][info ][safepoint      ] Total time for which application threads were stopped: 0.0000960 seconds, Stopping threads took: 0.0000321 seconds
[2018.844s][info ][safepoint      ] Application time: 1.0000696 seconds
[2018.844s][info ][safepoint      ] Entering safepoint region: Cleanup
[2018.844s][info ][safepoint      ] Leaving safepoint region
[2018.844s][info ][safepoint      ] Total time for which application threads were stopped: 0.0000890 seconds, Stopping threads took: 0.0000174 seconds
[2019.844s][info ][safepoint      ] Application time: 1.0000653 seconds
[2019.844s][info ][safepoint      ] Entering safepoint region: Cleanup
[2019.844s][info ][safepoint      ] Leaving safepoint region
[2019.844s][info ][safepoint      ] Total time for which application threads were stopped: 0.0000835 seconds, Stopping threads took: 0.0000146 seconds
[2020.844s][info ][safepoint      ] Application time: 1.0000675 seconds
[2020.844s][info ][safepoint      ] Entering safepoint region: Cleanup
[2020.844s][info ][safepoint      ] Leaving safepoint region
[2020.844s][info ][safepoint      ] Total time for which application threads were stopped: 0.0000663 seconds, Stopping threads took: 0.0000141 seconds
[2021.844s][info ][safepoint      ] Application time: 1.0000820 seconds
[2021.844s][info ][safepoint      ] Entering safepoint region: Cleanup
[2021.845s][info ][safepoint      ] Leaving safepoint region
[2021.845s][info ][safepoint      ] Total time for which application threads were stopped: 0.0000744 seconds, Stopping threads took: 0.0000154 seconds
[2022.845s][info ][safepoint      ] Application time: 1.0000726 seconds
[2022.845s][info ][safepoint      ] Entering safepoint region: Cleanup
[2022.845s][info ][safepoint      ] Leaving safepoint region
[2022.845s][info ][safepoint      ] Total time for which application threads were stopped: 0.0000831 seconds, Stopping threads took: 0.0000148 seconds
[2023.845s][info ][safepoint      ] Application time: 1.0000822 seconds
[2023.845s][info ][safepoint      ] Entering safepoint region: Cleanup
[2023.845s][info ][safepoint      ] Leaving safepoint region
[2023.845s][info ][safepoint      ] Total time for which application threads were stopped: 0.0000864 seconds, Stopping threads took: 0.0000327 seconds
[2024.845s][info ][safepoint      ] Application time: 1.0000676 seconds
[2024.845s][info ][safepoint      ] Entering safepoint region: Cleanup
[2024.845s][info ][safepoint      ] Leaving safepoint region
[2024.845s][info ][safepoint      ] Total time for which application threads were stopped: 0.0000928 seconds, Stopping threads took: 0.0000203 seconds
[2025.845s][info ][safepoint      ] Application time: 1.0000831 seconds
[2025.845s][info ][safepoint      ] Entering safepoint region: Cleanup
[2025.845s][info ][safepoint      ] Leaving safepoint region
[2025.845s][info ][safepoint      ] Total time for which application threads were stopped: 0.0000927 seconds, Stopping threads took: 0.0000362 seconds
[2026.845s][info ][safepoint      ] Application time: 1.0000392 seconds
[2026.845s][info ][safepoint      ] Entering safepoint region: Cleanup
[2026.846s][info ][safepoint      ] Leaving safepoint region
[2026.846s][info ][safepoint      ] Total time for which application threads were stopped: 0.0000884 seconds, Stopping threads took: 0.0000200 seconds
[2027.846s][info ][safepoint      ] Application time: 1.0000726 seconds
[2027.846s][info ][safepoint      ] Entering safepoint region: Cleanup
[2027.846s][info ][safepoint      ] Leaving safepoint region
[2027.846s][info ][safepoint      ] Total time for which application threads were stopped: 0.0000966 seconds, Stopping threads took: 0.0000206 seconds
[2028.846s][info ][safepoint      ] Application time: 1.0000725 seconds
[2028.846s][info ][safepoint      ] Entering safepoint region: Cleanup
[2028.846s][info ][safepoint      ] Leaving safepoint region
[2028.846s][info ][safepoint      ] Total time for which application threads were stopped: 0.0000717 seconds, Stopping threads took: 0.0000156 seconds
[2029.846s][info ][safepoint      ] Application time: 1.0000653 seconds
[2029.846s][info ][safepoint      ] Entering safepoint region: Cleanup
[2029.846s][info ][safepoint      ] Leaving safepoint region
[2029.846s][info ][safepoint      ] Total time for which application threads were stopped: 0.0000729 seconds, Stopping threads took: 0.0000160 seconds
[2030.846s][info ][safepoint      ] Application time: 1.0000789 seconds
[2030.846s][info ][safepoint      ] Entering safepoint region: Cleanup
[2030.846s][info ][safepoint      ] Leaving safepoint region
[2030.846s][info ][safepoint      ] Total time for which application threads were stopped: 0.0000804 seconds, Stopping threads took: 0.0000192 seconds
[2031.846s][info ][safepoint      ] Application time: 1.0000772 seconds
[2031.847s][info ][safepoint      ] Entering safepoint region: Cleanup
[2031.847s][info ][safepoint      ] Leaving safepoint region
[2031.847s][info ][safepoint      ] Total time for which application threads were stopped: 0.0001010 seconds, Stopping threads took: 0.0000209 seconds
[2032.847s][info ][safepoint      ] Application time: 1.0000739 seconds
[2032.847s][info ][safepoint      ] Entering safepoint region: Cleanup
[2032.847s][info ][safepoint      ] Leaving safepoint region
[2032.847s][info ][safepoint      ] Total time for which application threads were stopped: 0.0001010 seconds, Stopping threads took: 0.0000225 seconds
[2033.847s][info ][safepoint      ] Application time: 1.0000743 seconds
[2033.847s][info ][safepoint      ] Entering safepoint region: Cleanup
[2033.847s][info ][safepoint      ] Leaving safepoint region
[2033.847s][info ][safepoint      ] Total time for which application threads were stopped: 0.0000996 seconds, Stopping threads took: 0.0000202 seconds
[2034.847s][info ][safepoint      ] Application time: 1.0000792 seconds
[2034.847s][info ][safepoint      ] Entering safepoint region: Cleanup
[2034.847s][info ][safepoint      ] Leaving safepoint region
[2034.847s][info ][safepoint      ] Total time for which application threads were stopped: 0.0001018 seconds, Stopping threads took: 0.0000399 seconds
[2035.731s][info ][safepoint      ] Application time: 0.8835878 seconds
[2035.731s][info ][safepoint      ] Entering safepoint region: ParallelGCFailedAllocation
[2035.731s][info ][gc,start       ] GC(81) Pause Young (Allocation Failure)
[2035.749s][debug][gc,phases      ] GC(81) Scavenge 17.512ms
[2035.749s][debug][gc,ref         ] GC(81) Skipped phase1 of Reference Processing due to unavailable references
[2035.749s][debug][gc,ref         ] GC(81) Skipped phase3 of Reference Processing due to unavailable references
[2035.749s][debug][gc,phases      ] GC(81) Reference Processing 0.062ms
[2035.749s][debug][gc,phases      ] GC(81) Weak Processing 0.191ms
[2035.750s][debug][gc,phases      ] GC(81) Scrub String Table 0.646ms
[2035.750s][debug][gc,age         ] GC(81) Desired survivor size 46661632 bytes, new threshold 13 (max threshold 15)
[2035.750s][info ][gc,heap        ] GC(81) PSYoungGen: 2061808K->35312K(2041344K)
[2035.750s][info ][gc,heap        ] GC(81) ParOldGen: 236833K->244114K(258048K)
[2035.750s][info ][gc,metaspace   ] GC(81) Metaspace: 72532K->72532K(1116160K)
[2035.750s][info ][gc             ] GC(81) Pause Young (Allocation Failure) 2244M->272M(2245M) 18.560ms
[2035.750s][info ][gc,cpu         ] GC(81) User=0.05s Sys=0.00s Real=0.02s
[2035.750s][info ][safepoint      ] Leaving safepoint region
[2035.750s][info ][safepoint      ] Total time for which application threads were stopped: 0.0188444 seconds, Stopping threads took: 0.0001468 seconds
[2036.750s][info ][safepoint      ] Application time: 1.0000903 seconds
[2036.750s][info ][safepoint      ] Entering safepoint region: Cleanup
[2036.750s][info ][safepoint      ] Leaving safepoint region
[2036.750s][info ][safepoint      ] Total time for which application threads were stopped: 0.0000887 seconds, Stopping threads took: 0.0000211 seconds
[2037.750s][info ][safepoint      ] Application time: 1.0000711 seconds
[2037.750s][info ][safepoint      ] Entering safepoint region: Cleanup
[2037.750s][info ][safepoint      ] Leaving safepoint region
[2037.750s][info ][safepoint      ] Total time for which application threads were stopped: 0.0000786 seconds, Stopping threads took: 0.0000172 seconds
[2038.750s][info ][safepoint      ] Application time: 1.0000777 seconds
[2038.750s][info ][safepoint      ] Entering safepoint region: Cleanup
[2038.750s][info ][safepoint      ] Leaving safepoint region
[2038.750s][info ][safepoint      ] Total time for which application threads were stopped: 0.0000779 seconds, Stopping threads took: 0.0000157 seconds
[2039.750s][info ][safepoint      ] Application time: 1.0000627 seconds
[2039.750s][info ][safepoint      ] Entering safepoint region: Cleanup
[2039.751s][info ][safepoint      ] Leaving safepoint region
[2039.751s][info ][safepoint      ] Total time for which application threads were stopped: 0.0000693 seconds, Stopping threads took: 0.0000115 seconds
[2040.751s][info ][safepoint      ] Application time: 1.0000678 seconds
[2040.751s][info ][safepoint      ] Entering safepoint region: Cleanup
[2040.751s][info ][safepoint      ] Leaving safepoint region
[2040.751s][info ][safepoint      ] Total time for which application threads were stopped: 0.0000789 seconds, Stopping threads took: 0.0000152 seconds
[2041.751s][info ][safepoint      ] Application time: 1.0000782 seconds
[2041.751s][info ][safepoint      ] Entering safepoint region: Cleanup
[2041.751s][info ][safepoint      ] Leaving safepoint region
[2041.751s][info ][safepoint      ] Total time for which application threads were stopped: 0.0000847 seconds, Stopping threads took: 0.0000152 seconds
[2042.751s][info ][safepoint      ] Application time: 1.0000765 seconds
[2042.751s][info ][safepoint      ] Entering safepoint region: Cleanup
[2042.751s][info ][safepoint      ] Leaving safepoint region
[2042.751s][info ][safepoint      ] Total time for which application threads were stopped: 0.0000827 seconds, Stopping threads took: 0.0000147 seconds
[2043.751s][info ][safepoint      ] Application time: 1.0000963 seconds
[2043.751s][info ][safepoint      ] Entering safepoint region: Cleanup
[2043.751s][info ][safepoint      ] Leaving safepoint region
[2043.751s][info ][safepoint      ] Total time for which application threads were stopped: 0.0000869 seconds, Stopping threads took: 0.0000226 seconds
[2044.751s][info ][safepoint      ] Application time: 1.0000912 seconds
[2044.752s][info ][safepoint      ] Entering safepoint region: Cleanup
[2044.752s][info ][safepoint      ] Leaving safepoint region
[2044.752s][info ][safepoint      ] Total time for which application threads were stopped: 0.0000811 seconds, Stopping threads took: 0.0000159 seconds
[2045.752s][info ][safepoint      ] Application time: 1.0000580 seconds
[2045.752s][info ][safepoint      ] Entering safepoint region: Cleanup
[2045.752s][info ][safepoint      ] Leaving safepoint region
[2045.752s][info ][safepoint      ] Total time for which application threads were stopped: 0.0000647 seconds, Stopping threads took: 0.0000145 seconds
[2046.752s][info ][safepoint      ] Application time: 1.0000674 seconds
[2046.752s][info ][safepoint      ] Entering safepoint region: Cleanup
[2046.752s][info ][safepoint      ] Leaving safepoint region
[2046.752s][info ][safepoint      ] Total time for which application threads were stopped: 0.0000654 seconds, Stopping threads took: 0.0000149 seconds
[2047.752s][info ][safepoint      ] Application time: 1.0000626 seconds
[2047.752s][info ][safepoint      ] Entering safepoint region: Cleanup
[2047.752s][info ][safepoint      ] Leaving safepoint region
[2047.752s][info ][safepoint      ] Total time for which application threads were stopped: 0.0001007 seconds, Stopping threads took: 0.0000284 seconds
[2048.752s][info ][safepoint      ] Application time: 1.0000742 seconds
[2048.752s][info ][safepoint      ] Entering safepoint region: Cleanup
[2048.752s][info ][safepoint      ] Leaving safepoint region
[2048.752s][info ][safepoint      ] Total time for which application threads were stopped: 0.0000712 seconds, Stopping threads took: 0.0000150 seconds
[2049.752s][info ][safepoint      ] Application time: 1.0000810 seconds
[2049.752s][info ][safepoint      ] Entering safepoint region: Cleanup
[2049.753s][info ][safepoint      ] Leaving safepoint region
[2049.753s][info ][safepoint      ] Total time for which application threads were stopped: 0.0000645 seconds, Stopping threads took: 0.0000147 seconds
[2050.753s][info ][safepoint      ] Application time: 1.0000724 seconds
[2050.753s][info ][safepoint      ] Entering safepoint region: Cleanup
[2050.753s][info ][safepoint      ] Leaving safepoint region
[2050.753s][info ][safepoint      ] Total time for which application threads were stopped: 0.0000693 seconds, Stopping threads took: 0.0000142 seconds
[2051.753s][info ][safepoint      ] Application time: 1.0000670 seconds
[2051.753s][info ][safepoint      ] Entering safepoint region: Cleanup
[2051.753s][info ][safepoint      ] Leaving safepoint region
[2051.753s][info ][safepoint      ] Total time for which application threads were stopped: 0.0000757 seconds, Stopping threads took: 0.0000147 seconds
[2052.753s][info ][safepoint      ] Application time: 1.0000713 seconds
[2052.753s][info ][safepoint      ] Entering safepoint region: Cleanup
[2052.753s][info ][safepoint      ] Leaving safepoint region
[2052.753s][info ][safepoint      ] Total time for which application threads were stopped: 0.0000803 seconds, Stopping threads took: 0.0000261 seconds
[2053.753s][info ][safepoint      ] Application time: 1.0000736 seconds
[2053.753s][info ][safepoint      ] Entering safepoint region: Cleanup
[2053.753s][info ][safepoint      ] Leaving safepoint region
[2053.753s][info ][safepoint      ] Total time for which application threads were stopped: 0.0001281 seconds, Stopping threads took: 0.0000337 seconds
[2054.753s][info ][safepoint      ] Application time: 1.0000643 seconds
[2054.753s][info ][safepoint      ] Entering safepoint region: Cleanup
[2054.754s][info ][safepoint      ] Leaving safepoint region
[2054.754s][info ][safepoint      ] Total time for which application threads were stopped: 0.0000839 seconds, Stopping threads took: 0.0000137 seconds
[2055.754s][info ][safepoint      ] Application time: 1.0000750 seconds
[2055.754s][info ][safepoint      ] Entering safepoint region: Cleanup
[2055.754s][info ][safepoint      ] Leaving safepoint region
[2055.754s][info ][safepoint      ] Total time for which application threads were stopped: 0.0000761 seconds, Stopping threads took: 0.0000152 seconds
[2056.754s][info ][safepoint      ] Application time: 1.0000729 seconds
[2056.754s][info ][safepoint      ] Entering safepoint region: Cleanup
[2056.754s][info ][safepoint      ] Leaving safepoint region
[2056.754s][info ][safepoint      ] Total time for which application threads were stopped: 0.0000803 seconds, Stopping threads took: 0.0000190 seconds
[2057.754s][info ][safepoint      ] Application time: 1.0000678 seconds
[2057.754s][info ][safepoint      ] Entering safepoint region: Cleanup
[2057.754s][info ][safepoint      ] Leaving safepoint region
[2057.754s][info ][safepoint      ] Total time for which application threads were stopped: 0.0000760 seconds, Stopping threads took: 0.0000149 seconds
[2058.754s][info ][safepoint      ] Application time: 1.0000791 seconds
[2058.754s][info ][safepoint      ] Entering safepoint region: Cleanup
[2058.754s][info ][safepoint      ] Leaving safepoint region
[2058.754s][info ][safepoint      ] Total time for which application threads were stopped: 0.0000626 seconds, Stopping threads took: 0.0000113 seconds
[2059.754s][info ][safepoint      ] Application time: 1.0000719 seconds
[2059.754s][info ][safepoint      ] Entering safepoint region: Cleanup
[2059.755s][info ][safepoint      ] Leaving safepoint region
[2059.755s][info ][safepoint      ] Total time for which application threads were stopped: 0.0000798 seconds, Stopping threads took: 0.0000183 seconds
[2060.755s][info ][safepoint      ] Application time: 1.0000855 seconds
[2060.755s][info ][safepoint      ] Entering safepoint region: Cleanup
[2060.755s][info ][safepoint      ] Leaving safepoint region
[2060.755s][info ][safepoint      ] Total time for which application threads were stopped: 0.0000733 seconds, Stopping threads took: 0.0000211 seconds
[2061.755s][info ][safepoint      ] Application time: 1.0000676 seconds
[2061.755s][info ][safepoint      ] Entering safepoint region: Cleanup
[2061.755s][info ][safepoint      ] Leaving safepoint region
[2061.755s][info ][safepoint      ] Total time for which application threads were stopped: 0.0000673 seconds, Stopping threads took: 0.0000149 seconds
[2062.755s][info ][safepoint      ] Application time: 1.0000551 seconds
[2062.755s][info ][safepoint      ] Entering safepoint region: Cleanup
[2062.755s][info ][safepoint      ] Leaving safepoint region
[2062.755s][info ][safepoint      ] Total time for which application threads were stopped: 0.0000846 seconds, Stopping threads took: 0.0000155 seconds
[2063.755s][info ][safepoint      ] Application time: 1.0000679 seconds
[2063.755s][info ][safepoint      ] Entering safepoint region: Cleanup
[2063.755s][info ][safepoint      ] Leaving safepoint region
[2063.755s][info ][safepoint      ] Total time for which application threads were stopped: 0.0000664 seconds, Stopping threads took: 0.0000152 seconds
[2064.755s][info ][safepoint      ] Application time: 1.0000710 seconds
[2064.755s][info ][safepoint      ] Entering safepoint region: Cleanup
[2064.755s][info ][safepoint      ] Leaving safepoint region
[2064.755s][info ][safepoint      ] Total time for which application threads were stopped: 0.0000728 seconds, Stopping threads took: 0.0000142 seconds
[2065.756s][info ][safepoint      ] Application time: 1.0000733 seconds
[2065.756s][info ][safepoint      ] Entering safepoint region: Cleanup
[2065.756s][info ][safepoint      ] Leaving safepoint region
[2065.756s][info ][safepoint      ] Total time for which application threads were stopped: 0.0000677 seconds, Stopping threads took: 0.0000153 seconds
[2066.756s][info ][safepoint      ] Application time: 1.0000660 seconds
[2066.756s][info ][safepoint      ] Entering safepoint region: Cleanup
[2066.756s][info ][safepoint      ] Leaving safepoint region
[2066.756s][info ][safepoint      ] Total time for which application threads were stopped: 0.0000832 seconds, Stopping threads took: 0.0000318 seconds
[2067.756s][info ][safepoint      ] Application time: 1.0000667 seconds
[2067.756s][info ][safepoint      ] Entering safepoint region: Cleanup
[2067.756s][info ][safepoint      ] Leaving safepoint region
[2067.756s][info ][safepoint      ] Total time for which application threads were stopped: 0.0000613 seconds, Stopping threads took: 0.0000108 seconds
[2068.756s][info ][safepoint      ] Application time: 1.0000563 seconds
[2068.756s][info ][safepoint      ] Entering safepoint region: Cleanup
[2068.756s][info ][safepoint      ] Leaving safepoint region
[2068.756s][info ][safepoint      ] Total time for which application threads were stopped: 0.0000727 seconds, Stopping threads took: 0.0000143 seconds
[2069.756s][info ][safepoint      ] Application time: 1.0000450 seconds
[2069.756s][info ][safepoint      ] Entering safepoint region: Cleanup
[2069.756s][info ][safepoint      ] Leaving safepoint region
[2069.756s][info ][safepoint      ] Total time for which application threads were stopped: 0.0000824 seconds, Stopping threads took: 0.0000143 seconds
[2070.756s][info ][safepoint      ] Application time: 1.0000748 seconds
[2070.756s][info ][safepoint      ] Entering safepoint region: Cleanup
[2070.757s][info ][safepoint      ] Leaving safepoint region
[2070.757s][info ][safepoint      ] Total time for which application threads were stopped: 0.0000702 seconds, Stopping threads took: 0.0000118 seconds
[2071.757s][info ][safepoint      ] Application time: 1.0000755 seconds
[2071.757s][info ][safepoint      ] Entering safepoint region: Cleanup
[2071.757s][info ][safepoint      ] Leaving safepoint region
[2071.757s][info ][safepoint      ] Total time for which application threads were stopped: 0.0000674 seconds, Stopping threads took: 0.0000156 seconds
[2072.757s][info ][safepoint      ] Application time: 1.0000634 seconds
[2072.757s][info ][safepoint      ] Entering safepoint region: Cleanup
[2072.757s][info ][safepoint      ] Leaving safepoint region
[2072.757s][info ][safepoint      ] Total time for which application threads were stopped: 0.0000719 seconds, Stopping threads took: 0.0000146 seconds
[2073.286s][info ][safepoint      ] Application time: 0.5286883 seconds
[2073.286s][info ][safepoint      ] Entering safepoint region: RevokeBias
[2073.286s][info ][safepoint      ] Leaving safepoint region
[2073.286s][info ][safepoint      ] Total time for which application threads were stopped: 0.0000722 seconds, Stopping threads took: 0.0000100 seconds
[2074.286s][info ][safepoint      ] Application time: 1.0000714 seconds
[2074.286s][info ][safepoint      ] Entering safepoint region: Cleanup
[2074.286s][info ][safepoint      ] Leaving safepoint region
[2074.286s][info ][safepoint      ] Total time for which application threads were stopped: 0.0000587 seconds, Stopping threads took: 0.0000115 seconds
[2075.286s][info ][safepoint      ] Application time: 1.0000650 seconds
[2075.286s][info ][safepoint      ] Entering safepoint region: Cleanup
[2075.286s][info ][safepoint      ] Leaving safepoint region
[2075.286s][info ][safepoint      ] Total time for which application threads were stopped: 0.0000647 seconds, Stopping threads took: 0.0000125 seconds
[2076.286s][info ][safepoint      ] Application time: 1.0000805 seconds
[2076.286s][info ][safepoint      ] Entering safepoint region: Cleanup
[2076.286s][info ][safepoint      ] Leaving safepoint region
[2076.286s][info ][safepoint      ] Total time for which application threads were stopped: 0.0000964 seconds, Stopping threads took: 0.0000200 seconds
[2077.286s][info ][safepoint      ] Application time: 1.0000734 seconds
[2077.286s][info ][safepoint      ] Entering safepoint region: Cleanup
[2077.286s][info ][safepoint      ] Leaving safepoint region
[2077.286s][info ][safepoint      ] Total time for which application threads were stopped: 0.0000570 seconds, Stopping threads took: 0.0000120 seconds
[2078.287s][info ][safepoint      ] Application time: 1.0000647 seconds
[2078.287s][info ][safepoint      ] Entering safepoint region: Cleanup
[2078.287s][info ][safepoint      ] Leaving safepoint region
[2078.287s][info ][safepoint      ] Total time for which application threads were stopped: 0.0000734 seconds, Stopping threads took: 0.0000276 seconds
[2079.287s][info ][safepoint      ] Application time: 1.0000732 seconds
[2079.287s][info ][safepoint      ] Entering safepoint region: Cleanup
[2079.287s][info ][safepoint      ] Leaving safepoint region
[2079.287s][info ][safepoint      ] Total time for which application threads were stopped: 0.0000953 seconds, Stopping threads took: 0.0000168 seconds
[2080.287s][info ][safepoint      ] Application time: 1.0000742 seconds
[2080.287s][info ][safepoint      ] Entering safepoint region: Cleanup
[2080.287s][info ][safepoint      ] Leaving safepoint region
[2080.287s][info ][safepoint      ] Total time for which application threads were stopped: 0.0000617 seconds, Stopping threads took: 0.0000138 seconds
[2081.287s][info ][safepoint      ] Application time: 1.0000636 seconds
[2081.287s][info ][safepoint      ] Entering safepoint region: Cleanup
[2081.287s][info ][safepoint      ] Leaving safepoint region
[2081.287s][info ][safepoint      ] Total time for which application threads were stopped: 0.0000646 seconds, Stopping threads took: 0.0000121 seconds
[2082.287s][info ][safepoint      ] Application time: 1.0000708 seconds
[2082.287s][info ][safepoint      ] Entering safepoint region: Cleanup
[2082.287s][info ][safepoint      ] Leaving safepoint region
[2082.287s][info ][safepoint      ] Total time for which application threads were stopped: 0.0000579 seconds, Stopping threads took: 0.0000121 seconds
[2083.287s][info ][safepoint      ] Application time: 1.0000726 seconds
[2083.288s][info ][safepoint      ] Entering safepoint region: Cleanup
[2083.288s][info ][safepoint      ] Leaving safepoint region
[2083.288s][info ][safepoint      ] Total time for which application threads were stopped: 0.0000589 seconds, Stopping threads took: 0.0000126 seconds
[2084.288s][info ][safepoint      ] Application time: 1.0000714 seconds
[2084.288s][info ][safepoint      ] Entering safepoint region: Cleanup
[2084.288s][info ][safepoint      ] Leaving safepoint region
[2084.288s][info ][safepoint      ] Total time for which application threads were stopped: 0.0000664 seconds, Stopping threads took: 0.0000122 seconds
[2085.288s][info ][safepoint      ] Application time: 1.0000727 seconds
[2085.288s][info ][safepoint      ] Entering safepoint region: Cleanup
[2085.288s][info ][safepoint      ] Leaving safepoint region
[2085.288s][info ][safepoint      ] Total time for which application threads were stopped: 0.0000613 seconds, Stopping threads took: 0.0000151 seconds
[2086.288s][info ][safepoint      ] Application time: 1.0000728 seconds
[2086.288s][info ][safepoint      ] Entering safepoint region: Cleanup
[2086.288s][info ][safepoint      ] Leaving safepoint region
[2086.288s][info ][safepoint      ] Total time for which application threads were stopped: 0.0000602 seconds, Stopping threads took: 0.0000127 seconds
[2087.288s][info ][safepoint      ] Application time: 1.0000759 seconds
[2087.288s][info ][safepoint      ] Entering safepoint region: Cleanup
[2087.288s][info ][safepoint      ] Leaving safepoint region
[2087.288s][info ][safepoint      ] Total time for which application threads were stopped: 0.0000605 seconds, Stopping threads took: 0.0000128 seconds
[2087.430s][info ][safepoint      ] Application time: 0.1420724 seconds
[2087.430s][info ][safepoint      ] Entering safepoint region: ParallelGCFailedAllocation
[2087.431s][info ][gc,start       ] GC(82) Pause Young (Allocation Failure)
[2087.438s][debug][gc,phases      ] GC(82) Scavenge 7.606ms
[2087.438s][debug][gc,ref         ] GC(82) Skipped phase1 of Reference Processing due to unavailable references
[2087.438s][debug][gc,ref         ] GC(82) Skipped phase3 of Reference Processing due to unavailable references
[2087.438s][debug][gc,phases      ] GC(82) Reference Processing 0.048ms
[2087.438s][debug][gc,phases      ] GC(82) Weak Processing 0.133ms
[2087.439s][debug][gc,phases      ] GC(82) Scrub String Table 0.434ms
[2087.439s][debug][gc,age         ] GC(82) Desired survivor size 50331648 bytes, new threshold 14 (max threshold 15)
[2087.439s][info ][gc,heap        ] GC(82) PSYoungGen: 2041328K->35056K(2041344K)
[2087.439s][info ][gc,heap        ] GC(82) ParOldGen: 244114K->244534K(258048K)
[2087.439s][info ][gc,metaspace   ] GC(82) Metaspace: 72533K->72533K(1116160K)
[2087.439s][info ][gc             ] GC(82) Pause Young (Allocation Failure) 2231M->273M(2245M) 8.340ms
[2087.439s][info ][gc,cpu         ] GC(82) User=0.03s Sys=0.00s Real=0.01s
[2087.439s][info ][safepoint      ] Leaving safepoint region
[2087.439s][info ][safepoint      ] Total time for which application threads were stopped: 0.0085041 seconds, Stopping threads took: 0.0000361 seconds
[2088.439s][info ][safepoint      ] Application time: 1.0000835 seconds
[2088.439s][info ][safepoint      ] Entering safepoint region: Cleanup
[2088.439s][info ][safepoint      ] Leaving safepoint region
[2088.439s][info ][safepoint      ] Total time for which application threads were stopped: 0.0000567 seconds, Stopping threads took: 0.0000118 seconds
[2089.439s][info ][safepoint      ] Application time: 1.0000649 seconds
[2089.439s][info ][safepoint      ] Entering safepoint region: Cleanup
[2089.439s][info ][safepoint      ] Leaving safepoint region
[2089.439s][info ][safepoint      ] Total time for which application threads were stopped: 0.0000616 seconds, Stopping threads took: 0.0000155 seconds
[2090.439s][info ][safepoint      ] Application time: 1.0000771 seconds
[2090.439s][info ][safepoint      ] Entering safepoint region: Cleanup
[2090.439s][info ][safepoint      ] Leaving safepoint region
[2090.439s][info ][safepoint      ] Total time for which application threads were stopped: 0.0000933 seconds, Stopping threads took: 0.0000412 seconds
[2091.440s][info ][safepoint      ] Application time: 1.0000700 seconds
[2091.440s][info ][safepoint      ] Entering safepoint region: Cleanup
[2091.440s][info ][safepoint      ] Leaving safepoint region
[2091.440s][info ][safepoint      ] Total time for which application threads were stopped: 0.0000714 seconds, Stopping threads took: 0.0000121 seconds
[2092.440s][info ][safepoint      ] Application time: 1.0000697 seconds
[2092.440s][info ][safepoint      ] Entering safepoint region: Cleanup
[2092.440s][info ][safepoint      ] Leaving safepoint region
[2092.440s][info ][safepoint      ] Total time for which application threads were stopped: 0.0000590 seconds, Stopping threads took: 0.0000110 seconds
[2093.440s][info ][safepoint      ] Application time: 1.0000692 seconds
[2093.440s][info ][safepoint      ] Entering safepoint region: Cleanup
[2093.440s][info ][safepoint      ] Leaving safepoint region
[2093.440s][info ][safepoint      ] Total time for which application threads were stopped: 0.0000590 seconds, Stopping threads took: 0.0000116 seconds
[2094.440s][info ][safepoint      ] Application time: 1.0000678 seconds
[2094.440s][info ][safepoint      ] Entering safepoint region: Cleanup
[2094.440s][info ][safepoint      ] Leaving safepoint region
[2094.440s][info ][safepoint      ] Total time for which application threads were stopped: 0.0000857 seconds, Stopping threads took: 0.0000286 seconds
[2095.440s][info ][safepoint      ] Application time: 1.0000744 seconds
[2095.440s][info ][safepoint      ] Entering safepoint region: Cleanup
[2095.440s][info ][safepoint      ] Leaving safepoint region
[2095.440s][info ][safepoint      ] Total time for which application threads were stopped: 0.0000809 seconds, Stopping threads took: 0.0000207 seconds
[2096.440s][info ][safepoint      ] Application time: 1.0000716 seconds
[2096.441s][info ][safepoint      ] Entering safepoint region: Cleanup
[2096.441s][info ][safepoint      ] Leaving safepoint region
[2096.441s][info ][safepoint      ] Total time for which application threads were stopped: 0.0000744 seconds, Stopping threads took: 0.0000118 seconds
[2097.441s][info ][safepoint      ] Application time: 1.0000709 seconds
[2097.441s][info ][safepoint      ] Entering safepoint region: Cleanup
[2097.441s][info ][safepoint      ] Leaving safepoint region
[2097.441s][info ][safepoint      ] Total time for which application threads were stopped: 0.0000859 seconds, Stopping threads took: 0.0000184 seconds
[2098.441s][info ][safepoint      ] Application time: 1.0000723 seconds
[2098.441s][info ][safepoint      ] Entering safepoint region: Cleanup
[2098.441s][info ][safepoint      ] Leaving safepoint region
[2098.441s][info ][safepoint      ] Total time for which application threads were stopped: 0.0000564 seconds, Stopping threads took: 0.0000120 seconds
[2099.441s][info ][safepoint      ] Application time: 1.0000662 seconds
[2099.441s][info ][safepoint      ] Entering safepoint region: Cleanup
[2099.441s][info ][safepoint      ] Leaving safepoint region
[2099.441s][info ][safepoint      ] Total time for which application threads were stopped: 0.0000843 seconds, Stopping threads took: 0.0000158 seconds
[2100.441s][info ][safepoint      ] Application time: 1.0000794 seconds
[2100.441s][info ][safepoint      ] Entering safepoint region: Cleanup
[2100.441s][info ][safepoint      ] Leaving safepoint region
[2100.441s][info ][safepoint      ] Total time for which application threads were stopped: 0.0000747 seconds, Stopping threads took: 0.0000169 seconds
[2101.441s][info ][safepoint      ] Application time: 1.0000729 seconds
[2101.442s][info ][safepoint      ] Entering safepoint region: Cleanup
[2101.442s][info ][safepoint      ] Leaving safepoint region
[2101.442s][info ][safepoint      ] Total time for which application threads were stopped: 0.0000597 seconds, Stopping threads took: 0.0000124 seconds
[2102.442s][info ][safepoint      ] Application time: 1.0000727 seconds
[2102.442s][info ][safepoint      ] Entering safepoint region: Cleanup
[2102.442s][info ][safepoint      ] Leaving safepoint region
[2102.442s][info ][safepoint      ] Total time for which application threads were stopped: 0.0000707 seconds, Stopping threads took: 0.0000132 seconds
[2103.442s][info ][safepoint      ] Application time: 1.0000262 seconds
[2103.442s][info ][safepoint      ] Entering safepoint region: Cleanup
[2103.442s][info ][safepoint      ] Leaving safepoint region
[2103.442s][info ][safepoint      ] Total time for which application threads were stopped: 0.0000622 seconds, Stopping threads took: 0.0000130 seconds
[2104.442s][info ][safepoint      ] Application time: 1.0000734 seconds
[2104.442s][info ][safepoint      ] Entering safepoint region: Cleanup
[2104.442s][info ][safepoint      ] Leaving safepoint region
[2104.442s][info ][safepoint      ] Total time for which application threads were stopped: 0.0000650 seconds, Stopping threads took: 0.0000127 seconds
[2105.442s][info ][safepoint      ] Application time: 1.0000678 seconds
[2105.442s][info ][safepoint      ] Entering safepoint region: Cleanup
[2105.442s][info ][safepoint      ] Leaving safepoint region
[2105.442s][info ][safepoint      ] Total time for which application threads were stopped: 0.0000616 seconds, Stopping threads took: 0.0000125 seconds
[2106.442s][info ][safepoint      ] Application time: 1.0000805 seconds
[2106.442s][info ][safepoint      ] Entering safepoint region: Cleanup
[2106.442s][info ][safepoint      ] Leaving safepoint region
[2106.442s][info ][safepoint      ] Total time for which application threads were stopped: 0.0000644 seconds, Stopping threads took: 0.0000137 seconds
[2107.443s][info ][safepoint      ] Application time: 1.0000660 seconds
[2107.443s][info ][safepoint      ] Entering safepoint region: Cleanup
[2107.443s][info ][safepoint      ] Leaving safepoint region
[2107.443s][info ][safepoint      ] Total time for which application threads were stopped: 0.0000960 seconds, Stopping threads took: 0.0000329 seconds
[2108.443s][info ][safepoint      ] Application time: 1.0000778 seconds
[2108.443s][info ][safepoint      ] Entering safepoint region: Cleanup
[2108.443s][info ][safepoint      ] Leaving safepoint region
[2108.443s][info ][safepoint      ] Total time for which application threads were stopped: 0.0000898 seconds, Stopping threads took: 0.0000345 seconds
[2109.443s][info ][safepoint      ] Application time: 1.0000703 seconds
[2109.443s][info ][safepoint      ] Entering safepoint region: Cleanup
[2109.443s][info ][safepoint      ] Leaving safepoint region
[2109.443s][info ][safepoint      ] Total time for which application threads were stopped: 0.0000720 seconds, Stopping threads took: 0.0000147 seconds
[2110.443s][info ][safepoint      ] Application time: 1.0000896 seconds
[2110.443s][info ][safepoint      ] Entering safepoint region: Cleanup
[2110.443s][info ][safepoint      ] Leaving safepoint region
[2110.443s][info ][safepoint      ] Total time for which application threads were stopped: 0.0000650 seconds, Stopping threads took: 0.0000144 seconds
[2111.443s][info ][safepoint      ] Application time: 1.0000682 seconds
[2111.443s][info ][safepoint      ] Entering safepoint region: Cleanup
[2111.443s][info ][safepoint      ] Leaving safepoint region
[2111.443s][info ][safepoint      ] Total time for which application threads were stopped: 0.0000747 seconds, Stopping threads took: 0.0000193 seconds
[2112.444s][info ][safepoint      ] Application time: 1.0000712 seconds
[2112.444s][info ][safepoint      ] Entering safepoint region: Cleanup
[2112.444s][info ][safepoint      ] Leaving safepoint region
[2112.444s][info ][safepoint      ] Total time for which application threads were stopped: 0.0000622 seconds, Stopping threads took: 0.0000138 seconds
[2113.444s][info ][safepoint      ] Application time: 1.0000816 seconds
[2113.444s][info ][safepoint      ] Entering safepoint region: Cleanup
[2113.444s][info ][safepoint      ] Leaving safepoint region
[2113.444s][info ][safepoint      ] Total time for which application threads were stopped: 0.0000775 seconds, Stopping threads took: 0.0000178 seconds
[2114.444s][info ][safepoint      ] Application time: 1.0000737 seconds
[2114.444s][info ][safepoint      ] Entering safepoint region: Cleanup
[2114.444s][info ][safepoint      ] Leaving safepoint region
[2114.444s][info ][safepoint      ] Total time for which application threads were stopped: 0.0000762 seconds, Stopping threads took: 0.0000177 seconds
[2115.444s][info ][safepoint      ] Application time: 1.0000730 seconds
[2115.444s][info ][safepoint      ] Entering safepoint region: Cleanup
[2115.444s][info ][safepoint      ] Leaving safepoint region
[2115.444s][info ][safepoint      ] Total time for which application threads were stopped: 0.0000748 seconds, Stopping threads took: 0.0000146 seconds
[2116.444s][info ][safepoint      ] Application time: 1.0000808 seconds
[2116.444s][info ][safepoint      ] Entering safepoint region: Cleanup
[2116.445s][info ][safepoint      ] Leaving safepoint region
[2116.445s][info ][safepoint      ] Total time for which application threads were stopped: 0.0001346 seconds, Stopping threads took: 0.0000217 seconds
[2117.445s][info ][safepoint      ] Application time: 1.0000782 seconds
[2117.445s][info ][safepoint      ] Entering safepoint region: Cleanup
[2117.445s][info ][safepoint      ] Leaving safepoint region
[2117.445s][info ][safepoint      ] Total time for which application threads were stopped: 0.0000882 seconds, Stopping threads took: 0.0000206 seconds
[2118.445s][info ][safepoint      ] Application time: 1.0000887 seconds
[2118.445s][info ][safepoint      ] Entering safepoint region: Cleanup
[2118.445s][info ][safepoint      ] Leaving safepoint region
[2118.445s][info ][safepoint      ] Total time for which application threads were stopped: 0.0000892 seconds, Stopping threads took: 0.0000203 seconds
[2119.445s][info ][safepoint      ] Application time: 1.0000709 seconds
[2119.445s][info ][safepoint      ] Entering safepoint region: Cleanup
[2119.445s][info ][safepoint      ] Leaving safepoint region
[2119.445s][info ][safepoint      ] Total time for which application threads were stopped: 0.0000689 seconds, Stopping threads took: 0.0000149 seconds
[2120.445s][info ][safepoint      ] Application time: 1.0000721 seconds
[2120.445s][info ][safepoint      ] Entering safepoint region: Cleanup
[2120.445s][info ][safepoint      ] Leaving safepoint region
[2120.445s][info ][safepoint      ] Total time for which application threads were stopped: 0.0000730 seconds, Stopping threads took: 0.0000160 seconds
[2121.445s][info ][safepoint      ] Application time: 1.0000761 seconds
[2121.446s][info ][safepoint      ] Entering safepoint region: Cleanup
[2121.446s][info ][safepoint      ] Leaving safepoint region
[2121.446s][info ][safepoint      ] Total time for which application threads were stopped: 0.0001010 seconds, Stopping threads took: 0.0000157 seconds
[2122.446s][info ][safepoint      ] Application time: 1.0000625 seconds
[2122.446s][info ][safepoint      ] Entering safepoint region: Cleanup
[2122.446s][info ][safepoint      ] Leaving safepoint region
[2122.446s][info ][safepoint      ] Total time for which application threads were stopped: 0.0000899 seconds, Stopping threads took: 0.0000158 seconds
[2123.446s][info ][safepoint      ] Application time: 1.0000699 seconds
[2123.446s][info ][safepoint      ] Entering safepoint region: Cleanup
[2123.446s][info ][safepoint      ] Leaving safepoint region
[2123.446s][info ][safepoint      ] Total time for which application threads were stopped: 0.0000708 seconds, Stopping threads took: 0.0000162 seconds
[2124.446s][info ][safepoint      ] Application time: 1.0000704 seconds
[2124.446s][info ][safepoint      ] Entering safepoint region: Cleanup
[2124.446s][info ][safepoint      ] Leaving safepoint region
[2124.446s][info ][safepoint      ] Total time for which application threads were stopped: 0.0000705 seconds, Stopping threads took: 0.0000156 seconds
[2125.446s][info ][safepoint      ] Application time: 1.0000790 seconds
[2125.446s][info ][safepoint      ] Entering safepoint region: Cleanup
[2125.446s][info ][safepoint      ] Leaving safepoint region
[2125.446s][info ][safepoint      ] Total time for which application threads were stopped: 0.0000882 seconds, Stopping threads took: 0.0000205 seconds
[2126.446s][info ][safepoint      ] Application time: 1.0000737 seconds
[2126.447s][info ][safepoint      ] Entering safepoint region: Cleanup
[2126.447s][info ][safepoint      ] Leaving safepoint region
[2126.447s][info ][safepoint      ] Total time for which application threads were stopped: 0.0000787 seconds, Stopping threads took: 0.0000158 seconds
[2127.447s][info ][safepoint      ] Application time: 1.0000745 seconds
[2127.447s][info ][safepoint      ] Entering safepoint region: Cleanup
[2127.447s][info ][safepoint      ] Leaving safepoint region
[2127.447s][info ][safepoint      ] Total time for which application threads were stopped: 0.0000985 seconds, Stopping threads took: 0.0000191 seconds
[2128.447s][info ][safepoint      ] Application time: 1.0000773 seconds
[2128.447s][info ][safepoint      ] Entering safepoint region: Cleanup
[2128.447s][info ][safepoint      ] Leaving safepoint region
[2128.447s][info ][safepoint      ] Total time for which application threads were stopped: 0.0000792 seconds, Stopping threads took: 0.0000156 seconds
[2129.447s][info ][safepoint      ] Application time: 1.0000675 seconds
[2129.447s][info ][safepoint      ] Entering safepoint region: Cleanup
[2129.447s][info ][safepoint      ] Leaving safepoint region
[2129.447s][info ][safepoint      ] Total time for which application threads were stopped: 0.0000697 seconds, Stopping threads took: 0.0000153 seconds
[2130.447s][info ][safepoint      ] Application time: 1.0000775 seconds
[2130.447s][info ][safepoint      ] Entering safepoint region: Cleanup
[2130.447s][info ][safepoint      ] Leaving safepoint region
[2130.447s][info ][safepoint      ] Total time for which application threads were stopped: 0.0000883 seconds, Stopping threads took: 0.0000165 seconds
[2131.448s][info ][safepoint      ] Application time: 1.0000852 seconds
[2131.448s][info ][safepoint      ] Entering safepoint region: Cleanup
[2131.448s][info ][safepoint      ] Leaving safepoint region
[2131.448s][info ][safepoint      ] Total time for which application threads were stopped: 0.0000878 seconds, Stopping threads took: 0.0000332 seconds
[2132.448s][info ][safepoint      ] Application time: 1.0000537 seconds
[2132.448s][info ][safepoint      ] Entering safepoint region: Cleanup
[2132.448s][info ][safepoint      ] Leaving safepoint region
[2132.448s][info ][safepoint      ] Total time for which application threads were stopped: 0.0000905 seconds, Stopping threads took: 0.0000213 seconds
[2133.448s][info ][safepoint      ] Application time: 1.0000811 seconds
[2133.448s][info ][safepoint      ] Entering safepoint region: Cleanup
[2133.448s][info ][safepoint      ] Leaving safepoint region
[2133.448s][info ][safepoint      ] Total time for which application threads were stopped: 0.0000820 seconds, Stopping threads took: 0.0000150 seconds
[2134.448s][info ][safepoint      ] Application time: 1.0000485 seconds
[2134.448s][info ][safepoint      ] Entering safepoint region: Cleanup
[2134.448s][info ][safepoint      ] Leaving safepoint region
[2134.448s][info ][safepoint      ] Total time for which application threads were stopped: 0.0000777 seconds, Stopping threads took: 0.0000174 seconds
[2135.448s][info ][safepoint      ] Application time: 1.0000771 seconds
[2135.448s][info ][safepoint      ] Entering safepoint region: Cleanup
[2135.448s][info ][safepoint      ] Leaving safepoint region
[2135.448s][info ][safepoint      ] Total time for which application threads were stopped: 0.0001038 seconds, Stopping threads took: 0.0000193 seconds
[2136.449s][info ][safepoint      ] Application time: 1.0000712 seconds
[2136.449s][info ][safepoint      ] Entering safepoint region: Cleanup
[2136.449s][info ][safepoint      ] Leaving safepoint region
[2136.449s][info ][safepoint      ] Total time for which application threads were stopped: 0.0001146 seconds, Stopping threads took: 0.0000231 seconds
[2137.449s][info ][safepoint      ] Application time: 1.0000817 seconds
[2137.449s][info ][safepoint      ] Entering safepoint region: Cleanup
[2137.449s][info ][safepoint      ] Leaving safepoint region
[2137.449s][info ][safepoint      ] Total time for which application threads were stopped: 0.0000865 seconds, Stopping threads took: 0.0000204 seconds
[2138.127s][info ][safepoint      ] Application time: 0.6780588 seconds
[2138.127s][info ][safepoint      ] Entering safepoint region: ParallelGCFailedAllocation
[2138.127s][info ][gc,start       ] GC(83) Pause Young (Allocation Failure)
[2138.134s][debug][gc,phases      ] GC(83) Scavenge 7.076ms
[2138.134s][debug][gc,ref         ] GC(83) Skipped phase1 of Reference Processing due to unavailable references
[2138.134s][debug][gc,ref         ] GC(83) Skipped phase3 of Reference Processing due to unavailable references
[2138.134s][debug][gc,phases      ] GC(83) Reference Processing 0.034ms
[2138.134s][debug][gc,phases      ] GC(83) Weak Processing 0.134ms
[2138.135s][debug][gc,phases      ] GC(83) Scrub String Table 0.442ms
[2138.135s][debug][gc,age         ] GC(83) Desired survivor size 51904512 bytes, new threshold 15 (max threshold 15)
[2138.135s][info ][gc,heap        ] GC(83) PSYoungGen: 2041072K->33872K(2044928K)
[2138.135s][info ][gc,heap        ] GC(83) ParOldGen: 244534K->244534K(258048K)
[2138.135s][info ][gc,metaspace   ] GC(83) Metaspace: 72543K->72543K(1116160K)
[2138.135s][info ][gc             ] GC(83) Pause Young (Allocation Failure) 2232M->271M(2249M) 7.815ms
[2138.135s][info ][gc,cpu         ] GC(83) User=0.03s Sys=0.00s Real=0.01s
[2138.135s][info ][safepoint      ] Leaving safepoint region
[2138.135s][info ][safepoint      ] Total time for which application threads were stopped: 0.0079866 seconds, Stopping threads took: 0.0000353 seconds
[2139.135s][info ][safepoint      ] Application time: 1.0000964 seconds
[2139.135s][info ][safepoint      ] Entering safepoint region: Cleanup
[2139.135s][info ][safepoint      ] Leaving safepoint region
[2139.135s][info ][safepoint      ] Total time for which application threads were stopped: 0.0000939 seconds, Stopping threads took: 0.0000335 seconds
[2140.135s][info ][safepoint      ] Application time: 1.0000766 seconds
[2140.135s][info ][safepoint      ] Entering safepoint region: Cleanup
[2140.135s][info ][safepoint      ] Leaving safepoint region
[2140.135s][info ][safepoint      ] Total time for which application threads were stopped: 0.0000635 seconds, Stopping threads took: 0.0000115 seconds
[2141.136s][info ][safepoint      ] Application time: 1.0000666 seconds
[2141.136s][info ][safepoint      ] Entering safepoint region: Cleanup
[2141.136s][info ][safepoint      ] Leaving safepoint region
[2141.136s][info ][safepoint      ] Total time for which application threads were stopped: 0.0000635 seconds, Stopping threads took: 0.0000129 seconds
[2142.136s][info ][safepoint      ] Application time: 1.0000738 seconds
[2142.136s][info ][safepoint      ] Entering safepoint region: Cleanup
[2142.136s][info ][safepoint      ] Leaving safepoint region
[2142.136s][info ][safepoint      ] Total time for which application threads were stopped: 0.0000958 seconds, Stopping threads took: 0.0000408 seconds
[2143.136s][info ][safepoint      ] Application time: 1.0000781 seconds
[2143.136s][info ][safepoint      ] Entering safepoint region: Cleanup
[2143.136s][info ][safepoint      ] Leaving safepoint region
[2143.136s][info ][safepoint      ] Total time for which application threads were stopped: 0.0000689 seconds, Stopping threads took: 0.0000120 seconds
[2144.136s][info ][safepoint      ] Application time: 1.0000664 seconds
[2144.136s][info ][safepoint      ] Entering safepoint region: Cleanup
[2144.136s][info ][safepoint      ] Leaving safepoint region
[2144.136s][info ][safepoint      ] Total time for which application threads were stopped: 0.0000745 seconds, Stopping threads took: 0.0000222 seconds
[2145.136s][info ][safepoint      ] Application time: 1.0000716 seconds
[2145.136s][info ][safepoint      ] Entering safepoint region: Cleanup
[2145.136s][info ][safepoint      ] Leaving safepoint region
[2145.136s][info ][safepoint      ] Total time for which application threads were stopped: 0.0000629 seconds, Stopping threads took: 0.0000125 seconds
[2146.136s][info ][safepoint      ] Application time: 1.0000717 seconds
[2146.137s][info ][safepoint      ] Entering safepoint region: Cleanup
[2146.137s][info ][safepoint      ] Leaving safepoint region
[2146.137s][info ][safepoint      ] Total time for which application threads were stopped: 0.0000642 seconds, Stopping threads took: 0.0000131 seconds
[2147.137s][info ][safepoint      ] Application time: 1.0000780 seconds
[2147.137s][info ][safepoint      ] Entering safepoint region: Cleanup
[2147.137s][info ][safepoint      ] Leaving safepoint region
[2147.137s][info ][safepoint      ] Total time for which application threads were stopped: 0.0000794 seconds, Stopping threads took: 0.0000169 seconds
[2148.137s][info ][safepoint      ] Application time: 1.0000775 seconds
[2148.137s][info ][safepoint      ] Entering safepoint region: Cleanup
[2148.137s][info ][safepoint      ] Leaving safepoint region
[2148.137s][info ][safepoint      ] Total time for which application threads were stopped: 0.0000634 seconds, Stopping threads took: 0.0000122 seconds
[2149.137s][info ][safepoint      ] Application time: 1.0000706 seconds
[2149.137s][info ][safepoint      ] Entering safepoint region: Cleanup
[2149.137s][info ][safepoint      ] Leaving safepoint region
[2149.137s][info ][safepoint      ] Total time for which application threads were stopped: 0.0000640 seconds, Stopping threads took: 0.0000129 seconds
[2150.137s][info ][safepoint      ] Application time: 1.0000683 seconds
[2150.137s][info ][safepoint      ] Entering safepoint region: Cleanup
[2150.137s][info ][safepoint      ] Leaving safepoint region
[2150.137s][info ][safepoint      ] Total time for which application threads were stopped: 0.0000734 seconds, Stopping threads took: 0.0000127 seconds
[2151.137s][info ][safepoint      ] Application time: 1.0000812 seconds
[2151.137s][info ][safepoint      ] Entering safepoint region: Cleanup
[2151.138s][info ][safepoint      ] Leaving safepoint region
[2151.138s][info ][safepoint      ] Total time for which application threads were stopped: 0.0000857 seconds, Stopping threads took: 0.0000195 seconds
[2152.138s][info ][safepoint      ] Application time: 1.0000742 seconds
[2152.138s][info ][safepoint      ] Entering safepoint region: Cleanup
[2152.138s][info ][safepoint      ] Leaving safepoint region
[2152.138s][info ][safepoint      ] Total time for which application threads were stopped: 0.0000630 seconds, Stopping threads took: 0.0000131 seconds
[2153.138s][info ][safepoint      ] Application time: 1.0000636 seconds
[2153.138s][info ][safepoint      ] Entering safepoint region: Cleanup
[2153.138s][info ][safepoint      ] Leaving safepoint region
[2153.138s][info ][safepoint      ] Total time for which application threads were stopped: 0.0000802 seconds, Stopping threads took: 0.0000223 seconds
[2154.138s][info ][safepoint      ] Application time: 1.0000729 seconds
[2154.138s][info ][safepoint      ] Entering safepoint region: Cleanup
[2154.138s][info ][safepoint      ] Leaving safepoint region
[2154.138s][info ][safepoint      ] Total time for which application threads were stopped: 0.0000762 seconds, Stopping threads took: 0.0000135 seconds
[2155.138s][info ][safepoint      ] Application time: 1.0000747 seconds
[2155.138s][info ][safepoint      ] Entering safepoint region: Cleanup
[2155.138s][info ][safepoint      ] Leaving safepoint region
[2155.138s][info ][safepoint      ] Total time for which application threads were stopped: 0.0000751 seconds, Stopping threads took: 0.0000135 seconds
[2156.138s][info ][safepoint      ] Application time: 1.0000649 seconds
[2156.138s][info ][safepoint      ] Entering safepoint region: Cleanup
[2156.138s][info ][safepoint      ] Leaving safepoint region
[2156.139s][info ][safepoint      ] Total time for which application threads were stopped: 0.0000833 seconds, Stopping threads took: 0.0000127 seconds
[2157.139s][info ][safepoint      ] Application time: 1.0002127 seconds
[2157.139s][info ][safepoint      ] Entering safepoint region: Cleanup
[2157.139s][info ][safepoint      ] Leaving safepoint region
[2157.139s][info ][safepoint      ] Total time for which application threads were stopped: 0.0000689 seconds, Stopping threads took: 0.0000136 seconds
[2158.139s][info ][safepoint      ] Application time: 1.0000690 seconds
[2158.139s][info ][safepoint      ] Entering safepoint region: Cleanup
[2158.139s][info ][safepoint      ] Leaving safepoint region
[2158.139s][info ][safepoint      ] Total time for which application threads were stopped: 0.0000779 seconds, Stopping threads took: 0.0000175 seconds
[2159.139s][info ][safepoint      ] Application time: 1.0000717 seconds
[2159.139s][info ][safepoint      ] Entering safepoint region: Cleanup
[2159.139s][info ][safepoint      ] Leaving safepoint region
[2159.139s][info ][safepoint      ] Total time for which application threads were stopped: 0.0000667 seconds, Stopping threads took: 0.0000130 seconds
[2160.139s][info ][safepoint      ] Application time: 1.0000708 seconds
[2160.139s][info ][safepoint      ] Entering safepoint region: Cleanup
[2160.139s][info ][safepoint      ] Leaving safepoint region
[2160.139s][info ][safepoint      ] Total time for which application threads were stopped: 0.0000704 seconds, Stopping threads took: 0.0000135 seconds
[2161.139s][info ][safepoint      ] Application time: 1.0000785 seconds
[2161.140s][info ][safepoint      ] Entering safepoint region: Cleanup
[2161.140s][info ][safepoint      ] Leaving safepoint region
[2161.140s][info ][safepoint      ] Total time for which application threads were stopped: 0.0000905 seconds, Stopping threads took: 0.0000192 seconds
[2162.140s][info ][safepoint      ] Application time: 1.0000725 seconds
[2162.140s][info ][safepoint      ] Entering safepoint region: Cleanup
[2162.140s][info ][safepoint      ] Leaving safepoint region
[2162.140s][info ][safepoint      ] Total time for which application threads were stopped: 0.0000641 seconds, Stopping threads took: 0.0000137 seconds
[2163.140s][info ][safepoint      ] Application time: 1.0000712 seconds
[2163.140s][info ][safepoint      ] Entering safepoint region: Cleanup
[2163.140s][info ][safepoint      ] Leaving safepoint region
[2163.140s][info ][safepoint      ] Total time for which application threads were stopped: 0.0000684 seconds, Stopping threads took: 0.0000152 seconds
[2164.140s][info ][safepoint      ] Application time: 1.0000737 seconds
[2164.140s][info ][safepoint      ] Entering safepoint region: Cleanup
[2164.140s][info ][safepoint      ] Leaving safepoint region
[2164.140s][info ][safepoint      ] Total time for which application threads were stopped: 0.0000656 seconds, Stopping threads took: 0.0000137 seconds
[2165.140s][info ][safepoint      ] Application time: 1.0000738 seconds
[2165.140s][info ][safepoint      ] Entering safepoint region: Cleanup
[2165.140s][info ][safepoint      ] Leaving safepoint region
[2165.140s][info ][safepoint      ] Total time for which application threads were stopped: 0.0000651 seconds, Stopping threads took: 0.0000128 seconds
[2166.140s][info ][safepoint      ] Application time: 1.0000672 seconds
[2166.140s][info ][safepoint      ] Entering safepoint region: Cleanup
[2166.141s][info ][safepoint      ] Leaving safepoint region
[2166.141s][info ][safepoint      ] Total time for which application threads were stopped: 0.0000694 seconds, Stopping threads took: 0.0000126 seconds
[2167.141s][info ][safepoint      ] Application time: 1.0000731 seconds
[2167.141s][info ][safepoint      ] Entering safepoint region: Cleanup
[2167.141s][info ][safepoint      ] Leaving safepoint region
[2167.141s][info ][safepoint      ] Total time for which application threads were stopped: 0.0000857 seconds, Stopping threads took: 0.0000201 seconds
[2168.141s][info ][safepoint      ] Application time: 1.0001225 seconds
[2168.141s][info ][safepoint      ] Entering safepoint region: Cleanup
[2168.141s][info ][safepoint      ] Leaving safepoint region
[2168.141s][info ][safepoint      ] Total time for which application threads were stopped: 0.0001010 seconds, Stopping threads took: 0.0000168 seconds
[2169.141s][info ][safepoint      ] Application time: 1.0000795 seconds
[2169.141s][info ][safepoint      ] Entering safepoint region: Cleanup
[2169.141s][info ][safepoint      ] Leaving safepoint region
[2169.141s][info ][safepoint      ] Total time for which application threads were stopped: 0.0000699 seconds, Stopping threads took: 0.0000145 seconds
[2170.141s][info ][safepoint      ] Application time: 1.0000352 seconds
[2170.141s][info ][safepoint      ] Entering safepoint region: Cleanup
[2170.141s][info ][safepoint      ] Leaving safepoint region
[2170.141s][info ][safepoint      ] Total time for which application threads were stopped: 0.0000863 seconds, Stopping threads took: 0.0000317 seconds
[2171.141s][info ][safepoint      ] Application time: 1.0000721 seconds
[2171.142s][info ][safepoint      ] Entering safepoint region: Cleanup
[2171.142s][info ][safepoint      ] Leaving safepoint region
[2171.142s][info ][safepoint      ] Total time for which application threads were stopped: 0.0000671 seconds, Stopping threads took: 0.0000132 seconds
[2172.142s][info ][safepoint      ] Application time: 1.0000708 seconds
[2172.142s][info ][safepoint      ] Entering safepoint region: Cleanup
[2172.142s][info ][safepoint      ] Leaving safepoint region
[2172.142s][info ][safepoint      ] Total time for which application threads were stopped: 0.0000813 seconds, Stopping threads took: 0.0000178 seconds
[2173.142s][info ][safepoint      ] Application time: 1.0000769 seconds
[2173.142s][info ][safepoint      ] Entering safepoint region: Cleanup
[2173.142s][info ][safepoint      ] Leaving safepoint region
[2173.142s][info ][safepoint      ] Total time for which application threads were stopped: 0.0000810 seconds, Stopping threads took: 0.0000177 seconds
[2174.142s][info ][safepoint      ] Application time: 1.0000674 seconds
[2174.142s][info ][safepoint      ] Entering safepoint region: Cleanup
[2174.142s][info ][safepoint      ] Leaving safepoint region
[2174.142s][info ][safepoint      ] Total time for which application threads were stopped: 0.0000852 seconds, Stopping threads took: 0.0000315 seconds
[2175.142s][info ][safepoint      ] Application time: 1.0000803 seconds
[2175.142s][info ][safepoint      ] Entering safepoint region: Cleanup
[2175.142s][info ][safepoint      ] Leaving safepoint region
[2175.142s][info ][safepoint      ] Total time for which application threads were stopped: 0.0000790 seconds, Stopping threads took: 0.0000187 seconds
[2176.142s][info ][safepoint      ] Application time: 1.0000707 seconds
[2176.143s][info ][safepoint      ] Entering safepoint region: Cleanup
[2176.143s][info ][safepoint      ] Leaving safepoint region
[2176.143s][info ][safepoint      ] Total time for which application threads were stopped: 0.0001001 seconds, Stopping threads took: 0.0000192 seconds
[2176.340s][info ][safepoint      ] Application time: 0.1973824 seconds
[2176.340s][info ][safepoint      ] Entering safepoint region: RevokeBias
[2176.340s][info ][safepoint      ] Leaving safepoint region
[2176.340s][info ][safepoint      ] Total time for which application threads were stopped: 0.0001009 seconds, Stopping threads took: 0.0000350 seconds
[2176.340s][info ][safepoint      ] Application time: 0.0000617 seconds
[2176.340s][info ][safepoint      ] Entering safepoint region: RevokeBias
[2176.340s][info ][safepoint      ] Leaving safepoint region
[2176.340s][info ][safepoint      ] Total time for which application threads were stopped: 0.0000290 seconds, Stopping threads took: 0.0000037 seconds
[2177.300s][info ][safepoint      ] Application time: 0.9597912 seconds
[2177.300s][info ][safepoint      ] Entering safepoint region: Deoptimize
[2177.302s][info ][safepoint      ] Leaving safepoint region
[2177.302s][info ][safepoint      ] Total time for which application threads were stopped: 0.0018949 seconds, Stopping threads took: 0.0000119 seconds
[2178.302s][info ][safepoint      ] Application time: 1.0000309 seconds
[2178.302s][info ][safepoint      ] Entering safepoint region: Cleanup
[2178.302s][info ][safepoint      ] Leaving safepoint region
[2178.302s][info ][safepoint      ] Total time for which application threads were stopped: 0.0000835 seconds, Stopping threads took: 0.0000209 seconds
[2179.302s][info ][safepoint      ] Application time: 1.0000669 seconds
[2179.302s][info ][safepoint      ] Entering safepoint region: Cleanup
[2179.302s][info ][safepoint      ] Leaving safepoint region
[2179.302s][info ][safepoint      ] Total time for which application threads were stopped: 0.0000608 seconds, Stopping threads took: 0.0000118 seconds
[2180.302s][info ][safepoint      ] Application time: 1.0000706 seconds
[2180.302s][info ][safepoint      ] Entering safepoint region: Cleanup
[2180.303s][info ][safepoint      ] Leaving safepoint region
[2180.303s][info ][safepoint      ] Total time for which application threads were stopped: 0.0001091 seconds, Stopping threads took: 0.0000435 seconds
[2180.686s][info ][safepoint      ] Application time: 0.3832006 seconds
[2180.686s][info ][safepoint      ] Entering safepoint region: RevokeBias
[2180.686s][info ][safepoint      ] Leaving safepoint region
[2180.686s][info ][safepoint      ] Total time for which application threads were stopped: 0.0000735 seconds, Stopping threads took: 0.0000141 seconds
[2181.686s][info ][safepoint      ] Application time: 1.0000915 seconds
[2181.686s][info ][safepoint      ] Entering safepoint region: Cleanup
[2181.686s][info ][safepoint      ] Leaving safepoint region
[2181.686s][info ][safepoint      ] Total time for which application threads were stopped: 0.0000760 seconds, Stopping threads took: 0.0000150 seconds
[2182.686s][info ][safepoint      ] Application time: 1.0000774 seconds
[2182.686s][info ][safepoint      ] Entering safepoint region: Cleanup
[2182.686s][info ][safepoint      ] Leaving safepoint region
[2182.686s][info ][safepoint      ] Total time for which application threads were stopped: 0.0000779 seconds, Stopping threads took: 0.0000131 seconds
[2183.686s][info ][safepoint      ] Application time: 1.0000710 seconds
[2183.686s][info ][safepoint      ] Entering safepoint region: Cleanup
[2183.686s][info ][safepoint      ] Leaving safepoint region
[2183.686s][info ][safepoint      ] Total time for which application threads were stopped: 0.0000582 seconds, Stopping threads took: 0.0000127 seconds
[2184.687s][info ][safepoint      ] Application time: 1.0000631 seconds
[2184.687s][info ][safepoint      ] Entering safepoint region: Cleanup
[2184.687s][info ][safepoint      ] Leaving safepoint region
[2184.687s][info ][safepoint      ] Total time for which application threads were stopped: 0.0000664 seconds, Stopping threads took: 0.0000195 seconds
[2185.687s][info ][safepoint      ] Application time: 1.0000723 seconds
[2185.687s][info ][safepoint      ] Entering safepoint region: Cleanup
[2185.687s][info ][safepoint      ] Leaving safepoint region
[2185.687s][info ][safepoint      ] Total time for which application threads were stopped: 0.0000586 seconds, Stopping threads took: 0.0000113 seconds
[2186.687s][info ][safepoint      ] Application time: 1.0000818 seconds
[2186.687s][info ][safepoint      ] Entering safepoint region: Cleanup
[2186.687s][info ][safepoint      ] Leaving safepoint region
[2186.687s][info ][safepoint      ] Total time for which application threads were stopped: 0.0000737 seconds, Stopping threads took: 0.0000172 seconds
[2187.687s][info ][safepoint      ] Application time: 1.0000691 seconds
[2187.687s][info ][safepoint      ] Entering safepoint region: Cleanup
[2187.687s][info ][safepoint      ] Leaving safepoint region
[2187.687s][info ][safepoint      ] Total time for which application threads were stopped: 0.0000573 seconds, Stopping threads took: 0.0000124 seconds
[2188.687s][info ][safepoint      ] Application time: 1.0000738 seconds
[2188.687s][info ][safepoint      ] Entering safepoint region: Cleanup
[2188.687s][info ][safepoint      ] Leaving safepoint region
[2188.687s][info ][safepoint      ] Total time for which application threads were stopped: 0.0000622 seconds, Stopping threads took: 0.0000141 seconds
[2189.687s][info ][safepoint      ] Application time: 1.0000401 seconds
[2189.687s][info ][safepoint      ] Entering safepoint region: Cleanup
[2189.687s][info ][safepoint      ] Leaving safepoint region
[2189.688s][info ][safepoint      ] Total time for which application threads were stopped: 0.0000779 seconds, Stopping threads took: 0.0000176 seconds
[2190.688s][info ][safepoint      ] Application time: 1.0000682 seconds
[2190.688s][info ][safepoint      ] Entering safepoint region: Cleanup
[2190.688s][info ][safepoint      ] Leaving safepoint region
[2190.688s][info ][safepoint      ] Total time for which application threads were stopped: 0.0000900 seconds, Stopping threads took: 0.0000170 seconds
[2191.688s][info ][safepoint      ] Application time: 1.0000851 seconds
[2191.688s][info ][safepoint      ] Entering safepoint region: Cleanup
[2191.688s][info ][safepoint      ] Leaving safepoint region
[2191.688s][info ][safepoint      ] Total time for which application threads were stopped: 0.0000600 seconds, Stopping threads took: 0.0000126 seconds
[2192.129s][info ][safepoint      ] Application time: 0.4407855 seconds
[2192.129s][info ][safepoint      ] Entering safepoint region: ParallelGCFailedAllocation
[2192.129s][info ][gc,start       ] GC(84) Pause Young (Allocation Failure)
[2192.135s][debug][gc,phases      ] GC(84) Scavenge 6.381ms
[2192.135s][debug][gc,ref         ] GC(84) Skipped phase1 of Reference Processing due to unavailable references
[2192.135s][debug][gc,ref         ] GC(84) Skipped phase3 of Reference Processing due to unavailable references
[2192.135s][debug][gc,phases      ] GC(84) Reference Processing 0.035ms
[2192.135s][debug][gc,phases      ] GC(84) Weak Processing 0.132ms
[2192.136s][debug][gc,phases      ] GC(84) Scrub String Table 0.444ms
[2192.136s][debug][gc,age         ] GC(84) Desired survivor size 53477376 bytes, new threshold 15 (max threshold 15)
[2192.136s][info ][gc,heap        ] GC(84) PSYoungGen: 2029648K->33888K(2030080K)
[2192.136s][info ][gc,heap        ] GC(84) ParOldGen: 244534K->244542K(258048K)
[2192.136s][info ][gc,metaspace   ] GC(84) Metaspace: 72548K->72548K(1116160K)
[2192.136s][info ][gc             ] GC(84) Pause Young (Allocation Failure) 2220M->271M(2234M) 7.141ms
[2192.136s][info ][gc,cpu         ] GC(84) User=0.02s Sys=0.00s Real=0.01s
[2192.136s][info ][safepoint      ] Leaving safepoint region
[2192.136s][info ][safepoint      ] Total time for which application threads were stopped: 0.0072791 seconds, Stopping threads took: 0.0000105 seconds
[2193.136s][info ][safepoint      ] Application time: 1.0000779 seconds
[2193.136s][info ][safepoint      ] Entering safepoint region: Cleanup
[2193.136s][info ][safepoint      ] Leaving safepoint region
[2193.136s][info ][safepoint      ] Total time for which application threads were stopped: 0.0000602 seconds, Stopping threads took: 0.0000125 seconds
[2194.136s][info ][safepoint      ] Application time: 1.0000431 seconds
[2194.136s][info ][safepoint      ] Entering safepoint region: Cleanup
[2194.136s][info ][safepoint      ] Leaving safepoint region
[2194.136s][info ][safepoint      ] Total time for which application threads were stopped: 0.0000579 seconds, Stopping threads took: 0.0000124 seconds
[2195.136s][info ][safepoint      ] Application time: 1.0000719 seconds
[2195.136s][info ][safepoint      ] Entering safepoint region: Cleanup
[2195.136s][info ][safepoint      ] Leaving safepoint region
[2195.136s][info ][safepoint      ] Total time for which application threads were stopped: 0.0000707 seconds, Stopping threads took: 0.0000123 seconds
[2196.137s][info ][safepoint      ] Application time: 1.0000748 seconds
[2196.137s][info ][safepoint      ] Entering safepoint region: Cleanup
[2196.137s][info ][safepoint      ] Leaving safepoint region
[2196.137s][info ][safepoint      ] Total time for which application threads were stopped: 0.0000802 seconds, Stopping threads took: 0.0000296 seconds
[2197.137s][info ][safepoint      ] Application time: 1.0000707 seconds
[2197.137s][info ][safepoint      ] Entering safepoint region: Cleanup
[2197.137s][info ][safepoint      ] Leaving safepoint region
[2197.137s][info ][safepoint      ] Total time for which application threads were stopped: 0.0000675 seconds, Stopping threads took: 0.0000202 seconds
[2198.137s][info ][safepoint      ] Application time: 1.0000654 seconds
[2198.137s][info ][safepoint      ] Entering safepoint region: Cleanup
[2198.137s][info ][safepoint      ] Leaving safepoint region
[2198.137s][info ][safepoint      ] Total time for which application threads were stopped: 0.0000580 seconds, Stopping threads took: 0.0000116 seconds
[2199.137s][info ][safepoint      ] Application time: 1.0000757 seconds
[2199.137s][info ][safepoint      ] Entering safepoint region: Cleanup
[2199.137s][info ][safepoint      ] Leaving safepoint region
[2199.137s][info ][safepoint      ] Total time for which application threads were stopped: 0.0000597 seconds, Stopping threads took: 0.0000128 seconds
[2200.137s][info ][safepoint      ] Application time: 1.0000821 seconds
[2200.137s][info ][safepoint      ] Entering safepoint region: Cleanup
[2200.137s][info ][safepoint      ] Leaving safepoint region
[2200.137s][info ][safepoint      ] Total time for which application threads were stopped: 0.0000577 seconds, Stopping threads took: 0.0000128 seconds
[2201.137s][info ][safepoint      ] Application time: 1.0000664 seconds
[2201.138s][info ][safepoint      ] Entering safepoint region: Cleanup
[2201.138s][info ][safepoint      ] Leaving safepoint region
[2201.138s][info ][safepoint      ] Total time for which application threads were stopped: 0.0000841 seconds, Stopping threads took: 0.0000361 seconds
[2202.138s][info ][safepoint      ] Application time: 1.0000721 seconds
[2202.138s][info ][safepoint      ] Entering safepoint region: Cleanup
[2202.138s][info ][safepoint      ] Leaving safepoint region
[2202.138s][info ][safepoint      ] Total time for which application threads were stopped: 0.0000629 seconds, Stopping threads took: 0.0000137 seconds
[2203.138s][info ][safepoint      ] Application time: 1.0000669 seconds
[2203.138s][info ][safepoint      ] Entering safepoint region: Cleanup
[2203.138s][info ][safepoint      ] Leaving safepoint region
[2203.138s][info ][safepoint      ] Total time for which application threads were stopped: 0.0000670 seconds, Stopping threads took: 0.0000123 seconds
[2204.138s][info ][safepoint      ] Application time: 1.0000727 seconds
[2204.138s][info ][safepoint      ] Entering safepoint region: Cleanup
[2204.138s][info ][safepoint      ] Leaving safepoint region
[2204.138s][info ][safepoint      ] Total time for which application threads were stopped: 0.0000689 seconds, Stopping threads took: 0.0000193 seconds
[2205.138s][info ][safepoint      ] Application time: 1.0000771 seconds
[2205.138s][info ][safepoint      ] Entering safepoint region: Cleanup
[2205.138s][info ][safepoint      ] Leaving safepoint region
[2205.138s][info ][safepoint      ] Total time for which application threads were stopped: 0.0000663 seconds, Stopping threads took: 0.0000130 seconds
[2206.138s][info ][safepoint      ] Application time: 1.0000667 seconds
[2206.138s][info ][safepoint      ] Entering safepoint region: Cleanup
[2206.139s][info ][safepoint      ] Leaving safepoint region
[2206.139s][info ][safepoint      ] Total time for which application threads were stopped: 0.0000581 seconds, Stopping threads took: 0.0000127 seconds
[2207.139s][info ][safepoint      ] Application time: 1.0000715 seconds
[2207.139s][info ][safepoint      ] Entering safepoint region: Cleanup
[2207.139s][info ][safepoint      ] Leaving safepoint region
[2207.139s][info ][safepoint      ] Total time for which application threads were stopped: 0.0000698 seconds, Stopping threads took: 0.0000121 seconds
[2208.139s][info ][safepoint      ] Application time: 1.0000807 seconds
[2208.139s][info ][safepoint      ] Entering safepoint region: Cleanup
[2208.139s][info ][safepoint      ] Leaving safepoint region
[2208.139s][info ][safepoint      ] Total time for which application threads were stopped: 0.0000585 seconds, Stopping threads took: 0.0000116 seconds
[2209.139s][info ][safepoint      ] Application time: 1.0000729 seconds
[2209.139s][info ][safepoint      ] Entering safepoint region: Cleanup
[2209.139s][info ][safepoint      ] Leaving safepoint region
[2209.139s][info ][safepoint      ] Total time for which application threads were stopped: 0.0000584 seconds, Stopping threads took: 0.0000118 seconds
[2210.139s][info ][safepoint      ] Application time: 1.0000677 seconds
[2210.139s][info ][safepoint      ] Entering safepoint region: Cleanup
[2210.139s][info ][safepoint      ] Leaving safepoint region
[2210.139s][info ][safepoint      ] Total time for which application threads were stopped: 0.0000941 seconds, Stopping threads took: 0.0000199 seconds
[2211.139s][info ][safepoint      ] Application time: 1.0000734 seconds
[2211.139s][info ][safepoint      ] Entering safepoint region: Cleanup
[2211.139s][info ][safepoint      ] Leaving safepoint region
[2211.139s][info ][safepoint      ] Total time for which application threads were stopped: 0.0000585 seconds, Stopping threads took: 0.0000125 seconds
[2212.140s][info ][safepoint      ] Application time: 1.0000685 seconds
[2212.140s][info ][safepoint      ] Entering safepoint region: Cleanup
[2212.140s][info ][safepoint      ] Leaving safepoint region
[2212.140s][info ][safepoint      ] Total time for which application threads were stopped: 0.0000920 seconds, Stopping threads took: 0.0000168 seconds
[2213.140s][info ][safepoint      ] Application time: 1.0000650 seconds
[2213.140s][info ][safepoint      ] Entering safepoint region: Cleanup
[2213.140s][info ][safepoint      ] Leaving safepoint region
[2213.140s][info ][safepoint      ] Total time for which application threads were stopped: 0.0000612 seconds, Stopping threads took: 0.0000131 seconds
[2214.140s][info ][safepoint      ] Application time: 1.0000694 seconds
[2214.140s][info ][safepoint      ] Entering safepoint region: Cleanup
[2214.140s][info ][safepoint      ] Leaving safepoint region
[2214.140s][info ][safepoint      ] Total time for which application threads were stopped: 0.0000591 seconds, Stopping threads took: 0.0000119 seconds
[2215.140s][info ][safepoint      ] Application time: 1.0000413 seconds
[2215.140s][info ][safepoint      ] Entering safepoint region: Cleanup
[2215.140s][info ][safepoint      ] Leaving safepoint region
[2215.140s][info ][safepoint      ] Total time for which application threads were stopped: 0.0000609 seconds, Stopping threads took: 0.0000134 seconds
[2216.140s][info ][safepoint      ] Application time: 1.0000323 seconds
[2216.140s][info ][safepoint      ] Entering safepoint region: Cleanup
[2216.140s][info ][safepoint      ] Leaving safepoint region
[2216.140s][info ][safepoint      ] Total time for which application threads were stopped: 0.0000881 seconds, Stopping threads took: 0.0000125 seconds
[2217.140s][info ][safepoint      ] Application time: 1.0000698 seconds
[2217.140s][info ][safepoint      ] Entering safepoint region: Cleanup
[2217.140s][info ][safepoint      ] Leaving safepoint region
[2217.140s][info ][safepoint      ] Total time for which application threads were stopped: 0.0000730 seconds, Stopping threads took: 0.0000182 seconds
[2218.141s][info ][safepoint      ] Application time: 1.0000707 seconds
[2218.141s][info ][safepoint      ] Entering safepoint region: Cleanup
[2218.141s][info ][safepoint      ] Leaving safepoint region
[2218.141s][info ][safepoint      ] Total time for which application threads were stopped: 0.0000832 seconds, Stopping threads took: 0.0000128 seconds
[2219.141s][info ][safepoint      ] Application time: 1.0000749 seconds
[2219.141s][info ][safepoint      ] Entering safepoint region: Cleanup
[2219.141s][info ][safepoint      ] Leaving safepoint region
[2219.141s][info ][safepoint      ] Total time for which application threads were stopped: 0.0000701 seconds, Stopping threads took: 0.0000129 seconds
[2220.141s][info ][safepoint      ] Application time: 1.0000715 seconds
[2220.141s][info ][safepoint      ] Entering safepoint region: Cleanup
[2220.141s][info ][safepoint      ] Leaving safepoint region
[2220.141s][info ][safepoint      ] Total time for which application threads were stopped: 0.0000789 seconds, Stopping threads took: 0.0000232 seconds
[2221.141s][info ][safepoint      ] Application time: 1.0000856 seconds
[2221.141s][info ][safepoint      ] Entering safepoint region: Cleanup
[2221.141s][info ][safepoint      ] Leaving safepoint region
[2221.141s][info ][safepoint      ] Total time for which application threads were stopped: 0.0000941 seconds, Stopping threads took: 0.0000200 seconds
[2222.141s][info ][safepoint      ] Application time: 1.0000707 seconds
[2222.141s][info ][safepoint      ] Entering safepoint region: Cleanup
[2222.141s][info ][safepoint      ] Leaving safepoint region
[2222.141s][info ][safepoint      ] Total time for which application threads were stopped: 0.0000686 seconds, Stopping threads took: 0.0000120 seconds
[2223.142s][info ][safepoint      ] Application time: 1.0000768 seconds
[2223.142s][info ][safepoint      ] Entering safepoint region: Cleanup
[2223.142s][info ][safepoint      ] Leaving safepoint region
[2223.142s][info ][safepoint      ] Total time for which application threads were stopped: 0.0000843 seconds, Stopping threads took: 0.0000192 seconds
[2224.142s][info ][safepoint      ] Application time: 1.0000720 seconds
[2224.142s][info ][safepoint      ] Entering safepoint region: Cleanup
[2224.142s][info ][safepoint      ] Leaving safepoint region
[2224.142s][info ][safepoint      ] Total time for which application threads were stopped: 0.0000586 seconds, Stopping threads took: 0.0000118 seconds
[2225.142s][info ][safepoint      ] Application time: 1.0000699 seconds
[2225.142s][info ][safepoint      ] Entering safepoint region: Cleanup
[2225.142s][info ][safepoint      ] Leaving safepoint region
[2225.142s][info ][safepoint      ] Total time for which application threads were stopped: 0.0000623 seconds, Stopping threads took: 0.0000139 seconds
[2226.142s][info ][safepoint      ] Application time: 1.0000814 seconds
[2226.142s][info ][safepoint      ] Entering safepoint region: Cleanup
[2226.142s][info ][safepoint      ] Leaving safepoint region
[2226.142s][info ][safepoint      ] Total time for which application threads were stopped: 0.0000770 seconds, Stopping threads took: 0.0000173 seconds
[2227.142s][info ][safepoint      ] Application time: 1.0000742 seconds
[2227.142s][info ][safepoint      ] Entering safepoint region: Cleanup
[2227.142s][info ][safepoint      ] Leaving safepoint region
[2227.142s][info ][safepoint      ] Total time for which application threads were stopped: 0.0000726 seconds, Stopping threads took: 0.0000116 seconds
[2231.143s][info ][safepoint      ] Application time: 4.0002918 seconds
[2231.143s][info ][safepoint      ] Entering safepoint region: Cleanup
[2231.143s][info ][safepoint      ] Leaving safepoint region
[2231.143s][info ][safepoint      ] Total time for which application threads were stopped: 0.0000635 seconds, Stopping threads took: 0.0000138 seconds
[2239.143s][info ][safepoint      ] Application time: 8.0005675 seconds
[2239.143s][info ][safepoint      ] Entering safepoint region: Cleanup
[2239.144s][info ][safepoint      ] Leaving safepoint region
[2239.144s][info ][safepoint      ] Total time for which application threads were stopped: 0.0000677 seconds, Stopping threads took: 0.0000146 seconds
[2241.144s][info ][safepoint      ] Application time: 2.0001371 seconds
[2241.144s][info ][safepoint      ] Entering safepoint region: Cleanup
[2241.144s][info ][safepoint      ] Leaving safepoint region
[2241.144s][info ][safepoint      ] Total time for which application threads were stopped: 0.0000810 seconds, Stopping threads took: 0.0000148 seconds
[2243.144s][info ][safepoint      ] Application time: 2.0001098 seconds
[2243.144s][info ][safepoint      ] Entering safepoint region: Cleanup
[2243.144s][info ][safepoint      ] Leaving safepoint region
[2243.144s][info ][safepoint      ] Total time for which application threads were stopped: 0.0000710 seconds, Stopping threads took: 0.0000140 seconds
[2244.977s][info ][safepoint      ] Application time: 1.8327044 seconds
[2244.977s][info ][safepoint      ] Entering safepoint region: ParallelGCFailedAllocation
[2244.977s][info ][gc,start       ] GC(85) Pause Young (Allocation Failure)
[2244.983s][debug][gc,phases      ] GC(85) Scavenge 6.308ms
[2244.983s][debug][gc,ref         ] GC(85) Skipped phase1 of Reference Processing due to unavailable references
[2244.983s][debug][gc,ref         ] GC(85) Skipped phase3 of Reference Processing due to unavailable references
[2244.983s][debug][gc,phases      ] GC(85) Reference Processing 0.034ms
[2244.983s][debug][gc,phases      ] GC(85) Weak Processing 0.127ms
[2244.984s][debug][gc,phases      ] GC(85) Scrub String Table 0.453ms
[2244.984s][debug][gc,age         ] GC(85) Desired survivor size 54525952 bytes, new threshold 15 (max threshold 15)
[2244.984s][info ][gc,heap        ] GC(85) PSYoungGen: 2029664K->33936K(2042880K)
[2244.984s][info ][gc,heap        ] GC(85) ParOldGen: 244542K->244710K(258048K)
[2244.984s][info ][gc,metaspace   ] GC(85) Metaspace: 72555K->72555K(1116160K)
[2244.984s][info ][gc             ] GC(85) Pause Young (Allocation Failure) 2220M->272M(2247M) 7.046ms
[2244.984s][info ][gc,cpu         ] GC(85) User=0.02s Sys=0.00s Real=0.01s
[2244.984s][info ][safepoint      ] Leaving safepoint region
[2244.984s][info ][safepoint      ] Total time for which application threads were stopped: 0.0072067 seconds, Stopping threads took: 0.0000369 seconds
[2250.984s][info ][safepoint      ] Application time: 6.0003886 seconds
[2250.984s][info ][safepoint      ] Entering safepoint region: Cleanup
[2250.984s][info ][safepoint      ] Leaving safepoint region
[2250.984s][info ][safepoint      ] Total time for which application threads were stopped: 0.0000750 seconds, Stopping threads took: 0.0000116 seconds
[2253.985s][info ][safepoint      ] Application time: 3.0002028 seconds
[2253.985s][info ][safepoint      ] Entering safepoint region: Cleanup
[2253.985s][info ][safepoint      ] Leaving safepoint region
[2253.985s][info ][safepoint      ] Total time for which application threads were stopped: 0.0000735 seconds, Stopping threads took: 0.0000113 seconds
[2256.985s][info ][safepoint      ] Application time: 3.0002025 seconds
[2256.985s][info ][safepoint      ] Entering safepoint region: Cleanup
[2256.985s][info ][safepoint      ] Leaving safepoint region
[2256.985s][info ][safepoint      ] Total time for which application threads were stopped: 0.0000772 seconds, Stopping threads took: 0.0000151 seconds
[2275.986s][info ][safepoint      ] Application time: 19.0013097 seconds
[2275.987s][info ][safepoint      ] Entering safepoint region: Cleanup
[2275.987s][info ][safepoint      ] Leaving safepoint region
[2275.987s][info ][safepoint      ] Total time for which application threads were stopped: 0.0000652 seconds, Stopping threads took: 0.0000126 seconds
[2276.987s][info ][safepoint      ] Application time: 1.0000659 seconds
[2276.987s][info ][safepoint      ] Entering safepoint region: Cleanup
[2276.987s][info ][safepoint      ] Leaving safepoint region
[2276.987s][info ][safepoint      ] Total time for which application threads were stopped: 0.0000703 seconds, Stopping threads took: 0.0000122 seconds
[2281.987s][info ][safepoint      ] Application time: 5.0002971 seconds
[2281.987s][info ][safepoint      ] Entering safepoint region: Cleanup
[2281.987s][info ][safepoint      ] Leaving safepoint region
[2281.987s][info ][safepoint      ] Total time for which application threads were stopped: 0.0001088 seconds, Stopping threads took: 0.0000164 seconds
[2282.987s][info ][safepoint      ] Application time: 1.0000774 seconds
[2282.987s][info ][safepoint      ] Entering safepoint region: Cleanup
[2282.987s][info ][safepoint      ] Leaving safepoint region
[2282.987s][info ][safepoint      ] Total time for which application threads were stopped: 0.0000769 seconds, Stopping threads took: 0.0000118 seconds
[2287.988s][info ][safepoint      ] Application time: 5.0002817 seconds
[2287.988s][info ][safepoint      ] Entering safepoint region: Cleanup
[2287.988s][info ][safepoint      ] Leaving safepoint region
[2287.988s][info ][safepoint      ] Total time for which application threads were stopped: 0.0000655 seconds, Stopping threads took: 0.0000125 seconds
[2288.988s][info ][safepoint      ] Application time: 1.0000732 seconds
[2288.988s][info ][safepoint      ] Entering safepoint region: Cleanup
[2288.988s][info ][safepoint      ] Leaving safepoint region
[2288.988s][info ][safepoint      ] Total time for which application threads were stopped: 0.0000711 seconds, Stopping threads took: 0.0000127 seconds
[2296.477s][info ][safepoint      ] Application time: 7.4888574 seconds
[2296.477s][info ][safepoint      ] Entering safepoint region: ParallelGCFailedAllocation
[2296.477s][info ][gc,start       ] GC(86) Pause Young (Allocation Failure)
[2296.483s][debug][gc,phases      ] GC(86) Scavenge 6.391ms
[2296.483s][debug][gc,ref         ] GC(86) Skipped phase1 of Reference Processing due to unavailable references
[2296.484s][debug][gc,ref         ] GC(86) Skipped phase3 of Reference Processing due to unavailable references
[2296.484s][debug][gc,phases      ] GC(86) Reference Processing 0.036ms
[2296.484s][debug][gc,phases      ] GC(86) Weak Processing 0.133ms
[2296.484s][debug][gc,phases      ] GC(86) Scrub String Table 0.457ms
[2296.484s][debug][gc,age         ] GC(86) Desired survivor size 55050240 bytes, new threshold 15 (max threshold 15)
[2296.484s][info ][gc,heap        ] GC(86) PSYoungGen: 2024592K->33168K(2023936K)
[2296.484s][info ][gc,heap        ] GC(86) ParOldGen: 244710K->245282K(258048K)
[2296.484s][info ][gc,metaspace   ] GC(86) Metaspace: 72583K->72583K(1116160K)
[2296.484s][info ][gc             ] GC(86) Pause Young (Allocation Failure) 2216M->271M(2228M) 7.144ms
[2296.484s][info ][gc,cpu         ] GC(86) User=0.02s Sys=0.00s Real=0.01s
[2296.484s][info ][safepoint      ] Leaving safepoint region
[2296.484s][info ][safepoint      ] Total time for which application threads were stopped: 0.0073414 seconds, Stopping threads took: 0.0000463 seconds
[2296.484s][info ][safepoint      ] Application time: 0.0000998 seconds
[2296.484s][info ][safepoint      ] Entering safepoint region: RevokeBias
[2296.484s][info ][safepoint      ] Leaving safepoint region
[2296.484s][info ][safepoint      ] Total time for which application threads were stopped: 0.0001141 seconds, Stopping threads took: 0.0000382 seconds
[2301.485s][info ][safepoint      ] Application time: 5.0003396 seconds
[2301.485s][info ][safepoint      ] Entering safepoint region: Cleanup
[2301.485s][info ][safepoint      ] Leaving safepoint region
[2301.485s][info ][safepoint      ] Total time for which application threads were stopped: 0.0000615 seconds, Stopping threads took: 0.0000109 seconds
[2305.485s][info ][safepoint      ] Application time: 4.0002787 seconds
[2305.485s][info ][safepoint      ] Entering safepoint region: Cleanup
[2305.485s][info ][safepoint      ] Leaving safepoint region
[2305.485s][info ][safepoint      ] Total time for which application threads were stopped: 0.0000653 seconds, Stopping threads took: 0.0000144 seconds
[2311.486s][info ][safepoint      ] Application time: 6.0004005 seconds
[2311.486s][info ][safepoint      ] Entering safepoint region: Cleanup
[2311.486s][info ][safepoint      ] Leaving safepoint region
[2311.486s][info ][safepoint      ] Total time for which application threads were stopped: 0.0000630 seconds, Stopping threads took: 0.0000115 seconds
[2317.486s][info ][safepoint      ] Application time: 6.0003534 seconds
[2317.486s][info ][safepoint      ] Entering safepoint region: Cleanup
[2317.486s][info ][safepoint      ] Leaving safepoint region
[2317.486s][info ][safepoint      ] Total time for which application threads were stopped: 0.0000642 seconds, Stopping threads took: 0.0000112 seconds
[2320.486s][info ][safepoint      ] Application time: 3.0002003 seconds
[2320.487s][info ][safepoint      ] Entering safepoint region: Cleanup
[2320.487s][info ][safepoint      ] Leaving safepoint region
[2320.487s][info ][safepoint      ] Total time for which application threads were stopped: 0.0000660 seconds, Stopping threads took: 0.0000120 seconds
[2334.488s][info ][safepoint      ] Application time: 14.0009349 seconds
[2334.488s][info ][safepoint      ] Entering safepoint region: Cleanup
[2334.488s][info ][safepoint      ] Leaving safepoint region
[2334.488s][info ][safepoint      ] Total time for which application threads were stopped: 0.0000883 seconds, Stopping threads took: 0.0000263 seconds
[2335.488s][info ][safepoint      ] Application time: 1.0000698 seconds
[2335.488s][info ][safepoint      ] Entering safepoint region: Cleanup
[2335.488s][info ][safepoint      ] Leaving safepoint region
[2335.488s][info ][safepoint      ] Total time for which application threads were stopped: 0.0000658 seconds, Stopping threads took: 0.0000115 seconds
[2336.488s][info ][safepoint      ] Application time: 1.0000765 seconds
[2336.488s][info ][safepoint      ] Entering safepoint region: Cleanup
[2336.488s][info ][safepoint      ] Leaving safepoint region
[2336.488s][info ][safepoint      ] Total time for which application threads were stopped: 0.0000675 seconds, Stopping threads took: 0.0000119 seconds
[2339.488s][info ][safepoint      ] Application time: 3.0002195 seconds
[2339.488s][info ][safepoint      ] Entering safepoint region: Cleanup
[2339.488s][info ][safepoint      ] Leaving safepoint region
[2339.488s][info ][safepoint      ] Total time for which application threads were stopped: 0.0000668 seconds, Stopping threads took: 0.0000134 seconds
[2347.489s][info ][safepoint      ] Application time: 8.0005634 seconds
[2347.489s][info ][safepoint      ] Entering safepoint region: Cleanup
[2347.489s][info ][safepoint      ] Leaving safepoint region
[2347.489s][info ][safepoint      ] Total time for which application threads were stopped: 0.0001772 seconds, Stopping threads took: 0.0000778 seconds
[2347.948s][info ][safepoint      ] Application time: 0.4590849 seconds
[2347.948s][info ][safepoint      ] Entering safepoint region: ParallelGCFailedAllocation
[2347.948s][info ][safepoint      ] Leaving safepoint region
[2347.948s][info ][safepoint      ] Total time for which application threads were stopped: 0.0001880 seconds, Stopping threads took: 0.0000704 seconds
[2347.948s][info ][safepoint      ] Application time: 0.0000525 seconds
[2347.949s][info ][safepoint      ] Entering safepoint region: ParallelGCFailedAllocation
[2347.949s][info ][gc,start       ] GC(87) Pause Young (Allocation Failure)
[2347.964s][debug][gc,phases      ] GC(87) Scavenge 15.567ms
[2347.964s][debug][gc,ref         ] GC(87) Skipped phase1 of Reference Processing due to unavailable references
[2347.964s][debug][gc,ref         ] GC(87) Skipped phase3 of Reference Processing due to unavailable references
[2347.964s][debug][gc,phases      ] GC(87) Reference Processing 0.051ms
[2347.964s][debug][gc,phases      ] GC(87) Weak Processing 0.184ms
[2347.965s][debug][gc,phases      ] GC(87) Scrub String Table 0.634ms
[2347.965s][debug][gc,age         ] GC(87) Desired survivor size 61341696 bytes, new threshold 15 (max threshold 15)
[2347.965s][info ][gc,heap        ] GC(87) PSYoungGen: 2023824K->50064K(2031104K)
[2347.965s][info ][gc,heap        ] GC(87) ParOldGen: 245282K->249456K(258048K)
[2347.965s][info ][gc,metaspace   ] GC(87) Metaspace: 72616K->72616K(1116160K)
[2347.965s][info ][gc             ] GC(87) Pause Young (Allocation Failure) 2215M->292M(2235M) 16.566ms
[2347.965s][info ][gc,cpu         ] GC(87) User=0.06s Sys=0.00s Real=0.02s
[2347.965s][info ][safepoint      ] Leaving safepoint region
[2347.965s][info ][safepoint      ] Total time for which application threads were stopped: 0.0166947 seconds, Stopping threads took: 0.0000159 seconds
[2348.965s][info ][safepoint      ] Application time: 1.0000407 seconds
[2348.965s][info ][safepoint      ] Entering safepoint region: Cleanup
[2348.965s][info ][safepoint      ] Leaving safepoint region
[2348.965s][info ][safepoint      ] Total time for which application threads were stopped: 0.0001096 seconds, Stopping threads took: 0.0000172 seconds
[2351.966s][info ][safepoint      ] Application time: 3.0001783 seconds
[2351.966s][info ][safepoint      ] Entering safepoint region: Cleanup
[2351.966s][info ][safepoint      ] Leaving safepoint region
[2351.966s][info ][safepoint      ] Total time for which application threads were stopped: 0.0000794 seconds, Stopping threads took: 0.0000157 seconds
[2362.966s][info ][safepoint      ] Application time: 11.0006675 seconds
[2362.966s][info ][safepoint      ] Entering safepoint region: Cleanup
[2362.967s][info ][safepoint      ] Leaving safepoint region
[2362.967s][info ][safepoint      ] Total time for which application threads were stopped: 0.0000897 seconds, Stopping threads took: 0.0000256 seconds
[2363.967s][info ][safepoint      ] Application time: 1.0000674 seconds
[2363.967s][info ][safepoint      ] Entering safepoint region: Cleanup
[2363.967s][info ][safepoint      ] Leaving safepoint region
[2363.967s][info ][safepoint      ] Total time for which application threads were stopped: 0.0000752 seconds, Stopping threads took: 0.0000136 seconds
[2364.967s][info ][safepoint      ] Application time: 1.0000724 seconds
[2364.967s][info ][safepoint      ] Entering safepoint region: Cleanup
[2364.967s][info ][safepoint      ] Leaving safepoint region
[2364.967s][info ][safepoint      ] Total time for which application threads were stopped: 0.0001166 seconds, Stopping threads took: 0.0000240 seconds
[2366.967s][info ][safepoint      ] Application time: 2.0001167 seconds
[2366.967s][info ][safepoint      ] Entering safepoint region: Cleanup
[2366.967s][info ][safepoint      ] Leaving safepoint region
[2366.967s][info ][safepoint      ] Total time for which application threads were stopped: 0.0000932 seconds, Stopping threads took: 0.0000160 seconds
[2371.968s][info ][safepoint      ] Application time: 5.0003472 seconds
[2371.968s][info ][safepoint      ] Entering safepoint region: Cleanup
[2371.968s][info ][safepoint      ] Leaving safepoint region
[2371.968s][info ][safepoint      ] Total time for which application threads were stopped: 0.0000935 seconds, Stopping threads took: 0.0000286 seconds
[2374.968s][info ][safepoint      ] Application time: 3.0002065 seconds
[2374.968s][info ][safepoint      ] Entering safepoint region: Cleanup
[2374.968s][info ][safepoint      ] Leaving safepoint region
[2374.968s][info ][safepoint      ] Total time for which application threads were stopped: 0.0000732 seconds, Stopping threads took: 0.0000148 seconds
[2375.968s][info ][safepoint      ] Application time: 1.0000718 seconds
[2375.968s][info ][safepoint      ] Entering safepoint region: Cleanup
[2375.968s][info ][safepoint      ] Leaving safepoint region
[2375.968s][info ][safepoint      ] Total time for which application threads were stopped: 0.0000923 seconds, Stopping threads took: 0.0000146 seconds
[2376.968s][info ][safepoint      ] Application time: 1.0000644 seconds
[2376.968s][info ][safepoint      ] Entering safepoint region: Cleanup
[2376.968s][info ][safepoint      ] Leaving safepoint region
[2376.968s][info ][safepoint      ] Total time for which application threads were stopped: 0.0000814 seconds, Stopping threads took: 0.0000144 seconds
[2387.969s][info ][safepoint      ] Application time: 11.0006921 seconds
[2387.969s][info ][safepoint      ] Entering safepoint region: Cleanup
[2387.969s][info ][safepoint      ] Leaving safepoint region
[2387.969s][info ][safepoint      ] Total time for which application threads were stopped: 0.0001142 seconds, Stopping threads took: 0.0000263 seconds
[2388.969s][info ][safepoint      ] Application time: 1.0000676 seconds
[2388.969s][info ][safepoint      ] Entering safepoint region: Cleanup
[2388.969s][info ][safepoint      ] Leaving safepoint region
[2388.969s][info ][safepoint      ] Total time for which application threads were stopped: 0.0000834 seconds, Stopping threads took: 0.0000148 seconds
[2389.969s][info ][safepoint      ] Application time: 1.0000721 seconds
[2389.970s][info ][safepoint      ] Entering safepoint region: Cleanup
[2389.970s][info ][safepoint      ] Leaving safepoint region
[2389.970s][info ][safepoint      ] Total time for which application threads were stopped: 0.0001076 seconds, Stopping threads took: 0.0000182 seconds
[2394.827s][info ][safepoint      ] Application time: 4.8576130 seconds
[2394.827s][info ][safepoint      ] Entering safepoint region: ParallelGCFailedAllocation
[2394.827s][info ][gc,start       ] GC(88) Pause Young (Allocation Failure)
[2394.835s][debug][gc,phases      ] GC(88) Scavenge 7.297ms
[2394.835s][debug][gc,ref         ] GC(88) Skipped phase1 of Reference Processing due to unavailable references
[2394.835s][debug][gc,ref         ] GC(88) Skipped phase3 of Reference Processing due to unavailable references
[2394.835s][debug][gc,phases      ] GC(88) Reference Processing 0.034ms
[2394.835s][debug][gc,phases      ] GC(88) Weak Processing 0.135ms
[2394.835s][debug][gc,phases      ] GC(88) Scrub String Table 0.460ms
[2394.835s][debug][gc,age         ] GC(88) Desired survivor size 58720256 bytes, new threshold 15 (max threshold 15)
[2394.835s][info ][gc,heap        ] GC(88) PSYoungGen: 2027408K->23072K(2037248K)
[2394.835s][info ][gc,heap        ] GC(88) ParOldGen: 249456K->256021K(258048K)
[2394.835s][info ][gc,metaspace   ] GC(88) Metaspace: 72632K->72632K(1116160K)
[2394.835s][info ][gc             ] GC(88) Pause Young (Allocation Failure) 2223M->272M(2241M) 8.059ms
[2394.835s][info ][gc,cpu         ] GC(88) User=0.02s Sys=0.01s Real=0.01s
[2394.836s][debug][gc,phases      ] GC(89) Pre Compact 0.010ms
[2394.836s][info ][gc,start       ] GC(89) Pause Full (Ergonomics)
[2394.836s][info ][gc,phases,start] GC(89) Marking Phase
[2394.929s][debug][gc,phases      ] GC(89) Par Mark 93.619ms
[2394.929s][debug][gc,ref         ] GC(89) Skipped phase1 of Reference Processing due to unavailable references
[2394.930s][debug][gc,ref         ] GC(89) Skipped phase3 of Reference Processing due to unavailable references
[2394.930s][debug][gc,phases      ] GC(89) Reference Processing 0.361ms
[2394.930s][debug][gc,phases      ] GC(89) Weak Processing 0.155ms
[2394.931s][debug][gc,phases      ] GC(89) ClassLoaderData 0.735ms
[2394.931s][debug][gc,phases      ] GC(89) ProtectionDomainCacheTable 0.003ms
[2394.931s][debug][gc,phases      ] GC(89) ResolvedMethodTable 0.130ms
[2394.938s][debug][gc,phases      ] GC(89) Class Unloading 8.255ms
[2394.939s][debug][gc,phases      ] GC(89) Scrub String Table 0.504ms
[2394.946s][debug][gc,phases      ] GC(89) Scrub Symbol Table 7.523ms
[2394.946s][info ][gc,phases      ] GC(89) Marking Phase 110.710ms
[2394.946s][info ][gc,phases,start] GC(89) Summary Phase
[2394.946s][info ][gc,phases      ] GC(89) Summary Phase 0.013ms
[2394.946s][info ][gc,phases,start] GC(89) Adjust Roots
[2394.971s][info ][gc,phases      ] GC(89) Adjust Roots 24.348ms
[2394.971s][info ][gc,phases,start] GC(89) Compaction Phase
[2395.048s][info ][gc,phases      ] GC(89) Compaction Phase 77.280ms
[2395.048s][info ][gc,phases,start] GC(89) Post Compact
[2395.049s][info ][gc,phases      ] GC(89) Post Compact 0.815ms
[2395.049s][info ][gc,heap        ] GC(89) PSYoungGen: 23072K->0K(2039808K)
[2395.049s][info ][gc,heap        ] GC(89) ParOldGen: 256021K->255850K(322560K)
[2395.049s][info ][gc,metaspace   ] GC(89) Metaspace: 72632K->72632K(1116160K)
[2395.049s][info ][gc             ] GC(89) Pause Full (Ergonomics) 272M->249M(2307M) 213.436ms
[2395.049s][info ][gc,cpu         ] GC(89) User=0.72s Sys=0.00s Real=0.21s
[2395.049s][info ][safepoint      ] Leaving safepoint region
[2395.049s][info ][safepoint      ] Total time for which application threads were stopped: 0.2217094 seconds, Stopping threads took: 0.0000134 seconds
[2397.049s][info ][safepoint      ] Application time: 2.0001634 seconds
[2397.049s][info ][safepoint      ] Entering safepoint region: Cleanup
[2397.049s][info ][safepoint      ] Leaving safepoint region
[2397.049s][info ][safepoint      ] Total time for which application threads were stopped: 0.0001277 seconds, Stopping threads took: 0.0000183 seconds
[2407.943s][info ][safepoint      ] Application time: 10.8940281 seconds
[2407.943s][info ][safepoint      ] Entering safepoint region: BulkRevokeBias
[2407.944s][info ][safepoint      ] Leaving safepoint region
[2407.944s][info ][safepoint      ] Total time for which application threads were stopped: 0.0002398 seconds, Stopping threads took: 0.0000185 seconds
[2408.944s][info ][safepoint      ] Application time: 1.0000912 seconds
[2408.944s][info ][safepoint      ] Entering safepoint region: Cleanup
[2408.944s][info ][safepoint      ] Leaving safepoint region
[2408.944s][info ][safepoint      ] Total time for which application threads were stopped: 0.0001125 seconds, Stopping threads took: 0.0000331 seconds
[2416.945s][info ][safepoint      ] Application time: 8.0005871 seconds
[2416.945s][info ][safepoint      ] Entering safepoint region: Cleanup
[2416.945s][info ][safepoint      ] Leaving safepoint region
[2416.945s][info ][safepoint      ] Total time for which application threads were stopped: 0.0000924 seconds, Stopping threads took: 0.0000296 seconds
[2449.478s][info ][safepoint      ] Application time: 32.5329330 seconds
[2449.478s][info ][safepoint      ] Entering safepoint region: ParallelGCFailedAllocation
[2449.478s][info ][gc,start       ] GC(90) Pause Young (Allocation Failure)
[2449.480s][debug][gc,phases      ] GC(90) Scavenge 1.963ms
[2449.480s][debug][gc,ref         ] GC(90) Skipped phase1 of Reference Processing due to unavailable references
[2449.480s][debug][gc,ref         ] GC(90) Skipped phase2 of Reference Processing due to unavailable references
[2449.480s][debug][gc,ref         ] GC(90) Skipped phase3 of Reference Processing due to unavailable references
[2449.480s][debug][gc,phases      ] GC(90) Reference Processing 0.026ms
[2449.480s][debug][gc,phases      ] GC(90) Weak Processing 0.122ms
[2449.480s][debug][gc,phases      ] GC(90) Scrub String Table 0.432ms
[2449.480s][debug][gc,age         ] GC(90) Desired survivor size 60293120 bytes, new threshold 15 (max threshold 15)
[2449.480s][info ][gc,heap        ] GC(90) PSYoungGen: 1982464K->1328K(1984000K)
[2449.480s][info ][gc,heap        ] GC(90) ParOldGen: 255850K->255850K(322560K)
[2449.480s][info ][gc,metaspace   ] GC(90) Metaspace: 72632K->72632K(1116160K)
[2449.480s][info ][gc             ] GC(90) Pause Young (Allocation Failure) 2185M->251M(2252M) 2.649ms
[2449.480s][info ][gc,cpu         ] GC(90) User=0.01s Sys=0.00s Real=0.00s
[2449.480s][info ][safepoint      ] Leaving safepoint region
[2449.480s][info ][safepoint      ] Total time for which application threads were stopped: 0.0028049 seconds, Stopping threads took: 0.0000235 seconds
[2452.481s][info ][safepoint      ] Application time: 3.0002096 seconds
[2452.481s][info ][safepoint      ] Entering safepoint region: Cleanup
[2452.481s][info ][safepoint      ] Leaving safepoint region
[2452.481s][info ][safepoint      ] Total time for which application threads were stopped: 0.0000692 seconds, Stopping threads took: 0.0000116 seconds
[2471.482s][info ][safepoint      ] Application time: 19.0011310 seconds
[2471.482s][info ][safepoint      ] Entering safepoint region: Cleanup
[2471.482s][info ][safepoint      ] Leaving safepoint region
[2471.482s][info ][safepoint      ] Total time for which application threads were stopped: 0.0000703 seconds, Stopping threads took: 0.0000142 seconds
[2478.482s][info ][safepoint      ] Application time: 7.0003372 seconds
[2478.482s][info ][safepoint      ] Entering safepoint region: Cleanup
[2478.482s][info ][safepoint      ] Leaving safepoint region
[2478.482s][info ][safepoint      ] Total time for which application threads were stopped: 0.0000769 seconds, Stopping threads took: 0.0000239 seconds
[2492.758s][info ][safepoint      ] Application time: 14.2754245 seconds
[2492.758s][info ][safepoint      ] Entering safepoint region: RevokeBias
[2492.758s][info ][safepoint      ] Leaving safepoint region
[2492.758s][info ][safepoint      ] Total time for which application threads were stopped: 0.0000662 seconds, Stopping threads took: 0.0000107 seconds
[2506.179s][info ][safepoint      ] Application time: 13.4205645 seconds
[2506.179s][info ][safepoint      ] Entering safepoint region: ParallelGCFailedAllocation
[2506.179s][info ][gc,start       ] GC(91) Pause Young (Allocation Failure)
[2506.181s][debug][gc,phases      ] GC(91) Scavenge 1.849ms
[2506.181s][debug][gc,ref         ] GC(91) Skipped phase1 of Reference Processing due to unavailable references
[2506.181s][debug][gc,ref         ] GC(91) Skipped phase2 of Reference Processing due to unavailable references
[2506.181s][debug][gc,ref         ] GC(91) Skipped phase3 of Reference Processing due to unavailable references
[2506.181s][debug][gc,ref         ] GC(91) Skipped phase4 of Reference Processing due to unavailable references
[2506.181s][debug][gc,phases      ] GC(91) Reference Processing 0.027ms
[2506.181s][debug][gc,phases      ] GC(91) Weak Processing 0.132ms
[2506.181s][debug][gc,phases      ] GC(91) Scrub String Table 0.434ms
[2506.181s][debug][gc,age         ] GC(91) Desired survivor size 60817408 bytes, new threshold 15 (max threshold 15)
[2506.181s][info ][gc,heap        ] GC(91) PSYoungGen: 1983792K->2080K(2037248K)
[2506.181s][info ][gc,heap        ] GC(91) ParOldGen: 255850K->255850K(322560K)
[2506.181s][info ][gc,metaspace   ] GC(91) Metaspace: 72632K->72632K(1116160K)
[2506.181s][info ][gc             ] GC(91) Pause Young (Allocation Failure) 2187M->251M(2304M) 2.534ms
[2506.181s][info ][gc,cpu         ] GC(91) User=0.00s Sys=0.00s Real=0.00s
[2506.181s][info ][safepoint      ] Leaving safepoint region
[2506.181s][info ][safepoint      ] Total time for which application threads were stopped: 0.0026653 seconds, Stopping threads took: 0.0000110 seconds
[2507.181s][info ][safepoint      ] Application time: 1.0000725 seconds
[2507.181s][info ][safepoint      ] Entering safepoint region: Cleanup
[2507.181s][info ][safepoint      ] Leaving safepoint region
[2507.181s][info ][safepoint      ] Total time for which application threads were stopped: 0.0000634 seconds, Stopping threads took: 0.0000118 seconds
[2508.182s][info ][safepoint      ] Application time: 1.0000734 seconds
[2508.182s][info ][safepoint      ] Entering safepoint region: Cleanup
[2508.182s][info ][safepoint      ] Leaving safepoint region
[2508.182s][info ][safepoint      ] Total time for which application threads were stopped: 0.0000759 seconds, Stopping threads took: 0.0000109 seconds
[2510.351s][info ][safepoint      ] Application time: 2.1692780 seconds
[2510.351s][info ][safepoint      ] Entering safepoint region: Deoptimize
[2510.353s][info ][safepoint      ] Leaving safepoint region
[2510.353s][info ][safepoint      ] Total time for which application threads were stopped: 0.0022424 seconds, Stopping threads took: 0.0000137 seconds
[2511.353s][info ][safepoint      ] Application time: 1.0000940 seconds
[2511.353s][info ][safepoint      ] Entering safepoint region: Cleanup
[2511.353s][info ][safepoint      ] Leaving safepoint region
[2511.353s][info ][safepoint      ] Total time for which application threads were stopped: 0.0000813 seconds, Stopping threads took: 0.0000150 seconds
[2571.186s][info ][safepoint      ] Application time: 59.8324477 seconds
[2571.186s][info ][safepoint      ] Entering safepoint region: RevokeBias
[2571.186s][info ][safepoint      ] Leaving safepoint region
[2571.186s][info ][safepoint      ] Total time for which application threads were stopped: 0.0000845 seconds, Stopping threads took: 0.0000216 seconds
[2631.186s][info ][safepoint      ] Application time: 59.9998544 seconds
[2631.186s][info ][safepoint      ] Entering safepoint region: RevokeBias
[2631.186s][info ][safepoint      ] Leaving safepoint region
[2631.186s][info ][safepoint      ] Total time for which application threads were stopped: 0.0000639 seconds, Stopping threads took: 0.0000195 seconds
[2691.186s][info ][safepoint      ] Application time: 59.9999222 seconds
[2691.186s][info ][safepoint      ] Entering safepoint region: RevokeBias
[2691.186s][info ][safepoint      ] Leaving safepoint region
[2691.186s][info ][safepoint      ] Total time for which application threads were stopped: 0.0000835 seconds, Stopping threads took: 0.0000250 seconds
[2705.187s][info ][safepoint      ] Application time: 14.0010110 seconds
[2705.187s][info ][safepoint      ] Entering safepoint region: Cleanup
[2705.187s][info ][safepoint      ] Leaving safepoint region
[2705.187s][info ][safepoint      ] Total time for which application threads were stopped: 0.0000987 seconds, Stopping threads took: 0.0000356 seconds
[2717.188s][info ][safepoint      ] Application time: 12.0007617 seconds
[2717.188s][info ][safepoint      ] Entering safepoint region: Cleanup
[2717.188s][info ][safepoint      ] Leaving safepoint region
[2717.188s][info ][safepoint      ] Total time for which application threads were stopped: 0.0000633 seconds, Stopping threads took: 0.0000117 seconds
[2751.186s][info ][safepoint      ] Application time: 33.9978215 seconds
[2751.186s][info ][safepoint      ] Entering safepoint region: RevokeBias
[2751.186s][info ][safepoint      ] Leaving safepoint region
[2751.186s][info ][safepoint      ] Total time for which application threads were stopped: 0.0000981 seconds, Stopping threads took: 0.0000322 seconds
[2776.307s][info ][safepoint      ] Application time: 25.1207523 seconds
[2776.307s][info ][safepoint      ] Entering safepoint region: RevokeBias
[2776.307s][info ][safepoint      ] Leaving safepoint region
[2776.307s][info ][safepoint      ] Total time for which application threads were stopped: 0.0000894 seconds, Stopping threads took: 0.0000283 seconds
[2811.186s][info ][safepoint      ] Application time: 34.8789719 seconds
[2811.186s][info ][safepoint      ] Entering safepoint region: RevokeBias
[2811.186s][info ][safepoint      ] Leaving safepoint region
[2811.186s][info ][safepoint      ] Total time for which application threads were stopped: 0.0000720 seconds, Stopping threads took: 0.0000243 seconds
[2836.584s][info ][safepoint      ] Application time: 25.3979067 seconds
[2836.584s][info ][safepoint      ] Entering safepoint region: RevokeBias
[2836.584s][info ][safepoint      ] Leaving safepoint region
[2836.584s][info ][safepoint      ] Total time for which application threads were stopped: 0.0001027 seconds, Stopping threads took: 0.0000392 seconds
[2836.584s][info ][safepoint      ] Application time: 0.0000461 seconds
[2836.584s][info ][safepoint      ] Entering safepoint region: RevokeBias
[2836.584s][info ][safepoint      ] Leaving safepoint region
[2836.584s][info ][safepoint      ] Total time for which application threads were stopped: 0.0000164 seconds, Stopping threads took: 0.0000036 seconds
[2836.584s][info ][safepoint      ] Application time: 0.0000275 seconds
[2836.584s][info ][safepoint      ] Entering safepoint region: RevokeBias
[2836.584s][info ][safepoint      ] Leaving safepoint region
[2836.584s][info ][safepoint      ] Total time for which application threads were stopped: 0.0000221 seconds, Stopping threads took: 0.0000107 seconds
[2836.584s][info ][safepoint      ] Application time: 0.0000423 seconds
[2836.584s][info ][safepoint      ] Entering safepoint region: RevokeBias
[2836.584s][info ][safepoint      ] Leaving safepoint region
[2836.584s][info ][safepoint      ] Total time for which application threads were stopped: 0.0000304 seconds, Stopping threads took: 0.0000187 seconds
[2836.584s][info ][safepoint      ] Application time: 0.0000253 seconds
[2836.584s][info ][safepoint      ] Entering safepoint region: RevokeBias
[2836.584s][info ][safepoint      ] Leaving safepoint region
[2836.584s][info ][safepoint      ] Total time for which application threads were stopped: 0.0000300 seconds, Stopping threads took: 0.0000183 seconds
[2836.584s][info ][safepoint      ] Application time: 0.0000289 seconds
[2836.584s][info ][safepoint      ] Entering safepoint region: RevokeBias
[2836.584s][info ][safepoint      ] Leaving safepoint region
[2836.584s][info ][safepoint      ] Total time for which application threads were stopped: 0.0000154 seconds, Stopping threads took: 0.0000041 seconds
[2836.584s][info ][safepoint      ] Application time: 0.0000307 seconds
[2836.584s][info ][safepoint      ] Entering safepoint region: RevokeBias
[2836.584s][info ][safepoint      ] Leaving safepoint region
[2836.584s][info ][safepoint      ] Total time for which application threads were stopped: 0.0000156 seconds, Stopping threads took: 0.0000036 seconds
[2836.584s][info ][safepoint      ] Application time: 0.0000817 seconds
[2836.584s][info ][safepoint      ] Entering safepoint region: RevokeBias
[2836.584s][info ][safepoint      ] Leaving safepoint region
[2836.584s][info ][safepoint      ] Total time for which application threads were stopped: 0.0000259 seconds, Stopping threads took: 0.0000062 seconds
[2836.585s][info ][safepoint      ] Application time: 0.0000454 seconds
[2836.585s][info ][safepoint      ] Entering safepoint region: RevokeBias
[2836.585s][info ][safepoint      ] Leaving safepoint region
[2836.585s][info ][safepoint      ] Total time for which application threads were stopped: 0.0000163 seconds, Stopping threads took: 0.0000040 seconds
[2836.585s][info ][safepoint      ] Application time: 0.0000272 seconds
[2836.585s][info ][safepoint      ] Entering safepoint region: RevokeBias
[2836.585s][info ][safepoint      ] Leaving safepoint region
[2836.585s][info ][safepoint      ] Total time for which application threads were stopped: 0.0000279 seconds, Stopping threads took: 0.0000149 seconds
[2836.585s][info ][safepoint      ] Application time: 0.0000461 seconds
[2836.585s][info ][safepoint      ] Entering safepoint region: RevokeBias
[2836.585s][info ][safepoint      ] Leaving safepoint region
[2836.585s][info ][safepoint      ] Total time for which application threads were stopped: 0.0000521 seconds, Stopping threads took: 0.0000308 seconds
[2836.585s][info ][safepoint      ] Application time: 0.0004689 seconds
[2836.585s][info ][safepoint      ] Entering safepoint region: RevokeBias
[2836.585s][info ][safepoint      ] Leaving safepoint region
[2836.585s][info ][safepoint      ] Total time for which application threads were stopped: 0.0000237 seconds, Stopping threads took: 0.0000049 seconds
[2836.585s][info ][safepoint      ] Application time: 0.0000439 seconds
[2836.585s][info ][safepoint      ] Entering safepoint region: RevokeBias
[2836.585s][info ][safepoint      ] Leaving safepoint region
[2836.585s][info ][safepoint      ] Total time for which application threads were stopped: 0.0000591 seconds, Stopping threads took: 0.0000399 seconds
[2836.585s][info ][safepoint      ] Application time: 0.0000367 seconds
[2836.585s][info ][safepoint      ] Entering safepoint region: RevokeBias
[2836.585s][info ][safepoint      ] Leaving safepoint region
[2836.585s][info ][safepoint      ] Total time for which application threads were stopped: 0.0000168 seconds, Stopping threads took: 0.0000038 seconds
[2836.585s][info ][safepoint      ] Application time: 0.0000357 seconds
[2836.585s][info ][safepoint      ] Entering safepoint region: RevokeBias
[2836.585s][info ][safepoint      ] Leaving safepoint region
[2836.585s][info ][safepoint      ] Total time for which application threads were stopped: 0.0000167 seconds, Stopping threads took: 0.0000045 seconds
[2836.585s][info ][safepoint      ] Application time: 0.0000297 seconds
[2836.586s][info ][safepoint      ] Entering safepoint region: RevokeBias
[2836.586s][info ][safepoint      ] Leaving safepoint region
[2836.586s][info ][safepoint      ] Total time for which application threads were stopped: 0.0000481 seconds, Stopping threads took: 0.0000304 seconds
[2836.586s][info ][safepoint      ] Application time: 0.0000402 seconds
[2836.586s][info ][safepoint      ] Entering safepoint region: RevokeBias
[2836.586s][info ][safepoint      ] Leaving safepoint region
[2836.586s][info ][safepoint      ] Total time for which application threads were stopped: 0.0000338 seconds, Stopping threads took: 0.0000204 seconds
[2836.586s][info ][safepoint      ] Application time: 0.0000310 seconds
[2836.586s][info ][safepoint      ] Entering safepoint region: RevokeBias
[2836.586s][info ][safepoint      ] Leaving safepoint region
[2836.586s][info ][safepoint      ] Total time for which application threads were stopped: 0.0000162 seconds, Stopping threads took: 0.0000036 seconds
[2836.586s][info ][safepoint      ] Application time: 0.0000326 seconds
[2836.586s][info ][safepoint      ] Entering safepoint region: RevokeBias
[2836.586s][info ][safepoint      ] Leaving safepoint region
[2836.586s][info ][safepoint      ] Total time for which application threads were stopped: 0.0000156 seconds, Stopping threads took: 0.0000034 seconds
[2836.586s][info ][safepoint      ] Application time: 0.0000815 seconds
[2836.586s][info ][safepoint      ] Entering safepoint region: RevokeBias
[2836.586s][info ][safepoint      ] Leaving safepoint region
[2836.586s][info ][safepoint      ] Total time for which application threads were stopped: 0.0000213 seconds, Stopping threads took: 0.0000053 seconds
[2836.586s][info ][safepoint      ] Application time: 0.0000387 seconds
[2836.586s][info ][safepoint      ] Entering safepoint region: RevokeBias
[2836.586s][info ][safepoint      ] Leaving safepoint region
[2836.586s][info ][safepoint      ] Total time for which application threads were stopped: 0.0000172 seconds, Stopping threads took: 0.0000043 seconds
[2836.586s][info ][safepoint      ] Application time: 0.0004650 seconds
[2836.586s][info ][safepoint      ] Entering safepoint region: RevokeBias
[2836.586s][info ][safepoint      ] Leaving safepoint region
[2836.586s][info ][safepoint      ] Total time for which application threads were stopped: 0.0000226 seconds, Stopping threads took: 0.0000052 seconds
[2836.586s][info ][safepoint      ] Application time: 0.0000418 seconds
[2836.586s][info ][safepoint      ] Entering safepoint region: RevokeBias
[2836.586s][info ][safepoint      ] Leaving safepoint region
[2836.586s][info ][safepoint      ] Total time for which application threads were stopped: 0.0000169 seconds, Stopping threads took: 0.0000043 seconds
[2836.587s][info ][safepoint      ] Application time: 0.0000859 seconds
[2836.587s][info ][safepoint      ] Entering safepoint region: RevokeBias
[2836.587s][info ][safepoint      ] Leaving safepoint region
[2836.587s][info ][safepoint      ] Total time for which application threads were stopped: 0.0000184 seconds, Stopping threads took: 0.0000045 seconds
[2836.587s][info ][safepoint      ] Application time: 0.0001021 seconds
[2836.587s][info ][safepoint      ] Entering safepoint region: RevokeBias
[2836.587s][info ][safepoint      ] Leaving safepoint region
[2836.587s][info ][safepoint      ] Total time for which application threads were stopped: 0.0000176 seconds, Stopping threads took: 0.0000041 seconds
[2836.587s][info ][safepoint      ] Application time: 0.0000688 seconds
[2836.587s][info ][safepoint      ] Entering safepoint region: RevokeBias
[2836.587s][info ][safepoint      ] Leaving safepoint region
[2836.587s][info ][safepoint      ] Total time for which application threads were stopped: 0.0000332 seconds, Stopping threads took: 0.0000186 seconds
[2836.587s][info ][safepoint      ] Application time: 0.0002425 seconds
[2836.587s][info ][safepoint      ] Entering safepoint region: RevokeBias
[2836.587s][info ][safepoint      ] Leaving safepoint region
[2836.587s][info ][safepoint      ] Total time for which application threads were stopped: 0.0000439 seconds, Stopping threads took: 0.0000230 seconds
[2836.587s][info ][safepoint      ] Application time: 0.0002507 seconds
[2836.587s][info ][safepoint      ] Entering safepoint region: RevokeBias
[2836.587s][info ][safepoint      ] Leaving safepoint region
[2836.587s][info ][safepoint      ] Total time for which application threads were stopped: 0.0001023 seconds, Stopping threads took: 0.0000619 seconds
[2836.588s][info ][safepoint      ] Application time: 0.0000556 seconds
[2836.588s][info ][safepoint      ] Entering safepoint region: RevokeBias
[2836.588s][info ][safepoint      ] Leaving safepoint region
[2836.588s][info ][safepoint      ] Total time for which application threads were stopped: 0.0000843 seconds, Stopping threads took: 0.0000669 seconds
[2836.588s][info ][safepoint      ] Application time: 0.0005900 seconds
[2836.588s][info ][safepoint      ] Entering safepoint region: RevokeBias
[2836.588s][info ][safepoint      ] Leaving safepoint region
[2836.588s][info ][safepoint      ] Total time for which application threads were stopped: 0.0000411 seconds, Stopping threads took: 0.0000078 seconds
[2836.589s][info ][safepoint      ] Application time: 0.0011136 seconds
[2836.589s][info ][safepoint      ] Entering safepoint region: BulkRevokeBias
[2836.590s][info ][safepoint      ] Leaving safepoint region
[2836.590s][info ][safepoint      ] Total time for which application threads were stopped: 0.0001120 seconds, Stopping threads took: 0.0000068 seconds
[2836.590s][info ][gc,heap,exit   ] Heap
[2836.590s][info ][gc,heap,exit   ]  PSYoungGen      total 2037248K, used 1751554K [0x0000000780000000, 0x0000000800000000, 0x0000000800000000)
[2836.590s][info ][gc,heap,exit   ]   eden space 1978368K, 88% used [0x0000000780000000,0x00000007eac78b00,0x00000007f8c00000)
[2836.590s][info ][gc,heap,exit   ]   from space 58880K, 3% used [0x00000007fc680000,0x00000007fc888040,0x0000000800000000)
[2836.590s][info ][gc,heap,exit   ]   to   space 59392K, 0% used [0x00000007f8c00000,0x00000007f8c00000,0x00000007fc600000)
[2836.590s][info ][gc,heap,exit   ]  ParOldGen       total 322560K, used 255850K [0x0000000740000000, 0x0000000753b00000, 0x0000000780000000)
[2836.590s][info ][gc,heap,exit   ]   object space 322560K, 79% used [0x0000000740000000,0x000000074f9daae0,0x0000000753b00000)
[2836.590s][info ][gc,heap,exit   ]  Metaspace       used 72681K, capacity 77545K, committed 77736K, reserved 1116160K
[2836.590s][info ][gc,heap,exit   ]   class space    used 9605K, capacity 11738K, committed 11776K, reserved 1048576K
[2836.590s][info ][safepoint      ] Application time: 0.0003230 seconds
[2836.590s][info ][safepoint      ] Entering safepoint region: Halt
